[2020-06-26T23:37:47.080-0530][0.013s] Heap region size: 1M
[2020-06-26T23:37:47.311-0530][0.244s] Using G1
[2020-06-26T23:37:47.311-0530][0.244s] Heap address: 0x00000007e0000000, size: 512 MB, Compressed Oops mode: Zero based, Oop shift amount: 3
[2020-06-26T23:37:47.956-0530][0.888s] GC(0) Pause Young (Normal) (G1 Evacuation Pause)
[2020-06-26T23:37:47.956-0530][0.888s] GC(0) Using 4 workers of 4 for evacuation
[2020-06-26T23:37:47.960-0530][0.892s] GC(0)   Pre Evacuate Collection Set: 0.0ms
[2020-06-26T23:37:47.960-0530][0.892s] GC(0)   Evacuate Collection Set: 2.8ms
[2020-06-26T23:37:47.960-0530][0.892s] GC(0)   Post Evacuate Collection Set: 0.9ms
[2020-06-26T23:37:47.960-0530][0.892s] GC(0)   Other: 0.4ms
[2020-06-26T23:37:47.960-0530][0.892s] GC(0) Eden regions: 25->0(304)
[2020-06-26T23:37:47.960-0530][0.892s] GC(0) Survivor regions: 0->3(4)
[2020-06-26T23:37:47.960-0530][0.892s] GC(0) Old regions: 0->0
[2020-06-26T23:37:47.960-0530][0.892s] GC(0) Humongous regions: 0->0
[2020-06-26T23:37:47.960-0530][0.893s] GC(0) Metaspace: 12154K->12154K(1060864K)
[2020-06-26T23:37:47.960-0530][0.893s] GC(0) Pause Young (Normal) (G1 Evacuation Pause) 25M->2M(512M) 4.264ms
[2020-06-26T23:37:47.960-0530][0.893s] GC(0) User=0.02s Sys=0.00s Real=0.01s
[2020-06-26T23:37:48.673-0530][1.606s] GC(1) Pause Young (Concurrent Start) (Metadata GC Threshold)
[2020-06-26T23:37:48.673-0530][1.606s] GC(1) Using 4 workers of 4 for evacuation
[2020-06-26T23:37:48.691-0530][1.624s] GC(1)   Pre Evacuate Collection Set: 0.0ms
[2020-06-26T23:37:48.691-0530][1.624s] GC(1)   Evacuate Collection Set: 17.0ms
[2020-06-26T23:37:48.691-0530][1.624s] GC(1)   Post Evacuate Collection Set: 1.1ms
[2020-06-26T23:37:48.691-0530][1.624s] GC(1)   Other: 0.2ms
[2020-06-26T23:37:48.691-0530][1.624s] GC(1) Eden regions: 27->0(32)
[2020-06-26T23:37:48.691-0530][1.624s] GC(1) Survivor regions: 3->12(39)
[2020-06-26T23:37:48.691-0530][1.624s] GC(1) Old regions: 0->0
[2020-06-26T23:37:48.691-0530][1.624s] GC(1) Humongous regions: 4->4
[2020-06-26T23:37:48.691-0530][1.624s] GC(1) Metaspace: 20689K->20689K(1069056K)
[2020-06-26T23:37:48.691-0530][1.624s] GC(1) Pause Young (Concurrent Start) (Metadata GC Threshold) 33M->16M(512M) 18.556ms
[2020-06-26T23:37:48.691-0530][1.624s] GC(1) User=0.06s Sys=0.00s Real=0.02s
[2020-06-26T23:37:48.691-0530][1.624s] GC(2) Concurrent Cycle
[2020-06-26T23:37:48.691-0530][1.624s] GC(2) Concurrent Clear Claimed Marks
[2020-06-26T23:37:48.692-0530][1.624s] GC(2) Concurrent Clear Claimed Marks 0.036ms
[2020-06-26T23:37:48.692-0530][1.624s] GC(2) Concurrent Scan Root Regions
[2020-06-26T23:37:48.701-0530][1.633s] GC(2) Concurrent Scan Root Regions 9.035ms
[2020-06-26T23:37:48.701-0530][1.633s] GC(2) Concurrent Mark (1.633s)
[2020-06-26T23:37:48.701-0530][1.633s] GC(2) Concurrent Mark From Roots
[2020-06-26T23:37:48.701-0530][1.633s] GC(2) Using 1 workers of 1 for marking
[2020-06-26T23:37:48.704-0530][1.637s] GC(2) Concurrent Mark From Roots 3.293ms
[2020-06-26T23:37:48.704-0530][1.637s] GC(2) Concurrent Preclean
[2020-06-26T23:37:48.704-0530][1.637s] GC(2) Concurrent Preclean 0.040ms
[2020-06-26T23:37:48.704-0530][1.637s] GC(2) Concurrent Mark (1.633s, 1.637s) 3.421ms
[2020-06-26T23:37:48.704-0530][1.637s] GC(2) Pause Remark
[2020-06-26T23:37:48.706-0530][1.639s] GC(2) Cleaned string and symbol table, strings: 10208 processed, 0 removed, symbols: 68121 processed, 11 removed
[2020-06-26T23:37:48.706-0530][1.639s] GC(2) Pause Remark 17M->17M(512M) 2.024ms
[2020-06-26T23:37:48.706-0530][1.639s] GC(2) User=0.00s Sys=0.00s Real=0.00s
[2020-06-26T23:37:48.706-0530][1.639s] GC(2) Concurrent Rebuild Remembered Sets
[2020-06-26T23:37:48.709-0530][1.642s] GC(2) Concurrent Rebuild Remembered Sets 2.944ms
[2020-06-26T23:37:48.709-0530][1.642s] GC(2) Pause Cleanup
[2020-06-26T23:37:48.709-0530][1.642s] GC(2) Pause Cleanup 17M->17M(512M) 0.116ms
[2020-06-26T23:37:48.709-0530][1.642s] GC(2) User=0.00s Sys=0.00s Real=0.00s
[2020-06-26T23:37:48.710-0530][1.642s] GC(2) Concurrent Cleanup for Next Mark
[2020-06-26T23:37:48.711-0530][1.644s] GC(2) Concurrent Cleanup for Next Mark 1.345ms
[2020-06-26T23:37:48.711-0530][1.644s] GC(2) Concurrent Cycle 19.490ms
[2020-06-26T23:37:49.184-0530][2.116s] GC(3) Pause Young (Normal) (G1 Evacuation Pause)
[2020-06-26T23:37:49.184-0530][2.116s] GC(3) Using 4 workers of 4 for evacuation
[2020-06-26T23:37:49.199-0530][2.132s] GC(3)   Pre Evacuate Collection Set: 0.0ms
[2020-06-26T23:37:49.199-0530][2.132s] GC(3)   Evacuate Collection Set: 15.0ms
[2020-06-26T23:37:49.199-0530][2.132s] GC(3)   Post Evacuate Collection Set: 0.4ms
[2020-06-26T23:37:49.199-0530][2.132s] GC(3)   Other: 0.2ms
[2020-06-26T23:37:49.199-0530][2.132s] GC(3) Eden regions: 29->0(39)
[2020-06-26T23:37:49.199-0530][2.132s] GC(3) Survivor regions: 12->6(6)
[2020-06-26T23:37:49.199-0530][2.132s] GC(3) Old regions: 0->13
[2020-06-26T23:37:49.199-0530][2.132s] GC(3) Humongous regions: 4->4
[2020-06-26T23:37:49.199-0530][2.132s] GC(3) Metaspace: 23642K->23642K(1071104K)
[2020-06-26T23:37:49.199-0530][2.132s] GC(3) Pause Young (Normal) (G1 Evacuation Pause) 45M->22M(512M) 15.728ms
[2020-06-26T23:37:49.199-0530][2.132s] GC(3) User=0.06s Sys=0.00s Real=0.01s
[2020-06-26T23:37:50.042-0530][2.974s] GC(4) Pause Young (Normal) (G1 Evacuation Pause)
[2020-06-26T23:37:50.042-0530][2.974s] GC(4) Using 4 workers of 4 for evacuation
[2020-06-26T23:37:50.047-0530][2.980s] GC(4)   Pre Evacuate Collection Set: 0.0ms
[2020-06-26T23:37:50.047-0530][2.980s] GC(4)   Evacuate Collection Set: 4.7ms
[2020-06-26T23:37:50.047-0530][2.980s] GC(4)   Post Evacuate Collection Set: 0.4ms
[2020-06-26T23:37:50.047-0530][2.980s] GC(4)   Other: 0.2ms
[2020-06-26T23:37:50.047-0530][2.980s] GC(4) Eden regions: 39->0(62)
[2020-06-26T23:37:50.047-0530][2.980s] GC(4) Survivor regions: 6->2(6)
[2020-06-26T23:37:50.047-0530][2.980s] GC(4) Old regions: 13->19
[2020-06-26T23:37:50.047-0530][2.980s] GC(4) Humongous regions: 4->4
[2020-06-26T23:37:50.047-0530][2.980s] GC(4) Metaspace: 28173K->28173K(1075200K)
[2020-06-26T23:37:50.047-0530][2.980s] GC(4) Pause Young (Normal) (G1 Evacuation Pause) 61M->24M(512M) 5.507ms
[2020-06-26T23:37:50.047-0530][2.980s] GC(4) User=0.03s Sys=0.00s Real=0.00s
[2020-06-26T23:37:50.771-0530][3.704s] GC(5) Pause Young (Concurrent Start) (Metadata GC Threshold)
[2020-06-26T23:37:50.771-0530][3.704s] GC(5) Using 4 workers of 4 for evacuation
[2020-06-26T23:37:50.777-0530][3.710s] GC(5)   Pre Evacuate Collection Set: 0.1ms
[2020-06-26T23:37:50.777-0530][3.710s] GC(5)   Evacuate Collection Set: 5.2ms
[2020-06-26T23:37:50.777-0530][3.710s] GC(5)   Post Evacuate Collection Set: 0.9ms
[2020-06-26T23:37:50.777-0530][3.710s] GC(5)   Other: 0.2ms
[2020-06-26T23:37:50.777-0530][3.710s] GC(5) Eden regions: 42->0(304)
[2020-06-26T23:37:50.777-0530][3.710s] GC(5) Survivor regions: 2->3(8)
[2020-06-26T23:37:50.777-0530][3.710s] GC(5) Old regions: 19->19
[2020-06-26T23:37:50.777-0530][3.710s] GC(5) Humongous regions: 4->4
[2020-06-26T23:37:50.777-0530][3.710s] GC(5) Metaspace: 34989K->34989K(1081344K)
[2020-06-26T23:37:50.777-0530][3.710s] GC(5) Pause Young (Concurrent Start) (Metadata GC Threshold) 65M->24M(512M) 6.479ms
[2020-06-26T23:37:50.777-0530][3.710s] GC(5) User=0.02s Sys=0.00s Real=0.00s
[2020-06-26T23:37:50.777-0530][3.710s] GC(6) Concurrent Cycle
[2020-06-26T23:37:50.778-0530][3.710s] GC(6) Concurrent Clear Claimed Marks
[2020-06-26T23:37:50.778-0530][3.710s] GC(6) Concurrent Clear Claimed Marks 0.045ms
[2020-06-26T23:37:50.778-0530][3.710s] GC(6) Concurrent Scan Root Regions
[2020-06-26T23:37:50.781-0530][3.713s] GC(6) Concurrent Scan Root Regions 3.050ms
[2020-06-26T23:37:50.781-0530][3.713s] GC(6) Concurrent Mark (3.713s)
[2020-06-26T23:37:50.781-0530][3.713s] GC(6) Concurrent Mark From Roots
[2020-06-26T23:37:50.781-0530][3.713s] GC(6) Using 1 workers of 1 for marking
[2020-06-26T23:37:50.827-0530][3.760s] GC(6) Concurrent Mark From Roots 46.395ms
[2020-06-26T23:37:50.827-0530][3.760s] GC(6) Concurrent Preclean
[2020-06-26T23:37:50.827-0530][3.760s] GC(6) Concurrent Preclean 0.180ms
[2020-06-26T23:37:50.827-0530][3.760s] GC(6) Concurrent Mark (3.713s, 3.760s) 46.692ms
[2020-06-26T23:37:50.827-0530][3.760s] GC(6) Pause Remark
[2020-06-26T23:37:50.833-0530][3.766s] GC(6) Cleaned string and symbol table, strings: 16558 processed, 22 removed, symbols: 115038 processed, 53 removed
[2020-06-26T23:37:50.833-0530][3.766s] GC(6) Pause Remark 26M->26M(512M) 5.779ms
[2020-06-26T23:37:50.833-0530][3.766s] GC(6) User=0.02s Sys=0.00s Real=0.01s
[2020-06-26T23:37:50.833-0530][3.766s] GC(6) Concurrent Rebuild Remembered Sets
[2020-06-26T23:37:50.871-0530][3.803s] GC(6) Concurrent Rebuild Remembered Sets 37.177ms
[2020-06-26T23:37:50.871-0530][3.803s] GC(6) Pause Cleanup
[2020-06-26T23:37:50.871-0530][3.803s] GC(6) Pause Cleanup 27M->27M(512M) 0.088ms
[2020-06-26T23:37:50.871-0530][3.803s] GC(6) User=0.00s Sys=0.00s Real=0.00s
[2020-06-26T23:37:50.871-0530][3.803s] GC(6) Concurrent Cleanup for Next Mark
[2020-06-26T23:37:50.872-0530][3.805s] GC(6) Concurrent Cleanup for Next Mark 1.275ms
[2020-06-26T23:37:50.872-0530][3.805s] GC(6) Concurrent Cycle 94.666ms
[2020-06-26T23:38:42.586-0530][55.517s] GC(7) Pause Young (Normal) (G1 Evacuation Pause)
[2020-06-26T23:38:42.587-0530][55.518s] GC(7) Using 4 workers of 4 for evacuation
[2020-06-26T23:38:42.597-0530][55.528s] GC(7)   Pre Evacuate Collection Set: 0.0ms
[2020-06-26T23:38:42.597-0530][55.528s] GC(7)   Evacuate Collection Set: 9.6ms
[2020-06-26T23:38:42.597-0530][55.528s] GC(7)   Post Evacuate Collection Set: 0.6ms
[2020-06-26T23:38:42.597-0530][55.528s] GC(7)   Other: 0.8ms
[2020-06-26T23:38:42.597-0530][55.528s] GC(7) Eden regions: 304->0(296)
[2020-06-26T23:38:42.597-0530][55.528s] GC(7) Survivor regions: 3->11(39)
[2020-06-26T23:38:42.597-0530][55.528s] GC(7) Old regions: 19->19
[2020-06-26T23:38:42.597-0530][55.528s] GC(7) Humongous regions: 5->4
[2020-06-26T23:38:42.597-0530][55.528s] GC(7) Metaspace: 47830K->47830K(1093632K)
[2020-06-26T23:38:42.597-0530][55.528s] GC(7) Pause Young (Normal) (G1 Evacuation Pause) 329M->33M(512M) 11.166ms
[2020-06-26T23:38:42.597-0530][55.528s] GC(7) User=0.04s Sys=0.00s Real=0.01s
[2020-06-26T23:39:48.543-0530][121.473s] GC(8) Pause Young (Normal) (G1 Evacuation Pause)
[2020-06-26T23:39:48.544-0530][121.473s] GC(8) Using 4 workers of 4 for evacuation
[2020-06-26T23:39:48.560-0530][121.489s] GC(8)   Pre Evacuate Collection Set: 0.0ms
[2020-06-26T23:39:48.560-0530][121.489s] GC(8)   Evacuate Collection Set: 14.7ms
[2020-06-26T23:39:48.560-0530][121.489s] GC(8)   Post Evacuate Collection Set: 1.1ms
[2020-06-26T23:39:48.560-0530][121.489s] GC(8)   Other: 0.2ms
[2020-06-26T23:39:48.560-0530][121.489s] GC(8) Eden regions: 296->0(290)
[2020-06-26T23:39:48.560-0530][121.489s] GC(8) Survivor regions: 11->17(39)
[2020-06-26T23:39:48.560-0530][121.489s] GC(8) Old regions: 19->19
[2020-06-26T23:39:48.560-0530][121.489s] GC(8) Humongous regions: 4->4
[2020-06-26T23:39:48.560-0530][121.489s] GC(8) Metaspace: 54486K->54486K(1099776K)
[2020-06-26T23:39:48.560-0530][121.489s] GC(8) Pause Young (Normal) (G1 Evacuation Pause) 329M->39M(512M) 16.194ms
[2020-06-26T23:39:48.560-0530][121.489s] GC(8) User=0.06s Sys=0.00s Real=0.02s
[2020-06-26T23:41:20.967-0530][213.893s] GC(9) Pause Young (Concurrent Start) (Metadata GC Threshold)
[2020-06-26T23:41:20.967-0530][213.894s] GC(9) Using 4 workers of 4 for evacuation
[2020-06-26T23:41:20.987-0530][213.914s] GC(9)   Pre Evacuate Collection Set: 0.1ms
[2020-06-26T23:41:20.987-0530][213.914s] GC(9)   Evacuate Collection Set: 19.0ms
[2020-06-26T23:41:20.987-0530][213.914s] GC(9)   Post Evacuate Collection Set: 0.6ms
[2020-06-26T23:41:20.987-0530][213.914s] GC(9)   Other: 0.8ms
[2020-06-26T23:41:20.987-0530][213.914s] GC(9) Eden regions: 108->0(289)
[2020-06-26T23:41:20.987-0530][213.914s] GC(9) Survivor regions: 17->18(39)
[2020-06-26T23:41:20.987-0530][213.914s] GC(9) Old regions: 19->19
[2020-06-26T23:41:20.987-0530][213.914s] GC(9) Humongous regions: 7->7
[2020-06-26T23:41:20.987-0530][213.914s] GC(9) Metaspace: 58976K->58976K(1103872K)
[2020-06-26T23:41:20.987-0530][213.914s] GC(9) Pause Young (Concurrent Start) (Metadata GC Threshold) 150M->43M(512M) 20.693ms
[2020-06-26T23:41:20.987-0530][213.914s] GC(9) User=0.06s Sys=0.00s Real=0.02s
[2020-06-26T23:41:20.987-0530][213.914s] GC(10) Concurrent Cycle
[2020-06-26T23:41:20.987-0530][213.914s] GC(10) Concurrent Clear Claimed Marks
[2020-06-26T23:41:20.988-0530][213.914s] GC(10) Concurrent Clear Claimed Marks 0.081ms
[2020-06-26T23:41:20.988-0530][213.914s] GC(10) Concurrent Scan Root Regions
[2020-06-26T23:41:21.000-0530][213.926s] GC(10) Concurrent Scan Root Regions 12.027ms
[2020-06-26T23:41:21.000-0530][213.926s] GC(10) Concurrent Mark (213.926s)
[2020-06-26T23:41:21.000-0530][213.926s] GC(10) Concurrent Mark From Roots
[2020-06-26T23:41:21.000-0530][213.926s] GC(10) Using 1 workers of 1 for marking
[2020-06-26T23:41:21.038-0530][213.964s] GC(10) Concurrent Mark From Roots 37.885ms
[2020-06-26T23:41:21.038-0530][213.964s] GC(10) Concurrent Preclean
[2020-06-26T23:41:21.038-0530][213.964s] GC(10) Concurrent Preclean 0.113ms
[2020-06-26T23:41:21.038-0530][213.964s] GC(10) Concurrent Mark (213.926s, 213.964s) 38.085ms
[2020-06-26T23:41:21.038-0530][213.964s] GC(10) Pause Remark
[2020-06-26T23:41:21.048-0530][213.974s] GC(10) Cleaned string and symbol table, strings: 28809 processed, 0 removed, symbols: 170301 processed, 596 removed
[2020-06-26T23:41:21.048-0530][213.974s] GC(10) Pause Remark 46M->46M(512M) 9.834ms
[2020-06-26T23:41:21.048-0530][213.974s] GC(10) User=0.03s Sys=0.00s Real=0.01s
[2020-06-26T23:41:21.048-0530][213.974s] GC(10) Concurrent Rebuild Remembered Sets
[2020-06-26T23:41:21.075-0530][214.001s] GC(10) Concurrent Rebuild Remembered Sets 26.711ms
[2020-06-26T23:41:21.075-0530][214.001s] GC(10) Pause Cleanup
[2020-06-26T23:41:21.075-0530][214.001s] GC(10) Pause Cleanup 46M->46M(512M) 0.170ms
[2020-06-26T23:41:21.075-0530][214.001s] GC(10) User=0.00s Sys=0.00s Real=0.00s
[2020-06-26T23:41:21.075-0530][214.001s] GC(10) Concurrent Cleanup for Next Mark
[2020-06-26T23:41:21.076-0530][214.002s] GC(10) Concurrent Cleanup for Next Mark 0.724ms
[2020-06-26T23:41:21.076-0530][214.002s] GC(10) Concurrent Cycle 88.412ms
