[2020-06-25T15:54:25.955-0530][0.019s] Heap region size: 1M
[2020-06-25T15:54:26.520-0530][0.584s] Using G1
[2020-06-25T15:54:26.520-0530][0.584s] Heap address: 0x00000007e0000000, size: 512 MB, Compressed Oops mode: Zero based, Oop shift amount: 3
[2020-06-25T15:54:29.130-0530][3.193s] GC(0) Pause Young (Normal) (G1 Evacuation Pause)
[2020-06-25T15:54:29.130-0530][3.194s] GC(0) Using 4 workers of 4 for evacuation
[2020-06-25T15:54:29.144-0530][3.208s] GC(0)   Pre Evacuate Collection Set: 0.0ms
[2020-06-25T15:54:29.144-0530][3.208s] GC(0)   Evacuate Collection Set: 3.2ms
[2020-06-25T15:54:29.144-0530][3.208s] GC(0)   Post Evacuate Collection Set: 11.0ms
[2020-06-25T15:54:29.144-0530][3.208s] GC(0)   Other: 0.4ms
[2020-06-25T15:54:29.144-0530][3.208s] GC(0) Eden regions: 25->0(304)
[2020-06-25T15:54:29.144-0530][3.208s] GC(0) Survivor regions: 0->3(4)
[2020-06-25T15:54:29.144-0530][3.208s] GC(0) Old regions: 0->0
[2020-06-25T15:54:29.144-0530][3.208s] GC(0) Humongous regions: 0->0
[2020-06-25T15:54:29.144-0530][3.208s] GC(0) Metaspace: 12630K->12630K(1060864K)
[2020-06-25T15:54:29.144-0530][3.208s] GC(0) Pause Young (Normal) (G1 Evacuation Pause) 25M->2M(512M) 14.852ms
[2020-06-25T15:54:29.144-0530][3.208s] GC(0) User=0.03s Sys=0.00s Real=0.01s
[2020-06-25T15:54:30.854-0530][4.918s] GC(1) Pause Young (Concurrent Start) (Metadata GC Threshold)
[2020-06-25T15:54:30.855-0530][4.918s] GC(1) Using 4 workers of 4 for evacuation
[2020-06-25T15:54:30.887-0530][4.951s] GC(1)   Pre Evacuate Collection Set: 0.0ms
[2020-06-25T15:54:30.888-0530][4.951s] GC(1)   Evacuate Collection Set: 28.7ms
[2020-06-25T15:54:30.888-0530][4.951s] GC(1)   Post Evacuate Collection Set: 3.6ms
[2020-06-25T15:54:30.888-0530][4.951s] GC(1)   Other: 0.7ms
[2020-06-25T15:54:30.888-0530][4.951s] GC(1) Eden regions: 26->0(31)
[2020-06-25T15:54:30.888-0530][4.951s] GC(1) Survivor regions: 3->12(30)
[2020-06-25T15:54:30.888-0530][4.951s] GC(1) Old regions: 0->0
[2020-06-25T15:54:30.888-0530][4.951s] GC(1) Humongous regions: 4->4
[2020-06-25T15:54:30.888-0530][4.951s] GC(1) Metaspace: 20721K->20721K(1069056K)
[2020-06-25T15:54:30.888-0530][4.951s] GC(1) Pause Young (Concurrent Start) (Metadata GC Threshold) 32M->15M(512M) 33.301ms
[2020-06-25T15:54:30.888-0530][4.951s] GC(1) User=0.06s Sys=0.01s Real=0.03s
[2020-06-25T15:54:30.888-0530][4.952s] GC(2) Concurrent Cycle
[2020-06-25T15:54:30.888-0530][4.952s] GC(2) Concurrent Clear Claimed Marks
[2020-06-25T15:54:30.889-0530][4.952s] GC(2) Concurrent Clear Claimed Marks 0.232ms
[2020-06-25T15:54:30.889-0530][4.952s] GC(2) Concurrent Scan Root Regions
[2020-06-25T15:54:30.905-0530][4.969s] GC(2) Concurrent Scan Root Regions 16.787ms
[2020-06-25T15:54:30.905-0530][4.969s] GC(2) Concurrent Mark (4.969s)
[2020-06-25T15:54:30.906-0530][4.969s] GC(2) Concurrent Mark From Roots
[2020-06-25T15:54:30.906-0530][4.969s] GC(2) Using 1 workers of 1 for marking
[2020-06-25T15:54:30.911-0530][4.974s] GC(2) Concurrent Mark From Roots 5.176ms
[2020-06-25T15:54:30.911-0530][4.974s] GC(2) Concurrent Preclean
[2020-06-25T15:54:30.911-0530][4.974s] GC(2) Concurrent Preclean 0.037ms
[2020-06-25T15:54:30.911-0530][4.974s] GC(2) Concurrent Mark (4.969s, 4.974s) 5.308ms
[2020-06-25T15:54:30.911-0530][4.975s] GC(2) Pause Remark
[2020-06-25T15:54:30.919-0530][4.983s] GC(2) Cleaned string and symbol table, strings: 10196 processed, 0 removed, symbols: 68035 processed, 10 removed
[2020-06-25T15:54:30.919-0530][4.983s] GC(2) Pause Remark 16M->16M(512M) 8.369ms
[2020-06-25T15:54:30.919-0530][4.983s] GC(2) User=0.01s Sys=0.00s Real=0.00s
[2020-06-25T15:54:30.919-0530][4.983s] GC(2) Concurrent Rebuild Remembered Sets
[2020-06-25T15:54:30.923-0530][4.987s] GC(2) Concurrent Rebuild Remembered Sets 3.506ms
[2020-06-25T15:54:30.923-0530][4.987s] GC(2) Pause Cleanup
[2020-06-25T15:54:30.923-0530][4.987s] GC(2) Pause Cleanup 16M->16M(512M) 0.146ms
[2020-06-25T15:54:30.923-0530][4.987s] GC(2) User=0.00s Sys=0.00s Real=0.00s
[2020-06-25T15:54:30.923-0530][4.987s] GC(2) Concurrent Cleanup for Next Mark
[2020-06-25T15:54:30.925-0530][4.988s] GC(2) Concurrent Cleanup for Next Mark 1.367ms
[2020-06-25T15:54:30.925-0530][4.989s] GC(2) Concurrent Cycle 36.986ms
[2020-06-25T15:54:31.768-0530][5.831s] GC(3) Pause Young (Normal) (G1 Evacuation Pause)
[2020-06-25T15:54:31.768-0530][5.831s] GC(3) Using 4 workers of 4 for evacuation
[2020-06-25T15:54:31.789-0530][5.853s] GC(3)   Pre Evacuate Collection Set: 0.0ms
[2020-06-25T15:54:31.789-0530][5.853s] GC(3)   Evacuate Collection Set: 21.0ms
[2020-06-25T15:54:31.789-0530][5.853s] GC(3)   Post Evacuate Collection Set: 0.4ms
[2020-06-25T15:54:31.789-0530][5.853s] GC(3)   Other: 0.2ms
[2020-06-25T15:54:31.789-0530][5.853s] GC(3) Eden regions: 27->0(38)
[2020-06-25T15:54:31.789-0530][5.853s] GC(3) Survivor regions: 12->5(5)
[2020-06-25T15:54:31.789-0530][5.853s] GC(3) Old regions: 0->13
[2020-06-25T15:54:31.789-0530][5.853s] GC(3) Humongous regions: 4->4
[2020-06-25T15:54:31.789-0530][5.853s] GC(3) Metaspace: 23502K->23502K(1071104K)
[2020-06-25T15:54:31.789-0530][5.853s] GC(3) Pause Young (Normal) (G1 Evacuation Pause) 42M->21M(512M) 21.775ms
[2020-06-25T15:54:31.789-0530][5.853s] GC(3) User=0.07s Sys=0.01s Real=0.02s
[2020-06-25T15:54:33.141-0530][7.204s] GC(4) Pause Young (Normal) (G1 Evacuation Pause)
[2020-06-25T15:54:33.141-0530][7.204s] GC(4) Using 4 workers of 4 for evacuation
[2020-06-25T15:54:33.146-0530][7.209s] GC(4)   Pre Evacuate Collection Set: 0.0ms
[2020-06-25T15:54:33.146-0530][7.210s] GC(4)   Evacuate Collection Set: 4.6ms
[2020-06-25T15:54:33.146-0530][7.210s] GC(4)   Post Evacuate Collection Set: 0.3ms
[2020-06-25T15:54:33.146-0530][7.210s] GC(4)   Other: 0.2ms
[2020-06-25T15:54:33.146-0530][7.210s] GC(4) Eden regions: 38->0(59)
[2020-06-25T15:54:33.146-0530][7.210s] GC(4) Survivor regions: 5->3(6)
[2020-06-25T15:54:33.146-0530][7.210s] GC(4) Old regions: 13->19
[2020-06-25T15:54:33.146-0530][7.210s] GC(4) Humongous regions: 4->4
[2020-06-25T15:54:33.146-0530][7.210s] GC(4) Metaspace: 28121K->28121K(1075200K)
[2020-06-25T15:54:33.146-0530][7.210s] GC(4) Pause Young (Normal) (G1 Evacuation Pause) 59M->24M(512M) 5.268ms
[2020-06-25T15:54:33.146-0530][7.210s] GC(4) User=0.02s Sys=0.01s Real=0.00s
[2020-06-25T15:54:33.869-0530][7.933s] GC(5) Pause Young (Normal) (G1 Evacuation Pause)
[2020-06-25T15:54:33.869-0530][7.933s] GC(5) Using 4 workers of 4 for evacuation
[2020-06-25T15:54:33.872-0530][7.936s] GC(5)   Pre Evacuate Collection Set: 0.0ms
[2020-06-25T15:54:33.872-0530][7.936s] GC(5)   Evacuate Collection Set: 2.9ms
[2020-06-25T15:54:33.872-0530][7.936s] GC(5)   Post Evacuate Collection Set: 0.2ms
[2020-06-25T15:54:33.872-0530][7.936s] GC(5)   Other: 0.2ms
[2020-06-25T15:54:33.873-0530][7.936s] GC(5) Eden regions: 59->0(305)
[2020-06-25T15:54:33.873-0530][7.936s] GC(5) Survivor regions: 3->2(8)
[2020-06-25T15:54:33.873-0530][7.936s] GC(5) Old regions: 19->19
[2020-06-25T15:54:33.873-0530][7.936s] GC(5) Humongous regions: 4->4
[2020-06-25T15:54:33.873-0530][7.936s] GC(5) Metaspace: 31611K->31611K(1077248K)
[2020-06-25T15:54:33.873-0530][7.936s] GC(5) Pause Young (Normal) (G1 Evacuation Pause) 83M->24M(512M) 3.428ms
[2020-06-25T15:54:33.873-0530][7.936s] GC(5) User=0.01s Sys=0.00s Real=0.01s
[2020-06-25T15:54:34.250-0530][8.313s] GC(6) Pause Young (Concurrent Start) (Metadata GC Threshold)
[2020-06-25T15:54:34.250-0530][8.313s] GC(6) Using 4 workers of 4 for evacuation
[2020-06-25T15:54:34.267-0530][8.331s] GC(6)   Pre Evacuate Collection Set: 0.1ms
[2020-06-25T15:54:34.267-0530][8.331s] GC(6)   Evacuate Collection Set: 15.3ms
[2020-06-25T15:54:34.267-0530][8.331s] GC(6)   Post Evacuate Collection Set: 1.8ms
[2020-06-25T15:54:34.267-0530][8.331s] GC(6)   Other: 0.3ms
[2020-06-25T15:54:34.267-0530][8.331s] GC(6) Eden regions: 17->0(148)
[2020-06-25T15:54:34.267-0530][8.331s] GC(6) Survivor regions: 2->3(39)
[2020-06-25T15:54:34.267-0530][8.331s] GC(6) Old regions: 19->19
[2020-06-25T15:54:34.267-0530][8.331s] GC(6) Humongous regions: 4->4
[2020-06-25T15:54:34.267-0530][8.331s] GC(6) Metaspace: 35182K->35182K(1081344K)
[2020-06-25T15:54:34.267-0530][8.331s] GC(6) Pause Young (Concurrent Start) (Metadata GC Threshold) 41M->25M(512M) 17.551ms
[2020-06-25T15:54:34.267-0530][8.331s] GC(6) User=0.02s Sys=0.00s Real=0.01s
[2020-06-25T15:54:34.267-0530][8.331s] GC(7) Concurrent Cycle
[2020-06-25T15:54:34.267-0530][8.331s] GC(7) Concurrent Clear Claimed Marks
[2020-06-25T15:54:34.267-0530][8.331s] GC(7) Concurrent Clear Claimed Marks 0.053ms
[2020-06-25T15:54:34.267-0530][8.331s] GC(7) Concurrent Scan Root Regions
[2020-06-25T15:54:34.271-0530][8.335s] GC(7) Concurrent Scan Root Regions 3.885ms
[2020-06-25T15:54:34.271-0530][8.335s] GC(7) Concurrent Mark (8.335s)
[2020-06-25T15:54:34.271-0530][8.335s] GC(7) Concurrent Mark From Roots
[2020-06-25T15:54:34.271-0530][8.335s] GC(7) Using 1 workers of 1 for marking
[2020-06-25T15:54:34.330-0530][8.394s] GC(7) Concurrent Mark From Roots 58.764ms
[2020-06-25T15:54:34.330-0530][8.394s] GC(7) Concurrent Preclean
[2020-06-25T15:54:34.330-0530][8.394s] GC(7) Concurrent Preclean 0.143ms
[2020-06-25T15:54:34.330-0530][8.394s] GC(7) Concurrent Mark (8.335s, 8.394s) 59.005ms
[2020-06-25T15:54:34.340-0530][8.404s] GC(7) Pause Remark
[2020-06-25T15:54:34.350-0530][8.413s] GC(7) Cleaned string and symbol table, strings: 16486 processed, 22 removed, symbols: 114727 processed, 51 removed
[2020-06-25T15:54:34.350-0530][8.413s] GC(7) Pause Remark 28M->28M(512M) 9.639ms
[2020-06-25T15:54:34.350-0530][8.413s] GC(7) User=0.02s Sys=0.00s Real=0.01s
[2020-06-25T15:54:34.350-0530][8.414s] GC(7) Concurrent Rebuild Remembered Sets
[2020-06-25T15:54:34.387-0530][8.450s] GC(7) Concurrent Rebuild Remembered Sets 36.578ms
[2020-06-25T15:54:34.387-0530][8.450s] GC(7) Pause Cleanup
[2020-06-25T15:54:34.387-0530][8.450s] GC(7) Pause Cleanup 30M->30M(512M) 0.105ms
[2020-06-25T15:54:34.387-0530][8.450s] GC(7) User=0.00s Sys=0.00s Real=0.00s
[2020-06-25T15:54:34.387-0530][8.450s] GC(7) Concurrent Cleanup for Next Mark
[2020-06-25T15:54:34.388-0530][8.452s] GC(7) Concurrent Cleanup for Next Mark 1.232ms
[2020-06-25T15:54:34.388-0530][8.452s] GC(7) Concurrent Cycle 120.950ms
[2020-06-25T18:54:39.602-0530][10813.586s] Heap
[2020-06-25T18:54:39.603-0530][10813.587s]  garbage-first heap   total 524288K, used 165175K [0x00000007e0000000, 0x0000000800000000)
[2020-06-25T18:54:39.603-0530][10813.587s]   region size 1024K, 141 young (144384K), 3 survivors (3072K)
[2020-06-25T18:54:39.603-0530][10813.587s]  Metaspace       used 43133K, capacity 44060K, committed 44316K, reserved 1089536K
[2020-06-25T18:54:39.603-0530][10813.587s]   class space    used 4677K, capacity 5067K, committed 5068K, reserved 1048576K
