[2020-06-29T17:14:44.553-0530][0.018s] Heap region size: 1M
[2020-06-29T17:14:44.803-0530][0.268s] Using G1
[2020-06-29T17:14:44.803-0530][0.268s] Heap address: 0x00000007e0000000, size: 512 MB, Compressed Oops mode: Zero based, Oop shift amount: 3
[2020-06-29T17:14:45.541-0530][1.006s] GC(0) Pause Young (Normal) (G1 Evacuation Pause)
[2020-06-29T17:14:45.541-0530][1.006s] GC(0) Using 4 workers of 4 for evacuation
[2020-06-29T17:14:45.547-0530][1.012s] GC(0)   Pre Evacuate Collection Set: 0.1ms
[2020-06-29T17:14:45.547-0530][1.012s] GC(0)   Evacuate Collection Set: 4.6ms
[2020-06-29T17:14:45.547-0530][1.012s] GC(0)   Post Evacuate Collection Set: 0.7ms
[2020-06-29T17:14:45.547-0530][1.012s] GC(0)   Other: 0.4ms
[2020-06-29T17:14:45.547-0530][1.012s] GC(0) Eden regions: 25->0(304)
[2020-06-29T17:14:45.547-0530][1.012s] GC(0) Survivor regions: 0->3(4)
[2020-06-29T17:14:45.547-0530][1.012s] GC(0) Old regions: 0->0
[2020-06-29T17:14:45.547-0530][1.012s] GC(0) Humongous regions: 0->0
[2020-06-29T17:14:45.547-0530][1.012s] GC(0) Metaspace: 12119K->12119K(1060864K)
[2020-06-29T17:14:45.547-0530][1.012s] GC(0) Pause Young (Normal) (G1 Evacuation Pause) 25M->2M(512M) 5.982ms
[2020-06-29T17:14:45.547-0530][1.012s] GC(0) User=0.02s Sys=0.01s Real=0.00s
[2020-06-29T17:14:46.449-0530][1.914s] GC(1) Pause Young (Concurrent Start) (Metadata GC Threshold)
[2020-06-29T17:14:46.449-0530][1.914s] GC(1) Using 4 workers of 4 for evacuation
[2020-06-29T17:14:46.470-0530][1.934s] GC(1)   Pre Evacuate Collection Set: 0.0ms
[2020-06-29T17:14:46.470-0530][1.934s] GC(1)   Evacuate Collection Set: 19.4ms
[2020-06-29T17:14:46.470-0530][1.934s] GC(1)   Post Evacuate Collection Set: 0.4ms
[2020-06-29T17:14:46.470-0530][1.934s] GC(1)   Other: 0.3ms
[2020-06-29T17:14:46.470-0530][1.934s] GC(1) Eden regions: 27->0(33)
[2020-06-29T17:14:46.470-0530][1.934s] GC(1) Survivor regions: 3->12(37)
[2020-06-29T17:14:46.470-0530][1.934s] GC(1) Old regions: 0->0
[2020-06-29T17:14:46.470-0530][1.934s] GC(1) Humongous regions: 4->4
[2020-06-29T17:14:46.470-0530][1.934s] GC(1) Metaspace: 20681K->20681K(1069056K)
[2020-06-29T17:14:46.470-0530][1.934s] GC(1) Pause Young (Concurrent Start) (Metadata GC Threshold) 33M->15M(512M) 20.317ms
[2020-06-29T17:14:46.470-0530][1.935s] GC(1) User=0.05s Sys=0.00s Real=0.03s
[2020-06-29T17:14:46.470-0530][1.935s] GC(2) Concurrent Cycle
[2020-06-29T17:14:46.470-0530][1.935s] GC(2) Concurrent Clear Claimed Marks
[2020-06-29T17:14:46.470-0530][1.935s] GC(2) Concurrent Clear Claimed Marks 0.041ms
[2020-06-29T17:14:46.470-0530][1.935s] GC(2) Concurrent Scan Root Regions
[2020-06-29T17:14:46.482-0530][1.946s] GC(2) Concurrent Scan Root Regions 11.648ms
[2020-06-29T17:14:46.482-0530][1.946s] GC(2) Concurrent Mark (1.946s)
[2020-06-29T17:14:46.482-0530][1.946s] GC(2) Concurrent Mark From Roots
[2020-06-29T17:14:46.482-0530][1.946s] GC(2) Using 1 workers of 1 for marking
[2020-06-29T17:14:46.486-0530][1.951s] GC(2) Concurrent Mark From Roots 4.128ms
[2020-06-29T17:14:46.486-0530][1.951s] GC(2) Concurrent Preclean
[2020-06-29T17:14:46.486-0530][1.951s] GC(2) Concurrent Preclean 0.045ms
[2020-06-29T17:14:46.486-0530][1.951s] GC(2) Concurrent Mark (1.946s, 1.951s) 4.289ms
[2020-06-29T17:14:46.486-0530][1.951s] GC(2) Pause Remark
[2020-06-29T17:14:46.489-0530][1.954s] GC(2) Cleaned string and symbol table, strings: 10189 processed, 0 removed, symbols: 68073 processed, 10 removed
[2020-06-29T17:14:46.489-0530][1.954s] GC(2) Pause Remark 16M->16M(512M) 3.380ms
[2020-06-29T17:14:46.489-0530][1.954s] GC(2) User=0.01s Sys=0.00s Real=0.00s
[2020-06-29T17:14:46.489-0530][1.954s] GC(2) Concurrent Rebuild Remembered Sets
[2020-06-29T17:14:46.493-0530][1.958s] GC(2) Concurrent Rebuild Remembered Sets 3.607ms
[2020-06-29T17:14:46.493-0530][1.958s] GC(2) Pause Cleanup
[2020-06-29T17:14:46.493-0530][1.958s] GC(2) Pause Cleanup 16M->16M(512M) 0.141ms
[2020-06-29T17:14:46.493-0530][1.958s] GC(2) User=0.00s Sys=0.00s Real=0.00s
[2020-06-29T17:14:46.494-0530][1.958s] GC(2) Concurrent Cleanup for Next Mark
[2020-06-29T17:14:46.495-0530][1.960s] GC(2) Concurrent Cleanup for Next Mark 1.424ms
[2020-06-29T17:14:46.495-0530][1.960s] GC(2) Concurrent Cycle 25.260ms
[2020-06-29T17:14:46.889-0530][2.353s] GC(3) Pause Young (Normal) (G1 Evacuation Pause)
[2020-06-29T17:14:46.889-0530][2.353s] GC(3) Using 4 workers of 4 for evacuation
[2020-06-29T17:14:46.908-0530][2.373s] GC(3)   Pre Evacuate Collection Set: 0.0ms
[2020-06-29T17:14:46.908-0530][2.373s] GC(3)   Evacuate Collection Set: 19.1ms
[2020-06-29T17:14:46.908-0530][2.373s] GC(3)   Post Evacuate Collection Set: 0.3ms
[2020-06-29T17:14:46.908-0530][2.373s] GC(3)   Other: 0.1ms
[2020-06-29T17:14:46.908-0530][2.373s] GC(3) Eden regions: 29->0(39)
[2020-06-29T17:14:46.908-0530][2.373s] GC(3) Survivor regions: 12->6(6)
[2020-06-29T17:14:46.908-0530][2.373s] GC(3) Old regions: 0->13
[2020-06-29T17:14:46.908-0530][2.373s] GC(3) Humongous regions: 4->4
[2020-06-29T17:14:46.908-0530][2.373s] GC(3) Metaspace: 23607K->23607K(1071104K)
[2020-06-29T17:14:46.908-0530][2.373s] GC(3) Pause Young (Normal) (G1 Evacuation Pause) 44M->22M(512M) 19.638ms
[2020-06-29T17:14:46.908-0530][2.373s] GC(3) User=0.07s Sys=0.00s Real=0.02s
[2020-06-29T17:14:47.573-0530][3.038s] GC(4) Pause Young (Normal) (G1 Evacuation Pause)
[2020-06-29T17:14:47.574-0530][3.038s] GC(4) Using 4 workers of 4 for evacuation
[2020-06-29T17:14:47.578-0530][3.043s] GC(4)   Pre Evacuate Collection Set: 0.0ms
[2020-06-29T17:14:47.578-0530][3.043s] GC(4)   Evacuate Collection Set: 3.1ms
[2020-06-29T17:14:47.578-0530][3.043s] GC(4)   Post Evacuate Collection Set: 1.4ms
[2020-06-29T17:14:47.578-0530][3.043s] GC(4)   Other: 0.2ms
[2020-06-29T17:14:47.578-0530][3.043s] GC(4) Eden regions: 39->0(62)
[2020-06-29T17:14:47.578-0530][3.043s] GC(4) Survivor regions: 6->2(6)
[2020-06-29T17:14:47.578-0530][3.043s] GC(4) Old regions: 13->19
[2020-06-29T17:14:47.578-0530][3.043s] GC(4) Humongous regions: 4->4
[2020-06-29T17:14:47.578-0530][3.043s] GC(4) Metaspace: 28136K->28136K(1075200K)
[2020-06-29T17:14:47.578-0530][3.043s] GC(4) Pause Young (Normal) (G1 Evacuation Pause) 61M->23M(512M) 4.776ms
[2020-06-29T17:14:47.578-0530][3.043s] GC(4) User=0.02s Sys=0.00s Real=0.00s
[2020-06-29T17:14:48.706-0530][4.170s] GC(5) Pause Young (Concurrent Start) (Metadata GC Threshold)
[2020-06-29T17:14:48.706-0530][4.170s] GC(5) Using 4 workers of 4 for evacuation
[2020-06-29T17:14:48.727-0530][4.192s] GC(5)   Pre Evacuate Collection Set: 0.1ms
[2020-06-29T17:14:48.727-0530][4.192s] GC(5)   Evacuate Collection Set: 15.4ms
[2020-06-29T17:14:48.727-0530][4.192s] GC(5)   Post Evacuate Collection Set: 6.0ms
[2020-06-29T17:14:48.727-0530][4.192s] GC(5)   Other: 0.3ms
[2020-06-29T17:14:48.727-0530][4.192s] GC(5) Eden regions: 59->0(228)
[2020-06-29T17:14:48.727-0530][4.192s] GC(5) Survivor regions: 2->3(8)
[2020-06-29T17:14:48.727-0530][4.192s] GC(5) Old regions: 19->19
[2020-06-29T17:14:48.727-0530][4.192s] GC(5) Humongous regions: 4->4
[2020-06-29T17:14:48.727-0530][4.192s] GC(5) Metaspace: 35048K->35048K(1081344K)
[2020-06-29T17:14:48.727-0530][4.192s] GC(5) Pause Young (Concurrent Start) (Metadata GC Threshold) 82M->24M(512M) 21.907ms
[2020-06-29T17:14:48.727-0530][4.192s] GC(5) User=0.03s Sys=0.00s Real=0.02s
[2020-06-29T17:14:48.727-0530][4.192s] GC(6) Concurrent Cycle
[2020-06-29T17:14:48.728-0530][4.192s] GC(6) Concurrent Clear Claimed Marks
[2020-06-29T17:14:48.728-0530][4.192s] GC(6) Concurrent Clear Claimed Marks 0.055ms
[2020-06-29T17:14:48.728-0530][4.192s] GC(6) Concurrent Scan Root Regions
[2020-06-29T17:14:48.732-0530][4.197s] GC(6) Concurrent Scan Root Regions 4.638ms
[2020-06-29T17:14:48.732-0530][4.197s] GC(6) Concurrent Mark (4.197s)
[2020-06-29T17:14:48.732-0530][4.197s] GC(6) Concurrent Mark From Roots
[2020-06-29T17:14:48.732-0530][4.197s] GC(6) Using 1 workers of 1 for marking
[2020-06-29T17:14:48.899-0530][4.364s] GC(6) Concurrent Mark From Roots 166.482ms
[2020-06-29T17:14:48.899-0530][4.364s] GC(6) Concurrent Preclean
[2020-06-29T17:14:48.899-0530][4.364s] GC(6) Concurrent Preclean 0.166ms
[2020-06-29T17:14:48.899-0530][4.364s] GC(6) Concurrent Mark (4.197s, 4.364s) 166.815ms
[2020-06-29T17:14:48.901-0530][4.365s] GC(6) Pause Remark
[2020-06-29T17:14:48.905-0530][4.370s] GC(6) Cleaned string and symbol table, strings: 16452 processed, 22 removed, symbols: 114423 processed, 52 removed
[2020-06-29T17:14:48.905-0530][4.370s] GC(6) Pause Remark 25M->25M(512M) 4.576ms
[2020-06-29T17:14:48.905-0530][4.370s] GC(6) User=0.01s Sys=0.00s Real=0.00s
[2020-06-29T17:14:48.905-0530][4.370s] GC(6) Concurrent Rebuild Remembered Sets
[2020-06-29T17:14:48.970-0530][4.435s] GC(6) Concurrent Rebuild Remembered Sets 64.531ms
[2020-06-29T17:14:48.970-0530][4.435s] GC(6) Pause Cleanup
[2020-06-29T17:14:48.970-0530][4.435s] GC(6) Pause Cleanup 28M->28M(512M) 0.104ms
[2020-06-29T17:14:48.970-0530][4.435s] GC(6) User=0.00s Sys=0.00s Real=0.00s
[2020-06-29T17:14:48.970-0530][4.435s] GC(6) Concurrent Cleanup for Next Mark
[2020-06-29T17:14:48.977-0530][4.441s] GC(6) Concurrent Cleanup for Next Mark 6.518ms
[2020-06-29T17:14:48.977-0530][4.442s] GC(6) Concurrent Cycle 249.332ms
[2020-06-29T17:14:50.545-0530][6.009s] GC(7) Pause Young (Normal) (G1 Evacuation Pause)
[2020-06-29T17:14:50.545-0530][6.009s] GC(7) Using 4 workers of 4 for evacuation
[2020-06-29T17:14:50.555-0530][6.020s] GC(7)   Pre Evacuate Collection Set: 0.0ms
[2020-06-29T17:14:50.555-0530][6.020s] GC(7)   Evacuate Collection Set: 9.2ms
[2020-06-29T17:14:50.555-0530][6.020s] GC(7)   Post Evacuate Collection Set: 1.1ms
[2020-06-29T17:14:50.555-0530][6.020s] GC(7)   Other: 0.2ms
[2020-06-29T17:14:50.555-0530][6.020s] GC(7) Eden regions: 228->0(294)
[2020-06-29T17:14:50.555-0530][6.020s] GC(7) Survivor regions: 3->13(29)
[2020-06-29T17:14:50.555-0530][6.020s] GC(7) Old regions: 19->19
[2020-06-29T17:14:50.555-0530][6.020s] GC(7) Humongous regions: 6->5
[2020-06-29T17:14:50.555-0530][6.020s] GC(7) Metaspace: 43618K->43618K(1089536K)
[2020-06-29T17:14:50.555-0530][6.020s] GC(7) Pause Young (Normal) (G1 Evacuation Pause) 254M->35M(512M) 10.734ms
[2020-06-29T17:14:50.555-0530][6.020s] GC(7) User=0.04s Sys=0.00s Real=0.01s
[2020-06-29T17:14:50.825-0530][6.289s] GC(8) Pause Young (Normal) (G1 Evacuation Pause)
[2020-06-29T17:14:50.825-0530][6.289s] GC(8) Using 4 workers of 4 for evacuation
[2020-06-29T17:14:50.836-0530][6.300s] GC(8)   Pre Evacuate Collection Set: 0.0ms
[2020-06-29T17:14:50.836-0530][6.301s] GC(8)   Evacuate Collection Set: 10.2ms
[2020-06-29T17:14:50.836-0530][6.301s] GC(8)   Post Evacuate Collection Set: 0.4ms
[2020-06-29T17:14:50.836-0530][6.301s] GC(8)   Other: 0.5ms
[2020-06-29T17:14:50.836-0530][6.301s] GC(8) Eden regions: 294->0(293)
[2020-06-29T17:14:50.836-0530][6.301s] GC(8) Survivor regions: 13->14(39)
[2020-06-29T17:14:50.836-0530][6.301s] GC(8) Old regions: 19->19
[2020-06-29T17:14:50.836-0530][6.301s] GC(8) Humongous regions: 5->5
[2020-06-29T17:14:50.836-0530][6.301s] GC(8) Metaspace: 44046K->44046K(1089536K)
[2020-06-29T17:14:50.836-0530][6.301s] GC(8) Pause Young (Normal) (G1 Evacuation Pause) 329M->37M(512M) 11.297ms
[2020-06-29T17:14:50.836-0530][6.301s] GC(8) User=0.03s Sys=0.00s Real=0.01s
[2020-06-29T17:14:52.286-0530][7.751s] GC(9) Pause Young (Normal) (G1 Evacuation Pause)
[2020-06-29T17:14:52.287-0530][7.751s] GC(9) Using 4 workers of 4 for evacuation
[2020-06-29T17:14:52.301-0530][7.765s] GC(9)   Pre Evacuate Collection Set: 0.0ms
[2020-06-29T17:14:52.301-0530][7.765s] GC(9)   Evacuate Collection Set: 13.4ms
[2020-06-29T17:14:52.301-0530][7.765s] GC(9)   Post Evacuate Collection Set: 0.6ms
[2020-06-29T17:14:52.301-0530][7.765s] GC(9)   Other: 0.2ms
[2020-06-29T17:14:52.301-0530][7.765s] GC(9) Eden regions: 293->0(288)
[2020-06-29T17:14:52.301-0530][7.765s] GC(9) Survivor regions: 14->19(39)
[2020-06-29T17:14:52.301-0530][7.765s] GC(9) Old regions: 19->19
[2020-06-29T17:14:52.301-0530][7.765s] GC(9) Humongous regions: 5->5
[2020-06-29T17:14:52.301-0530][7.765s] GC(9) Metaspace: 50627K->50627K(1095680K)
[2020-06-29T17:14:52.301-0530][7.765s] GC(9) Pause Young (Normal) (G1 Evacuation Pause) 330M->42M(512M) 14.307ms
[2020-06-29T17:14:52.301-0530][7.765s] GC(9) User=0.05s Sys=0.00s Real=0.02s
[2020-06-29T17:14:52.896-0530][8.361s] GC(10) Pause Young (Normal) (G1 Evacuation Pause)
[2020-06-29T17:14:52.896-0530][8.361s] GC(10) Using 4 workers of 4 for evacuation
[2020-06-29T17:14:52.919-0530][8.384s] GC(10)   Pre Evacuate Collection Set: 0.0ms
[2020-06-29T17:14:52.919-0530][8.384s] GC(10)   Evacuate Collection Set: 21.9ms
[2020-06-29T17:14:52.919-0530][8.384s] GC(10)   Post Evacuate Collection Set: 0.7ms
[2020-06-29T17:14:52.919-0530][8.384s] GC(10)   Other: 0.3ms
[2020-06-29T17:14:52.919-0530][8.384s] GC(10) Eden regions: 288->0(279)
[2020-06-29T17:14:52.919-0530][8.384s] GC(10) Survivor regions: 19->28(39)
[2020-06-29T17:14:52.919-0530][8.384s] GC(10) Old regions: 19->19
[2020-06-29T17:14:52.919-0530][8.384s] GC(10) Humongous regions: 5->5
[2020-06-29T17:14:52.919-0530][8.384s] GC(10) Metaspace: 53470K->53470K(1097728K)
[2020-06-29T17:14:52.919-0530][8.384s] GC(10) Pause Young (Normal) (G1 Evacuation Pause) 330M->51M(512M) 23.207ms
[2020-06-29T17:14:52.920-0530][8.384s] GC(10) User=0.08s Sys=0.00s Real=0.03s
[2020-06-29T17:14:53.633-0530][9.097s] GC(11) Pause Young (Normal) (G1 Evacuation Pause)
[2020-06-29T17:14:53.633-0530][9.098s] GC(11) Using 4 workers of 4 for evacuation
[2020-06-29T17:14:53.697-0530][9.161s] GC(11)   Pre Evacuate Collection Set: 0.0ms
[2020-06-29T17:14:53.697-0530][9.161s] GC(11)   Evacuate Collection Set: 61.2ms
[2020-06-29T17:14:53.697-0530][9.161s] GC(11)   Post Evacuate Collection Set: 2.3ms
[2020-06-29T17:14:53.697-0530][9.162s] GC(11)   Other: 0.5ms
[2020-06-29T17:14:53.697-0530][9.162s] GC(11) Eden regions: 279->0(280)
[2020-06-29T17:14:53.697-0530][9.162s] GC(11) Survivor regions: 28->27(39)
[2020-06-29T17:14:53.697-0530][9.162s] GC(11) Old regions: 19->30
[2020-06-29T17:14:53.697-0530][9.162s] GC(11) Humongous regions: 5->5
[2020-06-29T17:14:53.697-0530][9.162s] GC(11) Metaspace: 53918K->53918K(1097728K)
[2020-06-29T17:14:53.697-0530][9.162s] GC(11) Pause Young (Normal) (G1 Evacuation Pause) 330M->61M(512M) 64.305ms
[2020-06-29T17:14:53.697-0530][9.162s] GC(11) User=0.13s Sys=0.00s Real=0.06s
[2020-06-29T17:16:00.729-0530][76.192s] Heap
[2020-06-29T17:16:00.729-0530][76.192s]  garbage-first heap   total 524288K, used 282938K [0x00000007e0000000, 0x0000000800000000)
[2020-06-29T17:16:00.729-0530][76.192s]   region size 1024K, 243 young (248832K), 27 survivors (27648K)
[2020-06-29T17:16:00.730-0530][76.192s]  Metaspace       used 58038K, capacity 59351K, committed 59472K, reserved 1101824K
[2020-06-29T17:16:00.730-0530][76.192s]   class space    used 6609K, capacity 7147K, committed 7168K, reserved 1048576K
