[2020-06-27T01:59:38.345-0530][0.015s] Heap region size: 1M
[2020-06-27T01:59:38.659-0530][0.329s] Using G1
[2020-06-27T01:59:38.659-0530][0.329s] Heap address: 0x00000007e0000000, size: 512 MB, Compressed Oops mode: Zero based, Oop shift amount: 3
[2020-06-27T01:59:39.689-0530][1.359s] GC(0) Pause Young (Normal) (G1 Evacuation Pause)
[2020-06-27T01:59:39.689-0530][1.359s] GC(0) Using 4 workers of 4 for evacuation
[2020-06-27T01:59:39.715-0530][1.385s] GC(0)   Pre Evacuate Collection Set: 0.0ms
[2020-06-27T01:59:39.715-0530][1.385s] GC(0)   Evacuate Collection Set: 14.6ms
[2020-06-27T01:59:39.715-0530][1.385s] GC(0)   Post Evacuate Collection Set: 11.1ms
[2020-06-27T01:59:39.715-0530][1.385s] GC(0)   Other: 0.4ms
[2020-06-27T01:59:39.715-0530][1.385s] GC(0) Eden regions: 25->0(304)
[2020-06-27T01:59:39.715-0530][1.385s] GC(0) Survivor regions: 0->3(4)
[2020-06-27T01:59:39.715-0530][1.385s] GC(0) Old regions: 0->0
[2020-06-27T01:59:39.715-0530][1.385s] GC(0) Humongous regions: 0->0
[2020-06-27T01:59:39.715-0530][1.385s] GC(0) Metaspace: 12138K->12138K(1060864K)
[2020-06-27T01:59:39.715-0530][1.385s] GC(0) Pause Young (Normal) (G1 Evacuation Pause) 25M->2M(512M) 26.467ms
[2020-06-27T01:59:39.715-0530][1.385s] GC(0) User=0.04s Sys=0.00s Real=0.03s
[2020-06-27T01:59:40.692-0530][2.362s] GC(1) Pause Young (Concurrent Start) (Metadata GC Threshold)
[2020-06-27T01:59:40.693-0530][2.362s] GC(1) Using 4 workers of 4 for evacuation
[2020-06-27T01:59:40.713-0530][2.383s] GC(1)   Pre Evacuate Collection Set: 0.0ms
[2020-06-27T01:59:40.714-0530][2.383s] GC(1)   Evacuate Collection Set: 19.4ms
[2020-06-27T01:59:40.714-0530][2.383s] GC(1)   Post Evacuate Collection Set: 1.3ms
[2020-06-27T01:59:40.714-0530][2.383s] GC(1)   Other: 0.3ms
[2020-06-27T01:59:40.714-0530][2.383s] GC(1) Eden regions: 27->0(32)
[2020-06-27T01:59:40.714-0530][2.383s] GC(1) Survivor regions: 3->12(33)
[2020-06-27T01:59:40.714-0530][2.383s] GC(1) Old regions: 0->0
[2020-06-27T01:59:40.714-0530][2.383s] GC(1) Humongous regions: 4->4
[2020-06-27T01:59:40.714-0530][2.383s] GC(1) Metaspace: 20709K->20709K(1069056K)
[2020-06-27T01:59:40.714-0530][2.383s] GC(1) Pause Young (Concurrent Start) (Metadata GC Threshold) 33M->15M(512M) 21.194ms
[2020-06-27T01:59:40.714-0530][2.383s] GC(1) User=0.05s Sys=0.00s Real=0.02s
[2020-06-27T01:59:40.714-0530][2.384s] GC(2) Concurrent Cycle
[2020-06-27T01:59:40.714-0530][2.384s] GC(2) Concurrent Clear Claimed Marks
[2020-06-27T01:59:40.714-0530][2.384s] GC(2) Concurrent Clear Claimed Marks 0.050ms
[2020-06-27T01:59:40.714-0530][2.384s] GC(2) Concurrent Scan Root Regions
[2020-06-27T01:59:40.726-0530][2.396s] GC(2) Concurrent Scan Root Regions 12.179ms
[2020-06-27T01:59:40.726-0530][2.396s] GC(2) Concurrent Mark (2.396s)
[2020-06-27T01:59:40.726-0530][2.396s] GC(2) Concurrent Mark From Roots
[2020-06-27T01:59:40.726-0530][2.396s] GC(2) Using 1 workers of 1 for marking
[2020-06-27T01:59:40.730-0530][2.400s] GC(2) Concurrent Mark From Roots 4.223ms
[2020-06-27T01:59:40.730-0530][2.400s] GC(2) Concurrent Preclean
[2020-06-27T01:59:40.730-0530][2.400s] GC(2) Concurrent Preclean 0.047ms
[2020-06-27T01:59:40.730-0530][2.400s] GC(2) Concurrent Mark (2.396s, 2.400s) 4.378ms
[2020-06-27T01:59:40.731-0530][2.400s] GC(2) Pause Remark
[2020-06-27T01:59:40.734-0530][2.404s] GC(2) Cleaned string and symbol table, strings: 10212 processed, 0 removed, symbols: 68099 processed, 10 removed
[2020-06-27T01:59:40.734-0530][2.404s] GC(2) Pause Remark 16M->16M(512M) 3.659ms
[2020-06-27T01:59:40.734-0530][2.404s] GC(2) User=0.01s Sys=0.00s Real=0.00s
[2020-06-27T01:59:40.734-0530][2.404s] GC(2) Concurrent Rebuild Remembered Sets
[2020-06-27T01:59:40.738-0530][2.407s] GC(2) Concurrent Rebuild Remembered Sets 3.338ms
[2020-06-27T01:59:40.738-0530][2.408s] GC(2) Pause Cleanup
[2020-06-27T01:59:40.738-0530][2.408s] GC(2) Pause Cleanup 16M->16M(512M) 0.107ms
[2020-06-27T01:59:40.738-0530][2.408s] GC(2) User=0.00s Sys=0.00s Real=0.00s
[2020-06-27T01:59:40.738-0530][2.408s] GC(2) Concurrent Cleanup for Next Mark
[2020-06-27T01:59:40.739-0530][2.409s] GC(2) Concurrent Cleanup for Next Mark 1.135ms
[2020-06-27T01:59:40.739-0530][2.409s] GC(2) Concurrent Cycle 25.420ms
[2020-06-27T01:59:41.364-0530][3.034s] GC(3) Pause Young (Normal) (G1 Evacuation Pause)
[2020-06-27T01:59:41.364-0530][3.034s] GC(3) Using 4 workers of 4 for evacuation
[2020-06-27T01:59:41.380-0530][3.050s] GC(3)   Pre Evacuate Collection Set: 0.0ms
[2020-06-27T01:59:41.380-0530][3.050s] GC(3)   Evacuate Collection Set: 15.5ms
[2020-06-27T01:59:41.380-0530][3.050s] GC(3)   Post Evacuate Collection Set: 0.7ms
[2020-06-27T01:59:41.380-0530][3.050s] GC(3)   Other: 0.1ms
[2020-06-27T01:59:41.381-0530][3.050s] GC(3) Eden regions: 28->0(39)
[2020-06-27T01:59:41.381-0530][3.050s] GC(3) Survivor regions: 12->5(5)
[2020-06-27T01:59:41.381-0530][3.050s] GC(3) Old regions: 0->13
[2020-06-27T01:59:41.381-0530][3.050s] GC(3) Humongous regions: 4->4
[2020-06-27T01:59:41.381-0530][3.050s] GC(3) Metaspace: 23597K->23597K(1071104K)
[2020-06-27T01:59:41.381-0530][3.050s] GC(3) Pause Young (Normal) (G1 Evacuation Pause) 43M->21M(512M) 16.510ms
[2020-06-27T01:59:41.381-0530][3.050s] GC(3) User=0.06s Sys=0.00s Real=0.02s
[2020-06-27T01:59:42.295-0530][3.965s] GC(4) Pause Young (Normal) (G1 Evacuation Pause)
[2020-06-27T01:59:42.295-0530][3.965s] GC(4) Using 4 workers of 4 for evacuation
[2020-06-27T01:59:42.300-0530][3.970s] GC(4)   Pre Evacuate Collection Set: 0.0ms
[2020-06-27T01:59:42.300-0530][3.970s] GC(4)   Evacuate Collection Set: 4.4ms
[2020-06-27T01:59:42.300-0530][3.970s] GC(4)   Post Evacuate Collection Set: 0.4ms
[2020-06-27T01:59:42.300-0530][3.970s] GC(4)   Other: 0.2ms
[2020-06-27T01:59:42.300-0530][3.970s] GC(4) Eden regions: 39->0(60)
[2020-06-27T01:59:42.300-0530][3.970s] GC(4) Survivor regions: 5->2(6)
[2020-06-27T01:59:42.300-0530][3.970s] GC(4) Old regions: 13->19
[2020-06-27T01:59:42.300-0530][3.970s] GC(4) Humongous regions: 4->4
[2020-06-27T01:59:42.300-0530][3.970s] GC(4) Metaspace: 28189K->28189K(1075200K)
[2020-06-27T01:59:42.300-0530][3.970s] GC(4) Pause Young (Normal) (G1 Evacuation Pause) 60M->24M(512M) 5.111ms
[2020-06-27T01:59:42.300-0530][3.970s] GC(4) User=0.02s Sys=0.00s Real=0.01s
[2020-06-27T01:59:43.283-0530][4.952s] GC(5) Pause Young (Concurrent Start) (Metadata GC Threshold)
[2020-06-27T01:59:43.283-0530][4.952s] GC(5) Using 4 workers of 4 for evacuation
[2020-06-27T01:59:43.287-0530][4.957s] GC(5)   Pre Evacuate Collection Set: 0.1ms
[2020-06-27T01:59:43.287-0530][4.957s] GC(5)   Evacuate Collection Set: 4.4ms
[2020-06-27T01:59:43.287-0530][4.957s] GC(5)   Post Evacuate Collection Set: 0.2ms
[2020-06-27T01:59:43.287-0530][4.957s] GC(5)   Other: 0.2ms
[2020-06-27T01:59:43.288-0530][4.957s] GC(5) Eden regions: 49->0(77)
[2020-06-27T01:59:43.288-0530][4.957s] GC(5) Survivor regions: 2->3(8)
[2020-06-27T01:59:43.288-0530][4.957s] GC(5) Old regions: 19->19
[2020-06-27T01:59:43.288-0530][4.957s] GC(5) Humongous regions: 4->4
[2020-06-27T01:59:43.288-0530][4.957s] GC(5) Metaspace: 34909K->34909K(1081344K)
[2020-06-27T01:59:43.288-0530][4.957s] GC(5) Pause Young (Concurrent Start) (Metadata GC Threshold) 73M->24M(512M) 5.066ms
[2020-06-27T01:59:43.288-0530][4.957s] GC(5) User=0.02s Sys=0.00s Real=0.00s
[2020-06-27T01:59:43.288-0530][4.957s] GC(6) Concurrent Cycle
[2020-06-27T01:59:43.288-0530][4.957s] GC(6) Concurrent Clear Claimed Marks
[2020-06-27T01:59:43.288-0530][4.957s] GC(6) Concurrent Clear Claimed Marks 0.039ms
[2020-06-27T01:59:43.288-0530][4.957s] GC(6) Concurrent Scan Root Regions
[2020-06-27T01:59:43.291-0530][4.961s] GC(6) Concurrent Scan Root Regions 3.538ms
[2020-06-27T01:59:43.291-0530][4.961s] GC(6) Concurrent Mark (4.961s)
[2020-06-27T01:59:43.291-0530][4.961s] GC(6) Concurrent Mark From Roots
[2020-06-27T01:59:43.291-0530][4.961s] GC(6) Using 1 workers of 1 for marking
[2020-06-27T01:59:43.338-0530][5.008s] GC(6) Concurrent Mark From Roots 46.880ms
[2020-06-27T01:59:43.338-0530][5.008s] GC(6) Concurrent Preclean
[2020-06-27T01:59:43.338-0530][5.008s] GC(6) Concurrent Preclean 0.127ms
[2020-06-27T01:59:43.339-0530][5.008s] GC(6) Concurrent Mark (4.961s, 5.008s) 47.135ms
[2020-06-27T01:59:43.339-0530][5.008s] GC(6) Pause Remark
[2020-06-27T01:59:43.343-0530][5.013s] GC(6) Cleaned string and symbol table, strings: 16542 processed, 22 removed, symbols: 114547 processed, 52 removed
[2020-06-27T01:59:43.343-0530][5.013s] GC(6) Pause Remark 28M->28M(512M) 4.438ms
[2020-06-27T01:59:43.343-0530][5.013s] GC(6) User=0.02s Sys=0.00s Real=0.01s
[2020-06-27T01:59:43.343-0530][5.013s] GC(6) Concurrent Rebuild Remembered Sets
[2020-06-27T01:59:43.374-0530][5.043s] GC(6) Concurrent Rebuild Remembered Sets 30.338ms
[2020-06-27T01:59:43.374-0530][5.043s] GC(6) Pause Cleanup
[2020-06-27T01:59:43.374-0530][5.043s] GC(6) Pause Cleanup 29M->29M(512M) 0.094ms
[2020-06-27T01:59:43.374-0530][5.043s] GC(6) User=0.00s Sys=0.00s Real=0.00s
[2020-06-27T01:59:43.374-0530][5.044s] GC(6) Concurrent Cleanup for Next Mark
[2020-06-27T01:59:43.375-0530][5.045s] GC(6) Concurrent Cleanup for Next Mark 1.231ms
[2020-06-27T01:59:43.375-0530][5.045s] GC(6) Concurrent Cycle 87.436ms
[2020-06-27T01:59:44.218-0530][5.888s] GC(7) Pause Young (Concurrent Start) (G1 Evacuation Pause)
[2020-06-27T01:59:44.218-0530][5.888s] GC(7) Using 4 workers of 4 for evacuation
[2020-06-27T01:59:44.226-0530][5.895s] GC(7)   Pre Evacuate Collection Set: 0.1ms
[2020-06-27T01:59:44.226-0530][5.895s] GC(7)   Evacuate Collection Set: 6.8ms
[2020-06-27T01:59:44.226-0530][5.895s] GC(7)   Post Evacuate Collection Set: 0.4ms
[2020-06-27T01:59:44.226-0530][5.895s] GC(7)   Other: 0.4ms
[2020-06-27T01:59:44.226-0530][5.895s] GC(7) Eden regions: 79->0(125)
[2020-06-27T01:59:44.226-0530][5.895s] GC(7) Survivor regions: 3->6(11)
[2020-06-27T01:59:44.226-0530][5.895s] GC(7) Old regions: 19->19
[2020-06-27T01:59:44.226-0530][5.895s] GC(7) Humongous regions: 4->4
[2020-06-27T01:59:44.226-0530][5.895s] GC(7) Metaspace: 40059K->40059K(1085440K)
[2020-06-27T01:59:44.226-0530][5.895s] GC(7) Pause Young (Concurrent Start) (G1 Evacuation Pause) 103M->27M(512M) 7.900ms
[2020-06-27T01:59:44.226-0530][5.895s] GC(7) User=0.03s Sys=0.00s Real=0.01s
[2020-06-27T01:59:44.226-0530][5.896s] GC(8) Concurrent Cycle
[2020-06-27T01:59:44.226-0530][5.896s] GC(8) Concurrent Clear Claimed Marks
[2020-06-27T01:59:44.226-0530][5.896s] GC(8) Concurrent Clear Claimed Marks 0.064ms
[2020-06-27T01:59:44.226-0530][5.896s] GC(8) Concurrent Scan Root Regions
[2020-06-27T01:59:44.232-0530][5.902s] GC(8) Concurrent Scan Root Regions 6.412ms
[2020-06-27T01:59:44.232-0530][5.902s] GC(8) Concurrent Mark (5.902s)
[2020-06-27T01:59:44.232-0530][5.902s] GC(8) Concurrent Mark From Roots
[2020-06-27T01:59:44.232-0530][5.902s] GC(8) Using 1 workers of 1 for marking
[2020-06-27T01:59:44.276-0530][5.946s] GC(8) Concurrent Mark From Roots 43.405ms
[2020-06-27T01:59:44.276-0530][5.946s] GC(8) Concurrent Preclean
[2020-06-27T01:59:44.276-0530][5.946s] GC(8) Concurrent Preclean 0.095ms
[2020-06-27T01:59:44.276-0530][5.946s] GC(8) Concurrent Mark (5.902s, 5.946s) 43.608ms
[2020-06-27T01:59:44.276-0530][5.946s] GC(8) Pause Remark
[2020-06-27T01:59:44.281-0530][5.951s] GC(8) Cleaned string and symbol table, strings: 18906 processed, 0 removed, symbols: 128014 processed, 49 removed
[2020-06-27T01:59:44.281-0530][5.951s] GC(8) Pause Remark 32M->32M(512M) 5.130ms
[2020-06-27T01:59:44.281-0530][5.951s] GC(8) User=0.02s Sys=0.00s Real=0.01s
[2020-06-27T01:59:44.281-0530][5.951s] GC(8) Concurrent Rebuild Remembered Sets
[2020-06-27T01:59:44.306-0530][5.976s] GC(8) Concurrent Rebuild Remembered Sets 24.765ms
[2020-06-27T01:59:44.306-0530][5.976s] GC(8) Pause Cleanup
[2020-06-27T01:59:44.307-0530][5.976s] GC(8) Pause Cleanup 32M->32M(512M) 0.126ms
[2020-06-27T01:59:44.307-0530][5.976s] GC(8) User=0.01s Sys=0.00s Real=0.00s
[2020-06-27T01:59:44.307-0530][5.976s] GC(8) Concurrent Cleanup for Next Mark
[2020-06-27T01:59:44.308-0530][5.978s] GC(8) Concurrent Cleanup for Next Mark 1.297ms
[2020-06-27T01:59:44.308-0530][5.978s] GC(8) Concurrent Cycle 82.123ms
[2020-06-27T01:59:44.873-0530][6.543s] GC(9) Pause Young (Normal) (G1 Evacuation Pause)
[2020-06-27T01:59:44.873-0530][6.543s] GC(9) Using 4 workers of 4 for evacuation
[2020-06-27T01:59:44.882-0530][6.552s] GC(9)   Pre Evacuate Collection Set: 0.0ms
[2020-06-27T01:59:44.882-0530][6.552s] GC(9)   Evacuate Collection Set: 8.4ms
[2020-06-27T01:59:44.882-0530][6.552s] GC(9)   Post Evacuate Collection Set: 0.4ms
[2020-06-27T01:59:44.882-0530][6.552s] GC(9)   Other: 0.2ms
[2020-06-27T01:59:44.882-0530][6.552s] GC(9) Eden regions: 130->0(196)
[2020-06-27T01:59:44.882-0530][6.552s] GC(9) Survivor regions: 6->8(17)
[2020-06-27T01:59:44.882-0530][6.552s] GC(9) Old regions: 19->19
[2020-06-27T01:59:44.882-0530][6.552s] GC(9) Humongous regions: 5->4
[2020-06-27T01:59:44.882-0530][6.552s] GC(9) Metaspace: 42747K->42747K(1087488K)
[2020-06-27T01:59:44.882-0530][6.552s] GC(9) Pause Young (Normal) (G1 Evacuation Pause) 158M->30M(512M) 9.243ms
[2020-06-27T01:59:44.882-0530][6.552s] GC(9) User=0.03s Sys=0.00s Real=0.01s
[2020-06-27T01:59:49.232-0530][10.901s] GC(10) Pause Young (Normal) (G1 Evacuation Pause)
[2020-06-27T01:59:49.232-0530][10.901s] GC(10) Using 4 workers of 4 for evacuation
[2020-06-27T01:59:49.249-0530][10.919s] GC(10)   Pre Evacuate Collection Set: 0.0ms
[2020-06-27T01:59:49.249-0530][10.919s] GC(10)   Evacuate Collection Set: 15.9ms
[2020-06-27T01:59:49.249-0530][10.919s] GC(10)   Post Evacuate Collection Set: 1.4ms
[2020-06-27T01:59:49.249-0530][10.919s] GC(10)   Other: 0.3ms
[2020-06-27T01:59:49.249-0530][10.919s] GC(10) Eden regions: 196->0(253)
[2020-06-27T01:59:49.249-0530][10.919s] GC(10) Survivor regions: 8->15(26)
[2020-06-27T01:59:49.250-0530][10.919s] GC(10) Old regions: 19->19
[2020-06-27T01:59:49.250-0530][10.919s] GC(10) Humongous regions: 4->4
[2020-06-27T01:59:49.250-0530][10.919s] GC(10) Metaspace: 53883K->53883K(1097728K)
[2020-06-27T01:59:49.250-0530][10.919s] GC(10) Pause Young (Normal) (G1 Evacuation Pause) 226M->37M(512M) 17.816ms
[2020-06-27T01:59:49.250-0530][10.919s] GC(10) User=0.06s Sys=0.00s Real=0.02s
[2020-06-27T02:01:26.742-0530][108.409s] GC(11) Pause Young (Normal) (G1 Evacuation Pause)
[2020-06-27T02:01:26.743-0530][108.410s] GC(11) Using 4 workers of 4 for evacuation
[2020-06-27T02:01:26.762-0530][108.429s] GC(11)   Pre Evacuate Collection Set: 0.0ms
[2020-06-27T02:01:26.762-0530][108.429s] GC(11)   Evacuate Collection Set: 17.4ms
[2020-06-27T02:01:26.762-0530][108.429s] GC(11)   Post Evacuate Collection Set: 1.6ms
[2020-06-27T02:01:26.762-0530][108.429s] GC(11)   Other: 1.1ms
[2020-06-27T02:01:26.762-0530][108.429s] GC(11) Eden regions: 253->0(286)
[2020-06-27T02:01:26.762-0530][108.429s] GC(11) Survivor regions: 15->21(34)
[2020-06-27T02:01:26.762-0530][108.429s] GC(11) Old regions: 19->19
[2020-06-27T02:01:26.762-0530][108.429s] GC(11) Humongous regions: 4->4
[2020-06-27T02:01:26.762-0530][108.429s] GC(11) Metaspace: 56686K->56686K(1099776K)
[2020-06-27T02:01:26.762-0530][108.429s] GC(11) Pause Young (Normal) (G1 Evacuation Pause) 290M->42M(512M) 20.267ms
[2020-06-27T02:01:26.762-0530][108.429s] GC(11) User=0.08s Sys=0.00s Real=0.02s
[2020-06-27T14:01:33.238-0530][12074.523s] GC(12) Pause Young (Normal) (G1 Evacuation Pause)
[2020-06-27T14:01:33.243-0530][12074.527s] GC(12) Using 4 workers of 4 for evacuation
[2020-06-27T14:01:33.354-0530][12074.638s] GC(12)   Pre Evacuate Collection Set: 6.0ms
[2020-06-27T14:01:33.354-0530][12074.638s] GC(12)   Evacuate Collection Set: 89.5ms
[2020-06-27T14:01:33.354-0530][12074.638s] GC(12)   Post Evacuate Collection Set: 4.4ms
[2020-06-27T14:01:33.354-0530][12074.638s] GC(12)   Other: 24.4ms
[2020-06-27T14:01:33.355-0530][12074.639s] GC(12) Eden regions: 286->0(286)
[2020-06-27T14:01:33.355-0530][12074.639s] GC(12) Survivor regions: 21->21(39)
[2020-06-27T14:01:33.355-0530][12074.639s] GC(12) Old regions: 19->19
[2020-06-27T14:01:33.355-0530][12074.639s] GC(12) Humongous regions: 7->7
[2020-06-27T14:01:33.355-0530][12074.639s] GC(12) Metaspace: 60657K->60657K(1103872K)
[2020-06-27T14:01:33.356-0530][12074.640s] GC(12) Pause Young (Normal) (G1 Evacuation Pause) 331M->46M(512M) 119.588ms
[2020-06-27T14:01:33.356-0530][12074.640s] GC(12) User=0.09s Sys=0.17s Real=0.12s
[2020-06-27T19:11:17.055-0530][30658.226s] Heap
[2020-06-27T19:11:17.056-0530][30658.227s]  garbage-first heap   total 524288K, used 257411K [0x00000007e0000000, 0x0000000800000000)
[2020-06-27T19:11:17.056-0530][30658.227s]   region size 1024K, 228 young (233472K), 21 survivors (21504K)
[2020-06-27T19:11:17.056-0530][30658.227s]  Metaspace       used 61717K, capacity 62983K, committed 63184K, reserved 1105920K
[2020-06-27T19:11:17.056-0530][30658.227s]   class space    used 6751K, capacity 7263K, committed 7296K, reserved 1048576K
