[2020-06-26T20:29:27.250-0530][0.012s] Heap region size: 1M
[2020-06-26T20:29:27.507-0530][0.269s] Using G1
[2020-06-26T20:29:27.507-0530][0.269s] Heap address: 0x00000007e0000000, size: 512 MB, Compressed Oops mode: Zero based, Oop shift amount: 3
[2020-06-26T20:29:28.277-0530][1.039s] GC(0) Pause Young (Normal) (G1 Evacuation Pause)
[2020-06-26T20:29:28.277-0530][1.039s] GC(0) Using 4 workers of 4 for evacuation
[2020-06-26T20:29:28.281-0530][1.044s] GC(0)   Pre Evacuate Collection Set: 0.0ms
[2020-06-26T20:29:28.282-0530][1.044s] GC(0)   Evacuate Collection Set: 3.2ms
[2020-06-26T20:29:28.282-0530][1.044s] GC(0)   Post Evacuate Collection Set: 0.9ms
[2020-06-26T20:29:28.282-0530][1.044s] GC(0)   Other: 0.4ms
[2020-06-26T20:29:28.282-0530][1.044s] GC(0) Eden regions: 25->0(304)
[2020-06-26T20:29:28.282-0530][1.044s] GC(0) Survivor regions: 0->3(4)
[2020-06-26T20:29:28.282-0530][1.044s] GC(0) Old regions: 0->0
[2020-06-26T20:29:28.282-0530][1.044s] GC(0) Humongous regions: 0->0
[2020-06-26T20:29:28.282-0530][1.044s] GC(0) Metaspace: 12647K->12647K(1060864K)
[2020-06-26T20:29:28.282-0530][1.044s] GC(0) Pause Young (Normal) (G1 Evacuation Pause) 25M->2M(512M) 4.674ms
[2020-06-26T20:29:28.282-0530][1.044s] GC(0) User=0.02s Sys=0.00s Real=0.01s
[2020-06-26T20:29:29.078-0530][1.840s] GC(1) Pause Young (Concurrent Start) (Metadata GC Threshold)
[2020-06-26T20:29:29.078-0530][1.840s] GC(1) Using 4 workers of 4 for evacuation
[2020-06-26T20:29:29.099-0530][1.861s] GC(1)   Pre Evacuate Collection Set: 0.0ms
[2020-06-26T20:29:29.099-0530][1.861s] GC(1)   Evacuate Collection Set: 19.7ms
[2020-06-26T20:29:29.099-0530][1.861s] GC(1)   Post Evacuate Collection Set: 1.1ms
[2020-06-26T20:29:29.099-0530][1.862s] GC(1)   Other: 0.3ms
[2020-06-26T20:29:29.099-0530][1.862s] GC(1) Eden regions: 26->0(32)
[2020-06-26T20:29:29.099-0530][1.862s] GC(1) Survivor regions: 3->12(33)
[2020-06-26T20:29:29.099-0530][1.862s] GC(1) Old regions: 0->0
[2020-06-26T20:29:29.099-0530][1.862s] GC(1) Humongous regions: 4->4
[2020-06-26T20:29:29.099-0530][1.862s] GC(1) Metaspace: 20711K->20711K(1069056K)
[2020-06-26T20:29:29.099-0530][1.862s] GC(1) Pause Young (Concurrent Start) (Metadata GC Threshold) 32M->15M(512M) 21.230ms
[2020-06-26T20:29:29.099-0530][1.862s] GC(1) User=0.05s Sys=0.00s Real=0.02s
[2020-06-26T20:29:29.099-0530][1.862s] GC(2) Concurrent Cycle
[2020-06-26T20:29:29.100-0530][1.862s] GC(2) Concurrent Clear Claimed Marks
[2020-06-26T20:29:29.100-0530][1.862s] GC(2) Concurrent Clear Claimed Marks 0.039ms
[2020-06-26T20:29:29.100-0530][1.862s] GC(2) Concurrent Scan Root Regions
[2020-06-26T20:29:29.111-0530][1.874s] GC(2) Concurrent Scan Root Regions 11.749ms
[2020-06-26T20:29:29.111-0530][1.874s] GC(2) Concurrent Mark (1.874s)
[2020-06-26T20:29:29.111-0530][1.874s] GC(2) Concurrent Mark From Roots
[2020-06-26T20:29:29.111-0530][1.874s] GC(2) Using 1 workers of 1 for marking
[2020-06-26T20:29:29.116-0530][1.878s] GC(2) Concurrent Mark From Roots 4.322ms
[2020-06-26T20:29:29.116-0530][1.878s] GC(2) Concurrent Preclean
[2020-06-26T20:29:29.116-0530][1.878s] GC(2) Concurrent Preclean 0.040ms
[2020-06-26T20:29:29.116-0530][1.878s] GC(2) Concurrent Mark (1.874s, 1.878s) 4.463ms
[2020-06-26T20:29:29.116-0530][1.878s] GC(2) Pause Remark
[2020-06-26T20:29:29.119-0530][1.881s] GC(2) Cleaned string and symbol table, strings: 10196 processed, 0 removed, symbols: 68099 processed, 10 removed
[2020-06-26T20:29:29.119-0530][1.881s] GC(2) Pause Remark 16M->16M(512M) 3.083ms
[2020-06-26T20:29:29.119-0530][1.881s] GC(2) User=0.01s Sys=0.00s Real=0.00s
[2020-06-26T20:29:29.119-0530][1.881s] GC(2) Concurrent Rebuild Remembered Sets
[2020-06-26T20:29:29.123-0530][1.885s] GC(2) Concurrent Rebuild Remembered Sets 3.428ms
[2020-06-26T20:29:29.123-0530][1.885s] GC(2) Pause Cleanup
[2020-06-26T20:29:29.123-0530][1.885s] GC(2) Pause Cleanup 16M->16M(512M) 0.090ms
[2020-06-26T20:29:29.123-0530][1.885s] GC(2) User=0.00s Sys=0.00s Real=0.00s
[2020-06-26T20:29:29.123-0530][1.885s] GC(2) Concurrent Cleanup for Next Mark
[2020-06-26T20:29:29.124-0530][1.886s] GC(2) Concurrent Cleanup for Next Mark 1.194ms
[2020-06-26T20:29:29.124-0530][1.886s] GC(2) Concurrent Cycle 24.682ms
[2020-06-26T20:29:29.707-0530][2.470s] GC(3) Pause Young (Normal) (G1 Evacuation Pause)
[2020-06-26T20:29:29.707-0530][2.470s] GC(3) Using 4 workers of 4 for evacuation
[2020-06-26T20:29:29.725-0530][2.487s] GC(3)   Pre Evacuate Collection Set: 0.0ms
[2020-06-26T20:29:29.725-0530][2.487s] GC(3)   Evacuate Collection Set: 16.9ms
[2020-06-26T20:29:29.725-0530][2.487s] GC(3)   Post Evacuate Collection Set: 0.3ms
[2020-06-26T20:29:29.725-0530][2.487s] GC(3)   Other: 0.1ms
[2020-06-26T20:29:29.725-0530][2.487s] GC(3) Eden regions: 28->0(39)
[2020-06-26T20:29:29.725-0530][2.487s] GC(3) Survivor regions: 12->5(5)
[2020-06-26T20:29:29.725-0530][2.487s] GC(3) Old regions: 0->14
[2020-06-26T20:29:29.725-0530][2.487s] GC(3) Humongous regions: 4->4
[2020-06-26T20:29:29.725-0530][2.487s] GC(3) Metaspace: 23603K->23603K(1071104K)
[2020-06-26T20:29:29.725-0530][2.487s] GC(3) Pause Young (Normal) (G1 Evacuation Pause) 43M->22M(512M) 17.474ms
[2020-06-26T20:29:29.725-0530][2.487s] GC(3) User=0.06s Sys=0.00s Real=0.02s
[2020-06-26T20:29:30.580-0530][3.342s] GC(4) Pause Young (Normal) (G1 Evacuation Pause)
[2020-06-26T20:29:30.580-0530][3.342s] GC(4) Using 4 workers of 4 for evacuation
[2020-06-26T20:29:30.584-0530][3.346s] GC(4)   Pre Evacuate Collection Set: 0.0ms
[2020-06-26T20:29:30.584-0530][3.346s] GC(4)   Evacuate Collection Set: 2.7ms
[2020-06-26T20:29:30.584-0530][3.346s] GC(4)   Post Evacuate Collection Set: 1.0ms
[2020-06-26T20:29:30.584-0530][3.346s] GC(4)   Other: 0.2ms
[2020-06-26T20:29:30.584-0530][3.346s] GC(4) Eden regions: 39->0(61)
[2020-06-26T20:29:30.584-0530][3.346s] GC(4) Survivor regions: 5->2(6)
[2020-06-26T20:29:30.584-0530][3.346s] GC(4) Old regions: 14->18
[2020-06-26T20:29:30.584-0530][3.346s] GC(4) Humongous regions: 4->4
[2020-06-26T20:29:30.584-0530][3.346s] GC(4) Metaspace: 28150K->28150K(1075200K)
[2020-06-26T20:29:30.584-0530][3.346s] GC(4) Pause Young (Normal) (G1 Evacuation Pause) 61M->23M(512M) 4.046ms
[2020-06-26T20:29:30.584-0530][3.346s] GC(4) User=0.01s Sys=0.00s Real=0.00s
[2020-06-26T20:29:31.962-0530][4.724s] GC(5) Pause Young (Concurrent Start) (Metadata GC Threshold)
[2020-06-26T20:29:31.962-0530][4.724s] GC(5) Using 4 workers of 4 for evacuation
[2020-06-26T20:29:31.967-0530][4.729s] GC(5)   Pre Evacuate Collection Set: 0.0ms
[2020-06-26T20:29:31.967-0530][4.729s] GC(5)   Evacuate Collection Set: 3.6ms
[2020-06-26T20:29:31.967-0530][4.729s] GC(5)   Post Evacuate Collection Set: 0.9ms
[2020-06-26T20:29:31.967-0530][4.729s] GC(5)   Other: 0.2ms
[2020-06-26T20:29:31.967-0530][4.729s] GC(5) Eden regions: 50->0(81)
[2020-06-26T20:29:31.967-0530][4.729s] GC(5) Survivor regions: 2->3(8)
[2020-06-26T20:29:31.967-0530][4.729s] GC(5) Old regions: 18->18
[2020-06-26T20:29:31.967-0530][4.729s] GC(5) Humongous regions: 4->4
[2020-06-26T20:29:31.967-0530][4.729s] GC(5) Metaspace: 34915K->34915K(1081344K)
[2020-06-26T20:29:31.967-0530][4.729s] GC(5) Pause Young (Concurrent Start) (Metadata GC Threshold) 73M->24M(512M) 4.911ms
[2020-06-26T20:29:31.967-0530][4.729s] GC(5) User=0.02s Sys=0.00s Real=0.00s
[2020-06-26T20:29:31.967-0530][4.729s] GC(6) Concurrent Cycle
[2020-06-26T20:29:31.967-0530][4.729s] GC(6) Concurrent Clear Claimed Marks
[2020-06-26T20:29:31.967-0530][4.729s] GC(6) Concurrent Clear Claimed Marks 0.034ms
[2020-06-26T20:29:31.967-0530][4.729s] GC(6) Concurrent Scan Root Regions
[2020-06-26T20:29:31.970-0530][4.732s] GC(6) Concurrent Scan Root Regions 3.186ms
[2020-06-26T20:29:31.970-0530][4.732s] GC(6) Concurrent Mark (4.732s)
[2020-06-26T20:29:31.970-0530][4.732s] GC(6) Concurrent Mark From Roots
[2020-06-26T20:29:31.970-0530][4.732s] GC(6) Using 1 workers of 1 for marking
[2020-06-26T20:29:32.015-0530][4.777s] GC(6) Concurrent Mark From Roots 44.981ms
[2020-06-26T20:29:32.015-0530][4.777s] GC(6) Concurrent Preclean
[2020-06-26T20:29:32.015-0530][4.777s] GC(6) Concurrent Preclean 0.121ms
[2020-06-26T20:29:32.015-0530][4.777s] GC(6) Concurrent Mark (4.732s, 4.777s) 45.191ms
[2020-06-26T20:29:32.015-0530][4.777s] GC(6) Pause Remark
[2020-06-26T20:29:32.019-0530][4.781s] GC(6) Cleaned string and symbol table, strings: 16536 processed, 22 removed, symbols: 115037 processed, 52 removed
[2020-06-26T20:29:32.019-0530][4.781s] GC(6) Pause Remark 26M->26M(512M) 3.727ms
[2020-06-26T20:29:32.019-0530][4.781s] GC(6) User=0.01s Sys=0.00s Real=0.00s
[2020-06-26T20:29:32.019-0530][4.781s] GC(6) Concurrent Rebuild Remembered Sets
[2020-06-26T20:29:32.052-0530][4.814s] GC(6) Concurrent Rebuild Remembered Sets 32.986ms
[2020-06-26T20:29:32.052-0530][4.814s] GC(6) Pause Cleanup
[2020-06-26T20:29:32.052-0530][4.815s] GC(6) Pause Cleanup 27M->27M(512M) 0.103ms
[2020-06-26T20:29:32.052-0530][4.815s] GC(6) User=0.00s Sys=0.00s Real=0.00s
[2020-06-26T20:29:32.052-0530][4.815s] GC(6) Concurrent Cleanup for Next Mark
[2020-06-26T20:29:32.056-0530][4.818s] GC(6) Concurrent Cleanup for Next Mark 3.383ms
[2020-06-26T20:29:32.056-0530][4.818s] GC(6) Concurrent Cycle 89.186ms
[2020-06-26T21:49:50.048-0530][4822.772s] GC(7) Pause Young (Concurrent Start) (G1 Evacuation Pause)
[2020-06-26T21:49:50.050-0530][4822.774s] GC(7) Using 4 workers of 4 for evacuation
[2020-06-26T21:49:50.141-0530][4822.865s] GC(7)   Pre Evacuate Collection Set: 5.2ms
[2020-06-26T21:49:50.141-0530][4822.865s] GC(7)   Evacuate Collection Set: 82.1ms
[2020-06-26T21:49:50.141-0530][4822.865s] GC(7)   Post Evacuate Collection Set: 2.2ms
[2020-06-26T21:49:50.142-0530][4822.865s] GC(7)   Other: 4.1ms
[2020-06-26T21:49:50.142-0530][4822.865s] GC(7) Eden regions: 85->0(104)
[2020-06-26T21:49:50.142-0530][4822.865s] GC(7) Survivor regions: 3->8(11)
[2020-06-26T21:49:50.142-0530][4822.865s] GC(7) Old regions: 18->18
[2020-06-26T21:49:50.142-0530][4822.865s] GC(7) Humongous regions: 4->4
[2020-06-26T21:49:50.142-0530][4822.865s] GC(7) Metaspace: 41907K->41907K(1087488K)
[2020-06-26T21:49:50.142-0530][4822.865s] GC(7) Pause Young (Concurrent Start) (G1 Evacuation Pause) 109M->29M(512M) 93.196ms
[2020-06-26T21:49:50.142-0530][4822.865s] GC(7) User=0.05s Sys=0.13s Real=0.10s
[2020-06-26T21:49:50.142-0530][4822.865s] GC(8) Concurrent Cycle
[2020-06-26T21:49:50.142-0530][4822.865s] GC(8) Concurrent Clear Claimed Marks
[2020-06-26T21:49:50.142-0530][4822.865s] GC(8) Concurrent Clear Claimed Marks 0.090ms
[2020-06-26T21:49:50.142-0530][4822.865s] GC(8) Concurrent Scan Root Regions
[2020-06-26T21:49:50.153-0530][4822.876s] GC(8) Concurrent Scan Root Regions 10.895ms
[2020-06-26T21:49:50.153-0530][4822.876s] GC(8) Concurrent Mark (4822.876s)
[2020-06-26T21:49:50.153-0530][4822.876s] GC(8) Concurrent Mark From Roots
[2020-06-26T21:49:50.153-0530][4822.876s] GC(8) Using 1 workers of 1 for marking
[2020-06-26T21:49:50.192-0530][4822.916s] GC(8) Concurrent Mark From Roots 39.481ms
[2020-06-26T21:49:50.192-0530][4822.916s] GC(8) Concurrent Preclean
[2020-06-26T21:49:50.193-0530][4822.916s] GC(8) Concurrent Preclean 0.153ms
[2020-06-26T21:49:50.193-0530][4822.916s] GC(8) Concurrent Mark (4822.876s, 4822.916s) 39.733ms
[2020-06-26T21:49:50.193-0530][4822.916s] GC(8) Pause Remark
[2020-06-26T21:49:50.271-0530][4822.994s] GC(8) Cleaned string and symbol table, strings: 19882 processed, 891 removed, symbols: 130196 processed, 29 removed
[2020-06-26T21:49:50.272-0530][4822.995s] GC(8) Pause Remark 29M->29M(512M) 79.077ms
[2020-06-26T21:49:50.272-0530][4822.995s] GC(8) User=0.04s Sys=0.16s Real=0.08s
[2020-06-26T21:49:50.272-0530][4822.995s] GC(8) Concurrent Rebuild Remembered Sets
[2020-06-26T21:49:50.290-0530][4823.013s] GC(8) Concurrent Rebuild Remembered Sets 17.596ms
[2020-06-26T21:49:50.290-0530][4823.013s] GC(8) Pause Cleanup
[2020-06-26T21:49:50.290-0530][4823.013s] GC(8) Pause Cleanup 29M->29M(512M) 0.198ms
[2020-06-26T21:49:50.290-0530][4823.013s] GC(8) User=0.00s Sys=0.00s Real=0.00s
[2020-06-26T21:49:50.290-0530][4823.013s] GC(8) Concurrent Cleanup for Next Mark
[2020-06-26T21:49:50.296-0530][4823.019s] GC(8) Concurrent Cleanup for Next Mark 5.882ms
[2020-06-26T21:49:50.296-0530][4823.019s] GC(8) Concurrent Cycle 154.205ms
[2020-06-26T23:09:07.517-0530][9580.207s] GC(9) Pause Young (Normal) (G1 Evacuation Pause)
[2020-06-26T23:09:07.518-0530][9580.208s] GC(9) Using 4 workers of 4 for evacuation
[2020-06-26T23:09:07.557-0530][9580.247s] GC(9)   Pre Evacuate Collection Set: 3.9ms
[2020-06-26T23:09:07.557-0530][9580.247s] GC(9)   Evacuate Collection Set: 32.9ms
[2020-06-26T23:09:07.557-0530][9580.247s] GC(9)   Post Evacuate Collection Set: 2.0ms
[2020-06-26T23:09:07.558-0530][9580.247s] GC(9)   Other: 1.7ms
[2020-06-26T23:09:07.558-0530][9580.247s] GC(9) Eden regions: 106->0(187)
[2020-06-26T23:09:07.558-0530][9580.247s] GC(9) Survivor regions: 8->10(15)
[2020-06-26T23:09:07.558-0530][9580.247s] GC(9) Old regions: 18->18
[2020-06-26T23:09:07.558-0530][9580.247s] GC(9) Humongous regions: 4->4
[2020-06-26T23:09:07.558-0530][9580.247s] GC(9) Metaspace: 44707K->44707K(1089536K)
[2020-06-26T23:09:07.558-0530][9580.247s] GC(9) Pause Young (Normal) (G1 Evacuation Pause) 135M->31M(512M) 40.400ms
[2020-06-26T23:09:07.558-0530][9580.247s] GC(9) User=0.05s Sys=0.03s Real=0.04s
[2020-06-26T23:09:09.650-0530][9582.340s] GC(10) Pause Young (Normal) (G1 Evacuation Pause)
[2020-06-26T23:09:09.651-0530][9582.340s] GC(10) Using 4 workers of 4 for evacuation
[2020-06-26T23:09:09.678-0530][9582.368s] GC(10)   Pre Evacuate Collection Set: 0.0ms
[2020-06-26T23:09:09.678-0530][9582.368s] GC(10)   Evacuate Collection Set: 24.9ms
[2020-06-26T23:09:09.678-0530][9582.368s] GC(10)   Post Evacuate Collection Set: 2.4ms
[2020-06-26T23:09:09.678-0530][9582.368s] GC(10)   Other: 0.3ms
[2020-06-26T23:09:09.678-0530][9582.368s] GC(10) Eden regions: 187->0(283)
[2020-06-26T23:09:09.678-0530][9582.368s] GC(10) Survivor regions: 10->12(25)
[2020-06-26T23:09:09.678-0530][9582.368s] GC(10) Old regions: 18->18
[2020-06-26T23:09:09.678-0530][9582.368s] GC(10) Humongous regions: 5->4
[2020-06-26T23:09:09.678-0530][9582.368s] GC(10) Metaspace: 50527K->50527K(1095680K)
[2020-06-26T23:09:09.678-0530][9582.368s] GC(10) Pause Young (Normal) (G1 Evacuation Pause) 219M->33M(512M) 27.680ms
[2020-06-26T23:09:09.678-0530][9582.368s] GC(10) User=0.05s Sys=0.00s Real=0.02s
[2020-06-26T23:37:28.330-0530][11281.010s] Heap
[2020-06-26T23:37:28.330-0530][11281.010s]  garbage-first heap   total 524288K, used 145554K [0x00000007e0000000, 0x0000000800000000)
[2020-06-26T23:37:28.330-0530][11281.010s]   region size 1024K, 122 young (124928K), 12 survivors (12288K)
[2020-06-26T23:37:28.330-0530][11281.010s]  Metaspace       used 55373K, capacity 56421K, committed 56656K, reserved 1099776K
[2020-06-26T23:37:28.330-0530][11281.010s]   class space    used 6229K, capacity 6638K, committed 6656K, reserved 1048576K
