[2020-06-29T01:08:47.342-0530][0.013s] Heap region size: 1M
[2020-06-29T01:08:47.573-0530][0.244s] Using G1
[2020-06-29T01:08:47.573-0530][0.244s] Heap address: 0x00000007e0000000, size: 512 MB, Compressed Oops mode: Zero based, Oop shift amount: 3
[2020-06-29T01:08:48.181-0530][0.852s] GC(0) Pause Young (Normal) (G1 Evacuation Pause)
[2020-06-29T01:08:48.182-0530][0.853s] GC(0) Using 4 workers of 4 for evacuation
[2020-06-29T01:08:48.186-0530][0.858s] GC(0)   Pre Evacuate Collection Set: 0.0ms
[2020-06-29T01:08:48.186-0530][0.858s] GC(0)   Evacuate Collection Set: 4.4ms
[2020-06-29T01:08:48.186-0530][0.858s] GC(0)   Post Evacuate Collection Set: 0.3ms
[2020-06-29T01:08:48.186-0530][0.858s] GC(0)   Other: 0.3ms
[2020-06-29T01:08:48.186-0530][0.858s] GC(0) Eden regions: 25->0(304)
[2020-06-29T01:08:48.186-0530][0.858s] GC(0) Survivor regions: 0->3(4)
[2020-06-29T01:08:48.186-0530][0.858s] GC(0) Old regions: 0->0
[2020-06-29T01:08:48.187-0530][0.858s] GC(0) Humongous regions: 0->0
[2020-06-29T01:08:48.187-0530][0.858s] GC(0) Metaspace: 12231K->12231K(1060864K)
[2020-06-29T01:08:48.187-0530][0.858s] GC(0) Pause Young (Normal) (G1 Evacuation Pause) 25M->2M(512M) 5.199ms
[2020-06-29T01:08:48.187-0530][0.858s] GC(0) User=0.02s Sys=0.00s Real=0.00s
[2020-06-29T01:08:48.965-0530][1.636s] GC(1) Pause Young (Concurrent Start) (Metadata GC Threshold)
[2020-06-29T01:08:48.965-0530][1.636s] GC(1) Using 4 workers of 4 for evacuation
[2020-06-29T01:08:48.980-0530][1.651s] GC(1)   Pre Evacuate Collection Set: 0.0ms
[2020-06-29T01:08:48.980-0530][1.651s] GC(1)   Evacuate Collection Set: 14.3ms
[2020-06-29T01:08:48.980-0530][1.651s] GC(1)   Post Evacuate Collection Set: 0.7ms
[2020-06-29T01:08:48.980-0530][1.651s] GC(1)   Other: 0.3ms
[2020-06-29T01:08:48.980-0530][1.651s] GC(1) Eden regions: 26->0(32)
[2020-06-29T01:08:48.980-0530][1.651s] GC(1) Survivor regions: 3->12(37)
[2020-06-29T01:08:48.980-0530][1.651s] GC(1) Old regions: 0->0
[2020-06-29T01:08:48.980-0530][1.651s] GC(1) Humongous regions: 4->4
[2020-06-29T01:08:48.980-0530][1.651s] GC(1) Metaspace: 20680K->20680K(1069056K)
[2020-06-29T01:08:48.980-0530][1.651s] GC(1) Pause Young (Concurrent Start) (Metadata GC Threshold) 32M->16M(512M) 15.552ms
[2020-06-29T01:08:48.980-0530][1.651s] GC(1) User=0.04s Sys=0.00s Real=0.02s
[2020-06-29T01:08:48.980-0530][1.651s] GC(2) Concurrent Cycle
[2020-06-29T01:08:48.980-0530][1.651s] GC(2) Concurrent Clear Claimed Marks
[2020-06-29T01:08:48.980-0530][1.651s] GC(2) Concurrent Clear Claimed Marks 0.031ms
[2020-06-29T01:08:48.980-0530][1.651s] GC(2) Concurrent Scan Root Regions
[2020-06-29T01:08:48.990-0530][1.661s] GC(2) Concurrent Scan Root Regions 9.614ms
[2020-06-29T01:08:48.990-0530][1.661s] GC(2) Concurrent Mark (1.661s)
[2020-06-29T01:08:48.990-0530][1.661s] GC(2) Concurrent Mark From Roots
[2020-06-29T01:08:48.990-0530][1.661s] GC(2) Using 1 workers of 1 for marking
[2020-06-29T01:08:48.993-0530][1.664s] GC(2) Concurrent Mark From Roots 3.085ms
[2020-06-29T01:08:48.993-0530][1.664s] GC(2) Concurrent Preclean
[2020-06-29T01:08:48.993-0530][1.664s] GC(2) Concurrent Preclean 0.028ms
[2020-06-29T01:08:48.993-0530][1.664s] GC(2) Concurrent Mark (1.661s, 1.664s) 3.187ms
[2020-06-29T01:08:48.993-0530][1.664s] GC(2) Pause Remark
[2020-06-29T01:08:48.995-0530][1.666s] GC(2) Cleaned string and symbol table, strings: 10180 processed, 0 removed, symbols: 68120 processed, 10 removed
[2020-06-29T01:08:48.995-0530][1.666s] GC(2) Pause Remark 17M->17M(512M) 2.008ms
[2020-06-29T01:08:48.995-0530][1.666s] GC(2) User=0.01s Sys=0.00s Real=0.00s
[2020-06-29T01:08:48.995-0530][1.666s] GC(2) Concurrent Rebuild Remembered Sets
[2020-06-29T01:08:48.998-0530][1.669s] GC(2) Concurrent Rebuild Remembered Sets 2.842ms
[2020-06-29T01:08:48.998-0530][1.669s] GC(2) Pause Cleanup
[2020-06-29T01:08:48.999-0530][1.670s] GC(2) Pause Cleanup 17M->17M(512M) 0.156ms
[2020-06-29T01:08:48.999-0530][1.670s] GC(2) User=0.00s Sys=0.00s Real=0.00s
[2020-06-29T01:08:48.999-0530][1.670s] GC(2) Concurrent Cleanup for Next Mark
[2020-06-29T01:08:49.000-0530][1.671s] GC(2) Concurrent Cleanup for Next Mark 1.123ms
[2020-06-29T01:08:49.000-0530][1.671s] GC(2) Concurrent Cycle 19.588ms
[2020-06-29T01:08:49.505-0530][2.176s] GC(3) Pause Young (Normal) (G1 Evacuation Pause)
[2020-06-29T01:08:49.505-0530][2.176s] GC(3) Using 4 workers of 4 for evacuation
[2020-06-29T01:08:49.520-0530][2.191s] GC(3)   Pre Evacuate Collection Set: 0.0ms
[2020-06-29T01:08:49.520-0530][2.191s] GC(3)   Evacuate Collection Set: 13.9ms
[2020-06-29T01:08:49.520-0530][2.191s] GC(3)   Post Evacuate Collection Set: 0.6ms
[2020-06-29T01:08:49.520-0530][2.191s] GC(3)   Other: 0.2ms
[2020-06-29T01:08:49.520-0530][2.191s] GC(3) Eden regions: 28->0(40)
[2020-06-29T01:08:49.520-0530][2.191s] GC(3) Survivor regions: 12->5(5)
[2020-06-29T01:08:49.520-0530][2.191s] GC(3) Old regions: 0->13
[2020-06-29T01:08:49.520-0530][2.191s] GC(3) Humongous regions: 4->4
[2020-06-29T01:08:49.520-0530][2.191s] GC(3) Metaspace: 23566K->23566K(1071104K)
[2020-06-29T01:08:49.520-0530][2.191s] GC(3) Pause Young (Normal) (G1 Evacuation Pause) 44M->21M(512M) 14.789ms
[2020-06-29T01:08:49.520-0530][2.191s] GC(3) User=0.05s Sys=0.00s Real=0.02s
[2020-06-29T01:08:50.301-0530][2.972s] GC(4) Pause Young (Normal) (G1 Evacuation Pause)
[2020-06-29T01:08:50.301-0530][2.972s] GC(4) Using 4 workers of 4 for evacuation
[2020-06-29T01:08:50.305-0530][2.976s] GC(4)   Pre Evacuate Collection Set: 0.0ms
[2020-06-29T01:08:50.305-0530][2.976s] GC(4)   Evacuate Collection Set: 3.2ms
[2020-06-29T01:08:50.305-0530][2.976s] GC(4)   Post Evacuate Collection Set: 1.0ms
[2020-06-29T01:08:50.305-0530][2.976s] GC(4)   Other: 0.2ms
[2020-06-29T01:08:50.305-0530][2.977s] GC(4) Eden regions: 40->0(62)
[2020-06-29T01:08:50.305-0530][2.977s] GC(4) Survivor regions: 5->2(6)
[2020-06-29T01:08:50.305-0530][2.977s] GC(4) Old regions: 13->18
[2020-06-29T01:08:50.305-0530][2.977s] GC(4) Humongous regions: 4->4
[2020-06-29T01:08:50.305-0530][2.977s] GC(4) Metaspace: 28157K->28157K(1075200K)
[2020-06-29T01:08:50.305-0530][2.977s] GC(4) Pause Young (Normal) (G1 Evacuation Pause) 61M->23M(512M) 4.634ms
[2020-06-29T01:08:50.306-0530][2.977s] GC(4) User=0.01s Sys=0.00s Real=0.00s
[2020-06-29T01:08:51.110-0530][3.781s] GC(5) Pause Young (Concurrent Start) (Metadata GC Threshold)
[2020-06-29T01:08:51.110-0530][3.781s] GC(5) Using 4 workers of 4 for evacuation
[2020-06-29T01:08:51.114-0530][3.785s] GC(5)   Pre Evacuate Collection Set: 0.1ms
[2020-06-29T01:08:51.114-0530][3.785s] GC(5)   Evacuate Collection Set: 4.3ms
[2020-06-29T01:08:51.114-0530][3.785s] GC(5)   Post Evacuate Collection Set: 0.2ms
[2020-06-29T01:08:51.114-0530][3.786s] GC(5)   Other: 0.2ms
[2020-06-29T01:08:51.114-0530][3.786s] GC(5) Eden regions: 55->0(83)
[2020-06-29T01:08:51.114-0530][3.786s] GC(5) Survivor regions: 2->3(8)
[2020-06-29T01:08:51.114-0530][3.786s] GC(5) Old regions: 18->18
[2020-06-29T01:08:51.115-0530][3.786s] GC(5) Humongous regions: 4->4
[2020-06-29T01:08:51.115-0530][3.786s] GC(5) Metaspace: 34920K->34920K(1081344K)
[2020-06-29T01:08:51.115-0530][3.786s] GC(5) Pause Young (Concurrent Start) (Metadata GC Threshold) 78M->24M(512M) 4.975ms
[2020-06-29T01:08:51.115-0530][3.786s] GC(5) User=0.01s Sys=0.00s Real=0.00s
[2020-06-29T01:08:51.115-0530][3.786s] GC(6) Concurrent Cycle
[2020-06-29T01:08:51.115-0530][3.786s] GC(6) Concurrent Clear Claimed Marks
[2020-06-29T01:08:51.115-0530][3.786s] GC(6) Concurrent Clear Claimed Marks 0.048ms
[2020-06-29T01:08:51.115-0530][3.786s] GC(6) Concurrent Scan Root Regions
[2020-06-29T01:08:51.119-0530][3.790s] GC(6) Concurrent Scan Root Regions 4.111ms
[2020-06-29T01:08:51.119-0530][3.790s] GC(6) Concurrent Mark (3.790s)
[2020-06-29T01:08:51.119-0530][3.790s] GC(6) Concurrent Mark From Roots
[2020-06-29T01:08:51.119-0530][3.790s] GC(6) Using 1 workers of 1 for marking
[2020-06-29T01:08:51.169-0530][3.840s] GC(6) Concurrent Mark From Roots 49.775ms
[2020-06-29T01:08:51.169-0530][3.840s] GC(6) Concurrent Preclean
[2020-06-29T01:08:51.169-0530][3.840s] GC(6) Concurrent Preclean 0.103ms
[2020-06-29T01:08:51.169-0530][3.840s] GC(6) Concurrent Mark (3.790s, 3.840s) 49.968ms
[2020-06-29T01:08:51.169-0530][3.840s] GC(6) Pause Remark
[2020-06-29T01:08:51.175-0530][3.846s] GC(6) Cleaned string and symbol table, strings: 16492 processed, 22 removed, symbols: 114576 processed, 52 removed
[2020-06-29T01:08:51.175-0530][3.846s] GC(6) Pause Remark 28M->28M(512M) 5.929ms
[2020-06-29T01:08:51.175-0530][3.846s] GC(6) User=0.02s Sys=0.01s Real=0.01s
[2020-06-29T01:08:51.175-0530][3.846s] GC(6) Concurrent Rebuild Remembered Sets
[2020-06-29T01:08:51.203-0530][3.875s] GC(6) Concurrent Rebuild Remembered Sets 28.515ms
[2020-06-29T01:08:51.204-0530][3.875s] GC(6) Pause Cleanup
[2020-06-29T01:08:51.204-0530][3.875s] GC(6) Pause Cleanup 29M->29M(512M) 0.108ms
[2020-06-29T01:08:51.204-0530][3.875s] GC(6) User=0.00s Sys=0.00s Real=0.00s
[2020-06-29T01:08:51.204-0530][3.875s] GC(6) Concurrent Cleanup for Next Mark
[2020-06-29T01:08:51.205-0530][3.876s] GC(6) Concurrent Cleanup for Next Mark 1.283ms
[2020-06-29T01:08:51.205-0530][3.876s] GC(6) Concurrent Cycle 90.504ms
[2020-06-29T01:08:52.043-0530][4.714s] GC(7) Pause Young (Concurrent Start) (GCLocker Initiated GC)
[2020-06-29T01:08:52.043-0530][4.714s] GC(7) Using 4 workers of 4 for evacuation
[2020-06-29T01:08:52.053-0530][4.724s] GC(7)   Pre Evacuate Collection Set: 0.1ms
[2020-06-29T01:08:52.053-0530][4.724s] GC(7)   Evacuate Collection Set: 8.9ms
[2020-06-29T01:08:52.053-0530][4.724s] GC(7)   Post Evacuate Collection Set: 1.0ms
[2020-06-29T01:08:52.053-0530][4.724s] GC(7)   Other: 0.2ms
[2020-06-29T01:08:52.053-0530][4.724s] GC(7) Eden regions: 86->0(131)
[2020-06-29T01:08:52.053-0530][4.724s] GC(7) Survivor regions: 3->8(12)
[2020-06-29T01:08:52.053-0530][4.724s] GC(7) Old regions: 18->18
[2020-06-29T01:08:52.053-0530][4.724s] GC(7) Humongous regions: 5->5
[2020-06-29T01:08:52.053-0530][4.724s] GC(7) Metaspace: 40068K->40068K(1085440K)
[2020-06-29T01:08:52.053-0530][4.724s] GC(7) Pause Young (Concurrent Start) (GCLocker Initiated GC) 111M->30M(512M) 10.347ms
[2020-06-29T01:08:52.053-0530][4.725s] GC(7) User=0.04s Sys=0.00s Real=0.01s
[2020-06-29T01:08:52.053-0530][4.725s] GC(8) Concurrent Cycle
[2020-06-29T01:08:52.054-0530][4.725s] GC(8) Concurrent Clear Claimed Marks
[2020-06-29T01:08:52.054-0530][4.725s] GC(8) Concurrent Clear Claimed Marks 0.074ms
[2020-06-29T01:08:52.054-0530][4.725s] GC(8) Concurrent Scan Root Regions
[2020-06-29T01:08:52.062-0530][4.733s] GC(8) Concurrent Scan Root Regions 8.156ms
[2020-06-29T01:08:52.062-0530][4.733s] GC(8) Concurrent Mark (4.733s)
[2020-06-29T01:08:52.062-0530][4.733s] GC(8) Concurrent Mark From Roots
[2020-06-29T01:08:52.062-0530][4.733s] GC(8) Using 1 workers of 1 for marking
[2020-06-29T01:08:52.108-0530][4.779s] GC(8) Concurrent Mark From Roots 46.351ms
[2020-06-29T01:08:52.108-0530][4.779s] GC(8) Concurrent Preclean
[2020-06-29T01:08:52.108-0530][4.779s] GC(8) Concurrent Preclean 0.095ms
[2020-06-29T01:08:52.108-0530][4.779s] GC(8) Concurrent Mark (4.733s, 4.779s) 46.532ms
[2020-06-29T01:08:52.109-0530][4.780s] GC(8) Pause Remark
[2020-06-29T01:08:52.112-0530][4.784s] GC(8) Cleaned string and symbol table, strings: 18770 processed, 0 removed, symbols: 128762 processed, 42 removed
[2020-06-29T01:08:52.113-0530][4.784s] GC(8) Pause Remark 47M->47M(512M) 4.124ms
[2020-06-29T01:08:52.113-0530][4.784s] GC(8) User=0.02s Sys=0.00s Real=0.01s
[2020-06-29T01:08:52.113-0530][4.784s] GC(8) Concurrent Rebuild Remembered Sets
[2020-06-29T01:08:52.139-0530][4.810s] GC(8) Concurrent Rebuild Remembered Sets 25.998ms
[2020-06-29T01:08:52.139-0530][4.810s] GC(8) Pause Cleanup
[2020-06-29T01:08:52.139-0530][4.810s] GC(8) Pause Cleanup 58M->58M(512M) 0.087ms
[2020-06-29T01:08:52.139-0530][4.810s] GC(8) User=0.00s Sys=0.00s Real=0.00s
[2020-06-29T01:08:52.139-0530][4.810s] GC(8) Concurrent Cleanup for Next Mark
[2020-06-29T01:08:52.140-0530][4.811s] GC(8) Concurrent Cleanup for Next Mark 0.842ms
[2020-06-29T01:08:52.140-0530][4.811s] GC(8) Concurrent Cycle 86.466ms
[2020-06-29T01:08:52.580-0530][5.251s] GC(9) Pause Young (Normal) (G1 Evacuation Pause)
[2020-06-29T01:08:52.580-0530][5.251s] GC(9) Using 4 workers of 4 for evacuation
[2020-06-29T01:08:52.590-0530][5.261s] GC(9)   Pre Evacuate Collection Set: 0.0ms
[2020-06-29T01:08:52.590-0530][5.261s] GC(9)   Evacuate Collection Set: 9.4ms
[2020-06-29T01:08:52.590-0530][5.261s] GC(9)   Post Evacuate Collection Set: 0.4ms
[2020-06-29T01:08:52.590-0530][5.261s] GC(9)   Other: 0.2ms
[2020-06-29T01:08:52.590-0530][5.261s] GC(9) Eden regions: 136->0(208)
[2020-06-29T01:08:52.590-0530][5.261s] GC(9) Survivor regions: 8->14(18)
[2020-06-29T01:08:52.590-0530][5.261s] GC(9) Old regions: 18->18
[2020-06-29T01:08:52.590-0530][5.261s] GC(9) Humongous regions: 6->5
[2020-06-29T01:08:52.590-0530][5.261s] GC(9) Metaspace: 43394K->43394K(1089536K)
[2020-06-29T01:08:52.590-0530][5.261s] GC(9) Pause Young (Normal) (G1 Evacuation Pause) 167M->36M(512M) 10.252ms
[2020-06-29T01:08:52.590-0530][5.261s] GC(9) User=0.04s Sys=0.00s Real=0.01s
[2020-06-29T01:08:52.783-0530][5.454s] GC(10) Pause Young (Normal) (G1 Evacuation Pause)
[2020-06-29T01:08:52.783-0530][5.454s] GC(10) Using 4 workers of 4 for evacuation
[2020-06-29T01:08:52.792-0530][5.463s] GC(10)   Pre Evacuate Collection Set: 0.0ms
[2020-06-29T01:08:52.792-0530][5.463s] GC(10)   Evacuate Collection Set: 8.7ms
[2020-06-29T01:08:52.792-0530][5.463s] GC(10)   Post Evacuate Collection Set: 0.4ms
[2020-06-29T01:08:52.792-0530][5.463s] GC(10)   Other: 0.4ms
[2020-06-29T01:08:52.792-0530][5.463s] GC(10) Eden regions: 208->0(288)
[2020-06-29T01:08:52.792-0530][5.463s] GC(10) Survivor regions: 14->14(28)
[2020-06-29T01:08:52.792-0530][5.463s] GC(10) Old regions: 18->18
[2020-06-29T01:08:52.792-0530][5.463s] GC(10) Humongous regions: 5->5
[2020-06-29T01:08:52.792-0530][5.463s] GC(10) Metaspace: 43852K->43852K(1089536K)
[2020-06-29T01:08:52.792-0530][5.463s] GC(10) Pause Young (Normal) (G1 Evacuation Pause) 244M->37M(512M) 9.658ms
[2020-06-29T01:08:52.792-0530][5.463s] GC(10) User=0.04s Sys=0.00s Real=0.01s
[2020-06-29T01:08:53.710-0530][6.381s] GC(11) Pause Young (Normal) (G1 Evacuation Pause)
[2020-06-29T01:08:53.710-0530][6.381s] GC(11) Using 4 workers of 4 for evacuation
[2020-06-29T01:08:53.721-0530][6.392s] GC(11)   Pre Evacuate Collection Set: 0.0ms
[2020-06-29T01:08:53.721-0530][6.392s] GC(11)   Evacuate Collection Set: 10.5ms
[2020-06-29T01:08:53.721-0530][6.392s] GC(11)   Post Evacuate Collection Set: 0.4ms
[2020-06-29T01:08:53.721-0530][6.392s] GC(11)   Other: 0.3ms
[2020-06-29T01:08:53.721-0530][6.392s] GC(11) Eden regions: 288->0(291)
[2020-06-29T01:08:53.721-0530][6.392s] GC(11) Survivor regions: 14->16(38)
[2020-06-29T01:08:53.721-0530][6.392s] GC(11) Old regions: 18->18
[2020-06-29T01:08:53.721-0530][6.392s] GC(11) Humongous regions: 5->5
[2020-06-29T01:08:53.721-0530][6.392s] GC(11) Metaspace: 47412K->47412K(1091584K)
[2020-06-29T01:08:53.721-0530][6.392s] GC(11) Pause Young (Normal) (G1 Evacuation Pause) 325M->38M(512M) 11.265ms
[2020-06-29T01:08:53.721-0530][6.392s] GC(11) User=0.04s Sys=0.00s Real=0.01s
[2020-06-29T01:08:54.842-0530][7.513s] GC(12) Pause Young (Normal) (G1 Evacuation Pause)
[2020-06-29T01:08:54.842-0530][7.513s] GC(12) Using 4 workers of 4 for evacuation
[2020-06-29T01:08:54.862-0530][7.533s] GC(12)   Pre Evacuate Collection Set: 0.0ms
[2020-06-29T01:08:54.862-0530][7.533s] GC(12)   Evacuate Collection Set: 18.8ms
[2020-06-29T01:08:54.862-0530][7.533s] GC(12)   Post Evacuate Collection Set: 1.2ms
[2020-06-29T01:08:54.862-0530][7.533s] GC(12)   Other: 0.2ms
[2020-06-29T01:08:54.862-0530][7.533s] GC(12) Eden regions: 291->0(283)
[2020-06-29T01:08:54.862-0530][7.533s] GC(12) Survivor regions: 16->24(39)
[2020-06-29T01:08:54.862-0530][7.533s] GC(12) Old regions: 18->18
[2020-06-29T01:08:54.862-0530][7.533s] GC(12) Humongous regions: 5->5
[2020-06-29T01:08:54.862-0530][7.533s] GC(12) Metaspace: 53216K->53216K(1097728K)
[2020-06-29T01:08:54.862-0530][7.533s] GC(12) Pause Young (Normal) (G1 Evacuation Pause) 329M->47M(512M) 20.394ms
[2020-06-29T01:08:54.862-0530][7.533s] GC(12) User=0.07s Sys=0.00s Real=0.02s
[2020-06-29T01:08:55.105-0530][7.776s] GC(13) Pause Young (Normal) (G1 Evacuation Pause)
[2020-06-29T01:08:55.105-0530][7.776s] GC(13) Using 4 workers of 4 for evacuation
[2020-06-29T01:08:55.125-0530][7.796s] GC(13)   Pre Evacuate Collection Set: 0.0ms
[2020-06-29T01:08:55.125-0530][7.796s] GC(13)   Evacuate Collection Set: 18.7ms
[2020-06-29T01:08:55.125-0530][7.796s] GC(13)   Post Evacuate Collection Set: 0.4ms
[2020-06-29T01:08:55.125-0530][7.796s] GC(13)   Other: 0.2ms
[2020-06-29T01:08:55.125-0530][7.796s] GC(13) Eden regions: 283->0(287)
[2020-06-29T01:08:55.125-0530][7.796s] GC(13) Survivor regions: 24->20(39)
[2020-06-29T01:08:55.125-0530][7.796s] GC(13) Old regions: 18->25
[2020-06-29T01:08:55.125-0530][7.796s] GC(13) Humongous regions: 5->5
[2020-06-29T01:08:55.125-0530][7.796s] GC(13) Metaspace: 53682K->53682K(1097728K)
[2020-06-29T01:08:55.125-0530][7.796s] GC(13) Pause Young (Normal) (G1 Evacuation Pause) 330M->49M(512M) 19.431ms
[2020-06-29T01:08:55.125-0530][7.796s] GC(13) User=0.07s Sys=0.00s Real=0.02s
[2020-06-29T01:08:56.266-0530][8.937s] GC(14) Pause Young (Normal) (G1 Evacuation Pause)
[2020-06-29T01:08:56.266-0530][8.937s] GC(14) Using 4 workers of 4 for evacuation
[2020-06-29T01:08:56.286-0530][8.957s] GC(14)   Pre Evacuate Collection Set: 0.0ms
[2020-06-29T01:08:56.286-0530][8.957s] GC(14)   Evacuate Collection Set: 18.7ms
[2020-06-29T01:08:56.286-0530][8.957s] GC(14)   Post Evacuate Collection Set: 0.6ms
[2020-06-29T01:08:56.286-0530][8.957s] GC(14)   Other: 0.2ms
[2020-06-29T01:08:56.286-0530][8.957s] GC(14) Eden regions: 287->0(281)
[2020-06-29T01:08:56.286-0530][8.957s] GC(14) Survivor regions: 20->26(39)
[2020-06-29T01:08:56.286-0530][8.957s] GC(14) Old regions: 25->25
[2020-06-29T01:08:56.286-0530][8.957s] GC(14) Humongous regions: 5->5
[2020-06-29T01:08:56.286-0530][8.957s] GC(14) Metaspace: 53851K->53851K(1097728K)
[2020-06-29T01:08:56.286-0530][8.957s] GC(14) Pause Young (Normal) (G1 Evacuation Pause) 336M->55M(512M) 19.659ms
[2020-06-29T01:08:56.286-0530][8.957s] GC(14) User=0.07s Sys=0.00s Real=0.02s
[2020-06-29T01:08:57.014-0530][9.685s] GC(15) Pause Young (Normal) (G1 Evacuation Pause)
[2020-06-29T01:08:57.014-0530][9.685s] GC(15) Using 4 workers of 4 for evacuation
[2020-06-29T01:08:57.038-0530][9.709s] GC(15)   Pre Evacuate Collection Set: 0.0ms
[2020-06-29T01:08:57.038-0530][9.709s] GC(15)   Evacuate Collection Set: 22.7ms
[2020-06-29T01:08:57.038-0530][9.709s] GC(15)   Post Evacuate Collection Set: 0.4ms
[2020-06-29T01:08:57.038-0530][9.709s] GC(15)   Other: 0.2ms
[2020-06-29T01:08:57.038-0530][9.709s] GC(15) Eden regions: 281->0(289)
[2020-06-29T01:08:57.038-0530][9.709s] GC(15) Survivor regions: 26->18(39)
[2020-06-29T01:08:57.038-0530][9.709s] GC(15) Old regions: 25->33
[2020-06-29T01:08:57.038-0530][9.709s] GC(15) Humongous regions: 5->5
[2020-06-29T01:08:57.038-0530][9.709s] GC(15) Metaspace: 53990K->53990K(1097728K)
[2020-06-29T01:08:57.038-0530][9.709s] GC(15) Pause Young (Normal) (G1 Evacuation Pause) 336M->55M(512M) 23.491ms
[2020-06-29T01:08:57.038-0530][9.709s] GC(15) User=0.07s Sys=0.00s Real=0.02s
[2020-06-29T01:09:41.329-0530][53.999s] GC(16) Pause Young (Normal) (G1 Evacuation Pause)
[2020-06-29T01:09:41.330-0530][53.999s] GC(16) Using 4 workers of 4 for evacuation
[2020-06-29T01:09:41.359-0530][54.029s] GC(16)   Pre Evacuate Collection Set: 0.0ms
[2020-06-29T01:09:41.359-0530][54.029s] GC(16)   Evacuate Collection Set: 28.6ms
[2020-06-29T01:09:41.359-0530][54.029s] GC(16)   Post Evacuate Collection Set: 0.5ms
[2020-06-29T01:09:41.359-0530][54.029s] GC(16)   Other: 1.0ms
[2020-06-29T01:09:41.359-0530][54.029s] GC(16) Eden regions: 289->0(282)
[2020-06-29T01:09:41.359-0530][54.029s] GC(16) Survivor regions: 18->25(39)
[2020-06-29T01:09:41.359-0530][54.029s] GC(16) Old regions: 33->33
[2020-06-29T01:09:41.359-0530][54.029s] GC(16) Humongous regions: 5->5
[2020-06-29T01:09:41.359-0530][54.029s] GC(16) Metaspace: 55806K->55806K(1099776K)
[2020-06-29T01:09:41.359-0530][54.029s] GC(16) Pause Young (Normal) (G1 Evacuation Pause) 344M->61M(512M) 30.232ms
[2020-06-29T01:09:41.359-0530][54.029s] GC(16) User=0.09s Sys=0.00s Real=0.03s
[2020-06-29T01:48:58.316-0530][2410.974s] GC(17) Pause Young (Normal) (G1 Evacuation Pause)
[2020-06-29T01:48:58.318-0530][2410.976s] GC(17) Using 4 workers of 4 for evacuation
[2020-06-29T01:48:58.412-0530][2411.071s] GC(17)   Pre Evacuate Collection Set: 0.3ms
[2020-06-29T01:48:58.413-0530][2411.071s] GC(17)   Evacuate Collection Set: 90.3ms
[2020-06-29T01:48:58.413-0530][2411.071s] GC(17)   Post Evacuate Collection Set: 2.5ms
[2020-06-29T01:48:58.413-0530][2411.071s] GC(17)   Other: 5.6ms
[2020-06-29T01:48:58.413-0530][2411.072s] GC(17) Eden regions: 282->0(284)
[2020-06-29T01:48:58.413-0530][2411.072s] GC(17) Survivor regions: 25->23(39)
[2020-06-29T01:48:58.413-0530][2411.072s] GC(17) Old regions: 33->41
[2020-06-29T01:48:58.413-0530][2411.072s] GC(17) Humongous regions: 8->8
[2020-06-29T01:48:58.413-0530][2411.072s] GC(17) Metaspace: 58921K->58921K(1103872K)
[2020-06-29T01:48:58.414-0530][2411.072s] GC(17) Pause Young (Normal) (G1 Evacuation Pause) 346M->71M(512M) 98.624ms
[2020-06-29T01:48:58.414-0530][2411.072s] GC(17) User=0.20s Sys=0.15s Real=0.10s
[2020-06-29T01:49:03.973-0530][2416.631s] GC(18) Pause Young (Normal) (G1 Evacuation Pause)
[2020-06-29T01:49:03.973-0530][2416.631s] GC(18) Using 4 workers of 4 for evacuation
[2020-06-29T01:49:03.992-0530][2416.651s] GC(18)   Pre Evacuate Collection Set: 0.0ms
[2020-06-29T01:49:03.992-0530][2416.651s] GC(18)   Evacuate Collection Set: 17.9ms
[2020-06-29T01:49:03.992-0530][2416.651s] GC(18)   Post Evacuate Collection Set: 1.3ms
[2020-06-29T01:49:03.992-0530][2416.651s] GC(18)   Other: 0.2ms
[2020-06-29T01:49:03.992-0530][2416.651s] GC(18) Eden regions: 284->0(288)
[2020-06-29T01:49:03.992-0530][2416.651s] GC(18) Survivor regions: 23->19(39)
[2020-06-29T01:49:03.992-0530][2416.651s] GC(18) Old regions: 41->48
[2020-06-29T01:49:03.992-0530][2416.651s] GC(18) Humongous regions: 8->8
[2020-06-29T01:49:03.992-0530][2416.651s] GC(18) Metaspace: 59804K->59804K(1103872K)
[2020-06-29T01:49:03.992-0530][2416.651s] GC(18) Pause Young (Normal) (G1 Evacuation Pause) 355M->74M(512M) 19.534ms
[2020-06-29T01:49:03.992-0530][2416.651s] GC(18) User=0.07s Sys=0.01s Real=0.02s
[2020-06-29T01:49:09.020-0530][2421.678s] GC(19) Pause Young (Normal) (G1 Evacuation Pause)
[2020-06-29T01:49:09.020-0530][2421.678s] GC(19) Using 4 workers of 4 for evacuation
[2020-06-29T01:49:09.042-0530][2421.701s] GC(19)   Pre Evacuate Collection Set: 0.0ms
[2020-06-29T01:49:09.042-0530][2421.701s] GC(19)   Evacuate Collection Set: 19.0ms
[2020-06-29T01:49:09.042-0530][2421.701s] GC(19)   Post Evacuate Collection Set: 3.0ms
[2020-06-29T01:49:09.042-0530][2421.701s] GC(19)   Other: 0.3ms
[2020-06-29T01:49:09.042-0530][2421.701s] GC(19) Eden regions: 288->0(293)
[2020-06-29T01:49:09.043-0530][2421.701s] GC(19) Survivor regions: 19->14(39)
[2020-06-29T01:49:09.043-0530][2421.701s] GC(19) Old regions: 48->48
[2020-06-29T01:49:09.043-0530][2421.701s] GC(19) Humongous regions: 8->8
[2020-06-29T01:49:09.043-0530][2421.701s] GC(19) Metaspace: 60060K->60060K(1103872K)
[2020-06-29T01:49:09.043-0530][2421.701s] GC(19) Pause Young (Normal) (G1 Evacuation Pause) 362M->69M(512M) 22.551ms
[2020-06-29T01:49:09.043-0530][2421.701s] GC(19) User=0.07s Sys=0.01s Real=0.02s
[2020-06-29T01:49:14.754-0530][2427.412s] GC(20) Pause Young (Normal) (G1 Evacuation Pause)
[2020-06-29T01:49:14.754-0530][2427.412s] GC(20) Using 4 workers of 4 for evacuation
[2020-06-29T01:49:14.799-0530][2427.457s] GC(20)   Pre Evacuate Collection Set: 0.0ms
[2020-06-29T01:49:14.799-0530][2427.457s] GC(20)   Evacuate Collection Set: 21.3ms
[2020-06-29T01:49:14.799-0530][2427.457s] GC(20)   Post Evacuate Collection Set: 23.4ms
[2020-06-29T01:49:14.799-0530][2427.457s] GC(20)   Other: 0.3ms
[2020-06-29T01:49:14.799-0530][2427.457s] GC(20) Eden regions: 293->0(292)
[2020-06-29T01:49:14.799-0530][2427.457s] GC(20) Survivor regions: 14->15(39)
[2020-06-29T01:49:14.799-0530][2427.457s] GC(20) Old regions: 48->48
[2020-06-29T01:49:14.799-0530][2427.457s] GC(20) Humongous regions: 8->8
[2020-06-29T01:49:14.799-0530][2427.457s] GC(20) Metaspace: 60492K->60492K(1103872K)
[2020-06-29T01:49:14.799-0530][2427.457s] GC(20) Pause Young (Normal) (G1 Evacuation Pause) 362M->70M(512M) 45.245ms
[2020-06-29T01:49:14.799-0530][2427.457s] GC(20) User=0.06s Sys=0.00s Real=0.04s
[2020-06-29T01:49:23.710-0530][2436.368s] GC(21) Pause Young (Normal) (G1 Evacuation Pause)
[2020-06-29T01:49:23.710-0530][2436.368s] GC(21) Using 4 workers of 4 for evacuation
[2020-06-29T01:49:23.737-0530][2436.395s] GC(21)   Pre Evacuate Collection Set: 0.0ms
[2020-06-29T01:49:23.737-0530][2436.395s] GC(21)   Evacuate Collection Set: 25.1ms
[2020-06-29T01:49:23.737-0530][2436.395s] GC(21)   Post Evacuate Collection Set: 1.0ms
[2020-06-29T01:49:23.737-0530][2436.395s] GC(21)   Other: 0.3ms
[2020-06-29T01:49:23.737-0530][2436.395s] GC(21) Eden regions: 292->0(286)
[2020-06-29T01:49:23.737-0530][2436.395s] GC(21) Survivor regions: 15->21(39)
[2020-06-29T01:49:23.737-0530][2436.395s] GC(21) Old regions: 48->48
[2020-06-29T01:49:23.737-0530][2436.395s] GC(21) Humongous regions: 8->8
[2020-06-29T01:49:23.737-0530][2436.395s] GC(21) Metaspace: 60509K->60509K(1103872K)
[2020-06-29T01:49:23.737-0530][2436.395s] GC(21) Pause Young (Normal) (G1 Evacuation Pause) 362M->76M(512M) 26.645ms
[2020-06-29T01:49:23.737-0530][2436.395s] GC(21) User=0.07s Sys=0.01s Real=0.02s
[2020-06-29T01:49:30.578-0530][2443.236s] GC(22) Pause Young (Normal) (G1 Evacuation Pause)
[2020-06-29T01:49:30.578-0530][2443.236s] GC(22) Using 4 workers of 4 for evacuation
[2020-06-29T01:49:30.614-0530][2443.272s] GC(22)   Pre Evacuate Collection Set: 0.0ms
[2020-06-29T01:49:30.614-0530][2443.272s] GC(22)   Evacuate Collection Set: 12.5ms
[2020-06-29T01:49:30.614-0530][2443.272s] GC(22)   Post Evacuate Collection Set: 23.1ms
[2020-06-29T01:49:30.614-0530][2443.272s] GC(22)   Other: 0.3ms
[2020-06-29T01:49:30.614-0530][2443.272s] GC(22) Eden regions: 286->0(290)
[2020-06-29T01:49:30.614-0530][2443.272s] GC(22) Survivor regions: 21->17(39)
[2020-06-29T01:49:30.614-0530][2443.272s] GC(22) Old regions: 48->50
[2020-06-29T01:49:30.614-0530][2443.272s] GC(22) Humongous regions: 8->8
[2020-06-29T01:49:30.614-0530][2443.272s] GC(22) Metaspace: 60605K->60605K(1103872K)
[2020-06-29T01:49:30.614-0530][2443.272s] GC(22) Pause Young (Normal) (G1 Evacuation Pause) 362M->74M(512M) 36.134ms
[2020-06-29T01:49:30.614-0530][2443.272s] GC(22) User=0.07s Sys=0.00s Real=0.04s
[2020-06-29T01:49:37.610-0530][2450.268s] GC(23) Pause Young (Normal) (G1 Evacuation Pause)
[2020-06-29T01:49:37.610-0530][2450.268s] GC(23) Using 4 workers of 4 for evacuation
[2020-06-29T01:49:37.635-0530][2450.293s] GC(23)   Pre Evacuate Collection Set: 0.0ms
[2020-06-29T01:49:37.636-0530][2450.293s] GC(23)   Evacuate Collection Set: 22.6ms
[2020-06-29T01:49:37.636-0530][2450.293s] GC(23)   Post Evacuate Collection Set: 2.2ms
[2020-06-29T01:49:37.636-0530][2450.293s] GC(23)   Other: 0.3ms
[2020-06-29T01:49:37.636-0530][2450.293s] GC(23) Eden regions: 290->0(289)
[2020-06-29T01:49:37.636-0530][2450.293s] GC(23) Survivor regions: 17->18(39)
[2020-06-29T01:49:37.636-0530][2450.293s] GC(23) Old regions: 50->50
[2020-06-29T01:49:37.636-0530][2450.293s] GC(23) Humongous regions: 8->8
[2020-06-29T01:49:37.636-0530][2450.293s] GC(23) Metaspace: 60646K->60646K(1103872K)
[2020-06-29T01:49:37.636-0530][2450.293s] GC(23) Pause Young (Normal) (G1 Evacuation Pause) 364M->75M(512M) 25.297ms
[2020-06-29T01:49:37.636-0530][2450.293s] GC(23) User=0.07s Sys=0.00s Real=0.02s
[2020-06-29T01:49:44.327-0530][2456.984s] GC(24) Pause Young (Normal) (G1 Evacuation Pause)
[2020-06-29T01:49:44.327-0530][2456.984s] GC(24) Using 4 workers of 4 for evacuation
[2020-06-29T01:49:44.365-0530][2457.023s] GC(24)   Pre Evacuate Collection Set: 0.0ms
[2020-06-29T01:49:44.365-0530][2457.023s] GC(24)   Evacuate Collection Set: 23.5ms
[2020-06-29T01:49:44.365-0530][2457.023s] GC(24)   Post Evacuate Collection Set: 14.9ms
[2020-06-29T01:49:44.365-0530][2457.023s] GC(24)   Other: 0.3ms
[2020-06-29T01:49:44.365-0530][2457.023s] GC(24) Eden regions: 289->0(288)
[2020-06-29T01:49:44.365-0530][2457.023s] GC(24) Survivor regions: 18->19(39)
[2020-06-29T01:49:44.365-0530][2457.023s] GC(24) Old regions: 50->50
[2020-06-29T01:49:44.365-0530][2457.023s] GC(24) Humongous regions: 8->8
[2020-06-29T01:49:44.366-0530][2457.023s] GC(24) Metaspace: 60721K->60721K(1103872K)
[2020-06-29T01:49:44.366-0530][2457.023s] GC(24) Pause Young (Normal) (G1 Evacuation Pause) 364M->76M(512M) 39.012ms
[2020-06-29T01:49:44.366-0530][2457.023s] GC(24) User=0.08s Sys=0.00s Real=0.04s
[2020-06-29T01:49:52.063-0530][2464.721s] GC(25) Pause Young (Normal) (G1 Evacuation Pause)
[2020-06-29T01:49:52.063-0530][2464.721s] GC(25) Using 4 workers of 4 for evacuation
[2020-06-29T01:49:52.083-0530][2464.740s] GC(25)   Pre Evacuate Collection Set: 0.0ms
[2020-06-29T01:49:52.083-0530][2464.740s] GC(25)   Evacuate Collection Set: 17.0ms
[2020-06-29T01:49:52.083-0530][2464.740s] GC(25)   Post Evacuate Collection Set: 2.3ms
[2020-06-29T01:49:52.083-0530][2464.740s] GC(25)   Other: 0.3ms
[2020-06-29T01:49:52.083-0530][2464.740s] GC(25) Eden regions: 288->0(283)
[2020-06-29T01:49:52.083-0530][2464.740s] GC(25) Survivor regions: 19->24(39)
[2020-06-29T01:49:52.083-0530][2464.740s] GC(25) Old regions: 50->50
[2020-06-29T01:49:52.083-0530][2464.740s] GC(25) Humongous regions: 8->8
[2020-06-29T01:49:52.083-0530][2464.741s] GC(25) Metaspace: 60747K->60747K(1103872K)
[2020-06-29T01:49:52.083-0530][2464.741s] GC(25) Pause Young (Normal) (G1 Evacuation Pause) 364M->80M(512M) 19.850ms
[2020-06-29T01:49:52.083-0530][2464.741s] GC(25) User=0.06s Sys=0.00s Real=0.02s
[2020-06-29T01:49:57.387-0530][2470.044s] GC(26) Pause Young (Normal) (G1 Evacuation Pause)
[2020-06-29T01:49:57.387-0530][2470.044s] GC(26) Using 4 workers of 4 for evacuation
[2020-06-29T01:49:57.414-0530][2470.071s] GC(26)   Pre Evacuate Collection Set: 0.0ms
[2020-06-29T01:49:57.414-0530][2470.071s] GC(26)   Evacuate Collection Set: 14.9ms
[2020-06-29T01:49:57.414-0530][2470.071s] GC(26)   Post Evacuate Collection Set: 11.7ms
[2020-06-29T01:49:57.414-0530][2470.071s] GC(26)   Other: 0.2ms
[2020-06-29T01:49:57.414-0530][2470.071s] GC(26) Eden regions: 283->0(292)
[2020-06-29T01:49:57.414-0530][2470.071s] GC(26) Survivor regions: 24->15(39)
[2020-06-29T01:49:57.414-0530][2470.071s] GC(26) Old regions: 50->56
[2020-06-29T01:49:57.414-0530][2470.071s] GC(26) Humongous regions: 8->8
[2020-06-29T01:49:57.414-0530][2470.071s] GC(26) Metaspace: 60793K->60793K(1103872K)
[2020-06-29T01:49:57.414-0530][2470.071s] GC(26) Pause Young (Normal) (G1 Evacuation Pause) 363M->78M(512M) 27.085ms
[2020-06-29T01:49:57.414-0530][2470.071s] GC(26) User=0.07s Sys=0.01s Real=0.03s
[2020-06-29T01:50:03.009-0530][2475.666s] GC(27) Pause Young (Normal) (G1 Evacuation Pause)
[2020-06-29T01:50:03.009-0530][2475.666s] GC(27) Using 4 workers of 4 for evacuation
[2020-06-29T01:50:03.018-0530][2475.675s] GC(27)   Pre Evacuate Collection Set: 0.0ms
[2020-06-29T01:50:03.018-0530][2475.675s] GC(27)   Evacuate Collection Set: 7.8ms
[2020-06-29T01:50:03.018-0530][2475.675s] GC(27)   Post Evacuate Collection Set: 0.7ms
[2020-06-29T01:50:03.018-0530][2475.675s] GC(27)   Other: 0.3ms
[2020-06-29T01:50:03.018-0530][2475.675s] GC(27) Eden regions: 292->0(287)
[2020-06-29T01:50:03.018-0530][2475.675s] GC(27) Survivor regions: 15->20(39)
[2020-06-29T01:50:03.018-0530][2475.675s] GC(27) Old regions: 56->56
[2020-06-29T01:50:03.018-0530][2475.675s] GC(27) Humongous regions: 8->8
[2020-06-29T01:50:03.018-0530][2475.675s] GC(27) Metaspace: 60820K->60820K(1103872K)
[2020-06-29T01:50:03.018-0530][2475.675s] GC(27) Pause Young (Normal) (G1 Evacuation Pause) 370M->82M(512M) 9.087ms
[2020-06-29T01:50:03.018-0530][2475.675s] GC(27) User=0.03s Sys=0.00s Real=0.01s
[2020-06-29T01:50:09.765-0530][2482.422s] GC(28) Pause Young (Normal) (G1 Evacuation Pause)
[2020-06-29T01:50:09.765-0530][2482.422s] GC(28) Using 4 workers of 4 for evacuation
[2020-06-29T01:50:09.775-0530][2482.431s] GC(28)   Pre Evacuate Collection Set: 0.0ms
[2020-06-29T01:50:09.775-0530][2482.432s] GC(28)   Evacuate Collection Set: 8.1ms
[2020-06-29T01:50:09.775-0530][2482.432s] GC(28)   Post Evacuate Collection Set: 1.0ms
[2020-06-29T01:50:09.775-0530][2482.432s] GC(28)   Other: 0.3ms
[2020-06-29T01:50:09.775-0530][2482.432s] GC(28) Eden regions: 287->0(293)
[2020-06-29T01:50:09.775-0530][2482.432s] GC(28) Survivor regions: 20->14(39)
[2020-06-29T01:50:09.775-0530][2482.432s] GC(28) Old regions: 56->56
[2020-06-29T01:50:09.775-0530][2482.432s] GC(28) Humongous regions: 8->8
[2020-06-29T01:50:09.775-0530][2482.432s] GC(28) Metaspace: 60841K->60841K(1103872K)
[2020-06-29T01:50:09.775-0530][2482.432s] GC(28) Pause Young (Normal) (G1 Evacuation Pause) 369M->77M(512M) 9.852ms
[2020-06-29T01:50:09.775-0530][2482.432s] GC(28) User=0.04s Sys=0.00s Real=0.01s
[2020-06-29T01:50:16.194-0530][2488.851s] GC(29) Pause Young (Normal) (G1 Evacuation Pause)
[2020-06-29T01:50:16.194-0530][2488.851s] GC(29) Using 4 workers of 4 for evacuation
[2020-06-29T01:50:16.213-0530][2488.870s] GC(29)   Pre Evacuate Collection Set: 0.0ms
[2020-06-29T01:50:16.213-0530][2488.870s] GC(29)   Evacuate Collection Set: 17.8ms
[2020-06-29T01:50:16.213-0530][2488.870s] GC(29)   Post Evacuate Collection Set: 1.2ms
[2020-06-29T01:50:16.213-0530][2488.870s] GC(29)   Other: 0.3ms
[2020-06-29T01:50:16.213-0530][2488.870s] GC(29) Eden regions: 293->0(292)
[2020-06-29T01:50:16.213-0530][2488.870s] GC(29) Survivor regions: 14->15(39)
[2020-06-29T01:50:16.213-0530][2488.870s] GC(29) Old regions: 56->56
[2020-06-29T01:50:16.213-0530][2488.870s] GC(29) Humongous regions: 8->8
[2020-06-29T01:50:16.213-0530][2488.870s] GC(29) Metaspace: 60858K->60858K(1103872K)
[2020-06-29T01:50:16.213-0530][2488.870s] GC(29) Pause Young (Normal) (G1 Evacuation Pause) 370M->77M(512M) 19.466ms
[2020-06-29T01:50:16.213-0530][2488.870s] GC(29) User=0.04s Sys=0.00s Real=0.02s
[2020-06-29T01:50:24.680-0530][2497.336s] GC(30) Pause Young (Normal) (G1 Evacuation Pause)
[2020-06-29T01:50:24.680-0530][2497.336s] GC(30) Using 4 workers of 4 for evacuation
[2020-06-29T01:50:24.689-0530][2497.346s] GC(30)   Pre Evacuate Collection Set: 0.0ms
[2020-06-29T01:50:24.689-0530][2497.346s] GC(30)   Evacuate Collection Set: 8.5ms
[2020-06-29T01:50:24.689-0530][2497.346s] GC(30)   Post Evacuate Collection Set: 0.5ms
[2020-06-29T01:50:24.689-0530][2497.346s] GC(30)   Other: 0.3ms
[2020-06-29T01:50:24.689-0530][2497.346s] GC(30) Eden regions: 292->0(288)
[2020-06-29T01:50:24.689-0530][2497.346s] GC(30) Survivor regions: 15->19(39)
[2020-06-29T01:50:24.689-0530][2497.346s] GC(30) Old regions: 56->56
[2020-06-29T01:50:24.689-0530][2497.346s] GC(30) Humongous regions: 8->8
[2020-06-29T01:50:24.689-0530][2497.346s] GC(30) Metaspace: 60878K->60878K(1103872K)
[2020-06-29T01:50:24.689-0530][2497.346s] GC(30) Pause Young (Normal) (G1 Evacuation Pause) 369M->82M(512M) 9.497ms
[2020-06-29T01:50:24.689-0530][2497.346s] GC(30) User=0.04s Sys=0.00s Real=0.00s
[2020-06-29T01:50:29.388-0530][2502.045s] GC(31) Pause Young (Normal) (G1 Evacuation Pause)
[2020-06-29T01:50:29.388-0530][2502.045s] GC(31) Using 4 workers of 4 for evacuation
[2020-06-29T01:50:29.416-0530][2502.072s] GC(31)   Pre Evacuate Collection Set: 0.0ms
[2020-06-29T01:50:29.416-0530][2502.072s] GC(31)   Evacuate Collection Set: 18.2ms
[2020-06-29T01:50:29.416-0530][2502.072s] GC(31)   Post Evacuate Collection Set: 9.2ms
[2020-06-29T01:50:29.416-0530][2502.072s] GC(31)   Other: 0.3ms
[2020-06-29T01:50:29.416-0530][2502.073s] GC(31) Eden regions: 288->0(290)
[2020-06-29T01:50:29.416-0530][2502.073s] GC(31) Survivor regions: 19->17(39)
[2020-06-29T01:50:29.416-0530][2502.073s] GC(31) Old regions: 56->56
[2020-06-29T01:50:29.416-0530][2502.073s] GC(31) Humongous regions: 8->8
[2020-06-29T01:50:29.416-0530][2502.073s] GC(31) Metaspace: 60900K->60900K(1103872K)
[2020-06-29T01:50:29.416-0530][2502.073s] GC(31) Pause Young (Normal) (G1 Evacuation Pause) 370M->79M(512M) 27.897ms
[2020-06-29T01:50:29.416-0530][2502.073s] GC(31) User=0.04s Sys=0.00s Real=0.03s
[2020-06-29T01:50:34.081-0530][2506.737s] GC(32) Pause Young (Normal) (G1 Evacuation Pause)
[2020-06-29T01:50:34.081-0530][2506.738s] GC(32) Using 4 workers of 4 for evacuation
[2020-06-29T01:50:34.091-0530][2506.747s] GC(32)   Pre Evacuate Collection Set: 0.0ms
[2020-06-29T01:50:34.091-0530][2506.747s] GC(32)   Evacuate Collection Set: 8.7ms
[2020-06-29T01:50:34.091-0530][2506.747s] GC(32)   Post Evacuate Collection Set: 0.6ms
[2020-06-29T01:50:34.091-0530][2506.747s] GC(32)   Other: 0.3ms
[2020-06-29T01:50:34.091-0530][2506.747s] GC(32) Eden regions: 290->0(289)
[2020-06-29T01:50:34.091-0530][2506.747s] GC(32) Survivor regions: 17->18(39)
[2020-06-29T01:50:34.091-0530][2506.747s] GC(32) Old regions: 56->57
[2020-06-29T01:50:34.091-0530][2506.747s] GC(32) Humongous regions: 8->8
[2020-06-29T01:50:34.091-0530][2506.747s] GC(32) Metaspace: 60908K->60908K(1103872K)
[2020-06-29T01:50:34.091-0530][2506.747s] GC(32) Pause Young (Normal) (G1 Evacuation Pause) 369M->82M(512M) 9.920ms
[2020-06-29T01:50:34.091-0530][2506.747s] GC(32) User=0.03s Sys=0.00s Real=0.01s
[2020-06-29T01:50:40.023-0530][2512.679s] GC(33) Pause Young (Normal) (G1 Evacuation Pause)
[2020-06-29T01:50:40.023-0530][2512.679s] GC(33) Using 4 workers of 4 for evacuation
[2020-06-29T01:50:40.029-0530][2512.685s] GC(33)   Pre Evacuate Collection Set: 0.0ms
[2020-06-29T01:50:40.029-0530][2512.685s] GC(33)   Evacuate Collection Set: 5.6ms
[2020-06-29T01:50:40.029-0530][2512.685s] GC(33)   Post Evacuate Collection Set: 0.7ms
[2020-06-29T01:50:40.029-0530][2512.685s] GC(33)   Other: 0.3ms
[2020-06-29T01:50:40.029-0530][2512.685s] GC(33) Eden regions: 289->0(298)
[2020-06-29T01:50:40.029-0530][2512.685s] GC(33) Survivor regions: 18->9(39)
[2020-06-29T01:50:40.029-0530][2512.685s] GC(33) Old regions: 57->58
[2020-06-29T01:50:40.029-0530][2512.685s] GC(33) Humongous regions: 8->8
[2020-06-29T01:50:40.029-0530][2512.685s] GC(33) Metaspace: 60965K->60965K(1105920K)
[2020-06-29T01:50:40.029-0530][2512.686s] GC(33) Pause Young (Normal) (G1 Evacuation Pause) 371M->74M(512M) 6.770ms
[2020-06-29T01:50:40.029-0530][2512.686s] GC(33) User=0.02s Sys=0.00s Real=0.00s
[2020-06-29T01:50:46.597-0530][2519.253s] GC(34) Pause Young (Normal) (G1 Evacuation Pause)
[2020-06-29T01:50:46.597-0530][2519.253s] GC(34) Using 4 workers of 4 for evacuation
[2020-06-29T01:50:46.603-0530][2519.259s] GC(34)   Pre Evacuate Collection Set: 0.0ms
[2020-06-29T01:50:46.603-0530][2519.259s] GC(34)   Evacuate Collection Set: 5.1ms
[2020-06-29T01:50:46.603-0530][2519.259s] GC(34)   Post Evacuate Collection Set: 0.7ms
[2020-06-29T01:50:46.604-0530][2519.259s] GC(34)   Other: 0.3ms
[2020-06-29T01:50:46.604-0530][2519.259s] GC(34) Eden regions: 298->0(296)
[2020-06-29T01:50:46.604-0530][2519.259s] GC(34) Survivor regions: 9->11(39)
[2020-06-29T01:50:46.604-0530][2519.260s] GC(34) Old regions: 58->58
[2020-06-29T01:50:46.604-0530][2519.260s] GC(34) Humongous regions: 8->8
[2020-06-29T01:50:46.604-0530][2519.260s] GC(34) Metaspace: 60987K->60987K(1105920K)
[2020-06-29T01:50:46.604-0530][2519.260s] GC(34) Pause Young (Normal) (G1 Evacuation Pause) 372M->76M(512M) 6.356ms
[2020-06-29T01:50:46.604-0530][2519.260s] GC(34) User=0.02s Sys=0.00s Real=0.01s
[2020-06-29T01:50:53.405-0530][2526.061s] GC(35) Pause Young (Normal) (G1 Evacuation Pause)
[2020-06-29T01:50:53.405-0530][2526.061s] GC(35) Using 4 workers of 4 for evacuation
[2020-06-29T01:50:53.412-0530][2526.068s] GC(35)   Pre Evacuate Collection Set: 0.0ms
[2020-06-29T01:50:53.412-0530][2526.068s] GC(35)   Evacuate Collection Set: 5.8ms
[2020-06-29T01:50:53.412-0530][2526.068s] GC(35)   Post Evacuate Collection Set: 0.4ms
[2020-06-29T01:50:53.412-0530][2526.068s] GC(35)   Other: 0.3ms
[2020-06-29T01:50:53.412-0530][2526.068s] GC(35) Eden regions: 296->0(292)
[2020-06-29T01:50:53.412-0530][2526.068s] GC(35) Survivor regions: 11->15(39)
[2020-06-29T01:50:53.412-0530][2526.068s] GC(35) Old regions: 58->58
[2020-06-29T01:50:53.412-0530][2526.068s] GC(35) Humongous regions: 8->8
[2020-06-29T01:50:53.412-0530][2526.068s] GC(35) Metaspace: 60991K->60991K(1105920K)
[2020-06-29T01:50:53.412-0530][2526.068s] GC(35) Pause Young (Normal) (G1 Evacuation Pause) 372M->80M(512M) 6.633ms
[2020-06-29T01:50:53.412-0530][2526.068s] GC(35) User=0.03s Sys=0.00s Real=0.01s
[2020-06-29T01:50:57.792-0530][2530.447s] GC(36) Pause Young (Normal) (G1 Evacuation Pause)
[2020-06-29T01:50:57.792-0530][2530.448s] GC(36) Using 4 workers of 4 for evacuation
[2020-06-29T01:50:57.797-0530][2530.453s] GC(36)   Pre Evacuate Collection Set: 0.0ms
[2020-06-29T01:50:57.797-0530][2530.453s] GC(36)   Evacuate Collection Set: 4.4ms
[2020-06-29T01:50:57.797-0530][2530.453s] GC(36)   Post Evacuate Collection Set: 0.5ms
[2020-06-29T01:50:57.797-0530][2530.453s] GC(36)   Other: 0.4ms
[2020-06-29T01:50:57.797-0530][2530.453s] GC(36) Eden regions: 292->0(296)
[2020-06-29T01:50:57.797-0530][2530.453s] GC(36) Survivor regions: 15->11(39)
[2020-06-29T01:50:57.797-0530][2530.453s] GC(36) Old regions: 58->58
[2020-06-29T01:50:57.797-0530][2530.453s] GC(36) Humongous regions: 8->8
[2020-06-29T01:50:57.797-0530][2530.453s] GC(36) Metaspace: 60998K->60998K(1105920K)
[2020-06-29T01:50:57.797-0530][2530.453s] GC(36) Pause Young (Normal) (G1 Evacuation Pause) 372M->76M(512M) 5.524ms
[2020-06-29T01:50:57.797-0530][2530.453s] GC(36) User=0.02s Sys=0.00s Real=0.00s
[2020-06-29T01:51:03.394-0530][2536.049s] GC(37) Pause Young (Normal) (G1 Evacuation Pause)
[2020-06-29T01:51:03.394-0530][2536.049s] GC(37) Using 4 workers of 4 for evacuation
[2020-06-29T01:51:03.402-0530][2536.058s] GC(37)   Pre Evacuate Collection Set: 0.0ms
[2020-06-29T01:51:03.403-0530][2536.059s] GC(37)   Evacuate Collection Set: 7.6ms
[2020-06-29T01:51:03.403-0530][2536.059s] GC(37)   Post Evacuate Collection Set: 0.4ms
[2020-06-29T01:51:03.403-0530][2536.059s] GC(37)   Other: 0.3ms
[2020-06-29T01:51:03.403-0530][2536.059s] GC(37) Eden regions: 296->0(293)
[2020-06-29T01:51:03.404-0530][2536.059s] GC(37) Survivor regions: 11->14(39)
[2020-06-29T01:51:03.404-0530][2536.059s] GC(37) Old regions: 58->58
[2020-06-29T01:51:03.404-0530][2536.059s] GC(37) Humongous regions: 8->8
[2020-06-29T01:51:03.404-0530][2536.059s] GC(37) Metaspace: 61028K->61028K(1105920K)
[2020-06-29T01:51:03.404-0530][2536.059s] GC(37) Pause Young (Normal) (G1 Evacuation Pause) 372M->79M(512M) 9.772ms
[2020-06-29T01:51:03.404-0530][2536.059s] GC(37) User=0.03s Sys=0.00s Real=0.01s
[2020-06-29T01:51:10.330-0530][2542.986s] GC(38) Pause Young (Normal) (G1 Evacuation Pause)
[2020-06-29T01:51:10.330-0530][2542.986s] GC(38) Using 4 workers of 4 for evacuation
[2020-06-29T01:51:10.334-0530][2542.990s] GC(38)   Pre Evacuate Collection Set: 0.0ms
[2020-06-29T01:51:10.334-0530][2542.990s] GC(38)   Evacuate Collection Set: 3.2ms
[2020-06-29T01:51:10.334-0530][2542.990s] GC(38)   Post Evacuate Collection Set: 0.4ms
[2020-06-29T01:51:10.334-0530][2542.990s] GC(38)   Other: 0.2ms
[2020-06-29T01:51:10.334-0530][2542.990s] GC(38) Eden regions: 293->0(302)
[2020-06-29T01:51:10.334-0530][2542.990s] GC(38) Survivor regions: 14->5(39)
[2020-06-29T01:51:10.334-0530][2542.990s] GC(38) Old regions: 58->58
[2020-06-29T01:51:10.334-0530][2542.990s] GC(38) Humongous regions: 8->8
[2020-06-29T01:51:10.334-0530][2542.990s] GC(38) Metaspace: 61052K->61052K(1105920K)
[2020-06-29T01:51:10.334-0530][2542.990s] GC(38) Pause Young (Normal) (G1 Evacuation Pause) 372M->70M(512M) 4.071ms
[2020-06-29T01:51:10.334-0530][2542.990s] GC(38) User=0.02s Sys=0.00s Real=0.00s
[2020-06-29T01:51:16.685-0530][2549.340s] GC(39) Pause Young (Normal) (G1 Evacuation Pause)
[2020-06-29T01:51:16.685-0530][2549.340s] GC(39) Using 4 workers of 4 for evacuation
[2020-06-29T01:51:16.690-0530][2549.346s] GC(39)   Pre Evacuate Collection Set: 0.0ms
[2020-06-29T01:51:16.690-0530][2549.346s] GC(39)   Evacuate Collection Set: 4.6ms
[2020-06-29T01:51:16.690-0530][2549.346s] GC(39)   Post Evacuate Collection Set: 0.5ms
[2020-06-29T01:51:16.691-0530][2549.346s] GC(39)   Other: 0.3ms
[2020-06-29T01:51:16.691-0530][2549.346s] GC(39) Eden regions: 302->0(299)
[2020-06-29T01:51:16.691-0530][2549.346s] GC(39) Survivor regions: 5->8(39)
[2020-06-29T01:51:16.691-0530][2549.346s] GC(39) Old regions: 58->58
[2020-06-29T01:51:16.691-0530][2549.346s] GC(39) Humongous regions: 8->8
[2020-06-29T01:51:16.691-0530][2549.346s] GC(39) Metaspace: 61153K->61153K(1105920K)
[2020-06-29T01:51:16.691-0530][2549.346s] GC(39) Pause Young (Normal) (G1 Evacuation Pause) 372M->73M(512M) 5.555ms
[2020-06-29T01:51:16.691-0530][2549.346s] GC(39) User=0.02s Sys=0.00s Real=0.01s
[2020-06-29T01:51:23.516-0530][2556.171s] GC(40) Pause Young (Normal) (G1 Evacuation Pause)
[2020-06-29T01:51:23.516-0530][2556.171s] GC(40) Using 4 workers of 4 for evacuation
[2020-06-29T01:51:23.523-0530][2556.178s] GC(40)   Pre Evacuate Collection Set: 0.1ms
[2020-06-29T01:51:23.523-0530][2556.178s] GC(40)   Evacuate Collection Set: 6.6ms
[2020-06-29T01:51:23.523-0530][2556.178s] GC(40)   Post Evacuate Collection Set: 0.4ms
[2020-06-29T01:51:23.523-0530][2556.178s] GC(40)   Other: 0.3ms
[2020-06-29T01:51:23.523-0530][2556.178s] GC(40) Eden regions: 299->0(294)
[2020-06-29T01:51:23.523-0530][2556.178s] GC(40) Survivor regions: 8->13(39)
[2020-06-29T01:51:23.523-0530][2556.178s] GC(40) Old regions: 58->58
[2020-06-29T01:51:23.523-0530][2556.178s] GC(40) Humongous regions: 8->8
[2020-06-29T01:51:23.523-0530][2556.178s] GC(40) Metaspace: 61153K->61153K(1105920K)
[2020-06-29T01:51:23.523-0530][2556.178s] GC(40) Pause Young (Normal) (G1 Evacuation Pause) 372M->78M(512M) 7.533ms
[2020-06-29T01:51:23.523-0530][2556.178s] GC(40) User=0.02s Sys=0.00s Real=0.01s
[2020-06-29T01:51:27.887-0530][2560.542s] GC(41) Pause Young (Normal) (G1 Evacuation Pause)
[2020-06-29T01:51:27.887-0530][2560.542s] GC(41) Using 4 workers of 4 for evacuation
[2020-06-29T01:51:27.892-0530][2560.547s] GC(41)   Pre Evacuate Collection Set: 0.0ms
[2020-06-29T01:51:27.892-0530][2560.547s] GC(41)   Evacuate Collection Set: 4.9ms
[2020-06-29T01:51:27.892-0530][2560.547s] GC(41)   Post Evacuate Collection Set: 0.4ms
[2020-06-29T01:51:27.892-0530][2560.547s] GC(41)   Other: 0.2ms
[2020-06-29T01:51:27.892-0530][2560.547s] GC(41) Eden regions: 294->0(296)
[2020-06-29T01:51:27.892-0530][2560.547s] GC(41) Survivor regions: 13->11(39)
[2020-06-29T01:51:27.892-0530][2560.547s] GC(41) Old regions: 58->58
[2020-06-29T01:51:27.892-0530][2560.547s] GC(41) Humongous regions: 8->8
[2020-06-29T01:51:27.892-0530][2560.547s] GC(41) Metaspace: 61188K->61188K(1105920K)
[2020-06-29T01:51:27.893-0530][2560.547s] GC(41) Pause Young (Normal) (G1 Evacuation Pause) 372M->76M(512M) 5.702ms
[2020-06-29T01:51:27.893-0530][2560.547s] GC(41) User=0.02s Sys=0.00s Real=0.01s
[2020-06-29T01:51:32.305-0530][2564.960s] GC(42) Pause Young (Normal) (G1 Evacuation Pause)
[2020-06-29T01:51:32.305-0530][2564.960s] GC(42) Using 4 workers of 4 for evacuation
[2020-06-29T01:51:32.313-0530][2564.968s] GC(42)   Pre Evacuate Collection Set: 0.0ms
[2020-06-29T01:51:32.313-0530][2564.968s] GC(42)   Evacuate Collection Set: 7.5ms
[2020-06-29T01:51:32.313-0530][2564.968s] GC(42)   Post Evacuate Collection Set: 0.5ms
[2020-06-29T01:51:32.313-0530][2564.968s] GC(42)   Other: 0.3ms
[2020-06-29T01:51:32.313-0530][2564.968s] GC(42) Eden regions: 296->0(293)
[2020-06-29T01:51:32.313-0530][2564.968s] GC(42) Survivor regions: 11->14(39)
[2020-06-29T01:51:32.313-0530][2564.968s] GC(42) Old regions: 58->58
[2020-06-29T01:51:32.313-0530][2564.968s] GC(42) Humongous regions: 8->8
[2020-06-29T01:51:32.313-0530][2564.968s] GC(42) Metaspace: 61195K->61195K(1105920K)
[2020-06-29T01:51:32.313-0530][2564.968s] GC(42) Pause Young (Normal) (G1 Evacuation Pause) 372M->79M(512M) 8.594ms
[2020-06-29T01:51:32.313-0530][2564.968s] GC(42) User=0.03s Sys=0.00s Real=0.01s
[2020-06-29T01:51:35.914-0530][2568.569s] GC(43) Pause Young (Normal) (G1 Evacuation Pause)
[2020-06-29T01:51:35.914-0530][2568.569s] GC(43) Using 4 workers of 4 for evacuation
[2020-06-29T01:51:35.920-0530][2568.575s] GC(43)   Pre Evacuate Collection Set: 0.0ms
[2020-06-29T01:51:35.920-0530][2568.575s] GC(43)   Evacuate Collection Set: 5.1ms
[2020-06-29T01:51:35.920-0530][2568.575s] GC(43)   Post Evacuate Collection Set: 0.4ms
[2020-06-29T01:51:35.920-0530][2568.575s] GC(43)   Other: 0.3ms
[2020-06-29T01:51:35.920-0530][2568.575s] GC(43) Eden regions: 293->0(297)
[2020-06-29T01:51:35.920-0530][2568.575s] GC(43) Survivor regions: 14->10(39)
[2020-06-29T01:51:35.920-0530][2568.575s] GC(43) Old regions: 58->58
[2020-06-29T01:51:35.920-0530][2568.575s] GC(43) Humongous regions: 8->8
[2020-06-29T01:51:35.920-0530][2568.575s] GC(43) Metaspace: 61211K->61211K(1105920K)
[2020-06-29T01:51:35.921-0530][2568.575s] GC(43) Pause Young (Normal) (G1 Evacuation Pause) 372M->75M(512M) 6.160ms
[2020-06-29T01:51:35.921-0530][2568.575s] GC(43) User=0.01s Sys=0.01s Real=0.01s
[2020-06-29T01:51:40.192-0530][2572.847s] GC(44) Pause Young (Normal) (G1 Evacuation Pause)
[2020-06-29T01:51:40.192-0530][2572.847s] GC(44) Using 4 workers of 4 for evacuation
[2020-06-29T01:51:40.197-0530][2572.852s] GC(44)   Pre Evacuate Collection Set: 0.0ms
[2020-06-29T01:51:40.197-0530][2572.852s] GC(44)   Evacuate Collection Set: 4.5ms
[2020-06-29T01:51:40.197-0530][2572.852s] GC(44)   Post Evacuate Collection Set: 0.4ms
[2020-06-29T01:51:40.197-0530][2572.852s] GC(44)   Other: 0.3ms
[2020-06-29T01:51:40.197-0530][2572.852s] GC(44) Eden regions: 297->0(296)
[2020-06-29T01:51:40.197-0530][2572.852s] GC(44) Survivor regions: 10->11(39)
[2020-06-29T01:51:40.197-0530][2572.852s] GC(44) Old regions: 58->58
[2020-06-29T01:51:40.198-0530][2572.852s] GC(44) Humongous regions: 8->8
[2020-06-29T01:51:40.198-0530][2572.852s] GC(44) Metaspace: 61213K->61213K(1105920K)
[2020-06-29T01:51:40.198-0530][2572.852s] GC(44) Pause Young (Normal) (G1 Evacuation Pause) 372M->76M(512M) 5.414ms
[2020-06-29T01:51:40.198-0530][2572.852s] GC(44) User=0.01s Sys=0.00s Real=0.00s
[2020-06-29T01:51:45.988-0530][2578.642s] GC(45) Pause Young (Normal) (G1 Evacuation Pause)
[2020-06-29T01:51:45.988-0530][2578.642s] GC(45) Using 4 workers of 4 for evacuation
[2020-06-29T01:51:45.994-0530][2578.648s] GC(45)   Pre Evacuate Collection Set: 0.0ms
[2020-06-29T01:51:45.994-0530][2578.648s] GC(45)   Evacuate Collection Set: 4.5ms
[2020-06-29T01:51:45.994-0530][2578.648s] GC(45)   Post Evacuate Collection Set: 1.0ms
[2020-06-29T01:51:45.994-0530][2578.648s] GC(45)   Other: 0.3ms
[2020-06-29T01:51:45.994-0530][2578.648s] GC(45) Eden regions: 296->0(299)
[2020-06-29T01:51:45.994-0530][2578.648s] GC(45) Survivor regions: 11->8(39)
[2020-06-29T01:51:45.994-0530][2578.648s] GC(45) Old regions: 58->58
[2020-06-29T01:51:45.994-0530][2578.648s] GC(45) Humongous regions: 8->8
[2020-06-29T01:51:45.994-0530][2578.648s] GC(45) Metaspace: 61238K->61238K(1105920K)
[2020-06-29T01:51:45.994-0530][2578.648s] GC(45) Pause Young (Normal) (G1 Evacuation Pause) 372M->73M(512M) 5.980ms
[2020-06-29T01:51:45.994-0530][2578.648s] GC(45) User=0.02s Sys=0.00s Real=0.01s
[2020-06-29T01:51:52.771-0530][2585.425s] GC(46) Pause Young (Normal) (G1 Evacuation Pause)
[2020-06-29T01:51:52.771-0530][2585.425s] GC(46) Using 4 workers of 4 for evacuation
[2020-06-29T01:51:52.778-0530][2585.433s] GC(46)   Pre Evacuate Collection Set: 0.0ms
[2020-06-29T01:51:52.779-0530][2585.433s] GC(46)   Evacuate Collection Set: 6.8ms
[2020-06-29T01:51:52.779-0530][2585.433s] GC(46)   Post Evacuate Collection Set: 0.5ms
[2020-06-29T01:51:52.779-0530][2585.433s] GC(46)   Other: 0.2ms
[2020-06-29T01:51:52.779-0530][2585.433s] GC(46) Eden regions: 299->0(294)
[2020-06-29T01:51:52.779-0530][2585.433s] GC(46) Survivor regions: 8->13(39)
[2020-06-29T01:51:52.779-0530][2585.433s] GC(46) Old regions: 58->59
[2020-06-29T01:51:52.779-0530][2585.433s] GC(46) Humongous regions: 8->8
[2020-06-29T01:51:52.779-0530][2585.433s] GC(46) Metaspace: 61244K->61244K(1105920K)
[2020-06-29T01:51:52.779-0530][2585.433s] GC(46) Pause Young (Normal) (G1 Evacuation Pause) 372M->79M(512M) 7.618ms
[2020-06-29T01:51:52.779-0530][2585.433s] GC(46) User=0.02s Sys=0.00s Real=0.00s
[2020-06-29T01:51:57.282-0530][2589.936s] GC(47) Pause Young (Normal) (G1 Evacuation Pause)
[2020-06-29T01:51:57.282-0530][2589.937s] GC(47) Using 4 workers of 4 for evacuation
[2020-06-29T01:51:57.288-0530][2589.942s] GC(47)   Pre Evacuate Collection Set: 0.0ms
[2020-06-29T01:51:57.288-0530][2589.942s] GC(47)   Evacuate Collection Set: 4.7ms
[2020-06-29T01:51:57.288-0530][2589.942s] GC(47)   Post Evacuate Collection Set: 0.5ms
[2020-06-29T01:51:57.288-0530][2589.942s] GC(47)   Other: 0.3ms
[2020-06-29T01:51:57.288-0530][2589.942s] GC(47) Eden regions: 294->0(298)
[2020-06-29T01:51:57.288-0530][2589.942s] GC(47) Survivor regions: 13->9(39)
[2020-06-29T01:51:57.288-0530][2589.942s] GC(47) Old regions: 59->59
[2020-06-29T01:51:57.288-0530][2589.942s] GC(47) Humongous regions: 8->8
[2020-06-29T01:51:57.288-0530][2589.942s] GC(47) Metaspace: 61253K->61253K(1105920K)
[2020-06-29T01:51:57.288-0530][2589.942s] GC(47) Pause Young (Normal) (G1 Evacuation Pause) 373M->74M(512M) 5.705ms
[2020-06-29T01:51:57.288-0530][2589.942s] GC(47) User=0.02s Sys=0.00s Real=0.00s
[2020-06-29T01:52:03.911-0530][2596.565s] GC(48) Pause Young (Normal) (G1 Evacuation Pause)
[2020-06-29T01:52:03.911-0530][2596.565s] GC(48) Using 4 workers of 4 for evacuation
[2020-06-29T01:52:03.916-0530][2596.571s] GC(48)   Pre Evacuate Collection Set: 0.0ms
[2020-06-29T01:52:03.917-0530][2596.571s] GC(48)   Evacuate Collection Set: 5.1ms
[2020-06-29T01:52:03.917-0530][2596.571s] GC(48)   Post Evacuate Collection Set: 0.5ms
[2020-06-29T01:52:03.917-0530][2596.571s] GC(48)   Other: 0.3ms
[2020-06-29T01:52:03.917-0530][2596.571s] GC(48) Eden regions: 298->0(298)
[2020-06-29T01:52:03.917-0530][2596.571s] GC(48) Survivor regions: 9->9(39)
[2020-06-29T01:52:03.917-0530][2596.571s] GC(48) Old regions: 59->59
[2020-06-29T01:52:03.917-0530][2596.571s] GC(48) Humongous regions: 8->8
[2020-06-29T01:52:03.917-0530][2596.571s] GC(48) Metaspace: 61258K->61258K(1105920K)
[2020-06-29T01:52:03.917-0530][2596.571s] GC(48) Pause Young (Normal) (G1 Evacuation Pause) 372M->74M(512M) 6.229ms
[2020-06-29T01:52:03.917-0530][2596.571s] GC(48) User=0.02s Sys=0.00s Real=0.00s
[2020-06-29T01:52:09.045-0530][2601.699s] GC(49) Pause Young (Normal) (G1 Evacuation Pause)
[2020-06-29T01:52:09.045-0530][2601.699s] GC(49) Using 4 workers of 4 for evacuation
[2020-06-29T01:52:09.052-0530][2601.706s] GC(49)   Pre Evacuate Collection Set: 0.0ms
[2020-06-29T01:52:09.052-0530][2601.706s] GC(49)   Evacuate Collection Set: 4.9ms
[2020-06-29T01:52:09.052-0530][2601.706s] GC(49)   Post Evacuate Collection Set: 1.3ms
[2020-06-29T01:52:09.052-0530][2601.706s] GC(49)   Other: 0.3ms
[2020-06-29T01:52:09.052-0530][2601.706s] GC(49) Eden regions: 298->0(298)
[2020-06-29T01:52:09.052-0530][2601.706s] GC(49) Survivor regions: 9->9(39)
[2020-06-29T01:52:09.052-0530][2601.706s] GC(49) Old regions: 59->59
[2020-06-29T01:52:09.052-0530][2601.706s] GC(49) Humongous regions: 8->8
[2020-06-29T01:52:09.052-0530][2601.706s] GC(49) Metaspace: 61258K->61258K(1105920K)
[2020-06-29T01:52:09.052-0530][2601.706s] GC(49) Pause Young (Normal) (G1 Evacuation Pause) 372M->75M(512M) 6.708ms
[2020-06-29T01:52:09.052-0530][2601.706s] GC(49) User=0.02s Sys=0.00s Real=0.01s
[2020-06-29T01:52:14.129-0530][2606.782s] GC(50) Pause Young (Normal) (G1 Evacuation Pause)
[2020-06-29T01:52:14.129-0530][2606.782s] GC(50) Using 4 workers of 4 for evacuation
[2020-06-29T01:52:14.134-0530][2606.788s] GC(50)   Pre Evacuate Collection Set: 0.0ms
[2020-06-29T01:52:14.134-0530][2606.788s] GC(50)   Evacuate Collection Set: 4.5ms
[2020-06-29T01:52:14.134-0530][2606.788s] GC(50)   Post Evacuate Collection Set: 1.0ms
[2020-06-29T01:52:14.134-0530][2606.788s] GC(50)   Other: 0.3ms
[2020-06-29T01:52:14.135-0530][2606.788s] GC(50) Eden regions: 298->0(297)
[2020-06-29T01:52:14.135-0530][2606.788s] GC(50) Survivor regions: 9->10(39)
[2020-06-29T01:52:14.135-0530][2606.788s] GC(50) Old regions: 59->59
[2020-06-29T01:52:14.135-0530][2606.788s] GC(50) Humongous regions: 8->8
[2020-06-29T01:52:14.135-0530][2606.788s] GC(50) Metaspace: 61263K->61263K(1105920K)
[2020-06-29T01:52:14.135-0530][2606.788s] GC(50) Pause Young (Normal) (G1 Evacuation Pause) 373M->75M(512M) 6.083ms
[2020-06-29T01:52:14.135-0530][2606.788s] GC(50) User=0.02s Sys=0.00s Real=0.01s
[2020-06-29T01:52:19.511-0530][2612.165s] GC(51) Pause Young (Normal) (G1 Evacuation Pause)
[2020-06-29T01:52:19.512-0530][2612.165s] GC(51) Using 4 workers of 4 for evacuation
[2020-06-29T01:52:19.519-0530][2612.173s] GC(51)   Pre Evacuate Collection Set: 0.0ms
[2020-06-29T01:52:19.519-0530][2612.173s] GC(51)   Evacuate Collection Set: 7.2ms
[2020-06-29T01:52:19.519-0530][2612.173s] GC(51)   Post Evacuate Collection Set: 0.4ms
[2020-06-29T01:52:19.519-0530][2612.173s] GC(51)   Other: 0.3ms
[2020-06-29T01:52:19.519-0530][2612.173s] GC(51) Eden regions: 297->0(295)
[2020-06-29T01:52:19.519-0530][2612.173s] GC(51) Survivor regions: 10->12(39)
[2020-06-29T01:52:19.519-0530][2612.173s] GC(51) Old regions: 59->59
[2020-06-29T01:52:19.519-0530][2612.173s] GC(51) Humongous regions: 8->8
[2020-06-29T01:52:19.519-0530][2612.173s] GC(51) Metaspace: 61263K->61263K(1105920K)
[2020-06-29T01:52:19.520-0530][2612.173s] GC(51) Pause Young (Normal) (G1 Evacuation Pause) 372M->78M(512M) 8.042ms
[2020-06-29T01:52:19.520-0530][2612.173s] GC(51) User=0.03s Sys=0.00s Real=0.01s
[2020-06-29T01:52:24.367-0530][2617.020s] GC(52) Pause Young (Normal) (G1 Evacuation Pause)
[2020-06-29T01:52:24.367-0530][2617.020s] GC(52) Using 4 workers of 4 for evacuation
[2020-06-29T01:52:24.374-0530][2617.027s] GC(52)   Pre Evacuate Collection Set: 0.0ms
[2020-06-29T01:52:24.374-0530][2617.028s] GC(52)   Evacuate Collection Set: 5.0ms
[2020-06-29T01:52:24.374-0530][2617.028s] GC(52)   Post Evacuate Collection Set: 2.0ms
[2020-06-29T01:52:24.374-0530][2617.028s] GC(52)   Other: 0.3ms
[2020-06-29T01:52:24.374-0530][2617.028s] GC(52) Eden regions: 295->0(300)
[2020-06-29T01:52:24.374-0530][2617.028s] GC(52) Survivor regions: 12->7(39)
[2020-06-29T01:52:24.374-0530][2617.028s] GC(52) Old regions: 59->59
[2020-06-29T01:52:24.374-0530][2617.028s] GC(52) Humongous regions: 8->8
[2020-06-29T01:52:24.374-0530][2617.028s] GC(52) Metaspace: 61279K->61279K(1105920K)
[2020-06-29T01:52:24.374-0530][2617.028s] GC(52) Pause Young (Normal) (G1 Evacuation Pause) 373M->72M(512M) 7.430ms
[2020-06-29T01:52:24.374-0530][2617.028s] GC(52) User=0.02s Sys=0.00s Real=0.01s
[2020-06-29T01:52:30.578-0530][2623.232s] GC(53) Pause Young (Normal) (G1 Evacuation Pause)
[2020-06-29T01:52:30.578-0530][2623.232s] GC(53) Using 4 workers of 4 for evacuation
[2020-06-29T01:52:30.586-0530][2623.239s] GC(53)   Pre Evacuate Collection Set: 0.0ms
[2020-06-29T01:52:30.586-0530][2623.239s] GC(53)   Evacuate Collection Set: 6.8ms
[2020-06-29T01:52:30.586-0530][2623.239s] GC(53)   Post Evacuate Collection Set: 0.5ms
[2020-06-29T01:52:30.586-0530][2623.239s] GC(53)   Other: 0.3ms
[2020-06-29T01:52:30.586-0530][2623.239s] GC(53) Eden regions: 300->0(295)
[2020-06-29T01:52:30.586-0530][2623.239s] GC(53) Survivor regions: 7->12(39)
[2020-06-29T01:52:30.586-0530][2623.239s] GC(53) Old regions: 59->59
[2020-06-29T01:52:30.586-0530][2623.239s] GC(53) Humongous regions: 8->8
[2020-06-29T01:52:30.586-0530][2623.239s] GC(53) Metaspace: 61279K->61279K(1105920K)
[2020-06-29T01:52:30.586-0530][2623.239s] GC(53) Pause Young (Normal) (G1 Evacuation Pause) 372M->77M(512M) 7.728ms
[2020-06-29T01:52:30.586-0530][2623.240s] GC(53) User=0.03s Sys=0.00s Real=0.01s
[2020-06-29T01:52:35.526-0530][2628.179s] GC(54) Pause Young (Normal) (G1 Evacuation Pause)
[2020-06-29T01:52:35.526-0530][2628.180s] GC(54) Using 4 workers of 4 for evacuation
[2020-06-29T01:52:35.532-0530][2628.185s] GC(54)   Pre Evacuate Collection Set: 0.0ms
[2020-06-29T01:52:35.532-0530][2628.186s] GC(54)   Evacuate Collection Set: 4.8ms
[2020-06-29T01:52:35.532-0530][2628.186s] GC(54)   Post Evacuate Collection Set: 1.0ms
[2020-06-29T01:52:35.532-0530][2628.186s] GC(54)   Other: 0.3ms
[2020-06-29T01:52:35.532-0530][2628.186s] GC(54) Eden regions: 295->0(298)
[2020-06-29T01:52:35.532-0530][2628.186s] GC(54) Survivor regions: 12->9(39)
[2020-06-29T01:52:35.532-0530][2628.186s] GC(54) Old regions: 59->59
[2020-06-29T01:52:35.532-0530][2628.186s] GC(54) Humongous regions: 8->8
[2020-06-29T01:52:35.532-0530][2628.186s] GC(54) Metaspace: 61287K->61287K(1105920K)
[2020-06-29T01:52:35.532-0530][2628.186s] GC(54) Pause Young (Normal) (G1 Evacuation Pause) 372M->74M(512M) 6.287ms
[2020-06-29T01:52:35.532-0530][2628.186s] GC(54) User=0.02s Sys=0.00s Real=0.01s
[2020-06-29T01:52:39.860-0530][2632.513s] GC(55) Pause Young (Normal) (G1 Evacuation Pause)
[2020-06-29T01:52:39.860-0530][2632.513s] GC(55) Using 4 workers of 4 for evacuation
[2020-06-29T01:52:39.865-0530][2632.518s] GC(55)   Pre Evacuate Collection Set: 0.0ms
[2020-06-29T01:52:39.865-0530][2632.518s] GC(55)   Evacuate Collection Set: 4.8ms
[2020-06-29T01:52:39.865-0530][2632.518s] GC(55)   Post Evacuate Collection Set: 0.4ms
[2020-06-29T01:52:39.865-0530][2632.518s] GC(55)   Other: 0.3ms
[2020-06-29T01:52:39.865-0530][2632.518s] GC(55) Eden regions: 298->0(298)
[2020-06-29T01:52:39.865-0530][2632.518s] GC(55) Survivor regions: 9->9(39)
[2020-06-29T01:52:39.865-0530][2632.518s] GC(55) Old regions: 59->59
[2020-06-29T01:52:39.865-0530][2632.519s] GC(55) Humongous regions: 8->8
[2020-06-29T01:52:39.865-0530][2632.519s] GC(55) Metaspace: 61294K->61294K(1105920K)
[2020-06-29T01:52:39.865-0530][2632.519s] GC(55) Pause Young (Normal) (G1 Evacuation Pause) 372M->75M(512M) 5.747ms
[2020-06-29T01:52:39.865-0530][2632.519s] GC(55) User=0.02s Sys=0.00s Real=0.00s
[2020-06-29T01:52:43.867-0530][2636.520s] GC(56) Pause Young (Normal) (G1 Evacuation Pause)
[2020-06-29T01:52:43.867-0530][2636.520s] GC(56) Using 4 workers of 4 for evacuation
[2020-06-29T01:52:43.872-0530][2636.525s] GC(56)   Pre Evacuate Collection Set: 0.0ms
[2020-06-29T01:52:43.872-0530][2636.525s] GC(56)   Evacuate Collection Set: 4.0ms
[2020-06-29T01:52:43.872-0530][2636.525s] GC(56)   Post Evacuate Collection Set: 0.4ms
[2020-06-29T01:52:43.872-0530][2636.525s] GC(56)   Other: 0.3ms
[2020-06-29T01:52:43.872-0530][2636.525s] GC(56) Eden regions: 298->0(303)
[2020-06-29T01:52:43.872-0530][2636.525s] GC(56) Survivor regions: 9->4(39)
[2020-06-29T01:52:43.872-0530][2636.525s] GC(56) Old regions: 59->59
[2020-06-29T01:52:43.872-0530][2636.525s] GC(56) Humongous regions: 8->8
[2020-06-29T01:52:43.872-0530][2636.525s] GC(56) Metaspace: 61303K->61303K(1105920K)
[2020-06-29T01:52:43.872-0530][2636.525s] GC(56) Pause Young (Normal) (G1 Evacuation Pause) 373M->70M(512M) 4.889ms
[2020-06-29T01:52:43.872-0530][2636.525s] GC(56) User=0.01s Sys=0.00s Real=0.01s
[2020-06-29T01:52:50.380-0530][2643.033s] GC(57) Pause Young (Normal) (G1 Evacuation Pause)
[2020-06-29T01:52:50.380-0530][2643.033s] GC(57) Using 4 workers of 4 for evacuation
[2020-06-29T01:52:50.388-0530][2643.041s] GC(57)   Pre Evacuate Collection Set: 0.0ms
[2020-06-29T01:52:50.388-0530][2643.041s] GC(57)   Evacuate Collection Set: 6.9ms
[2020-06-29T01:52:50.388-0530][2643.041s] GC(57)   Post Evacuate Collection Set: 0.4ms
[2020-06-29T01:52:50.388-0530][2643.041s] GC(57)   Other: 0.3ms
[2020-06-29T01:52:50.388-0530][2643.041s] GC(57) Eden regions: 303->0(299)
[2020-06-29T01:52:50.388-0530][2643.041s] GC(57) Survivor regions: 4->8(39)
[2020-06-29T01:52:50.388-0530][2643.041s] GC(57) Old regions: 59->59
[2020-06-29T01:52:50.388-0530][2643.041s] GC(57) Humongous regions: 8->8
[2020-06-29T01:52:50.388-0530][2643.041s] GC(57) Metaspace: 61304K->61304K(1105920K)
[2020-06-29T01:52:50.388-0530][2643.041s] GC(57) Pause Young (Normal) (G1 Evacuation Pause) 373M->74M(512M) 7.836ms
[2020-06-29T01:52:50.388-0530][2643.041s] GC(57) User=0.02s Sys=0.00s Real=0.00s
[2020-06-29T01:52:55.169-0530][2647.822s] GC(58) Pause Young (Normal) (G1 Evacuation Pause)
[2020-06-29T01:52:55.169-0530][2647.822s] GC(58) Using 4 workers of 4 for evacuation
[2020-06-29T01:52:55.174-0530][2647.827s] GC(58)   Pre Evacuate Collection Set: 0.0ms
[2020-06-29T01:52:55.174-0530][2647.827s] GC(58)   Evacuate Collection Set: 4.6ms
[2020-06-29T01:52:55.174-0530][2647.827s] GC(58)   Post Evacuate Collection Set: 0.6ms
[2020-06-29T01:52:55.174-0530][2647.827s] GC(58)   Other: 0.3ms
[2020-06-29T01:52:55.175-0530][2647.827s] GC(58) Eden regions: 299->0(301)
[2020-06-29T01:52:55.175-0530][2647.827s] GC(58) Survivor regions: 8->6(39)
[2020-06-29T01:52:55.175-0530][2647.827s] GC(58) Old regions: 59->59
[2020-06-29T01:52:55.175-0530][2647.827s] GC(58) Humongous regions: 8->8
[2020-06-29T01:52:55.175-0530][2647.827s] GC(58) Metaspace: 61317K->61317K(1105920K)
[2020-06-29T01:52:55.175-0530][2647.827s] GC(58) Pause Young (Normal) (G1 Evacuation Pause) 373M->72M(512M) 5.622ms
[2020-06-29T01:52:55.175-0530][2647.827s] GC(58) User=0.02s Sys=0.00s Real=0.01s
[2020-06-29T01:53:00.089-0530][2652.742s] GC(59) Pause Young (Normal) (G1 Evacuation Pause)
[2020-06-29T01:53:00.089-0530][2652.742s] GC(59) Using 4 workers of 4 for evacuation
[2020-06-29T01:53:00.096-0530][2652.749s] GC(59)   Pre Evacuate Collection Set: 0.0ms
[2020-06-29T01:53:00.096-0530][2652.749s] GC(59)   Evacuate Collection Set: 6.1ms
[2020-06-29T01:53:00.096-0530][2652.749s] GC(59)   Post Evacuate Collection Set: 0.4ms
[2020-06-29T01:53:00.096-0530][2652.749s] GC(59)   Other: 0.3ms
[2020-06-29T01:53:00.096-0530][2652.749s] GC(59) Eden regions: 301->0(297)
[2020-06-29T01:53:00.096-0530][2652.749s] GC(59) Survivor regions: 6->10(39)
[2020-06-29T01:53:00.096-0530][2652.749s] GC(59) Old regions: 59->59
[2020-06-29T01:53:00.096-0530][2652.749s] GC(59) Humongous regions: 8->8
[2020-06-29T01:53:00.096-0530][2652.749s] GC(59) Metaspace: 61320K->61320K(1105920K)
[2020-06-29T01:53:00.096-0530][2652.749s] GC(59) Pause Young (Normal) (G1 Evacuation Pause) 373M->76M(512M) 7.089ms
[2020-06-29T01:53:00.096-0530][2652.749s] GC(59) User=0.02s Sys=0.00s Real=0.01s
[2020-06-29T01:53:04.567-0530][2657.219s] GC(60) Pause Young (Normal) (G1 Evacuation Pause)
[2020-06-29T01:53:04.567-0530][2657.219s] GC(60) Using 4 workers of 4 for evacuation
[2020-06-29T01:53:04.572-0530][2657.225s] GC(60)   Pre Evacuate Collection Set: 0.0ms
[2020-06-29T01:53:04.572-0530][2657.225s] GC(60)   Evacuate Collection Set: 4.6ms
[2020-06-29T01:53:04.572-0530][2657.225s] GC(60)   Post Evacuate Collection Set: 0.4ms
[2020-06-29T01:53:04.572-0530][2657.225s] GC(60)   Other: 0.3ms
[2020-06-29T01:53:04.572-0530][2657.225s] GC(60) Eden regions: 297->0(298)
[2020-06-29T01:53:04.572-0530][2657.225s] GC(60) Survivor regions: 10->9(39)
[2020-06-29T01:53:04.572-0530][2657.225s] GC(60) Old regions: 59->59
[2020-06-29T01:53:04.572-0530][2657.225s] GC(60) Humongous regions: 8->8
[2020-06-29T01:53:04.572-0530][2657.225s] GC(60) Metaspace: 61322K->61322K(1105920K)
[2020-06-29T01:53:04.572-0530][2657.225s] GC(60) Pause Young (Normal) (G1 Evacuation Pause) 373M->75M(512M) 5.493ms
[2020-06-29T01:53:04.572-0530][2657.225s] GC(60) User=0.02s Sys=0.00s Real=0.01s
[2020-06-29T01:53:09.513-0530][2662.165s] GC(61) Pause Young (Normal) (G1 Evacuation Pause)
[2020-06-29T01:53:09.513-0530][2662.165s] GC(61) Using 4 workers of 4 for evacuation
[2020-06-29T01:53:09.518-0530][2662.171s] GC(61)   Pre Evacuate Collection Set: 0.0ms
[2020-06-29T01:53:09.518-0530][2662.171s] GC(61)   Evacuate Collection Set: 5.1ms
[2020-06-29T01:53:09.518-0530][2662.171s] GC(61)   Post Evacuate Collection Set: 0.4ms
[2020-06-29T01:53:09.518-0530][2662.171s] GC(61)   Other: 0.3ms
[2020-06-29T01:53:09.518-0530][2662.171s] GC(61) Eden regions: 298->0(298)
[2020-06-29T01:53:09.518-0530][2662.171s] GC(61) Survivor regions: 9->9(39)
[2020-06-29T01:53:09.518-0530][2662.171s] GC(61) Old regions: 59->59
[2020-06-29T01:53:09.518-0530][2662.171s] GC(61) Humongous regions: 8->8
[2020-06-29T01:53:09.518-0530][2662.171s] GC(61) Metaspace: 61323K->61323K(1105920K)
[2020-06-29T01:53:09.518-0530][2662.171s] GC(61) Pause Young (Normal) (G1 Evacuation Pause) 373M->75M(512M) 5.915ms
[2020-06-29T01:53:09.519-0530][2662.171s] GC(61) User=0.02s Sys=0.00s Real=0.00s
[2020-06-29T01:53:12.920-0530][2665.572s] GC(62) Pause Young (Normal) (G1 Evacuation Pause)
[2020-06-29T01:53:12.920-0530][2665.572s] GC(62) Using 4 workers of 4 for evacuation
[2020-06-29T01:53:12.929-0530][2665.582s] GC(62)   Pre Evacuate Collection Set: 0.0ms
[2020-06-29T01:53:12.929-0530][2665.582s] GC(62)   Evacuate Collection Set: 8.7ms
[2020-06-29T01:53:12.929-0530][2665.582s] GC(62)   Post Evacuate Collection Set: 0.4ms
[2020-06-29T01:53:12.929-0530][2665.582s] GC(62)   Other: 0.4ms
[2020-06-29T01:53:12.929-0530][2665.582s] GC(62) Eden regions: 298->0(294)
[2020-06-29T01:53:12.929-0530][2665.582s] GC(62) Survivor regions: 9->13(39)
[2020-06-29T01:53:12.929-0530][2665.582s] GC(62) Old regions: 59->59
[2020-06-29T01:53:12.929-0530][2665.582s] GC(62) Humongous regions: 8->8
[2020-06-29T01:53:12.929-0530][2665.582s] GC(62) Metaspace: 61323K->61323K(1105920K)
[2020-06-29T01:53:12.930-0530][2665.582s] GC(62) Pause Young (Normal) (G1 Evacuation Pause) 373M->79M(512M) 9.565ms
[2020-06-29T01:53:12.930-0530][2665.582s] GC(62) User=0.02s Sys=0.00s Real=0.01s
[2020-06-29T01:53:15.799-0530][2668.451s] GC(63) Pause Young (Normal) (G1 Evacuation Pause)
[2020-06-29T01:53:15.799-0530][2668.451s] GC(63) Using 4 workers of 4 for evacuation
[2020-06-29T01:53:15.805-0530][2668.458s] GC(63)   Pre Evacuate Collection Set: 0.0ms
[2020-06-29T01:53:15.805-0530][2668.458s] GC(63)   Evacuate Collection Set: 5.7ms
[2020-06-29T01:53:15.805-0530][2668.458s] GC(63)   Post Evacuate Collection Set: 0.8ms
[2020-06-29T01:53:15.805-0530][2668.458s] GC(63)   Other: 0.3ms
[2020-06-29T01:53:15.806-0530][2668.458s] GC(63) Eden regions: 294->0(297)
[2020-06-29T01:53:15.806-0530][2668.458s] GC(63) Survivor regions: 13->10(39)
[2020-06-29T01:53:15.806-0530][2668.458s] GC(63) Old regions: 59->60
[2020-06-29T01:53:15.806-0530][2668.458s] GC(63) Humongous regions: 8->8
[2020-06-29T01:53:15.806-0530][2668.458s] GC(63) Metaspace: 61328K->61328K(1105920K)
[2020-06-29T01:53:15.806-0530][2668.458s] GC(63) Pause Young (Normal) (G1 Evacuation Pause) 373M->77M(512M) 7.023ms
[2020-06-29T01:53:15.806-0530][2668.458s] GC(63) User=0.02s Sys=0.00s Real=0.01s
[2020-06-29T01:53:23.212-0530][2675.865s] GC(64) Pause Young (Normal) (G1 Evacuation Pause)
[2020-06-29T01:53:23.213-0530][2675.865s] GC(64) Using 4 workers of 4 for evacuation
[2020-06-29T01:53:23.221-0530][2675.874s] GC(64)   Pre Evacuate Collection Set: 0.0ms
[2020-06-29T01:53:23.222-0530][2675.874s] GC(64)   Evacuate Collection Set: 8.3ms
[2020-06-29T01:53:23.222-0530][2675.874s] GC(64)   Post Evacuate Collection Set: 0.4ms
[2020-06-29T01:53:23.222-0530][2675.874s] GC(64)   Other: 0.3ms
[2020-06-29T01:53:23.222-0530][2675.874s] GC(64) Eden regions: 297->0(292)
[2020-06-29T01:53:23.222-0530][2675.874s] GC(64) Survivor regions: 10->15(39)
[2020-06-29T01:53:23.222-0530][2675.874s] GC(64) Old regions: 60->60
[2020-06-29T01:53:23.222-0530][2675.874s] GC(64) Humongous regions: 8->8
[2020-06-29T01:53:23.222-0530][2675.874s] GC(64) Metaspace: 61331K->61331K(1105920K)
[2020-06-29T01:53:23.222-0530][2675.874s] GC(64) Pause Young (Normal) (G1 Evacuation Pause) 374M->82M(512M) 9.223ms
[2020-06-29T01:53:23.222-0530][2675.874s] GC(64) User=0.02s Sys=0.00s Real=0.01s
[2020-06-29T01:53:27.508-0530][2680.160s] GC(65) Pause Young (Normal) (G1 Evacuation Pause)
[2020-06-29T01:53:27.508-0530][2680.160s] GC(65) Using 4 workers of 4 for evacuation
[2020-06-29T01:53:27.514-0530][2680.166s] GC(65)   Pre Evacuate Collection Set: 0.0ms
[2020-06-29T01:53:27.514-0530][2680.166s] GC(65)   Evacuate Collection Set: 5.4ms
[2020-06-29T01:53:27.514-0530][2680.166s] GC(65)   Post Evacuate Collection Set: 1.0ms
[2020-06-29T01:53:27.514-0530][2680.166s] GC(65)   Other: 0.3ms
[2020-06-29T01:53:27.515-0530][2680.167s] GC(65) Eden regions: 292->0(299)
[2020-06-29T01:53:27.515-0530][2680.167s] GC(65) Survivor regions: 15->8(39)
[2020-06-29T01:53:27.515-0530][2680.167s] GC(65) Old regions: 60->60
[2020-06-29T01:53:27.515-0530][2680.167s] GC(65) Humongous regions: 8->8
[2020-06-29T01:53:27.515-0530][2680.167s] GC(65) Metaspace: 61344K->61344K(1105920K)
[2020-06-29T01:53:27.515-0530][2680.167s] GC(65) Pause Young (Normal) (G1 Evacuation Pause) 374M->74M(512M) 6.908ms
[2020-06-29T01:53:27.515-0530][2680.167s] GC(65) User=0.02s Sys=0.00s Real=0.01s
[2020-06-29T01:53:35.702-0530][2688.354s] GC(66) Pause Young (Normal) (G1 Evacuation Pause)
[2020-06-29T01:53:35.702-0530][2688.354s] GC(66) Using 4 workers of 4 for evacuation
[2020-06-29T01:53:35.708-0530][2688.360s] GC(66)   Pre Evacuate Collection Set: 0.0ms
[2020-06-29T01:53:35.708-0530][2688.360s] GC(66)   Evacuate Collection Set: 4.8ms
[2020-06-29T01:53:35.708-0530][2688.360s] GC(66)   Post Evacuate Collection Set: 0.7ms
[2020-06-29T01:53:35.708-0530][2688.360s] GC(66)   Other: 0.3ms
[2020-06-29T01:53:35.708-0530][2688.360s] GC(66) Eden regions: 299->0(301)
[2020-06-29T01:53:35.708-0530][2688.360s] GC(66) Survivor regions: 8->6(39)
[2020-06-29T01:53:35.708-0530][2688.360s] GC(66) Old regions: 60->60
[2020-06-29T01:53:35.708-0530][2688.360s] GC(66) Humongous regions: 8->8
[2020-06-29T01:53:35.708-0530][2688.360s] GC(66) Metaspace: 61362K->61362K(1105920K)
[2020-06-29T01:53:35.709-0530][2688.360s] GC(66) Pause Young (Normal) (G1 Evacuation Pause) 373M->73M(512M) 6.073ms
[2020-06-29T01:53:35.709-0530][2688.360s] GC(66) User=0.02s Sys=0.00s Real=0.00s
[2020-06-29T01:53:40.761-0530][2693.412s] GC(67) Pause Young (Normal) (G1 Evacuation Pause)
[2020-06-29T01:53:40.761-0530][2693.412s] GC(67) Using 4 workers of 4 for evacuation
[2020-06-29T01:53:40.777-0530][2693.429s] GC(67)   Pre Evacuate Collection Set: 0.0ms
[2020-06-29T01:53:40.777-0530][2693.429s] GC(67)   Evacuate Collection Set: 16.1ms
[2020-06-29T01:53:40.777-0530][2693.429s] GC(67)   Post Evacuate Collection Set: 0.4ms
[2020-06-29T01:53:40.778-0530][2693.429s] GC(67)   Other: 0.3ms
[2020-06-29T01:53:40.778-0530][2693.429s] GC(67) Eden regions: 301->0(298)
[2020-06-29T01:53:40.778-0530][2693.429s] GC(67) Survivor regions: 6->9(39)
[2020-06-29T01:53:40.778-0530][2693.429s] GC(67) Old regions: 60->60
[2020-06-29T01:53:40.778-0530][2693.429s] GC(67) Humongous regions: 8->8
[2020-06-29T01:53:40.778-0530][2693.429s] GC(67) Metaspace: 61401K->61401K(1105920K)
[2020-06-29T01:53:40.778-0530][2693.429s] GC(67) Pause Young (Normal) (G1 Evacuation Pause) 374M->76M(512M) 16.947ms
[2020-06-29T01:53:40.778-0530][2693.429s] GC(67) User=0.04s Sys=0.00s Real=0.01s
[2020-06-29T01:53:45.830-0530][2698.482s] GC(68) Pause Young (Normal) (G1 Evacuation Pause)
[2020-06-29T01:53:45.830-0530][2698.482s] GC(68) Using 4 workers of 4 for evacuation
[2020-06-29T01:53:45.837-0530][2698.489s] GC(68)   Pre Evacuate Collection Set: 0.0ms
[2020-06-29T01:53:45.837-0530][2698.489s] GC(68)   Evacuate Collection Set: 6.3ms
[2020-06-29T01:53:45.837-0530][2698.489s] GC(68)   Post Evacuate Collection Set: 0.4ms
[2020-06-29T01:53:45.838-0530][2698.489s] GC(68)   Other: 0.3ms
[2020-06-29T01:53:45.838-0530][2698.489s] GC(68) Eden regions: 298->0(298)
[2020-06-29T01:53:45.838-0530][2698.489s] GC(68) Survivor regions: 9->9(39)
[2020-06-29T01:53:45.838-0530][2698.489s] GC(68) Old regions: 60->60
[2020-06-29T01:53:45.838-0530][2698.489s] GC(68) Humongous regions: 8->8
[2020-06-29T01:53:45.838-0530][2698.489s] GC(68) Metaspace: 61568K->61568K(1105920K)
[2020-06-29T01:53:45.838-0530][2698.489s] GC(68) Pause Young (Normal) (G1 Evacuation Pause) 374M->76M(512M) 7.202ms
[2020-06-29T01:53:45.838-0530][2698.489s] GC(68) User=0.02s Sys=0.00s Real=0.00s
[2020-06-29T01:53:53.687-0530][2706.338s] GC(69) Pause Young (Normal) (G1 Evacuation Pause)
[2020-06-29T01:53:53.687-0530][2706.338s] GC(69) Using 4 workers of 4 for evacuation
[2020-06-29T01:53:53.694-0530][2706.345s] GC(69)   Pre Evacuate Collection Set: 0.0ms
[2020-06-29T01:53:53.694-0530][2706.346s] GC(69)   Evacuate Collection Set: 6.9ms
[2020-06-29T01:53:53.694-0530][2706.346s] GC(69)   Post Evacuate Collection Set: 0.4ms
[2020-06-29T01:53:53.694-0530][2706.346s] GC(69)   Other: 0.3ms
[2020-06-29T01:53:53.694-0530][2706.346s] GC(69) Eden regions: 298->0(294)
[2020-06-29T01:53:53.694-0530][2706.346s] GC(69) Survivor regions: 9->13(39)
[2020-06-29T01:53:53.694-0530][2706.346s] GC(69) Old regions: 60->60
[2020-06-29T01:53:53.694-0530][2706.346s] GC(69) Humongous regions: 8->8
[2020-06-29T01:53:53.694-0530][2706.346s] GC(69) Metaspace: 61573K->61573K(1105920K)
[2020-06-29T01:53:53.694-0530][2706.346s] GC(69) Pause Young (Normal) (G1 Evacuation Pause) 374M->80M(512M) 7.824ms
[2020-06-29T01:53:53.694-0530][2706.346s] GC(69) User=0.03s Sys=0.00s Real=0.01s
[2020-06-29T01:54:01.838-0530][2714.489s] GC(70) Pause Young (Normal) (G1 Evacuation Pause)
[2020-06-29T01:54:01.838-0530][2714.489s] GC(70) Using 4 workers of 4 for evacuation
[2020-06-29T01:54:01.846-0530][2714.497s] GC(70)   Pre Evacuate Collection Set: 0.0ms
[2020-06-29T01:54:01.846-0530][2714.497s] GC(70)   Evacuate Collection Set: 6.7ms
[2020-06-29T01:54:01.846-0530][2714.497s] GC(70)   Post Evacuate Collection Set: 0.6ms
[2020-06-29T01:54:01.846-0530][2714.497s] GC(70)   Other: 0.2ms
[2020-06-29T01:54:01.846-0530][2714.497s] GC(70) Eden regions: 294->0(299)
[2020-06-29T01:54:01.846-0530][2714.497s] GC(70) Survivor regions: 13->8(39)
[2020-06-29T01:54:01.846-0530][2714.497s] GC(70) Old regions: 60->60
[2020-06-29T01:54:01.846-0530][2714.497s] GC(70) Humongous regions: 8->8
[2020-06-29T01:54:01.846-0530][2714.497s] GC(70) Metaspace: 61586K->61586K(1105920K)
[2020-06-29T01:54:01.846-0530][2714.497s] GC(70) Pause Young (Normal) (G1 Evacuation Pause) 374M->75M(512M) 7.713ms
[2020-06-29T01:54:01.846-0530][2714.497s] GC(70) User=0.03s Sys=0.00s Real=0.01s
[2020-06-29T01:54:07.890-0530][2720.541s] GC(71) Pause Young (Normal) (G1 Evacuation Pause)
[2020-06-29T01:54:07.890-0530][2720.541s] GC(71) Using 4 workers of 4 for evacuation
[2020-06-29T01:54:07.896-0530][2720.547s] GC(71)   Pre Evacuate Collection Set: 0.0ms
[2020-06-29T01:54:07.896-0530][2720.547s] GC(71)   Evacuate Collection Set: 5.4ms
[2020-06-29T01:54:07.896-0530][2720.547s] GC(71)   Post Evacuate Collection Set: 0.5ms
[2020-06-29T01:54:07.896-0530][2720.547s] GC(71)   Other: 0.3ms
[2020-06-29T01:54:07.896-0530][2720.547s] GC(71) Eden regions: 299->0(300)
[2020-06-29T01:54:07.896-0530][2720.547s] GC(71) Survivor regions: 8->7(39)
[2020-06-29T01:54:07.896-0530][2720.547s] GC(71) Old regions: 60->60
[2020-06-29T01:54:07.896-0530][2720.547s] GC(71) Humongous regions: 8->8
[2020-06-29T01:54:07.896-0530][2720.547s] GC(71) Metaspace: 61590K->61590K(1105920K)
[2020-06-29T01:54:07.896-0530][2720.547s] GC(71) Pause Young (Normal) (G1 Evacuation Pause) 374M->74M(512M) 6.441ms
[2020-06-29T01:54:07.896-0530][2720.547s] GC(71) User=0.02s Sys=0.00s Real=0.00s
[2020-06-29T01:54:13.227-0530][2725.878s] GC(72) Pause Young (Normal) (G1 Evacuation Pause)
[2020-06-29T01:54:13.227-0530][2725.878s] GC(72) Using 4 workers of 4 for evacuation
[2020-06-29T01:54:13.233-0530][2725.883s] GC(72)   Pre Evacuate Collection Set: 0.0ms
[2020-06-29T01:54:13.233-0530][2725.883s] GC(72)   Evacuate Collection Set: 5.2ms
[2020-06-29T01:54:13.233-0530][2725.883s] GC(72)   Post Evacuate Collection Set: 0.4ms
[2020-06-29T01:54:13.233-0530][2725.883s] GC(72)   Other: 0.3ms
[2020-06-29T01:54:13.233-0530][2725.884s] GC(72) Eden regions: 300->0(295)
[2020-06-29T01:54:13.233-0530][2725.884s] GC(72) Survivor regions: 7->12(39)
[2020-06-29T01:54:13.233-0530][2725.884s] GC(72) Old regions: 60->60
[2020-06-29T01:54:13.233-0530][2725.884s] GC(72) Humongous regions: 8->8
[2020-06-29T01:54:13.233-0530][2725.884s] GC(72) Metaspace: 61636K->61636K(1105920K)
[2020-06-29T01:54:13.233-0530][2725.884s] GC(72) Pause Young (Normal) (G1 Evacuation Pause) 374M->79M(512M) 5.982ms
[2020-06-29T01:54:13.233-0530][2725.884s] GC(72) User=0.03s Sys=0.00s Real=0.01s
[2020-06-29T01:54:19.765-0530][2732.416s] GC(73) Pause Young (Normal) (G1 Evacuation Pause)
[2020-06-29T01:54:19.766-0530][2732.416s] GC(73) Using 4 workers of 4 for evacuation
[2020-06-29T01:54:19.782-0530][2732.433s] GC(73)   Pre Evacuate Collection Set: 0.0ms
[2020-06-29T01:54:19.782-0530][2732.433s] GC(73)   Evacuate Collection Set: 15.8ms
[2020-06-29T01:54:19.782-0530][2732.433s] GC(73)   Post Evacuate Collection Set: 0.7ms
[2020-06-29T01:54:19.782-0530][2732.433s] GC(73)   Other: 0.3ms
[2020-06-29T01:54:19.782-0530][2732.433s] GC(73) Eden regions: 295->0(296)
[2020-06-29T01:54:19.782-0530][2732.433s] GC(73) Survivor regions: 12->11(39)
[2020-06-29T01:54:19.782-0530][2732.433s] GC(73) Old regions: 60->60
[2020-06-29T01:54:19.782-0530][2732.433s] GC(73) Humongous regions: 8->8
[2020-06-29T01:54:19.782-0530][2732.433s] GC(73) Metaspace: 61642K->61642K(1105920K)
[2020-06-29T01:54:19.782-0530][2732.433s] GC(73) Pause Young (Normal) (G1 Evacuation Pause) 374M->78M(512M) 16.947ms
[2020-06-29T01:54:19.782-0530][2732.433s] GC(73) User=0.03s Sys=0.00s Real=0.02s
[2020-06-29T01:54:25.320-0530][2737.970s] GC(74) Pause Young (Normal) (G1 Evacuation Pause)
[2020-06-29T01:54:25.320-0530][2737.970s] GC(74) Using 4 workers of 4 for evacuation
[2020-06-29T01:54:25.326-0530][2737.977s] GC(74)   Pre Evacuate Collection Set: 0.0ms
[2020-06-29T01:54:25.326-0530][2737.977s] GC(74)   Evacuate Collection Set: 5.4ms
[2020-06-29T01:54:25.326-0530][2737.977s] GC(74)   Post Evacuate Collection Set: 0.6ms
[2020-06-29T01:54:25.326-0530][2737.977s] GC(74)   Other: 0.3ms
[2020-06-29T01:54:25.326-0530][2737.977s] GC(74) Eden regions: 296->0(299)
[2020-06-29T01:54:25.326-0530][2737.977s] GC(74) Survivor regions: 11->8(39)
[2020-06-29T01:54:25.326-0530][2737.977s] GC(74) Old regions: 60->60
[2020-06-29T01:54:25.326-0530][2737.977s] GC(74) Humongous regions: 8->8
[2020-06-29T01:54:25.326-0530][2737.977s] GC(74) Metaspace: 61651K->61651K(1105920K)
[2020-06-29T01:54:25.326-0530][2737.977s] GC(74) Pause Young (Normal) (G1 Evacuation Pause) 374M->75M(512M) 6.579ms
[2020-06-29T01:54:25.326-0530][2737.977s] GC(74) User=0.01s Sys=0.00s Real=0.00s
[2020-06-29T01:54:29.278-0530][2741.929s] GC(75) Pause Young (Normal) (G1 Evacuation Pause)
[2020-06-29T01:54:29.278-0530][2741.929s] GC(75) Using 4 workers of 4 for evacuation
[2020-06-29T01:54:29.285-0530][2741.936s] GC(75)   Pre Evacuate Collection Set: 0.0ms
[2020-06-29T01:54:29.285-0530][2741.936s] GC(75)   Evacuate Collection Set: 6.2ms
[2020-06-29T01:54:29.285-0530][2741.936s] GC(75)   Post Evacuate Collection Set: 0.6ms
[2020-06-29T01:54:29.285-0530][2741.936s] GC(75)   Other: 0.3ms
[2020-06-29T01:54:29.285-0530][2741.936s] GC(75) Eden regions: 299->0(296)
[2020-06-29T01:54:29.285-0530][2741.936s] GC(75) Survivor regions: 8->11(39)
[2020-06-29T01:54:29.286-0530][2741.936s] GC(75) Old regions: 60->60
[2020-06-29T01:54:29.286-0530][2741.936s] GC(75) Humongous regions: 8->8
[2020-06-29T01:54:29.286-0530][2741.936s] GC(75) Metaspace: 61651K->61651K(1105920K)
[2020-06-29T01:54:29.286-0530][2741.936s] GC(75) Pause Young (Normal) (G1 Evacuation Pause) 374M->77M(512M) 7.262ms
[2020-06-29T01:54:29.286-0530][2741.936s] GC(75) User=0.03s Sys=0.00s Real=0.01s
[2020-06-29T01:54:34.833-0530][2747.483s] GC(76) Pause Young (Normal) (G1 Evacuation Pause)
[2020-06-29T01:54:34.833-0530][2747.483s] GC(76) Using 4 workers of 4 for evacuation
[2020-06-29T01:54:34.839-0530][2747.490s] GC(76)   Pre Evacuate Collection Set: 0.0ms
[2020-06-29T01:54:34.840-0530][2747.490s] GC(76)   Evacuate Collection Set: 6.2ms
[2020-06-29T01:54:34.840-0530][2747.490s] GC(76)   Post Evacuate Collection Set: 0.5ms
[2020-06-29T01:54:34.840-0530][2747.490s] GC(76)   Other: 0.3ms
[2020-06-29T01:54:34.840-0530][2747.490s] GC(76) Eden regions: 296->0(298)
[2020-06-29T01:54:34.840-0530][2747.490s] GC(76) Survivor regions: 11->9(39)
[2020-06-29T01:54:34.840-0530][2747.490s] GC(76) Old regions: 60->60
[2020-06-29T01:54:34.840-0530][2747.490s] GC(76) Humongous regions: 8->8
[2020-06-29T01:54:34.840-0530][2747.490s] GC(76) Metaspace: 61651K->61651K(1105920K)
[2020-06-29T01:54:34.840-0530][2747.490s] GC(76) Pause Young (Normal) (G1 Evacuation Pause) 373M->76M(512M) 7.213ms
[2020-06-29T01:54:34.840-0530][2747.490s] GC(76) User=0.03s Sys=0.00s Real=0.01s
[2020-06-29T01:54:41.212-0530][2753.862s] GC(77) Pause Young (Normal) (G1 Evacuation Pause)
[2020-06-29T01:54:41.212-0530][2753.862s] GC(77) Using 4 workers of 4 for evacuation
[2020-06-29T01:54:41.218-0530][2753.868s] GC(77)   Pre Evacuate Collection Set: 0.0ms
[2020-06-29T01:54:41.218-0530][2753.868s] GC(77)   Evacuate Collection Set: 4.9ms
[2020-06-29T01:54:41.218-0530][2753.868s] GC(77)   Post Evacuate Collection Set: 0.5ms
[2020-06-29T01:54:41.218-0530][2753.868s] GC(77)   Other: 0.3ms
[2020-06-29T01:54:41.218-0530][2753.868s] GC(77) Eden regions: 298->0(300)
[2020-06-29T01:54:41.218-0530][2753.868s] GC(77) Survivor regions: 9->7(39)
[2020-06-29T01:54:41.218-0530][2753.868s] GC(77) Old regions: 60->60
[2020-06-29T01:54:41.218-0530][2753.868s] GC(77) Humongous regions: 8->8
[2020-06-29T01:54:41.218-0530][2753.868s] GC(77) Metaspace: 61661K->61661K(1105920K)
[2020-06-29T01:54:41.218-0530][2753.868s] GC(77) Pause Young (Normal) (G1 Evacuation Pause) 374M->74M(512M) 5.991ms
[2020-06-29T01:54:41.218-0530][2753.868s] GC(77) User=0.02s Sys=0.00s Real=0.00s
[2020-06-29T01:54:46.102-0530][2758.752s] GC(78) Pause Young (Normal) (G1 Evacuation Pause)
[2020-06-29T01:54:46.102-0530][2758.752s] GC(78) Using 4 workers of 4 for evacuation
[2020-06-29T01:54:46.109-0530][2758.759s] GC(78)   Pre Evacuate Collection Set: 0.0ms
[2020-06-29T01:54:46.109-0530][2758.759s] GC(78)   Evacuate Collection Set: 5.9ms
[2020-06-29T01:54:46.109-0530][2758.759s] GC(78)   Post Evacuate Collection Set: 0.4ms
[2020-06-29T01:54:46.109-0530][2758.759s] GC(78)   Other: 0.3ms
[2020-06-29T01:54:46.109-0530][2758.759s] GC(78) Eden regions: 300->0(297)
[2020-06-29T01:54:46.109-0530][2758.759s] GC(78) Survivor regions: 7->10(39)
[2020-06-29T01:54:46.109-0530][2758.759s] GC(78) Old regions: 60->60
[2020-06-29T01:54:46.109-0530][2758.759s] GC(78) Humongous regions: 8->8
[2020-06-29T01:54:46.109-0530][2758.759s] GC(78) Metaspace: 61669K->61669K(1105920K)
[2020-06-29T01:54:46.109-0530][2758.759s] GC(78) Pause Young (Normal) (G1 Evacuation Pause) 374M->77M(512M) 6.839ms
[2020-06-29T01:54:46.109-0530][2758.759s] GC(78) User=0.03s Sys=0.00s Real=0.00s
[2020-06-29T01:54:53.562-0530][2766.212s] GC(79) Pause Young (Normal) (G1 Evacuation Pause)
[2020-06-29T01:54:53.562-0530][2766.212s] GC(79) Using 4 workers of 4 for evacuation
[2020-06-29T01:54:53.570-0530][2766.220s] GC(79)   Pre Evacuate Collection Set: 0.0ms
[2020-06-29T01:54:53.570-0530][2766.220s] GC(79)   Evacuate Collection Set: 7.3ms
[2020-06-29T01:54:53.570-0530][2766.220s] GC(79)   Post Evacuate Collection Set: 0.4ms
[2020-06-29T01:54:53.570-0530][2766.220s] GC(79)   Other: 0.3ms
[2020-06-29T01:54:53.570-0530][2766.220s] GC(79) Eden regions: 297->0(293)
[2020-06-29T01:54:53.570-0530][2766.220s] GC(79) Survivor regions: 10->14(39)
[2020-06-29T01:54:53.570-0530][2766.220s] GC(79) Old regions: 60->60
[2020-06-29T01:54:53.570-0530][2766.220s] GC(79) Humongous regions: 8->8
[2020-06-29T01:54:53.570-0530][2766.220s] GC(79) Metaspace: 61671K->61671K(1105920K)
[2020-06-29T01:54:53.570-0530][2766.220s] GC(79) Pause Young (Normal) (G1 Evacuation Pause) 374M->81M(512M) 8.382ms
[2020-06-29T01:54:53.570-0530][2766.220s] GC(79) User=0.03s Sys=0.00s Real=0.01s
[2020-06-29T01:54:57.417-0530][2770.067s] GC(80) Pause Young (Normal) (G1 Evacuation Pause)
[2020-06-29T01:54:57.417-0530][2770.067s] GC(80) Using 4 workers of 4 for evacuation
[2020-06-29T01:54:57.423-0530][2770.073s] GC(80)   Pre Evacuate Collection Set: 0.0ms
[2020-06-29T01:54:57.423-0530][2770.073s] GC(80)   Evacuate Collection Set: 5.5ms
[2020-06-29T01:54:57.424-0530][2770.073s] GC(80)   Post Evacuate Collection Set: 0.4ms
[2020-06-29T01:54:57.424-0530][2770.073s] GC(80)   Other: 0.3ms
[2020-06-29T01:54:57.424-0530][2770.073s] GC(80) Eden regions: 293->0(299)
[2020-06-29T01:54:57.424-0530][2770.073s] GC(80) Survivor regions: 14->8(39)
[2020-06-29T01:54:57.424-0530][2770.073s] GC(80) Old regions: 60->60
[2020-06-29T01:54:57.424-0530][2770.073s] GC(80) Humongous regions: 8->8
[2020-06-29T01:54:57.424-0530][2770.073s] GC(80) Metaspace: 61680K->61680K(1105920K)
[2020-06-29T01:54:57.424-0530][2770.073s] GC(80) Pause Young (Normal) (G1 Evacuation Pause) 374M->75M(512M) 6.391ms
[2020-06-29T01:54:57.424-0530][2770.074s] GC(80) User=0.02s Sys=0.00s Real=0.01s
[2020-06-29T01:55:03.697-0530][2776.346s] GC(81) Pause Young (Normal) (G1 Evacuation Pause)
[2020-06-29T01:55:03.697-0530][2776.346s] GC(81) Using 4 workers of 4 for evacuation
[2020-06-29T01:55:03.707-0530][2776.356s] GC(81)   Pre Evacuate Collection Set: 0.0ms
[2020-06-29T01:55:03.707-0530][2776.356s] GC(81)   Evacuate Collection Set: 9.5ms
[2020-06-29T01:55:03.707-0530][2776.356s] GC(81)   Post Evacuate Collection Set: 0.3ms
[2020-06-29T01:55:03.707-0530][2776.356s] GC(81)   Other: 0.2ms
[2020-06-29T01:55:03.707-0530][2776.356s] GC(81) Eden regions: 299->0(294)
[2020-06-29T01:55:03.707-0530][2776.356s] GC(81) Survivor regions: 8->13(39)
[2020-06-29T01:55:03.707-0530][2776.356s] GC(81) Old regions: 60->61
[2020-06-29T01:55:03.707-0530][2776.356s] GC(81) Humongous regions: 8->8
[2020-06-29T01:55:03.707-0530][2776.356s] GC(81) Metaspace: 61680K->61680K(1105920K)
[2020-06-29T01:55:03.707-0530][2776.356s] GC(81) Pause Young (Normal) (G1 Evacuation Pause) 374M->81M(512M) 10.246ms
[2020-06-29T01:55:03.707-0530][2776.356s] GC(81) User=0.03s Sys=0.00s Real=0.01s
[2020-06-29T01:55:08.732-0530][2781.381s] GC(82) Pause Young (Normal) (G1 Evacuation Pause)
[2020-06-29T01:55:08.732-0530][2781.381s] GC(82) Using 4 workers of 4 for evacuation
[2020-06-29T01:55:08.737-0530][2781.386s] GC(82)   Pre Evacuate Collection Set: 0.0ms
[2020-06-29T01:55:08.737-0530][2781.386s] GC(82)   Evacuate Collection Set: 4.2ms
[2020-06-29T01:55:08.737-0530][2781.386s] GC(82)   Post Evacuate Collection Set: 0.4ms
[2020-06-29T01:55:08.737-0530][2781.386s] GC(82)   Other: 0.3ms
[2020-06-29T01:55:08.737-0530][2781.386s] GC(82) Eden regions: 294->0(302)
[2020-06-29T01:55:08.737-0530][2781.386s] GC(82) Survivor regions: 13->5(39)
[2020-06-29T01:55:08.737-0530][2781.386s] GC(82) Old regions: 61->61
[2020-06-29T01:55:08.737-0530][2781.387s] GC(82) Humongous regions: 8->8
[2020-06-29T01:55:08.737-0530][2781.387s] GC(82) Metaspace: 61683K->61683K(1105920K)
[2020-06-29T01:55:08.737-0530][2781.387s] GC(82) Pause Young (Normal) (G1 Evacuation Pause) 375M->72M(512M) 5.150ms
[2020-06-29T01:55:08.737-0530][2781.387s] GC(82) User=0.02s Sys=0.00s Real=0.00s
[2020-06-29T01:55:13.159-0530][2785.809s] GC(83) Pause Young (Normal) (G1 Evacuation Pause)
[2020-06-29T01:55:13.159-0530][2785.809s] GC(83) Using 4 workers of 4 for evacuation
[2020-06-29T01:55:13.166-0530][2785.815s] GC(83)   Pre Evacuate Collection Set: 0.0ms
[2020-06-29T01:55:13.166-0530][2785.815s] GC(83)   Evacuate Collection Set: 5.7ms
[2020-06-29T01:55:13.166-0530][2785.815s] GC(83)   Post Evacuate Collection Set: 0.4ms
[2020-06-29T01:55:13.166-0530][2785.815s] GC(83)   Other: 0.3ms
[2020-06-29T01:55:13.166-0530][2785.815s] GC(83) Eden regions: 302->0(300)
[2020-06-29T01:55:13.166-0530][2785.815s] GC(83) Survivor regions: 5->7(39)
[2020-06-29T01:55:13.166-0530][2785.815s] GC(83) Old regions: 61->61
[2020-06-29T01:55:13.166-0530][2785.815s] GC(83) Humongous regions: 8->8
[2020-06-29T01:55:13.166-0530][2785.815s] GC(83) Metaspace: 61685K->61685K(1105920K)
[2020-06-29T01:55:13.166-0530][2785.815s] GC(83) Pause Young (Normal) (G1 Evacuation Pause) 374M->74M(512M) 6.696ms
[2020-06-29T01:55:13.166-0530][2785.816s] GC(83) User=0.02s Sys=0.00s Real=0.01s
[2020-06-29T01:55:19.602-0530][2792.252s] GC(84) Pause Young (Normal) (G1 Evacuation Pause)
[2020-06-29T01:55:19.602-0530][2792.252s] GC(84) Using 4 workers of 4 for evacuation
[2020-06-29T01:55:19.609-0530][2792.258s] GC(84)   Pre Evacuate Collection Set: 0.0ms
[2020-06-29T01:55:19.609-0530][2792.258s] GC(84)   Evacuate Collection Set: 6.0ms
[2020-06-29T01:55:19.609-0530][2792.258s] GC(84)   Post Evacuate Collection Set: 0.4ms
[2020-06-29T01:55:19.609-0530][2792.258s] GC(84)   Other: 0.3ms
[2020-06-29T01:55:19.609-0530][2792.258s] GC(84) Eden regions: 300->0(300)
[2020-06-29T01:55:19.609-0530][2792.258s] GC(84) Survivor regions: 7->7(39)
[2020-06-29T01:55:19.609-0530][2792.258s] GC(84) Old regions: 61->61
[2020-06-29T01:55:19.609-0530][2792.258s] GC(84) Humongous regions: 8->8
[2020-06-29T01:55:19.609-0530][2792.258s] GC(84) Metaspace: 61686K->61686K(1105920K)
[2020-06-29T01:55:19.609-0530][2792.258s] GC(84) Pause Young (Normal) (G1 Evacuation Pause) 374M->75M(512M) 6.903ms
[2020-06-29T01:55:19.609-0530][2792.258s] GC(84) User=0.03s Sys=0.00s Real=0.00s
[2020-06-29T01:55:24.460-0530][2797.109s] GC(85) Pause Young (Normal) (G1 Evacuation Pause)
[2020-06-29T01:55:24.460-0530][2797.109s] GC(85) Using 4 workers of 4 for evacuation
[2020-06-29T01:55:24.467-0530][2797.116s] GC(85)   Pre Evacuate Collection Set: 0.0ms
[2020-06-29T01:55:24.467-0530][2797.116s] GC(85)   Evacuate Collection Set: 6.4ms
[2020-06-29T01:55:24.467-0530][2797.116s] GC(85)   Post Evacuate Collection Set: 0.4ms
[2020-06-29T01:55:24.467-0530][2797.116s] GC(85)   Other: 0.3ms
[2020-06-29T01:55:24.467-0530][2797.116s] GC(85) Eden regions: 300->0(301)
[2020-06-29T01:55:24.467-0530][2797.116s] GC(85) Survivor regions: 7->6(39)
[2020-06-29T01:55:24.467-0530][2797.116s] GC(85) Old regions: 61->61
[2020-06-29T01:55:24.467-0530][2797.116s] GC(85) Humongous regions: 8->8
[2020-06-29T01:55:24.467-0530][2797.116s] GC(85) Metaspace: 61694K->61694K(1105920K)
[2020-06-29T01:55:24.467-0530][2797.116s] GC(85) Pause Young (Normal) (G1 Evacuation Pause) 375M->73M(512M) 7.238ms
[2020-06-29T01:55:24.467-0530][2797.116s] GC(85) User=0.02s Sys=0.00s Real=0.00s
[2020-06-29T01:55:30.493-0530][2803.142s] GC(86) Pause Young (Normal) (G1 Evacuation Pause)
[2020-06-29T01:55:30.493-0530][2803.142s] GC(86) Using 4 workers of 4 for evacuation
[2020-06-29T01:55:30.501-0530][2803.150s] GC(86)   Pre Evacuate Collection Set: 0.0ms
[2020-06-29T01:55:30.501-0530][2803.150s] GC(86)   Evacuate Collection Set: 6.8ms
[2020-06-29T01:55:30.501-0530][2803.150s] GC(86)   Post Evacuate Collection Set: 0.5ms
[2020-06-29T01:55:30.501-0530][2803.150s] GC(86)   Other: 0.3ms
[2020-06-29T01:55:30.501-0530][2803.150s] GC(86) Eden regions: 301->0(297)
[2020-06-29T01:55:30.501-0530][2803.150s] GC(86) Survivor regions: 6->10(39)
[2020-06-29T01:55:30.501-0530][2803.150s] GC(86) Old regions: 61->61
[2020-06-29T01:55:30.501-0530][2803.150s] GC(86) Humongous regions: 8->8
[2020-06-29T01:55:30.501-0530][2803.150s] GC(86) Metaspace: 61695K->61695K(1105920K)
[2020-06-29T01:55:30.501-0530][2803.150s] GC(86) Pause Young (Normal) (G1 Evacuation Pause) 374M->77M(512M) 7.846ms
[2020-06-29T01:55:30.501-0530][2803.150s] GC(86) User=0.03s Sys=0.00s Real=0.01s
[2020-06-29T01:55:35.442-0530][2808.091s] GC(87) Pause Young (Normal) (G1 Evacuation Pause)
[2020-06-29T01:55:35.442-0530][2808.091s] GC(87) Using 4 workers of 4 for evacuation
[2020-06-29T01:55:35.448-0530][2808.097s] GC(87)   Pre Evacuate Collection Set: 0.0ms
[2020-06-29T01:55:35.448-0530][2808.097s] GC(87)   Evacuate Collection Set: 5.7ms
[2020-06-29T01:55:35.448-0530][2808.097s] GC(87)   Post Evacuate Collection Set: 0.4ms
[2020-06-29T01:55:35.449-0530][2808.097s] GC(87)   Other: 0.2ms
[2020-06-29T01:55:35.449-0530][2808.097s] GC(87) Eden regions: 297->0(300)
[2020-06-29T01:55:35.449-0530][2808.097s] GC(87) Survivor regions: 10->7(39)
[2020-06-29T01:55:35.449-0530][2808.097s] GC(87) Old regions: 61->61
[2020-06-29T01:55:35.449-0530][2808.097s] GC(87) Humongous regions: 8->8
[2020-06-29T01:55:35.449-0530][2808.097s] GC(87) Metaspace: 61697K->61697K(1105920K)
[2020-06-29T01:55:35.449-0530][2808.098s] GC(87) Pause Young (Normal) (G1 Evacuation Pause) 374M->75M(512M) 6.522ms
[2020-06-29T01:55:35.449-0530][2808.098s] GC(87) User=0.02s Sys=0.00s Real=0.00s
[2020-06-29T01:55:39.181-0530][2811.830s] GC(88) Pause Young (Normal) (G1 Evacuation Pause)
[2020-06-29T01:55:39.181-0530][2811.830s] GC(88) Using 4 workers of 4 for evacuation
[2020-06-29T01:55:39.188-0530][2811.837s] GC(88)   Pre Evacuate Collection Set: 0.0ms
[2020-06-29T01:55:39.188-0530][2811.837s] GC(88)   Evacuate Collection Set: 6.1ms
[2020-06-29T01:55:39.188-0530][2811.837s] GC(88)   Post Evacuate Collection Set: 0.5ms
[2020-06-29T01:55:39.188-0530][2811.837s] GC(88)   Other: 0.3ms
[2020-06-29T01:55:39.188-0530][2811.837s] GC(88) Eden regions: 300->0(301)
[2020-06-29T01:55:39.188-0530][2811.837s] GC(88) Survivor regions: 7->6(39)
[2020-06-29T01:55:39.188-0530][2811.837s] GC(88) Old regions: 61->61
[2020-06-29T01:55:39.188-0530][2811.837s] GC(88) Humongous regions: 8->8
[2020-06-29T01:55:39.188-0530][2811.837s] GC(88) Metaspace: 61697K->61697K(1105920K)
[2020-06-29T01:55:39.188-0530][2811.837s] GC(88) Pause Young (Normal) (G1 Evacuation Pause) 375M->74M(512M) 7.141ms
[2020-06-29T01:55:39.188-0530][2811.837s] GC(88) User=0.02s Sys=0.00s Real=0.00s
[2020-06-29T01:55:43.337-0530][2815.986s] GC(89) Pause Young (Normal) (G1 Evacuation Pause)
[2020-06-29T01:55:43.337-0530][2815.986s] GC(89) Using 4 workers of 4 for evacuation
[2020-06-29T01:55:43.345-0530][2815.994s] GC(89)   Pre Evacuate Collection Set: 0.0ms
[2020-06-29T01:55:43.345-0530][2815.994s] GC(89)   Evacuate Collection Set: 7.0ms
[2020-06-29T01:55:43.345-0530][2815.994s] GC(89)   Post Evacuate Collection Set: 0.4ms
[2020-06-29T01:55:43.345-0530][2815.994s] GC(89)   Other: 0.3ms
[2020-06-29T01:55:43.345-0530][2815.994s] GC(89) Eden regions: 301->0(296)
[2020-06-29T01:55:43.345-0530][2815.994s] GC(89) Survivor regions: 6->11(39)
[2020-06-29T01:55:43.345-0530][2815.994s] GC(89) Old regions: 61->61
[2020-06-29T01:55:43.345-0530][2815.994s] GC(89) Humongous regions: 8->8
[2020-06-29T01:55:43.345-0530][2815.994s] GC(89) Metaspace: 61703K->61703K(1105920K)
[2020-06-29T01:55:43.345-0530][2815.994s] GC(89) Pause Young (Normal) (G1 Evacuation Pause) 375M->78M(512M) 7.813ms
[2020-06-29T01:55:43.345-0530][2815.994s] GC(89) User=0.03s Sys=0.00s Real=0.01s
[2020-06-29T01:55:47.308-0530][2819.957s] GC(90) Pause Young (Normal) (G1 Evacuation Pause)
[2020-06-29T01:55:47.308-0530][2819.957s] GC(90) Using 4 workers of 4 for evacuation
[2020-06-29T01:55:47.325-0530][2819.973s] GC(90)   Pre Evacuate Collection Set: 0.0ms
[2020-06-29T01:55:47.325-0530][2819.974s] GC(90)   Evacuate Collection Set: 15.8ms
[2020-06-29T01:55:47.325-0530][2819.974s] GC(90)   Post Evacuate Collection Set: 0.4ms
[2020-06-29T01:55:47.325-0530][2819.974s] GC(90)   Other: 0.3ms
[2020-06-29T01:55:47.325-0530][2819.974s] GC(90) Eden regions: 296->0(300)
[2020-06-29T01:55:47.325-0530][2819.974s] GC(90) Survivor regions: 11->7(39)
[2020-06-29T01:55:47.325-0530][2819.974s] GC(90) Old regions: 61->61
[2020-06-29T01:55:47.325-0530][2819.974s] GC(90) Humongous regions: 8->8
[2020-06-29T01:55:47.325-0530][2819.974s] GC(90) Metaspace: 61707K->61707K(1105920K)
[2020-06-29T01:55:47.325-0530][2819.974s] GC(90) Pause Young (Normal) (G1 Evacuation Pause) 374M->74M(512M) 16.682ms
[2020-06-29T01:55:47.325-0530][2819.974s] GC(90) User=0.03s Sys=0.00s Real=0.02s
[2020-06-29T01:55:51.693-0530][2824.342s] GC(91) Pause Young (Normal) (G1 Evacuation Pause)
[2020-06-29T01:55:51.693-0530][2824.342s] GC(91) Using 4 workers of 4 for evacuation
[2020-06-29T01:55:51.701-0530][2824.349s] GC(91)   Pre Evacuate Collection Set: 0.0ms
[2020-06-29T01:55:51.701-0530][2824.349s] GC(91)   Evacuate Collection Set: 6.8ms
[2020-06-29T01:55:51.701-0530][2824.349s] GC(91)   Post Evacuate Collection Set: 0.5ms
[2020-06-29T01:55:51.701-0530][2824.349s] GC(91)   Other: 0.4ms
[2020-06-29T01:55:51.701-0530][2824.349s] GC(91) Eden regions: 300->0(298)
[2020-06-29T01:55:51.701-0530][2824.349s] GC(91) Survivor regions: 7->9(39)
[2020-06-29T01:55:51.701-0530][2824.349s] GC(91) Old regions: 61->61
[2020-06-29T01:55:51.701-0530][2824.349s] GC(91) Humongous regions: 8->8
[2020-06-29T01:55:51.701-0530][2824.349s] GC(91) Metaspace: 61708K->61708K(1105920K)
[2020-06-29T01:55:51.701-0530][2824.349s] GC(91) Pause Young (Normal) (G1 Evacuation Pause) 374M->77M(512M) 7.914ms
[2020-06-29T01:55:51.701-0530][2824.349s] GC(91) User=0.02s Sys=0.00s Real=0.01s
[2020-06-29T01:55:56.045-0530][2828.694s] GC(92) Pause Young (Normal) (G1 Evacuation Pause)
[2020-06-29T01:55:56.045-0530][2828.694s] GC(92) Using 4 workers of 4 for evacuation
[2020-06-29T01:55:56.050-0530][2828.699s] GC(92)   Pre Evacuate Collection Set: 0.0ms
[2020-06-29T01:55:56.050-0530][2828.699s] GC(92)   Evacuate Collection Set: 4.2ms
[2020-06-29T01:55:56.050-0530][2828.699s] GC(92)   Post Evacuate Collection Set: 0.4ms
[2020-06-29T01:55:56.050-0530][2828.699s] GC(92)   Other: 0.3ms
[2020-06-29T01:55:56.050-0530][2828.699s] GC(92) Eden regions: 298->0(301)
[2020-06-29T01:55:56.050-0530][2828.699s] GC(92) Survivor regions: 9->6(39)
[2020-06-29T01:55:56.050-0530][2828.699s] GC(92) Old regions: 61->61
[2020-06-29T01:55:56.050-0530][2828.699s] GC(92) Humongous regions: 8->8
[2020-06-29T01:55:56.050-0530][2828.699s] GC(92) Metaspace: 61716K->61716K(1105920K)
[2020-06-29T01:55:56.050-0530][2828.699s] GC(92) Pause Young (Normal) (G1 Evacuation Pause) 375M->73M(512M) 5.140ms
[2020-06-29T01:55:56.051-0530][2828.699s] GC(92) User=0.02s Sys=0.00s Real=0.01s
[2020-06-29T01:56:03.298-0530][2835.946s] GC(93) Pause Young (Normal) (G1 Evacuation Pause)
[2020-06-29T01:56:03.298-0530][2835.946s] GC(93) Using 4 workers of 4 for evacuation
[2020-06-29T01:56:03.306-0530][2835.954s] GC(93)   Pre Evacuate Collection Set: 0.0ms
[2020-06-29T01:56:03.306-0530][2835.954s] GC(93)   Evacuate Collection Set: 6.7ms
[2020-06-29T01:56:03.306-0530][2835.954s] GC(93)   Post Evacuate Collection Set: 0.4ms
[2020-06-29T01:56:03.306-0530][2835.954s] GC(93)   Other: 0.3ms
[2020-06-29T01:56:03.306-0530][2835.954s] GC(93) Eden regions: 301->0(296)
[2020-06-29T01:56:03.306-0530][2835.954s] GC(93) Survivor regions: 6->11(39)
[2020-06-29T01:56:03.306-0530][2835.954s] GC(93) Old regions: 61->61
[2020-06-29T01:56:03.306-0530][2835.954s] GC(93) Humongous regions: 8->8
[2020-06-29T01:56:03.306-0530][2835.954s] GC(93) Metaspace: 61716K->61716K(1105920K)
[2020-06-29T01:56:03.306-0530][2835.954s] GC(93) Pause Young (Normal) (G1 Evacuation Pause) 374M->79M(512M) 7.500ms
[2020-06-29T01:56:03.306-0530][2835.954s] GC(93) User=0.02s Sys=0.00s Real=0.01s
[2020-06-29T01:56:08.266-0530][2840.914s] GC(94) Pause Young (Normal) (G1 Evacuation Pause)
[2020-06-29T01:56:08.266-0530][2840.914s] GC(94) Using 4 workers of 4 for evacuation
[2020-06-29T01:56:08.272-0530][2840.920s] GC(94)   Pre Evacuate Collection Set: 0.0ms
[2020-06-29T01:56:08.272-0530][2840.920s] GC(94)   Evacuate Collection Set: 5.4ms
[2020-06-29T01:56:08.272-0530][2840.920s] GC(94)   Post Evacuate Collection Set: 0.5ms
[2020-06-29T01:56:08.272-0530][2840.920s] GC(94)   Other: 0.3ms
[2020-06-29T01:56:08.272-0530][2840.920s] GC(94) Eden regions: 296->0(299)
[2020-06-29T01:56:08.272-0530][2840.920s] GC(94) Survivor regions: 11->8(39)
[2020-06-29T01:56:08.272-0530][2840.920s] GC(94) Old regions: 61->61
[2020-06-29T01:56:08.272-0530][2840.920s] GC(94) Humongous regions: 8->8
[2020-06-29T01:56:08.272-0530][2840.920s] GC(94) Metaspace: 61743K->61743K(1105920K)
[2020-06-29T01:56:08.272-0530][2840.920s] GC(94) Pause Young (Normal) (G1 Evacuation Pause) 375M->76M(512M) 6.497ms
[2020-06-29T01:56:08.272-0530][2840.920s] GC(94) User=0.02s Sys=0.00s Real=0.01s
[2020-06-29T01:56:13.171-0530][2845.819s] GC(95) Pause Young (Normal) (G1 Evacuation Pause)
[2020-06-29T01:56:13.171-0530][2845.819s] GC(95) Using 4 workers of 4 for evacuation
[2020-06-29T01:56:13.178-0530][2845.826s] GC(95)   Pre Evacuate Collection Set: 0.0ms
[2020-06-29T01:56:13.178-0530][2845.826s] GC(95)   Evacuate Collection Set: 6.3ms
[2020-06-29T01:56:13.178-0530][2845.826s] GC(95)   Post Evacuate Collection Set: 0.4ms
[2020-06-29T01:56:13.178-0530][2845.826s] GC(95)   Other: 0.3ms
[2020-06-29T01:56:13.178-0530][2845.826s] GC(95) Eden regions: 299->0(296)
[2020-06-29T01:56:13.178-0530][2845.826s] GC(95) Survivor regions: 8->11(39)
[2020-06-29T01:56:13.178-0530][2845.826s] GC(95) Old regions: 61->61
[2020-06-29T01:56:13.178-0530][2845.826s] GC(95) Humongous regions: 8->8
[2020-06-29T01:56:13.178-0530][2845.826s] GC(95) Metaspace: 61754K->61754K(1105920K)
[2020-06-29T01:56:13.178-0530][2845.826s] GC(95) Pause Young (Normal) (G1 Evacuation Pause) 375M->79M(512M) 7.136ms
[2020-06-29T01:56:13.178-0530][2845.826s] GC(95) User=0.02s Sys=0.00s Real=0.00s
[2020-06-29T01:56:16.396-0530][2849.043s] GC(96) Pause Young (Normal) (G1 Evacuation Pause)
[2020-06-29T01:56:16.396-0530][2849.043s] GC(96) Using 4 workers of 4 for evacuation
[2020-06-29T01:56:16.401-0530][2849.049s] GC(96)   Pre Evacuate Collection Set: 0.0ms
[2020-06-29T01:56:16.401-0530][2849.049s] GC(96)   Evacuate Collection Set: 5.1ms
[2020-06-29T01:56:16.401-0530][2849.049s] GC(96)   Post Evacuate Collection Set: 0.6ms
[2020-06-29T01:56:16.401-0530][2849.049s] GC(96)   Other: 0.3ms
[2020-06-29T01:56:16.402-0530][2849.049s] GC(96) Eden regions: 296->0(297)
[2020-06-29T01:56:16.402-0530][2849.049s] GC(96) Survivor regions: 11->10(39)
[2020-06-29T01:56:16.402-0530][2849.049s] GC(96) Old regions: 61->61
[2020-06-29T01:56:16.402-0530][2849.049s] GC(96) Humongous regions: 8->8
[2020-06-29T01:56:16.402-0530][2849.049s] GC(96) Metaspace: 61763K->61763K(1105920K)
[2020-06-29T01:56:16.402-0530][2849.049s] GC(96) Pause Young (Normal) (G1 Evacuation Pause) 375M->78M(512M) 6.041ms
[2020-06-29T01:56:16.402-0530][2849.049s] GC(96) User=0.02s Sys=0.00s Real=0.01s
[2020-06-29T01:56:23.657-0530][2856.305s] GC(97) Pause Young (Normal) (G1 Evacuation Pause)
[2020-06-29T01:56:23.657-0530][2856.305s] GC(97) Using 4 workers of 4 for evacuation
[2020-06-29T01:56:23.664-0530][2856.312s] GC(97)   Pre Evacuate Collection Set: 0.0ms
[2020-06-29T01:56:23.664-0530][2856.312s] GC(97)   Evacuate Collection Set: 6.3ms
[2020-06-29T01:56:23.664-0530][2856.312s] GC(97)   Post Evacuate Collection Set: 0.3ms
[2020-06-29T01:56:23.664-0530][2856.312s] GC(97)   Other: 0.2ms
[2020-06-29T01:56:23.664-0530][2856.312s] GC(97) Eden regions: 297->0(294)
[2020-06-29T01:56:23.664-0530][2856.312s] GC(97) Survivor regions: 10->13(39)
[2020-06-29T01:56:23.664-0530][2856.312s] GC(97) Old regions: 61->61
[2020-06-29T01:56:23.664-0530][2856.312s] GC(97) Humongous regions: 8->8
[2020-06-29T01:56:23.664-0530][2856.312s] GC(97) Metaspace: 61767K->61767K(1105920K)
[2020-06-29T01:56:23.664-0530][2856.312s] GC(97) Pause Young (Normal) (G1 Evacuation Pause) 375M->81M(512M) 6.995ms
[2020-06-29T01:56:23.664-0530][2856.312s] GC(97) User=0.02s Sys=0.00s Real=0.01s
[2020-06-29T01:56:27.665-0530][2860.313s] GC(98) Pause Young (Normal) (G1 Evacuation Pause)
[2020-06-29T01:56:27.665-0530][2860.313s] GC(98) Using 4 workers of 4 for evacuation
[2020-06-29T01:56:27.672-0530][2860.320s] GC(98)   Pre Evacuate Collection Set: 0.0ms
[2020-06-29T01:56:27.672-0530][2860.320s] GC(98)   Evacuate Collection Set: 6.4ms
[2020-06-29T01:56:27.672-0530][2860.320s] GC(98)   Post Evacuate Collection Set: 0.4ms
[2020-06-29T01:56:27.672-0530][2860.320s] GC(98)   Other: 0.3ms
[2020-06-29T01:56:27.672-0530][2860.320s] GC(98) Eden regions: 294->0(301)
[2020-06-29T01:56:27.672-0530][2860.320s] GC(98) Survivor regions: 13->6(39)
[2020-06-29T01:56:27.672-0530][2860.320s] GC(98) Old regions: 61->61
[2020-06-29T01:56:27.672-0530][2860.320s] GC(98) Humongous regions: 8->8
[2020-06-29T01:56:27.672-0530][2860.320s] GC(98) Metaspace: 61772K->61772K(1105920K)
[2020-06-29T01:56:27.673-0530][2860.320s] GC(98) Pause Young (Normal) (G1 Evacuation Pause) 375M->74M(512M) 7.310ms
[2020-06-29T01:56:27.673-0530][2860.320s] GC(98) User=0.02s Sys=0.00s Real=0.01s
[2020-06-29T01:56:32.902-0530][2865.549s] GC(99) Pause Young (Normal) (G1 Evacuation Pause)
[2020-06-29T01:56:32.902-0530][2865.549s] GC(99) Using 4 workers of 4 for evacuation
[2020-06-29T01:56:32.910-0530][2865.557s] GC(99)   Pre Evacuate Collection Set: 0.0ms
[2020-06-29T01:56:32.910-0530][2865.557s] GC(99)   Evacuate Collection Set: 7.3ms
[2020-06-29T01:56:32.910-0530][2865.557s] GC(99)   Post Evacuate Collection Set: 0.4ms
[2020-06-29T01:56:32.910-0530][2865.557s] GC(99)   Other: 0.3ms
[2020-06-29T01:56:32.910-0530][2865.557s] GC(99) Eden regions: 301->0(298)
[2020-06-29T01:56:32.910-0530][2865.557s] GC(99) Survivor regions: 6->9(39)
[2020-06-29T01:56:32.910-0530][2865.557s] GC(99) Old regions: 61->61
[2020-06-29T01:56:32.910-0530][2865.557s] GC(99) Humongous regions: 8->8
[2020-06-29T01:56:32.910-0530][2865.557s] GC(99) Metaspace: 61772K->61772K(1105920K)
[2020-06-29T01:56:32.910-0530][2865.557s] GC(99) Pause Young (Normal) (G1 Evacuation Pause) 375M->77M(512M) 8.185ms
[2020-06-29T01:56:32.910-0530][2865.557s] GC(99) User=0.03s Sys=0.00s Real=0.01s
[2020-06-29T01:56:37.973-0530][2870.620s] GC(100) Pause Young (Normal) (G1 Evacuation Pause)
[2020-06-29T01:56:37.973-0530][2870.620s] GC(100) Using 4 workers of 4 for evacuation
[2020-06-29T01:56:37.978-0530][2870.626s] GC(100)   Pre Evacuate Collection Set: 0.0ms
[2020-06-29T01:56:37.978-0530][2870.626s] GC(100)   Evacuate Collection Set: 4.7ms
[2020-06-29T01:56:37.978-0530][2870.626s] GC(100)   Post Evacuate Collection Set: 0.3ms
[2020-06-29T01:56:37.978-0530][2870.626s] GC(100)   Other: 0.3ms
[2020-06-29T01:56:37.978-0530][2870.626s] GC(100) Eden regions: 298->0(299)
[2020-06-29T01:56:37.978-0530][2870.626s] GC(100) Survivor regions: 9->8(39)
[2020-06-29T01:56:37.978-0530][2870.626s] GC(100) Old regions: 61->61
[2020-06-29T01:56:37.978-0530][2870.626s] GC(100) Humongous regions: 8->8
[2020-06-29T01:56:37.978-0530][2870.626s] GC(100) Metaspace: 61772K->61772K(1105920K)
[2020-06-29T01:56:37.978-0530][2870.626s] GC(100) Pause Young (Normal) (G1 Evacuation Pause) 375M->76M(512M) 5.628ms
[2020-06-29T01:56:37.979-0530][2870.626s] GC(100) User=0.02s Sys=0.00s Real=0.00s
[2020-06-29T01:56:41.538-0530][2874.185s] GC(101) Pause Young (Normal) (G1 Evacuation Pause)
[2020-06-29T01:56:41.538-0530][2874.185s] GC(101) Using 4 workers of 4 for evacuation
[2020-06-29T01:56:41.544-0530][2874.191s] GC(101)   Pre Evacuate Collection Set: 0.0ms
[2020-06-29T01:56:41.544-0530][2874.191s] GC(101)   Evacuate Collection Set: 5.0ms
[2020-06-29T01:56:41.544-0530][2874.191s] GC(101)   Post Evacuate Collection Set: 0.4ms
[2020-06-29T01:56:41.544-0530][2874.191s] GC(101)   Other: 0.3ms
[2020-06-29T01:56:41.544-0530][2874.191s] GC(101) Eden regions: 299->0(301)
[2020-06-29T01:56:41.544-0530][2874.191s] GC(101) Survivor regions: 8->6(39)
[2020-06-29T01:56:41.544-0530][2874.191s] GC(101) Old regions: 61->61
[2020-06-29T01:56:41.544-0530][2874.191s] GC(101) Humongous regions: 8->8
[2020-06-29T01:56:41.544-0530][2874.191s] GC(101) Metaspace: 61776K->61776K(1105920K)
[2020-06-29T01:56:41.544-0530][2874.191s] GC(101) Pause Young (Normal) (G1 Evacuation Pause) 375M->74M(512M) 5.979ms
[2020-06-29T01:56:41.544-0530][2874.191s] GC(101) User=0.02s Sys=0.00s Real=0.01s
[2020-06-29T01:56:45.793-0530][2878.440s] GC(102) Pause Young (Normal) (G1 Evacuation Pause)
[2020-06-29T01:56:45.793-0530][2878.440s] GC(102) Using 4 workers of 4 for evacuation
[2020-06-29T01:56:45.798-0530][2878.445s] GC(102)   Pre Evacuate Collection Set: 0.0ms
[2020-06-29T01:56:45.798-0530][2878.446s] GC(102)   Evacuate Collection Set: 4.3ms
[2020-06-29T01:56:45.798-0530][2878.446s] GC(102)   Post Evacuate Collection Set: 0.4ms
[2020-06-29T01:56:45.798-0530][2878.446s] GC(102)   Other: 0.3ms
[2020-06-29T01:56:45.798-0530][2878.446s] GC(102) Eden regions: 301->0(302)
[2020-06-29T01:56:45.798-0530][2878.446s] GC(102) Survivor regions: 6->5(39)
[2020-06-29T01:56:45.799-0530][2878.446s] GC(102) Old regions: 61->62
[2020-06-29T01:56:45.799-0530][2878.446s] GC(102) Humongous regions: 8->8
[2020-06-29T01:56:45.799-0530][2878.446s] GC(102) Metaspace: 61779K->61779K(1105920K)
[2020-06-29T01:56:45.799-0530][2878.446s] GC(102) Pause Young (Normal) (G1 Evacuation Pause) 375M->73M(512M) 5.377ms
[2020-06-29T01:56:45.799-0530][2878.446s] GC(102) User=0.02s Sys=0.00s Real=0.00s
[2020-06-29T01:56:52.411-0530][2885.058s] GC(103) Pause Young (Normal) (G1 Evacuation Pause)
[2020-06-29T01:56:52.411-0530][2885.058s] GC(103) Using 4 workers of 4 for evacuation
[2020-06-29T01:56:52.418-0530][2885.065s] GC(103)   Pre Evacuate Collection Set: 0.0ms
[2020-06-29T01:56:52.418-0530][2885.065s] GC(103)   Evacuate Collection Set: 6.8ms
[2020-06-29T01:56:52.419-0530][2885.066s] GC(103)   Post Evacuate Collection Set: 0.4ms
[2020-06-29T01:56:52.419-0530][2885.066s] GC(103)   Other: 0.3ms
[2020-06-29T01:56:52.419-0530][2885.066s] GC(103) Eden regions: 302->0(298)
[2020-06-29T01:56:52.419-0530][2885.066s] GC(103) Survivor regions: 5->9(39)
[2020-06-29T01:56:52.419-0530][2885.066s] GC(103) Old regions: 62->62
[2020-06-29T01:56:52.419-0530][2885.066s] GC(103) Humongous regions: 8->8
[2020-06-29T01:56:52.419-0530][2885.066s] GC(103) Metaspace: 61779K->61779K(1105920K)
[2020-06-29T01:56:52.419-0530][2885.066s] GC(103) Pause Young (Normal) (G1 Evacuation Pause) 375M->77M(512M) 7.839ms
[2020-06-29T01:56:52.419-0530][2885.066s] GC(103) User=0.03s Sys=0.00s Real=0.00s
[2020-06-29T01:56:55.981-0530][2888.628s] GC(104) Pause Young (Normal) (G1 Evacuation Pause)
[2020-06-29T01:56:55.981-0530][2888.628s] GC(104) Using 4 workers of 4 for evacuation
[2020-06-29T01:56:55.986-0530][2888.633s] GC(104)   Pre Evacuate Collection Set: 0.0ms
[2020-06-29T01:56:55.986-0530][2888.633s] GC(104)   Evacuate Collection Set: 4.4ms
[2020-06-29T01:56:55.986-0530][2888.633s] GC(104)   Post Evacuate Collection Set: 0.4ms
[2020-06-29T01:56:55.986-0530][2888.633s] GC(104)   Other: 0.3ms
[2020-06-29T01:56:55.986-0530][2888.633s] GC(104) Eden regions: 298->0(301)
[2020-06-29T01:56:55.986-0530][2888.633s] GC(104) Survivor regions: 9->6(39)
[2020-06-29T01:56:55.986-0530][2888.633s] GC(104) Old regions: 62->62
[2020-06-29T01:56:55.986-0530][2888.633s] GC(104) Humongous regions: 8->8
[2020-06-29T01:56:55.986-0530][2888.633s] GC(104) Metaspace: 61798K->61798K(1105920K)
[2020-06-29T01:56:55.986-0530][2888.633s] GC(104) Pause Young (Normal) (G1 Evacuation Pause) 375M->75M(512M) 5.340ms
[2020-06-29T01:56:55.986-0530][2888.633s] GC(104) User=0.02s Sys=0.00s Real=0.00s
[2020-06-29T01:57:02.591-0530][2895.238s] GC(105) Pause Young (Normal) (G1 Evacuation Pause)
[2020-06-29T01:57:02.591-0530][2895.238s] GC(105) Using 4 workers of 4 for evacuation
[2020-06-29T01:57:02.601-0530][2895.248s] GC(105)   Pre Evacuate Collection Set: 0.0ms
[2020-06-29T01:57:02.601-0530][2895.248s] GC(105)   Evacuate Collection Set: 8.8ms
[2020-06-29T01:57:02.601-0530][2895.248s] GC(105)   Post Evacuate Collection Set: 0.5ms
[2020-06-29T01:57:02.601-0530][2895.248s] GC(105)   Other: 0.3ms
[2020-06-29T01:57:02.601-0530][2895.248s] GC(105) Eden regions: 301->0(296)
[2020-06-29T01:57:02.601-0530][2895.248s] GC(105) Survivor regions: 6->11(39)
[2020-06-29T01:57:02.601-0530][2895.248s] GC(105) Old regions: 62->62
[2020-06-29T01:57:02.601-0530][2895.248s] GC(105) Humongous regions: 8->8
[2020-06-29T01:57:02.601-0530][2895.248s] GC(105) Metaspace: 61803K->61803K(1105920K)
[2020-06-29T01:57:02.601-0530][2895.248s] GC(105) Pause Young (Normal) (G1 Evacuation Pause) 376M->79M(512M) 10.090ms
[2020-06-29T01:57:02.601-0530][2895.248s] GC(105) User=0.03s Sys=0.00s Real=0.01s
[2020-06-29T01:57:07.809-0530][2900.456s] GC(106) Pause Young (Normal) (G1 Evacuation Pause)
[2020-06-29T01:57:07.809-0530][2900.456s] GC(106) Using 4 workers of 4 for evacuation
[2020-06-29T01:57:07.816-0530][2900.463s] GC(106)   Pre Evacuate Collection Set: 0.0ms
[2020-06-29T01:57:07.816-0530][2900.463s] GC(106)   Evacuate Collection Set: 6.0ms
[2020-06-29T01:57:07.816-0530][2900.463s] GC(106)   Post Evacuate Collection Set: 0.4ms
[2020-06-29T01:57:07.816-0530][2900.463s] GC(106)   Other: 0.2ms
[2020-06-29T01:57:07.816-0530][2900.463s] GC(106) Eden regions: 296->0(298)
[2020-06-29T01:57:07.816-0530][2900.463s] GC(106) Survivor regions: 11->9(39)
[2020-06-29T01:57:07.816-0530][2900.463s] GC(106) Old regions: 62->62
[2020-06-29T01:57:07.816-0530][2900.463s] GC(106) Humongous regions: 8->8
[2020-06-29T01:57:07.816-0530][2900.463s] GC(106) Metaspace: 61817K->61817K(1105920K)
[2020-06-29T01:57:07.816-0530][2900.463s] GC(106) Pause Young (Normal) (G1 Evacuation Pause) 375M->78M(512M) 6.979ms
[2020-06-29T01:57:07.816-0530][2900.463s] GC(106) User=0.03s Sys=0.00s Real=0.01s
[2020-06-29T01:57:10.249-0530][2902.896s] GC(107) Pause Young (Normal) (G1 Evacuation Pause)
[2020-06-29T01:57:10.249-0530][2902.896s] GC(107) Using 4 workers of 4 for evacuation
[2020-06-29T01:57:10.281-0530][2902.927s] GC(107)   Pre Evacuate Collection Set: 0.0ms
[2020-06-29T01:57:10.281-0530][2902.927s] GC(107)   Evacuate Collection Set: 30.5ms
[2020-06-29T01:57:10.281-0530][2902.927s] GC(107)   Post Evacuate Collection Set: 0.8ms
[2020-06-29T01:57:10.281-0530][2902.927s] GC(107)   Other: 0.3ms
[2020-06-29T01:57:10.281-0530][2902.928s] GC(107) Eden regions: 298->0(300)
[2020-06-29T01:57:10.281-0530][2902.928s] GC(107) Survivor regions: 9->7(39)
[2020-06-29T01:57:10.281-0530][2902.928s] GC(107) Old regions: 62->62
[2020-06-29T01:57:10.281-0530][2902.928s] GC(107) Humongous regions: 8->8
[2020-06-29T01:57:10.281-0530][2902.928s] GC(107) Metaspace: 61817K->61817K(1105920K)
[2020-06-29T01:57:10.281-0530][2902.928s] GC(107) Pause Young (Normal) (G1 Evacuation Pause) 376M->76M(512M) 31.850ms
[2020-06-29T01:57:10.281-0530][2902.928s] GC(107) User=0.02s Sys=0.00s Real=0.04s
[2020-06-29T01:57:13.182-0530][2905.829s] GC(108) Pause Young (Normal) (G1 Evacuation Pause)
[2020-06-29T01:57:13.182-0530][2905.829s] GC(108) Using 4 workers of 4 for evacuation
[2020-06-29T01:57:13.189-0530][2905.836s] GC(108)   Pre Evacuate Collection Set: 0.0ms
[2020-06-29T01:57:13.189-0530][2905.836s] GC(108)   Evacuate Collection Set: 6.3ms
[2020-06-29T01:57:13.189-0530][2905.836s] GC(108)   Post Evacuate Collection Set: 0.4ms
[2020-06-29T01:57:13.189-0530][2905.836s] GC(108)   Other: 0.3ms
[2020-06-29T01:57:13.190-0530][2905.836s] GC(108) Eden regions: 300->0(298)
[2020-06-29T01:57:13.190-0530][2905.836s] GC(108) Survivor regions: 7->9(39)
[2020-06-29T01:57:13.190-0530][2905.836s] GC(108) Old regions: 62->62
[2020-06-29T01:57:13.190-0530][2905.836s] GC(108) Humongous regions: 8->8
[2020-06-29T01:57:13.190-0530][2905.836s] GC(108) Metaspace: 61817K->61817K(1105920K)
[2020-06-29T01:57:13.190-0530][2905.836s] GC(108) Pause Young (Normal) (G1 Evacuation Pause) 376M->78M(512M) 7.158ms
[2020-06-29T01:57:13.190-0530][2905.836s] GC(108) User=0.02s Sys=0.00s Real=0.01s
[2020-06-29T01:57:16.851-0530][2909.497s] GC(109) Pause Young (Normal) (G1 Evacuation Pause)
[2020-06-29T01:57:16.851-0530][2909.497s] GC(109) Using 4 workers of 4 for evacuation
[2020-06-29T01:57:16.857-0530][2909.503s] GC(109)   Pre Evacuate Collection Set: 0.0ms
[2020-06-29T01:57:16.857-0530][2909.503s] GC(109)   Evacuate Collection Set: 5.5ms
[2020-06-29T01:57:16.857-0530][2909.503s] GC(109)   Post Evacuate Collection Set: 0.4ms
[2020-06-29T01:57:16.857-0530][2909.503s] GC(109)   Other: 0.3ms
[2020-06-29T01:57:16.857-0530][2909.503s] GC(109) Eden regions: 298->0(297)
[2020-06-29T01:57:16.857-0530][2909.503s] GC(109) Survivor regions: 9->10(39)
[2020-06-29T01:57:16.857-0530][2909.503s] GC(109) Old regions: 62->62
[2020-06-29T01:57:16.857-0530][2909.503s] GC(109) Humongous regions: 8->8
[2020-06-29T01:57:16.857-0530][2909.504s] GC(109) Metaspace: 61823K->61823K(1105920K)
[2020-06-29T01:57:16.857-0530][2909.504s] GC(109) Pause Young (Normal) (G1 Evacuation Pause) 376M->79M(512M) 6.525ms
[2020-06-29T01:57:16.857-0530][2909.504s] GC(109) User=0.02s Sys=0.01s Real=0.00s
[2020-06-29T01:57:21.476-0530][2914.123s] GC(110) Pause Young (Normal) (G1 Evacuation Pause)
[2020-06-29T01:57:21.476-0530][2914.123s] GC(110) Using 4 workers of 4 for evacuation
[2020-06-29T01:57:21.484-0530][2914.131s] GC(110)   Pre Evacuate Collection Set: 0.0ms
[2020-06-29T01:57:21.485-0530][2914.131s] GC(110)   Evacuate Collection Set: 7.3ms
[2020-06-29T01:57:21.485-0530][2914.131s] GC(110)   Post Evacuate Collection Set: 0.5ms
[2020-06-29T01:57:21.485-0530][2914.131s] GC(110)   Other: 0.4ms
[2020-06-29T01:57:21.485-0530][2914.131s] GC(110) Eden regions: 297->0(294)
[2020-06-29T01:57:21.485-0530][2914.131s] GC(110) Survivor regions: 10->13(39)
[2020-06-29T01:57:21.485-0530][2914.131s] GC(110) Old regions: 62->62
[2020-06-29T01:57:21.485-0530][2914.131s] GC(110) Humongous regions: 8->8
[2020-06-29T01:57:21.485-0530][2914.131s] GC(110) Metaspace: 61823K->61823K(1105920K)
[2020-06-29T01:57:21.485-0530][2914.131s] GC(110) Pause Young (Normal) (G1 Evacuation Pause) 376M->81M(512M) 8.378ms
[2020-06-29T01:57:21.485-0530][2914.131s] GC(110) User=0.03s Sys=0.00s Real=0.01s
[2020-06-29T01:57:24.193-0530][2916.840s] GC(111) Pause Young (Normal) (G1 Evacuation Pause)
[2020-06-29T01:57:24.193-0530][2916.840s] GC(111) Using 4 workers of 4 for evacuation
[2020-06-29T01:57:24.200-0530][2916.846s] GC(111)   Pre Evacuate Collection Set: 0.0ms
[2020-06-29T01:57:24.200-0530][2916.846s] GC(111)   Evacuate Collection Set: 6.1ms
[2020-06-29T01:57:24.200-0530][2916.846s] GC(111)   Post Evacuate Collection Set: 0.4ms
[2020-06-29T01:57:24.200-0530][2916.847s] GC(111)   Other: 0.3ms
[2020-06-29T01:57:24.200-0530][2916.847s] GC(111) Eden regions: 294->0(295)
[2020-06-29T01:57:24.200-0530][2916.847s] GC(111) Survivor regions: 13->12(39)
[2020-06-29T01:57:24.200-0530][2916.847s] GC(111) Old regions: 62->62
[2020-06-29T01:57:24.200-0530][2916.847s] GC(111) Humongous regions: 8->8
[2020-06-29T01:57:24.200-0530][2916.847s] GC(111) Metaspace: 61829K->61829K(1105920K)
[2020-06-29T01:57:24.200-0530][2916.847s] GC(111) Pause Young (Normal) (G1 Evacuation Pause) 375M->81M(512M) 7.049ms
[2020-06-29T01:57:24.200-0530][2916.847s] GC(111) User=0.03s Sys=0.00s Real=0.01s
[2020-06-29T01:57:26.676-0530][2919.322s] GC(112) Pause Young (Normal) (G1 Evacuation Pause)
[2020-06-29T01:57:26.676-0530][2919.322s] GC(112) Using 4 workers of 4 for evacuation
[2020-06-29T01:57:26.682-0530][2919.329s] GC(112)   Pre Evacuate Collection Set: 0.0ms
[2020-06-29T01:57:26.682-0530][2919.329s] GC(112)   Evacuate Collection Set: 5.6ms
[2020-06-29T01:57:26.683-0530][2919.329s] GC(112)   Post Evacuate Collection Set: 0.6ms
[2020-06-29T01:57:26.683-0530][2919.329s] GC(112)   Other: 0.3ms
[2020-06-29T01:57:26.683-0530][2919.329s] GC(112) Eden regions: 295->0(297)
[2020-06-29T01:57:26.683-0530][2919.329s] GC(112) Survivor regions: 12->10(39)
[2020-06-29T01:57:26.683-0530][2919.329s] GC(112) Old regions: 62->62
[2020-06-29T01:57:26.683-0530][2919.329s] GC(112) Humongous regions: 8->8
[2020-06-29T01:57:26.683-0530][2919.329s] GC(112) Metaspace: 61835K->61835K(1105920K)
[2020-06-29T01:57:26.683-0530][2919.329s] GC(112) Pause Young (Normal) (G1 Evacuation Pause) 376M->78M(512M) 7.268ms
[2020-06-29T01:57:26.683-0530][2919.329s] GC(112) User=0.02s Sys=0.00s Real=0.01s
[2020-06-29T01:57:30.072-0530][2922.718s] GC(113) Pause Young (Normal) (G1 Evacuation Pause)
[2020-06-29T01:57:30.072-0530][2922.718s] GC(113) Using 4 workers of 4 for evacuation
[2020-06-29T01:57:30.080-0530][2922.726s] GC(113)   Pre Evacuate Collection Set: 0.0ms
[2020-06-29T01:57:30.080-0530][2922.726s] GC(113)   Evacuate Collection Set: 6.5ms
[2020-06-29T01:57:30.080-0530][2922.727s] GC(113)   Post Evacuate Collection Set: 1.4ms
[2020-06-29T01:57:30.081-0530][2922.727s] GC(113)   Other: 0.3ms
[2020-06-29T01:57:30.081-0530][2922.727s] GC(113) Eden regions: 297->0(295)
[2020-06-29T01:57:30.081-0530][2922.727s] GC(113) Survivor regions: 10->12(39)
[2020-06-29T01:57:30.081-0530][2922.727s] GC(113) Old regions: 62->62
[2020-06-29T01:57:30.081-0530][2922.727s] GC(113) Humongous regions: 8->8
[2020-06-29T01:57:30.081-0530][2922.727s] GC(113) Metaspace: 61835K->61835K(1105920K)
[2020-06-29T01:57:30.081-0530][2922.727s] GC(113) Pause Young (Normal) (G1 Evacuation Pause) 375M->80M(512M) 8.493ms
[2020-06-29T01:57:30.081-0530][2922.727s] GC(113) User=0.03s Sys=0.00s Real=0.01s
[2020-06-29T01:57:34.342-0530][2926.988s] GC(114) Pause Young (Normal) (G1 Evacuation Pause)
[2020-06-29T01:57:34.342-0530][2926.988s] GC(114) Using 4 workers of 4 for evacuation
[2020-06-29T01:57:34.349-0530][2926.995s] GC(114)   Pre Evacuate Collection Set: 0.0ms
[2020-06-29T01:57:34.349-0530][2926.995s] GC(114)   Evacuate Collection Set: 6.1ms
[2020-06-29T01:57:34.349-0530][2926.995s] GC(114)   Post Evacuate Collection Set: 0.5ms
[2020-06-29T01:57:34.349-0530][2926.995s] GC(114)   Other: 0.4ms
[2020-06-29T01:57:34.349-0530][2926.995s] GC(114) Eden regions: 295->0(295)
[2020-06-29T01:57:34.349-0530][2926.995s] GC(114) Survivor regions: 12->12(39)
[2020-06-29T01:57:34.349-0530][2926.995s] GC(114) Old regions: 62->62
[2020-06-29T01:57:34.349-0530][2926.995s] GC(114) Humongous regions: 8->8
[2020-06-29T01:57:34.349-0530][2926.995s] GC(114) Metaspace: 61835K->61835K(1105920K)
[2020-06-29T01:57:34.349-0530][2926.995s] GC(114) Pause Young (Normal) (G1 Evacuation Pause) 375M->81M(512M) 7.249ms
[2020-06-29T01:57:34.349-0530][2926.995s] GC(114) User=0.03s Sys=0.00s Real=0.00s
[2020-06-29T01:57:39.718-0530][2932.364s] GC(115) Pause Young (Normal) (G1 Evacuation Pause)
[2020-06-29T01:57:39.718-0530][2932.364s] GC(115) Using 4 workers of 4 for evacuation
[2020-06-29T01:57:39.726-0530][2932.372s] GC(115)   Pre Evacuate Collection Set: 0.0ms
[2020-06-29T01:57:39.726-0530][2932.372s] GC(115)   Evacuate Collection Set: 6.9ms
[2020-06-29T01:57:39.726-0530][2932.372s] GC(115)   Post Evacuate Collection Set: 0.4ms
[2020-06-29T01:57:39.726-0530][2932.372s] GC(115)   Other: 0.3ms
[2020-06-29T01:57:39.726-0530][2932.372s] GC(115) Eden regions: 295->0(298)
[2020-06-29T01:57:39.726-0530][2932.372s] GC(115) Survivor regions: 12->9(39)
[2020-06-29T01:57:39.726-0530][2932.372s] GC(115) Old regions: 62->62
[2020-06-29T01:57:39.726-0530][2932.372s] GC(115) Humongous regions: 8->8
[2020-06-29T01:57:39.726-0530][2932.372s] GC(115) Metaspace: 61838K->61838K(1105920K)
[2020-06-29T01:57:39.726-0530][2932.372s] GC(115) Pause Young (Normal) (G1 Evacuation Pause) 376M->78M(512M) 7.896ms
[2020-06-29T01:57:39.726-0530][2932.372s] GC(115) User=0.02s Sys=0.01s Real=0.01s
[2020-06-29T01:57:44.868-0530][2937.513s] GC(116) Pause Young (Normal) (G1 Evacuation Pause)
[2020-06-29T01:57:44.868-0530][2937.513s] GC(116) Using 4 workers of 4 for evacuation
[2020-06-29T01:57:44.873-0530][2937.519s] GC(116)   Pre Evacuate Collection Set: 0.0ms
[2020-06-29T01:57:44.873-0530][2937.519s] GC(116)   Evacuate Collection Set: 5.1ms
[2020-06-29T01:57:44.873-0530][2937.519s] GC(116)   Post Evacuate Collection Set: 0.4ms
[2020-06-29T01:57:44.873-0530][2937.519s] GC(116)   Other: 0.3ms
[2020-06-29T01:57:44.873-0530][2937.519s] GC(116) Eden regions: 298->0(296)
[2020-06-29T01:57:44.873-0530][2937.519s] GC(116) Survivor regions: 9->11(39)
[2020-06-29T01:57:44.873-0530][2937.519s] GC(116) Old regions: 62->62
[2020-06-29T01:57:44.873-0530][2937.519s] GC(116) Humongous regions: 8->8
[2020-06-29T01:57:44.873-0530][2937.519s] GC(116) Metaspace: 61840K->61840K(1105920K)
[2020-06-29T01:57:44.873-0530][2937.519s] GC(116) Pause Young (Normal) (G1 Evacuation Pause) 376M->80M(512M) 5.930ms
[2020-06-29T01:57:44.873-0530][2937.519s] GC(116) User=0.02s Sys=0.00s Real=0.01s
[2020-06-29T01:57:51.697-0530][2944.343s] GC(117) Pause Young (Normal) (G1 Evacuation Pause)
[2020-06-29T01:57:51.697-0530][2944.343s] GC(117) Using 4 workers of 4 for evacuation
[2020-06-29T01:57:51.706-0530][2944.352s] GC(117)   Pre Evacuate Collection Set: 0.0ms
[2020-06-29T01:57:51.706-0530][2944.352s] GC(117)   Evacuate Collection Set: 8.3ms
[2020-06-29T01:57:51.706-0530][2944.352s] GC(117)   Post Evacuate Collection Set: 0.4ms
[2020-06-29T01:57:51.706-0530][2944.352s] GC(117)   Other: 0.3ms
[2020-06-29T01:57:51.706-0530][2944.352s] GC(117) Eden regions: 296->0(292)
[2020-06-29T01:57:51.706-0530][2944.352s] GC(117) Survivor regions: 11->15(39)
[2020-06-29T01:57:51.706-0530][2944.352s] GC(117) Old regions: 62->62
[2020-06-29T01:57:51.706-0530][2944.352s] GC(117) Humongous regions: 8->8
[2020-06-29T01:57:51.706-0530][2944.352s] GC(117) Metaspace: 61841K->61841K(1105920K)
[2020-06-29T01:57:51.706-0530][2944.352s] GC(117) Pause Young (Normal) (G1 Evacuation Pause) 376M->84M(512M) 9.326ms
[2020-06-29T01:57:51.706-0530][2944.352s] GC(117) User=0.03s Sys=0.00s Real=0.01s
[2020-06-29T01:57:56.963-0530][2949.609s] GC(118) Pause Young (Normal) (G1 Evacuation Pause)
[2020-06-29T01:57:56.963-0530][2949.609s] GC(118) Using 4 workers of 4 for evacuation
[2020-06-29T01:57:56.969-0530][2949.615s] GC(118)   Pre Evacuate Collection Set: 0.0ms
[2020-06-29T01:57:56.969-0530][2949.615s] GC(118)   Evacuate Collection Set: 5.0ms
[2020-06-29T01:57:56.969-0530][2949.615s] GC(118)   Post Evacuate Collection Set: 0.5ms
[2020-06-29T01:57:56.969-0530][2949.615s] GC(118)   Other: 0.3ms
[2020-06-29T01:57:56.969-0530][2949.615s] GC(118) Eden regions: 292->0(296)
[2020-06-29T01:57:56.969-0530][2949.615s] GC(118) Survivor regions: 15->11(39)
[2020-06-29T01:57:56.969-0530][2949.615s] GC(118) Old regions: 62->62
[2020-06-29T01:57:56.969-0530][2949.615s] GC(118) Humongous regions: 8->8
[2020-06-29T01:57:56.969-0530][2949.615s] GC(118) Metaspace: 61841K->61841K(1105920K)
[2020-06-29T01:57:56.969-0530][2949.615s] GC(118) Pause Young (Normal) (G1 Evacuation Pause) 376M->80M(512M) 6.034ms
[2020-06-29T01:57:56.969-0530][2949.615s] GC(118) User=0.02s Sys=0.00s Real=0.00s
[2020-06-29T01:59:22.516-0530][3035.167s] GC(119) Pause Young (Normal) (G1 Evacuation Pause)
[2020-06-29T01:59:22.516-0530][3035.167s] GC(119) Using 4 workers of 4 for evacuation
[2020-06-29T01:59:22.525-0530][3035.176s] GC(119)   Pre Evacuate Collection Set: 0.0ms
[2020-06-29T01:59:22.525-0530][3035.176s] GC(119)   Evacuate Collection Set: 7.8ms
[2020-06-29T01:59:22.525-0530][3035.176s] GC(119)   Post Evacuate Collection Set: 0.5ms
[2020-06-29T01:59:22.525-0530][3035.176s] GC(119)   Other: 0.4ms
[2020-06-29T01:59:22.525-0530][3035.176s] GC(119) Eden regions: 296->0(297)
[2020-06-29T01:59:22.525-0530][3035.176s] GC(119) Survivor regions: 11->10(39)
[2020-06-29T01:59:22.525-0530][3035.176s] GC(119) Old regions: 62->62
[2020-06-29T01:59:22.525-0530][3035.176s] GC(119) Humongous regions: 8->8
[2020-06-29T01:59:22.525-0530][3035.176s] GC(119) Metaspace: 62480K->62480K(1105920K)
[2020-06-29T01:59:22.525-0530][3035.176s] GC(119) Pause Young (Normal) (G1 Evacuation Pause) 376M->79M(512M) 8.850ms
[2020-06-29T01:59:22.525-0530][3035.176s] GC(119) User=0.03s Sys=0.00s Real=0.01s
