[2020-06-28T00:49:32.677-0530][0.014s] Heap region size: 1M
[2020-06-28T00:49:32.946-0530][0.283s] Using G1
[2020-06-28T00:49:32.946-0530][0.283s] Heap address: 0x00000007e0000000, size: 512 MB, Compressed Oops mode: Zero based, Oop shift amount: 3
[2020-06-28T00:49:33.701-0530][1.038s] GC(0) Pause Young (Normal) (G1 Evacuation Pause)
[2020-06-28T00:49:33.701-0530][1.039s] GC(0) Using 4 workers of 4 for evacuation
[2020-06-28T00:49:33.705-0530][1.042s] GC(0)   Pre Evacuate Collection Set: 0.0ms
[2020-06-28T00:49:33.705-0530][1.042s] GC(0)   Evacuate Collection Set: 2.9ms
[2020-06-28T00:49:33.705-0530][1.042s] GC(0)   Post Evacuate Collection Set: 0.4ms
[2020-06-28T00:49:33.705-0530][1.042s] GC(0)   Other: 0.5ms
[2020-06-28T00:49:33.705-0530][1.042s] GC(0) Eden regions: 25->0(304)
[2020-06-28T00:49:33.705-0530][1.042s] GC(0) Survivor regions: 0->3(4)
[2020-06-28T00:49:33.705-0530][1.042s] GC(0) Old regions: 0->0
[2020-06-28T00:49:33.705-0530][1.042s] GC(0) Humongous regions: 0->0
[2020-06-28T00:49:33.705-0530][1.042s] GC(0) Metaspace: 12227K->12227K(1060864K)
[2020-06-28T00:49:33.705-0530][1.042s] GC(0) Pause Young (Normal) (G1 Evacuation Pause) 25M->2M(512M) 3.915ms
[2020-06-28T00:49:33.705-0530][1.042s] GC(0) User=0.01s Sys=0.00s Real=0.00s
[2020-06-28T00:49:34.540-0530][1.877s] GC(1) Pause Young (Concurrent Start) (Metadata GC Threshold)
[2020-06-28T00:49:34.540-0530][1.877s] GC(1) Using 4 workers of 4 for evacuation
[2020-06-28T00:49:34.557-0530][1.894s] GC(1)   Pre Evacuate Collection Set: 0.0ms
[2020-06-28T00:49:34.557-0530][1.894s] GC(1)   Evacuate Collection Set: 16.4ms
[2020-06-28T00:49:34.557-0530][1.894s] GC(1)   Post Evacuate Collection Set: 0.4ms
[2020-06-28T00:49:34.557-0530][1.894s] GC(1)   Other: 0.2ms
[2020-06-28T00:49:34.557-0530][1.894s] GC(1) Eden regions: 26->0(32)
[2020-06-28T00:49:34.557-0530][1.894s] GC(1) Survivor regions: 3->12(37)
[2020-06-28T00:49:34.557-0530][1.894s] GC(1) Old regions: 0->0
[2020-06-28T00:49:34.557-0530][1.894s] GC(1) Humongous regions: 4->4
[2020-06-28T00:49:34.557-0530][1.894s] GC(1) Metaspace: 20623K->20623K(1069056K)
[2020-06-28T00:49:34.557-0530][1.894s] GC(1) Pause Young (Concurrent Start) (Metadata GC Threshold) 32M->15M(512M) 17.091ms
[2020-06-28T00:49:34.557-0530][1.894s] GC(1) User=0.05s Sys=0.00s Real=0.01s
[2020-06-28T00:49:34.557-0530][1.894s] GC(2) Concurrent Cycle
[2020-06-28T00:49:34.557-0530][1.894s] GC(2) Concurrent Clear Claimed Marks
[2020-06-28T00:49:34.557-0530][1.894s] GC(2) Concurrent Clear Claimed Marks 0.031ms
[2020-06-28T00:49:34.557-0530][1.894s] GC(2) Concurrent Scan Root Regions
[2020-06-28T00:49:34.568-0530][1.905s] GC(2) Concurrent Scan Root Regions 10.623ms
[2020-06-28T00:49:34.568-0530][1.905s] GC(2) Concurrent Mark (1.905s)
[2020-06-28T00:49:34.568-0530][1.905s] GC(2) Concurrent Mark From Roots
[2020-06-28T00:49:34.568-0530][1.905s] GC(2) Using 1 workers of 1 for marking
[2020-06-28T00:49:34.571-0530][1.909s] GC(2) Concurrent Mark From Roots 3.455ms
[2020-06-28T00:49:34.571-0530][1.909s] GC(2) Concurrent Preclean
[2020-06-28T00:49:34.571-0530][1.909s] GC(2) Concurrent Preclean 0.039ms
[2020-06-28T00:49:34.571-0530][1.909s] GC(2) Concurrent Mark (1.905s, 1.909s) 3.591ms
[2020-06-28T00:49:34.572-0530][1.910s] GC(2) Pause Remark
[2020-06-28T00:49:34.574-0530][1.912s] GC(2) Cleaned string and symbol table, strings: 10158 processed, 0 removed, symbols: 67993 processed, 10 removed
[2020-06-28T00:49:34.574-0530][1.912s] GC(2) Pause Remark 16M->16M(512M) 1.982ms
[2020-06-28T00:49:34.574-0530][1.912s] GC(2) User=0.01s Sys=0.00s Real=0.00s
[2020-06-28T00:49:34.575-0530][1.912s] GC(2) Concurrent Rebuild Remembered Sets
[2020-06-28T00:49:34.578-0530][1.915s] GC(2) Concurrent Rebuild Remembered Sets 3.553ms
[2020-06-28T00:49:34.578-0530][1.915s] GC(2) Pause Cleanup
[2020-06-28T00:49:34.578-0530][1.916s] GC(2) Pause Cleanup 16M->16M(512M) 0.113ms
[2020-06-28T00:49:34.578-0530][1.916s] GC(2) User=0.00s Sys=0.00s Real=0.00s
[2020-06-28T00:49:34.578-0530][1.916s] GC(2) Concurrent Cleanup for Next Mark
[2020-06-28T00:49:34.580-0530][1.917s] GC(2) Concurrent Cleanup for Next Mark 1.599ms
[2020-06-28T00:49:34.580-0530][1.917s] GC(2) Concurrent Cycle 22.910ms
[2020-06-28T00:49:35.183-0530][2.520s] GC(3) Pause Young (Normal) (G1 Evacuation Pause)
[2020-06-28T00:49:35.183-0530][2.520s] GC(3) Using 4 workers of 4 for evacuation
[2020-06-28T00:49:35.201-0530][2.538s] GC(3)   Pre Evacuate Collection Set: 0.0ms
[2020-06-28T00:49:35.201-0530][2.538s] GC(3)   Evacuate Collection Set: 17.2ms
[2020-06-28T00:49:35.201-0530][2.538s] GC(3)   Post Evacuate Collection Set: 0.5ms
[2020-06-28T00:49:35.201-0530][2.538s] GC(3)   Other: 0.1ms
[2020-06-28T00:49:35.201-0530][2.538s] GC(3) Eden regions: 28->0(40)
[2020-06-28T00:49:35.201-0530][2.538s] GC(3) Survivor regions: 12->5(5)
[2020-06-28T00:49:35.201-0530][2.538s] GC(3) Old regions: 0->13
[2020-06-28T00:49:35.201-0530][2.538s] GC(3) Humongous regions: 4->4
[2020-06-28T00:49:35.201-0530][2.538s] GC(3) Metaspace: 23533K->23533K(1071104K)
[2020-06-28T00:49:35.201-0530][2.538s] GC(3) Pause Young (Normal) (G1 Evacuation Pause) 43M->21M(512M) 17.854ms
[2020-06-28T00:49:35.201-0530][2.538s] GC(3) User=0.05s Sys=0.00s Real=0.02s
[2020-06-28T00:49:35.973-0530][3.311s] GC(4) Pause Young (Normal) (G1 Evacuation Pause)
[2020-06-28T00:49:35.974-0530][3.311s] GC(4) Using 4 workers of 4 for evacuation
[2020-06-28T00:49:35.980-0530][3.317s] GC(4)   Pre Evacuate Collection Set: 0.0ms
[2020-06-28T00:49:35.980-0530][3.317s] GC(4)   Evacuate Collection Set: 5.9ms
[2020-06-28T00:49:35.980-0530][3.317s] GC(4)   Post Evacuate Collection Set: 0.4ms
[2020-06-28T00:49:35.980-0530][3.317s] GC(4)   Other: 0.2ms
[2020-06-28T00:49:35.980-0530][3.317s] GC(4) Eden regions: 40->0(62)
[2020-06-28T00:49:35.980-0530][3.317s] GC(4) Survivor regions: 5->2(6)
[2020-06-28T00:49:35.980-0530][3.317s] GC(4) Old regions: 13->19
[2020-06-28T00:49:35.980-0530][3.317s] GC(4) Humongous regions: 4->4
[2020-06-28T00:49:35.980-0530][3.317s] GC(4) Metaspace: 28106K->28106K(1075200K)
[2020-06-28T00:49:35.980-0530][3.317s] GC(4) Pause Young (Normal) (G1 Evacuation Pause) 61M->24M(512M) 6.711ms
[2020-06-28T00:49:35.980-0530][3.317s] GC(4) User=0.02s Sys=0.00s Real=0.01s
[2020-06-28T00:49:36.899-0530][4.236s] GC(5) Pause Young (Concurrent Start) (Metadata GC Threshold)
[2020-06-28T00:49:36.899-0530][4.236s] GC(5) Using 4 workers of 4 for evacuation
[2020-06-28T00:49:36.904-0530][4.241s] GC(5)   Pre Evacuate Collection Set: 0.0ms
[2020-06-28T00:49:36.904-0530][4.241s] GC(5)   Evacuate Collection Set: 4.3ms
[2020-06-28T00:49:36.904-0530][4.241s] GC(5)   Post Evacuate Collection Set: 0.2ms
[2020-06-28T00:49:36.904-0530][4.241s] GC(5)   Other: 0.2ms
[2020-06-28T00:49:36.904-0530][4.241s] GC(5) Eden regions: 52->0(102)
[2020-06-28T00:49:36.904-0530][4.241s] GC(5) Survivor regions: 2->3(8)
[2020-06-28T00:49:36.904-0530][4.241s] GC(5) Old regions: 19->19
[2020-06-28T00:49:36.904-0530][4.241s] GC(5) Humongous regions: 4->4
[2020-06-28T00:49:36.904-0530][4.241s] GC(5) Metaspace: 34952K->34952K(1081344K)
[2020-06-28T00:49:36.904-0530][4.241s] GC(5) Pause Young (Concurrent Start) (Metadata GC Threshold) 75M->24M(512M) 4.916ms
[2020-06-28T00:49:36.904-0530][4.241s] GC(5) User=0.01s Sys=0.00s Real=0.01s
[2020-06-28T00:49:36.904-0530][4.241s] GC(6) Concurrent Cycle
[2020-06-28T00:49:36.904-0530][4.241s] GC(6) Concurrent Clear Claimed Marks
[2020-06-28T00:49:36.904-0530][4.241s] GC(6) Concurrent Clear Claimed Marks 0.033ms
[2020-06-28T00:49:36.904-0530][4.241s] GC(6) Concurrent Scan Root Regions
[2020-06-28T00:49:36.907-0530][4.245s] GC(6) Concurrent Scan Root Regions 3.338ms
[2020-06-28T00:49:36.907-0530][4.245s] GC(6) Concurrent Mark (4.245s)
[2020-06-28T00:49:36.907-0530][4.245s] GC(6) Concurrent Mark From Roots
[2020-06-28T00:49:36.908-0530][4.245s] GC(6) Using 1 workers of 1 for marking
[2020-06-28T00:49:36.953-0530][4.290s] GC(6) Concurrent Mark From Roots 45.362ms
[2020-06-28T00:49:36.953-0530][4.290s] GC(6) Concurrent Preclean
[2020-06-28T00:49:36.953-0530][4.290s] GC(6) Concurrent Preclean 0.094ms
[2020-06-28T00:49:36.953-0530][4.290s] GC(6) Concurrent Mark (4.245s, 4.290s) 45.550ms
[2020-06-28T00:49:36.953-0530][4.290s] GC(6) Pause Remark
[2020-06-28T00:49:36.959-0530][4.297s] GC(6) Cleaned string and symbol table, strings: 16531 processed, 22 removed, symbols: 115088 processed, 52 removed
[2020-06-28T00:49:36.960-0530][4.297s] GC(6) Pause Remark 27M->27M(512M) 6.506ms
[2020-06-28T00:49:36.960-0530][4.297s] GC(6) User=0.02s Sys=0.00s Real=0.01s
[2020-06-28T00:49:36.960-0530][4.297s] GC(6) Concurrent Rebuild Remembered Sets
[2020-06-28T00:49:36.985-0530][4.322s] GC(6) Concurrent Rebuild Remembered Sets 25.501ms
[2020-06-28T00:49:36.985-0530][4.323s] GC(6) Pause Cleanup
[2020-06-28T00:49:36.986-0530][4.323s] GC(6) Pause Cleanup 29M->29M(512M) 0.113ms
[2020-06-28T00:49:36.986-0530][4.323s] GC(6) User=0.00s Sys=0.00s Real=0.00s
[2020-06-28T00:49:36.986-0530][4.323s] GC(6) Concurrent Cleanup for Next Mark
[2020-06-28T00:49:36.987-0530][4.324s] GC(6) Concurrent Cleanup for Next Mark 1.216ms
[2020-06-28T00:49:36.987-0530][4.324s] GC(6) Concurrent Cycle 82.895ms
[2020-06-28T00:49:37.936-0530][5.273s] GC(7) Pause Young (Concurrent Start) (G1 Evacuation Pause)
[2020-06-28T00:49:37.936-0530][5.273s] GC(7) Using 4 workers of 4 for evacuation
[2020-06-28T00:49:37.947-0530][5.284s] GC(7)   Pre Evacuate Collection Set: 0.1ms
[2020-06-28T00:49:37.947-0530][5.285s] GC(7)   Evacuate Collection Set: 10.5ms
[2020-06-28T00:49:37.948-0530][5.285s] GC(7)   Post Evacuate Collection Set: 0.6ms
[2020-06-28T00:49:37.948-0530][5.285s] GC(7)   Other: 0.3ms
[2020-06-28T00:49:37.948-0530][5.285s] GC(7) Eden regions: 107->0(142)
[2020-06-28T00:49:37.948-0530][5.285s] GC(7) Survivor regions: 3->11(14)
[2020-06-28T00:49:37.948-0530][5.285s] GC(7) Old regions: 19->19
[2020-06-28T00:49:37.948-0530][5.285s] GC(7) Humongous regions: 5->5
[2020-06-28T00:49:37.948-0530][5.285s] GC(7) Metaspace: 40542K->40542K(1085440K)
[2020-06-28T00:49:37.948-0530][5.285s] GC(7) Pause Young (Concurrent Start) (G1 Evacuation Pause) 132M->33M(512M) 11.815ms
[2020-06-28T00:49:37.948-0530][5.285s] GC(7) User=0.03s Sys=0.00s Real=0.01s
[2020-06-28T00:49:37.948-0530][5.285s] GC(8) Concurrent Cycle
[2020-06-28T00:49:37.948-0530][5.285s] GC(8) Concurrent Clear Claimed Marks
[2020-06-28T00:49:37.948-0530][5.285s] GC(8) Concurrent Clear Claimed Marks 0.080ms
[2020-06-28T00:49:37.948-0530][5.285s] GC(8) Concurrent Scan Root Regions
[2020-06-28T00:49:37.956-0530][5.293s] GC(8) Concurrent Scan Root Regions 8.093ms
[2020-06-28T00:49:37.956-0530][5.293s] GC(8) Concurrent Mark (5.293s)
[2020-06-28T00:49:37.956-0530][5.293s] GC(8) Concurrent Mark From Roots
[2020-06-28T00:49:37.956-0530][5.293s] GC(8) Using 1 workers of 1 for marking
[2020-06-28T00:49:38.001-0530][5.338s] GC(8) Concurrent Mark From Roots 45.066ms
[2020-06-28T00:49:38.001-0530][5.338s] GC(8) Concurrent Preclean
[2020-06-28T00:49:38.001-0530][5.339s] GC(8) Concurrent Preclean 0.199ms
[2020-06-28T00:49:38.001-0530][5.339s] GC(8) Concurrent Mark (5.293s, 5.339s) 45.403ms
[2020-06-28T00:49:38.002-0530][5.339s] GC(8) Pause Remark
[2020-06-28T00:49:38.006-0530][5.343s] GC(8) Cleaned string and symbol table, strings: 18967 processed, 0 removed, symbols: 129808 processed, 50 removed
[2020-06-28T00:49:38.007-0530][5.344s] GC(8) Pause Remark 56M->56M(512M) 4.948ms
[2020-06-28T00:49:38.007-0530][5.344s] GC(8) User=0.02s Sys=0.00s Real=0.00s
[2020-06-28T00:49:38.007-0530][5.344s] GC(8) Concurrent Rebuild Remembered Sets
[2020-06-28T00:49:38.034-0530][5.371s] GC(8) Concurrent Rebuild Remembered Sets 27.193ms
[2020-06-28T00:49:38.034-0530][5.371s] GC(8) Pause Cleanup
[2020-06-28T00:49:38.034-0530][5.371s] GC(8) Pause Cleanup 58M->58M(512M) 0.111ms
[2020-06-28T00:49:38.034-0530][5.371s] GC(8) User=0.00s Sys=0.00s Real=0.00s
[2020-06-28T00:49:38.034-0530][5.371s] GC(8) Concurrent Cleanup for Next Mark
[2020-06-28T00:49:38.035-0530][5.372s] GC(8) Concurrent Cleanup for Next Mark 0.848ms
[2020-06-28T00:49:38.035-0530][5.372s] GC(8) Concurrent Cycle 87.302ms
[2020-06-28T00:49:38.423-0530][5.760s] GC(9) Pause Young (Normal) (G1 Evacuation Pause)
[2020-06-28T00:49:38.423-0530][5.760s] GC(9) Using 4 workers of 4 for evacuation
[2020-06-28T00:49:38.433-0530][5.770s] GC(9)   Pre Evacuate Collection Set: 0.0ms
[2020-06-28T00:49:38.433-0530][5.770s] GC(9)   Evacuate Collection Set: 9.4ms
[2020-06-28T00:49:38.433-0530][5.770s] GC(9)   Post Evacuate Collection Set: 0.4ms
[2020-06-28T00:49:38.433-0530][5.770s] GC(9)   Other: 0.3ms
[2020-06-28T00:49:38.433-0530][5.770s] GC(9) Eden regions: 146->0(294)
[2020-06-28T00:49:38.433-0530][5.770s] GC(9) Survivor regions: 11->13(20)
[2020-06-28T00:49:38.433-0530][5.770s] GC(9) Old regions: 19->19
[2020-06-28T00:49:38.433-0530][5.770s] GC(9) Humongous regions: 6->5
[2020-06-28T00:49:38.433-0530][5.770s] GC(9) Metaspace: 43708K->43708K(1089536K)
[2020-06-28T00:49:38.433-0530][5.770s] GC(9) Pause Young (Normal) (G1 Evacuation Pause) 180M->36M(512M) 10.271ms
[2020-06-28T00:49:38.433-0530][5.770s] GC(9) User=0.04s Sys=0.00s Real=0.01s
[2020-06-28T00:49:38.671-0530][6.009s] GC(10) Pause Young (Normal) (G1 Evacuation Pause)
[2020-06-28T00:49:38.671-0530][6.009s] GC(10) Using 4 workers of 4 for evacuation
[2020-06-28T00:49:38.681-0530][6.018s] GC(10)   Pre Evacuate Collection Set: 0.0ms
[2020-06-28T00:49:38.681-0530][6.018s] GC(10)   Evacuate Collection Set: 9.0ms
[2020-06-28T00:49:38.681-0530][6.018s] GC(10)   Post Evacuate Collection Set: 0.3ms
[2020-06-28T00:49:38.681-0530][6.018s] GC(10)   Other: 0.3ms
[2020-06-28T00:49:38.681-0530][6.018s] GC(10) Eden regions: 294->0(291)
[2020-06-28T00:49:38.681-0530][6.018s] GC(10) Survivor regions: 13->16(39)
[2020-06-28T00:49:38.681-0530][6.018s] GC(10) Old regions: 19->19
[2020-06-28T00:49:38.681-0530][6.018s] GC(10) Humongous regions: 5->5
[2020-06-28T00:49:38.681-0530][6.018s] GC(10) Metaspace: 44075K->44075K(1089536K)
[2020-06-28T00:49:38.681-0530][6.018s] GC(10) Pause Young (Normal) (G1 Evacuation Pause) 330M->38M(512M) 9.692ms
[2020-06-28T00:49:38.681-0530][6.018s] GC(10) User=0.04s Sys=0.00s Real=0.01s
[2020-06-28T00:49:39.991-0530][7.328s] GC(11) Pause Young (Normal) (G1 Evacuation Pause)
[2020-06-28T00:49:39.991-0530][7.328s] GC(11) Using 4 workers of 4 for evacuation
[2020-06-28T00:49:40.006-0530][7.343s] GC(11)   Pre Evacuate Collection Set: 0.0ms
[2020-06-28T00:49:40.006-0530][7.343s] GC(11)   Evacuate Collection Set: 13.3ms
[2020-06-28T00:49:40.006-0530][7.343s] GC(11)   Post Evacuate Collection Set: 1.2ms
[2020-06-28T00:49:40.006-0530][7.343s] GC(11)   Other: 0.3ms
[2020-06-28T00:49:40.006-0530][7.343s] GC(11) Eden regions: 291->0(288)
[2020-06-28T00:49:40.006-0530][7.343s] GC(11) Survivor regions: 16->19(39)
[2020-06-28T00:49:40.006-0530][7.343s] GC(11) Old regions: 19->19
[2020-06-28T00:49:40.006-0530][7.343s] GC(11) Humongous regions: 5->5
[2020-06-28T00:49:40.006-0530][7.343s] GC(11) Metaspace: 49299K->49299K(1093632K)
[2020-06-28T00:49:40.006-0530][7.343s] GC(11) Pause Young (Normal) (G1 Evacuation Pause) 329M->42M(512M) 14.835ms
[2020-06-28T00:49:40.006-0530][7.343s] GC(11) User=0.06s Sys=0.00s Real=0.01s
[2020-06-28T00:49:41.066-0530][8.403s] GC(12) Pause Young (Normal) (G1 Evacuation Pause)
[2020-06-28T00:49:41.066-0530][8.403s] GC(12) Using 4 workers of 4 for evacuation
[2020-06-28T00:49:41.083-0530][8.420s] GC(12)   Pre Evacuate Collection Set: 0.0ms
[2020-06-28T00:49:41.083-0530][8.420s] GC(12)   Evacuate Collection Set: 16.1ms
[2020-06-28T00:49:41.083-0530][8.420s] GC(12)   Post Evacuate Collection Set: 0.6ms
[2020-06-28T00:49:41.083-0530][8.420s] GC(12)   Other: 0.2ms
[2020-06-28T00:49:41.083-0530][8.420s] GC(12) Eden regions: 288->0(282)
[2020-06-28T00:49:41.083-0530][8.420s] GC(12) Survivor regions: 19->25(39)
[2020-06-28T00:49:41.083-0530][8.420s] GC(12) Old regions: 19->19
[2020-06-28T00:49:41.083-0530][8.420s] GC(12) Humongous regions: 5->5
[2020-06-28T00:49:41.083-0530][8.420s] GC(12) Metaspace: 53309K->53309K(1097728K)
[2020-06-28T00:49:41.083-0530][8.421s] GC(12) Pause Young (Normal) (G1 Evacuation Pause) 330M->48M(512M) 17.079ms
[2020-06-28T00:49:41.083-0530][8.421s] GC(12) User=0.07s Sys=0.00s Real=0.02s
[2020-06-28T00:49:42.331-0530][9.668s] GC(13) Pause Young (Normal) (G1 Evacuation Pause)
[2020-06-28T00:49:42.331-0530][9.668s] GC(13) Using 4 workers of 4 for evacuation
[2020-06-28T00:49:42.351-0530][9.688s] GC(13)   Pre Evacuate Collection Set: 0.0ms
[2020-06-28T00:49:42.351-0530][9.688s] GC(13)   Evacuate Collection Set: 18.9ms
[2020-06-28T00:49:42.351-0530][9.688s] GC(13)   Post Evacuate Collection Set: 0.6ms
[2020-06-28T00:49:42.351-0530][9.688s] GC(13)   Other: 0.2ms
[2020-06-28T00:49:42.351-0530][9.688s] GC(13) Eden regions: 282->0(289)
[2020-06-28T00:49:42.351-0530][9.688s] GC(13) Survivor regions: 25->18(39)
[2020-06-28T00:49:42.351-0530][9.688s] GC(13) Old regions: 19->28
[2020-06-28T00:49:42.351-0530][9.688s] GC(13) Humongous regions: 5->5
[2020-06-28T00:49:42.351-0530][9.688s] GC(13) Metaspace: 53320K->53320K(1097728K)
[2020-06-28T00:49:42.351-0530][9.688s] GC(13) Pause Young (Normal) (G1 Evacuation Pause) 330M->50M(512M) 19.845ms
[2020-06-28T00:49:42.351-0530][9.688s] GC(13) User=0.07s Sys=0.00s Real=0.02s
[2020-06-28T00:49:43.671-0530][11.008s] GC(14) Pause Young (Normal) (G1 Evacuation Pause)
[2020-06-28T00:49:43.671-0530][11.008s] GC(14) Using 4 workers of 4 for evacuation
[2020-06-28T00:49:43.685-0530][11.022s] GC(14)   Pre Evacuate Collection Set: 0.0ms
[2020-06-28T00:49:43.685-0530][11.022s] GC(14)   Evacuate Collection Set: 13.3ms
[2020-06-28T00:49:43.685-0530][11.022s] GC(14)   Post Evacuate Collection Set: 0.6ms
[2020-06-28T00:49:43.685-0530][11.022s] GC(14)   Other: 0.4ms
[2020-06-28T00:49:43.685-0530][11.022s] GC(14) Eden regions: 289->0(290)
[2020-06-28T00:49:43.685-0530][11.022s] GC(14) Survivor regions: 18->17(39)
[2020-06-28T00:49:43.685-0530][11.022s] GC(14) Old regions: 28->28
[2020-06-28T00:49:43.685-0530][11.022s] GC(14) Humongous regions: 5->5
[2020-06-28T00:49:43.685-0530][11.022s] GC(14) Metaspace: 53350K->53350K(1097728K)
[2020-06-28T00:49:43.685-0530][11.022s] GC(14) Pause Young (Normal) (G1 Evacuation Pause) 339M->49M(512M) 14.543ms
[2020-06-28T00:49:43.685-0530][11.022s] GC(14) User=0.05s Sys=0.00s Real=0.01s
[2020-06-28T00:50:10.808-0530][38.144s] GC(15) Pause Young (Normal) (G1 Evacuation Pause)
[2020-06-28T00:50:10.809-0530][38.145s] GC(15) Using 4 workers of 4 for evacuation
[2020-06-28T00:50:10.825-0530][38.161s] GC(15)   Pre Evacuate Collection Set: 0.0ms
[2020-06-28T00:50:10.825-0530][38.161s] GC(15)   Evacuate Collection Set: 15.8ms
[2020-06-28T00:50:10.825-0530][38.161s] GC(15)   Post Evacuate Collection Set: 0.4ms
[2020-06-28T00:50:10.825-0530][38.161s] GC(15)   Other: 0.6ms
[2020-06-28T00:50:10.825-0530][38.161s] GC(15) Eden regions: 290->0(284)
[2020-06-28T00:50:10.825-0530][38.161s] GC(15) Survivor regions: 17->23(39)
[2020-06-28T00:50:10.825-0530][38.161s] GC(15) Old regions: 28->28
[2020-06-28T00:50:10.825-0530][38.161s] GC(15) Humongous regions: 5->5
[2020-06-28T00:50:10.825-0530][38.161s] GC(15) Metaspace: 55299K->55299K(1099776K)
[2020-06-28T00:50:10.825-0530][38.161s] GC(15) Pause Young (Normal) (G1 Evacuation Pause) 339M->55M(512M) 17.043ms
[2020-06-28T00:50:10.825-0530][38.161s] GC(15) User=0.06s Sys=0.00s Real=0.02s
[2020-06-28T00:54:17.329-0530][284.679s] GC(16) Pause Young (Normal) (G1 Evacuation Pause)
[2020-06-28T00:54:17.329-0530][284.679s] GC(16) Using 4 workers of 4 for evacuation
[2020-06-28T00:54:17.397-0530][284.747s] GC(16)   Pre Evacuate Collection Set: 0.1ms
[2020-06-28T00:54:17.397-0530][284.747s] GC(16)   Evacuate Collection Set: 62.7ms
[2020-06-28T00:54:17.397-0530][284.747s] GC(16)   Post Evacuate Collection Set: 1.6ms
[2020-06-28T00:54:17.397-0530][284.747s] GC(16)   Other: 3.5ms
[2020-06-28T00:54:17.397-0530][284.747s] GC(16) Eden regions: 284->0(282)
[2020-06-28T00:54:17.397-0530][284.747s] GC(16) Survivor regions: 23->25(39)
[2020-06-28T00:54:17.397-0530][284.747s] GC(16) Old regions: 28->31
[2020-06-28T00:54:17.397-0530][284.747s] GC(16) Humongous regions: 8->8
[2020-06-28T00:54:17.397-0530][284.747s] GC(16) Metaspace: 60231K->60231K(1103872K)
[2020-06-28T00:54:17.397-0530][284.747s] GC(16) Pause Young (Normal) (G1 Evacuation Pause) 342M->62M(512M) 67.969ms
[2020-06-28T00:54:17.397-0530][284.747s] GC(16) User=0.09s Sys=0.01s Real=0.07s
[2020-06-28T02:00:02.014-0530][4229.435s] Heap
[2020-06-28T02:00:02.014-0530][4229.435s]  garbage-first heap   total 524288K, used 141042K [0x00000007e0000000, 0x0000000800000000)
[2020-06-28T02:00:02.014-0530][4229.435s]   region size 1024K, 101 young (103424K), 25 survivors (25600K)
[2020-06-28T02:00:02.014-0530][4229.435s]  Metaspace       used 61117K, capacity 62449K, committed 62800K, reserved 1105920K
[2020-06-28T02:00:02.014-0530][4229.435s]   class space    used 6792K, capacity 7321K, committed 7424K, reserved 1048576K
