[2020-06-29T17:42:53.496-0530][0.025s] Heap region size: 1M
[2020-06-29T17:42:53.758-0530][0.287s] Using G1
[2020-06-29T17:42:53.758-0530][0.287s] Heap address: 0x00000007e0000000, size: 512 MB, Compressed Oops mode: Zero based, Oop shift amount: 3
[2020-06-29T17:42:54.380-0530][0.909s] GC(0) Pause Young (Normal) (G1 Evacuation Pause)
[2020-06-29T17:42:54.380-0530][0.909s] GC(0) Using 4 workers of 4 for evacuation
[2020-06-29T17:42:54.383-0530][0.912s] GC(0)   Pre Evacuate Collection Set: 0.0ms
[2020-06-29T17:42:54.383-0530][0.912s] GC(0)   Evacuate Collection Set: 2.9ms
[2020-06-29T17:42:54.383-0530][0.912s] GC(0)   Post Evacuate Collection Set: 0.2ms
[2020-06-29T17:42:54.383-0530][0.912s] GC(0)   Other: 0.3ms
[2020-06-29T17:42:54.383-0530][0.912s] GC(0) Eden regions: 25->0(304)
[2020-06-29T17:42:54.383-0530][0.912s] GC(0) Survivor regions: 0->3(4)
[2020-06-29T17:42:54.383-0530][0.912s] GC(0) Old regions: 0->0
[2020-06-29T17:42:54.383-0530][0.912s] GC(0) Humongous regions: 0->0
[2020-06-29T17:42:54.383-0530][0.912s] GC(0) Metaspace: 12182K->12182K(1060864K)
[2020-06-29T17:42:54.383-0530][0.912s] GC(0) Pause Young (Normal) (G1 Evacuation Pause) 25M->2M(512M) 3.587ms
[2020-06-29T17:42:54.383-0530][0.912s] GC(0) User=0.02s Sys=0.00s Real=0.00s
[2020-06-29T17:42:55.228-0530][1.757s] GC(1) Pause Young (Concurrent Start) (Metadata GC Threshold)
[2020-06-29T17:42:55.228-0530][1.757s] GC(1) Using 4 workers of 4 for evacuation
[2020-06-29T17:42:55.246-0530][1.775s] GC(1)   Pre Evacuate Collection Set: 0.0ms
[2020-06-29T17:42:55.246-0530][1.775s] GC(1)   Evacuate Collection Set: 17.3ms
[2020-06-29T17:42:55.246-0530][1.775s] GC(1)   Post Evacuate Collection Set: 0.6ms
[2020-06-29T17:42:55.246-0530][1.775s] GC(1)   Other: 0.2ms
[2020-06-29T17:42:55.246-0530][1.775s] GC(1) Eden regions: 27->0(33)
[2020-06-29T17:42:55.246-0530][1.775s] GC(1) Survivor regions: 3->12(37)
[2020-06-29T17:42:55.246-0530][1.775s] GC(1) Old regions: 0->0
[2020-06-29T17:42:55.246-0530][1.775s] GC(1) Humongous regions: 4->4
[2020-06-29T17:42:55.246-0530][1.775s] GC(1) Metaspace: 20608K->20608K(1069056K)
[2020-06-29T17:42:55.246-0530][1.775s] GC(1) Pause Young (Concurrent Start) (Metadata GC Threshold) 33M->15M(512M) 18.294ms
[2020-06-29T17:42:55.246-0530][1.775s] GC(1) User=0.04s Sys=0.00s Real=0.02s
[2020-06-29T17:42:55.246-0530][1.775s] GC(2) Concurrent Cycle
[2020-06-29T17:42:55.246-0530][1.775s] GC(2) Concurrent Clear Claimed Marks
[2020-06-29T17:42:55.246-0530][1.775s] GC(2) Concurrent Clear Claimed Marks 0.036ms
[2020-06-29T17:42:55.246-0530][1.775s] GC(2) Concurrent Scan Root Regions
[2020-06-29T17:42:55.256-0530][1.785s] GC(2) Concurrent Scan Root Regions 9.195ms
[2020-06-29T17:42:55.256-0530][1.785s] GC(2) Concurrent Mark (1.785s)
[2020-06-29T17:42:55.256-0530][1.785s] GC(2) Concurrent Mark From Roots
[2020-06-29T17:42:55.256-0530][1.785s] GC(2) Using 1 workers of 1 for marking
[2020-06-29T17:42:55.259-0530][1.788s] GC(2) Concurrent Mark From Roots 3.044ms
[2020-06-29T17:42:55.259-0530][1.788s] GC(2) Concurrent Preclean
[2020-06-29T17:42:55.259-0530][1.788s] GC(2) Concurrent Preclean 0.027ms
[2020-06-29T17:42:55.259-0530][1.788s] GC(2) Concurrent Mark (1.785s, 1.788s) 3.151ms
[2020-06-29T17:42:55.259-0530][1.788s] GC(2) Pause Remark
[2020-06-29T17:42:55.261-0530][1.790s] GC(2) Cleaned string and symbol table, strings: 10169 processed, 0 removed, symbols: 67706 processed, 11 removed
[2020-06-29T17:42:55.261-0530][1.790s] GC(2) Pause Remark 16M->16M(512M) 1.968ms
[2020-06-29T17:42:55.261-0530][1.790s] GC(2) User=0.01s Sys=0.00s Real=0.01s
[2020-06-29T17:42:55.261-0530][1.790s] GC(2) Concurrent Rebuild Remembered Sets
[2020-06-29T17:42:55.264-0530][1.793s] GC(2) Concurrent Rebuild Remembered Sets 2.879ms
[2020-06-29T17:42:55.264-0530][1.793s] GC(2) Pause Cleanup
[2020-06-29T17:42:55.265-0530][1.794s] GC(2) Pause Cleanup 16M->16M(512M) 0.166ms
[2020-06-29T17:42:55.265-0530][1.794s] GC(2) User=0.00s Sys=0.00s Real=0.00s
[2020-06-29T17:42:55.265-0530][1.794s] GC(2) Concurrent Cleanup for Next Mark
[2020-06-29T17:42:55.266-0530][1.795s] GC(2) Concurrent Cleanup for Next Mark 1.297ms
[2020-06-29T17:42:55.266-0530][1.795s] GC(2) Concurrent Cycle 19.743ms
[2020-06-29T17:42:55.765-0530][2.294s] GC(3) Pause Young (Normal) (G1 Evacuation Pause)
[2020-06-29T17:42:55.766-0530][2.294s] GC(3) Using 4 workers of 4 for evacuation
[2020-06-29T17:42:55.781-0530][2.310s] GC(3)   Pre Evacuate Collection Set: 0.0ms
[2020-06-29T17:42:55.781-0530][2.310s] GC(3)   Evacuate Collection Set: 14.4ms
[2020-06-29T17:42:55.781-0530][2.310s] GC(3)   Post Evacuate Collection Set: 1.3ms
[2020-06-29T17:42:55.782-0530][2.310s] GC(3)   Other: 0.2ms
[2020-06-29T17:42:55.782-0530][2.310s] GC(3) Eden regions: 29->0(39)
[2020-06-29T17:42:55.782-0530][2.310s] GC(3) Survivor regions: 12->6(6)
[2020-06-29T17:42:55.782-0530][2.310s] GC(3) Old regions: 0->13
[2020-06-29T17:42:55.782-0530][2.311s] GC(3) Humongous regions: 4->4
[2020-06-29T17:42:55.782-0530][2.311s] GC(3) Metaspace: 23639K->23639K(1071104K)
[2020-06-29T17:42:55.782-0530][2.311s] GC(3) Pause Young (Normal) (G1 Evacuation Pause) 44M->22M(512M) 16.119ms
[2020-06-29T17:42:55.782-0530][2.311s] GC(3) User=0.06s Sys=0.00s Real=0.02s
[2020-06-29T17:42:56.560-0530][3.089s] GC(4) Pause Young (Normal) (G1 Evacuation Pause)
[2020-06-29T17:42:56.560-0530][3.089s] GC(4) Using 4 workers of 4 for evacuation
[2020-06-29T17:42:56.565-0530][3.094s] GC(4)   Pre Evacuate Collection Set: 0.0ms
[2020-06-29T17:42:56.565-0530][3.094s] GC(4)   Evacuate Collection Set: 4.2ms
[2020-06-29T17:42:56.565-0530][3.094s] GC(4)   Post Evacuate Collection Set: 0.5ms
[2020-06-29T17:42:56.565-0530][3.094s] GC(4)   Other: 0.1ms
[2020-06-29T17:42:56.565-0530][3.094s] GC(4) Eden regions: 39->0(62)
[2020-06-29T17:42:56.565-0530][3.094s] GC(4) Survivor regions: 6->2(6)
[2020-06-29T17:42:56.565-0530][3.094s] GC(4) Old regions: 13->18
[2020-06-29T17:42:56.565-0530][3.094s] GC(4) Humongous regions: 4->4
[2020-06-29T17:42:56.565-0530][3.094s] GC(4) Metaspace: 28168K->28168K(1075200K)
[2020-06-29T17:42:56.565-0530][3.094s] GC(4) Pause Young (Normal) (G1 Evacuation Pause) 61M->23M(512M) 5.007ms
[2020-06-29T17:42:56.565-0530][3.094s] GC(4) User=0.01s Sys=0.00s Real=0.00s
[2020-06-29T17:42:57.300-0530][3.829s] GC(5) Pause Young (Concurrent Start) (Metadata GC Threshold)
[2020-06-29T17:42:57.300-0530][3.829s] GC(5) Using 4 workers of 4 for evacuation
[2020-06-29T17:42:57.304-0530][3.833s] GC(5)   Pre Evacuate Collection Set: 0.0ms
[2020-06-29T17:42:57.304-0530][3.833s] GC(5)   Evacuate Collection Set: 3.7ms
[2020-06-29T17:42:57.304-0530][3.833s] GC(5)   Post Evacuate Collection Set: 0.2ms
[2020-06-29T17:42:57.304-0530][3.833s] GC(5)   Other: 0.2ms
[2020-06-29T17:42:57.304-0530][3.833s] GC(5) Eden regions: 41->0(304)
[2020-06-29T17:42:57.304-0530][3.833s] GC(5) Survivor regions: 2->3(8)
[2020-06-29T17:42:57.304-0530][3.833s] GC(5) Old regions: 18->18
[2020-06-29T17:42:57.304-0530][3.833s] GC(5) Humongous regions: 4->4
[2020-06-29T17:42:57.304-0530][3.833s] GC(5) Metaspace: 34915K->34915K(1081344K)
[2020-06-29T17:42:57.304-0530][3.833s] GC(5) Pause Young (Concurrent Start) (Metadata GC Threshold) 64M->24M(512M) 4.211ms
[2020-06-29T17:42:57.304-0530][3.833s] GC(5) User=0.02s Sys=0.00s Real=0.00s
[2020-06-29T17:42:57.304-0530][3.833s] GC(6) Concurrent Cycle
[2020-06-29T17:42:57.304-0530][3.833s] GC(6) Concurrent Clear Claimed Marks
[2020-06-29T17:42:57.304-0530][3.833s] GC(6) Concurrent Clear Claimed Marks 0.034ms
[2020-06-29T17:42:57.304-0530][3.833s] GC(6) Concurrent Scan Root Regions
[2020-06-29T17:42:57.307-0530][3.836s] GC(6) Concurrent Scan Root Regions 3.222ms
[2020-06-29T17:42:57.307-0530][3.836s] GC(6) Concurrent Mark (3.836s)
[2020-06-29T17:42:57.307-0530][3.836s] GC(6) Concurrent Mark From Roots
[2020-06-29T17:42:57.307-0530][3.836s] GC(6) Using 1 workers of 1 for marking
[2020-06-29T17:42:57.360-0530][3.889s] GC(6) Concurrent Mark From Roots 52.912ms
[2020-06-29T17:42:57.360-0530][3.889s] GC(6) Concurrent Preclean
[2020-06-29T17:42:57.361-0530][3.889s] GC(6) Concurrent Preclean 0.103ms
[2020-06-29T17:42:57.361-0530][3.889s] GC(6) Concurrent Mark (3.836s, 3.889s) 53.097ms
[2020-06-29T17:42:57.361-0530][3.890s] GC(6) Pause Remark
[2020-06-29T17:42:57.368-0530][3.897s] GC(6) Cleaned string and symbol table, strings: 16431 processed, 22 removed, symbols: 114508 processed, 52 removed
[2020-06-29T17:42:57.368-0530][3.897s] GC(6) Pause Remark 26M->26M(512M) 7.743ms
[2020-06-29T17:42:57.368-0530][3.897s] GC(6) User=0.02s Sys=0.00s Real=0.00s
[2020-06-29T17:42:57.368-0530][3.897s] GC(6) Concurrent Rebuild Remembered Sets
[2020-06-29T17:42:57.431-0530][3.960s] GC(6) Concurrent Rebuild Remembered Sets 62.891ms
[2020-06-29T17:42:57.432-0530][3.960s] GC(6) Pause Cleanup
[2020-06-29T17:42:57.432-0530][3.961s] GC(6) Pause Cleanup 28M->28M(512M) 0.103ms
[2020-06-29T17:42:57.432-0530][3.961s] GC(6) User=0.00s Sys=0.00s Real=0.00s
[2020-06-29T17:42:57.432-0530][3.961s] GC(6) Concurrent Cleanup for Next Mark
[2020-06-29T17:42:57.433-0530][3.962s] GC(6) Concurrent Cleanup for Next Mark 1.396ms
[2020-06-29T17:42:57.433-0530][3.962s] GC(6) Concurrent Cycle 129.057ms
[2020-06-29T17:42:58.961-0530][5.490s] GC(7) Pause Young (Normal) (G1 Evacuation Pause)
[2020-06-29T17:42:58.961-0530][5.490s] GC(7) Using 4 workers of 4 for evacuation
[2020-06-29T17:42:58.974-0530][5.503s] GC(7)   Pre Evacuate Collection Set: 0.0ms
[2020-06-29T17:42:58.975-0530][5.503s] GC(7)   Evacuate Collection Set: 10.0ms
[2020-06-29T17:42:58.975-0530][5.503s] GC(7)   Post Evacuate Collection Set: 3.1ms
[2020-06-29T17:42:58.975-0530][5.503s] GC(7)   Other: 0.4ms
[2020-06-29T17:42:58.975-0530][5.503s] GC(7) Eden regions: 304->0(293)
[2020-06-29T17:42:58.975-0530][5.503s] GC(7) Survivor regions: 3->14(39)
[2020-06-29T17:42:58.975-0530][5.503s] GC(7) Old regions: 18->18
[2020-06-29T17:42:58.975-0530][5.503s] GC(7) Humongous regions: 6->5
[2020-06-29T17:42:58.975-0530][5.503s] GC(7) Metaspace: 43752K->43752K(1089536K)
[2020-06-29T17:42:58.975-0530][5.504s] GC(7) Pause Young (Normal) (G1 Evacuation Pause) 330M->36M(512M) 13.760ms
[2020-06-29T17:42:58.975-0530][5.504s] GC(7) User=0.05s Sys=0.00s Real=0.01s
[2020-06-29T17:42:59.342-0530][5.871s] GC(8) Pause Young (Normal) (G1 Evacuation Pause)
[2020-06-29T17:42:59.342-0530][5.871s] GC(8) Using 4 workers of 4 for evacuation
[2020-06-29T17:42:59.352-0530][5.881s] GC(8)   Pre Evacuate Collection Set: 0.0ms
[2020-06-29T17:42:59.352-0530][5.881s] GC(8)   Evacuate Collection Set: 9.5ms
[2020-06-29T17:42:59.352-0530][5.881s] GC(8)   Post Evacuate Collection Set: 0.4ms
[2020-06-29T17:42:59.352-0530][5.881s] GC(8)   Other: 0.4ms
[2020-06-29T17:42:59.352-0530][5.881s] GC(8) Eden regions: 293->0(293)
[2020-06-29T17:42:59.352-0530][5.881s] GC(8) Survivor regions: 14->14(39)
[2020-06-29T17:42:59.352-0530][5.881s] GC(8) Old regions: 18->18
[2020-06-29T17:42:59.352-0530][5.881s] GC(8) Humongous regions: 5->5
[2020-06-29T17:42:59.352-0530][5.881s] GC(8) Metaspace: 44209K->44209K(1089536K)
[2020-06-29T17:42:59.352-0530][5.881s] GC(8) Pause Young (Normal) (G1 Evacuation Pause) 329M->36M(512M) 10.550ms
[2020-06-29T17:42:59.352-0530][5.881s] GC(8) User=0.03s Sys=0.00s Real=0.01s
[2020-06-29T17:43:01.226-0530][7.755s] GC(9) Pause Young (Normal) (G1 Evacuation Pause)
[2020-06-29T17:43:01.226-0530][7.755s] GC(9) Using 4 workers of 4 for evacuation
[2020-06-29T17:43:01.248-0530][7.777s] GC(9)   Pre Evacuate Collection Set: 0.0ms
[2020-06-29T17:43:01.248-0530][7.777s] GC(9)   Evacuate Collection Set: 20.8ms
[2020-06-29T17:43:01.248-0530][7.777s] GC(9)   Post Evacuate Collection Set: 1.3ms
[2020-06-29T17:43:01.248-0530][7.777s] GC(9)   Other: 0.2ms
[2020-06-29T17:43:01.248-0530][7.777s] GC(9) Eden regions: 293->0(280)
[2020-06-29T17:43:01.248-0530][7.777s] GC(9) Survivor regions: 14->27(39)
[2020-06-29T17:43:01.248-0530][7.777s] GC(9) Old regions: 18->18
[2020-06-29T17:43:01.248-0530][7.777s] GC(9) Humongous regions: 5->5
[2020-06-29T17:43:01.249-0530][7.777s] GC(9) Metaspace: 53300K->53300K(1097728K)
[2020-06-29T17:43:01.249-0530][7.777s] GC(9) Pause Young (Normal) (G1 Evacuation Pause) 329M->49M(512M) 22.607ms
[2020-06-29T17:43:01.249-0530][7.777s] GC(9) User=0.08s Sys=0.00s Real=0.02s
[2020-06-29T17:43:01.376-0530][7.905s] GC(10) Pause Young (Normal) (G1 Evacuation Pause)
[2020-06-29T17:43:01.376-0530][7.905s] GC(10) Using 4 workers of 4 for evacuation
[2020-06-29T17:43:01.398-0530][7.927s] GC(10)   Pre Evacuate Collection Set: 0.0ms
[2020-06-29T17:43:01.398-0530][7.927s] GC(10)   Evacuate Collection Set: 21.8ms
[2020-06-29T17:43:01.398-0530][7.927s] GC(10)   Post Evacuate Collection Set: 0.5ms
[2020-06-29T17:43:01.398-0530][7.927s] GC(10)   Other: 0.2ms
[2020-06-29T17:43:01.398-0530][7.927s] GC(10) Eden regions: 280->0(289)
[2020-06-29T17:43:01.398-0530][7.927s] GC(10) Survivor regions: 27->18(39)
[2020-06-29T17:43:01.398-0530][7.927s] GC(10) Old regions: 18->29
[2020-06-29T17:43:01.398-0530][7.927s] GC(10) Humongous regions: 5->5
[2020-06-29T17:43:01.398-0530][7.927s] GC(10) Metaspace: 53618K->53618K(1097728K)
[2020-06-29T17:43:01.398-0530][7.927s] GC(10) Pause Young (Normal) (G1 Evacuation Pause) 329M->51M(512M) 22.646ms
[2020-06-29T17:43:01.398-0530][7.927s] GC(10) User=0.09s Sys=0.00s Real=0.02s
[2020-06-29T17:43:01.891-0530][8.419s] GC(11) Pause Young (Normal) (G1 Evacuation Pause)
[2020-06-29T17:43:01.891-0530][8.419s] GC(11) Using 4 workers of 4 for evacuation
[2020-06-29T17:43:01.915-0530][8.443s] GC(11)   Pre Evacuate Collection Set: 0.0ms
[2020-06-29T17:43:01.915-0530][8.443s] GC(11)   Evacuate Collection Set: 23.4ms
[2020-06-29T17:43:01.915-0530][8.443s] GC(11)   Post Evacuate Collection Set: 0.4ms
[2020-06-29T17:43:01.915-0530][8.443s] GC(11)   Other: 0.2ms
[2020-06-29T17:43:01.915-0530][8.443s] GC(11) Eden regions: 289->0(279)
[2020-06-29T17:43:01.915-0530][8.444s] GC(11) Survivor regions: 18->28(39)
[2020-06-29T17:43:01.915-0530][8.444s] GC(11) Old regions: 29->29
[2020-06-29T17:43:01.915-0530][8.444s] GC(11) Humongous regions: 5->5
[2020-06-29T17:43:01.915-0530][8.444s] GC(11) Metaspace: 54073K->54073K(1097728K)
[2020-06-29T17:43:01.915-0530][8.444s] GC(11) Pause Young (Normal) (G1 Evacuation Pause) 340M->61M(512M) 24.275ms
[2020-06-29T17:43:01.915-0530][8.444s] GC(11) User=0.10s Sys=0.00s Real=0.02s
[2020-06-29T17:43:52.969-0530][59.497s] Heap
[2020-06-29T17:43:52.970-0530][59.497s]  garbage-first heap   total 524288K, used 205191K [0x00000007e0000000, 0x0000000800000000)
[2020-06-29T17:43:52.970-0530][59.497s]   region size 1024K, 165 young (168960K), 28 survivors (28672K)
[2020-06-29T17:43:52.970-0530][59.497s]  Metaspace       used 57249K, capacity 58436K, committed 58576K, reserved 1101824K
[2020-06-29T17:43:52.970-0530][59.497s]   class space    used 6526K, capacity 7014K, committed 7040K, reserved 1048576K
