[2020-06-29T17:25:44.479-0530][0.020s] Heap region size: 1M
[2020-06-29T17:25:44.732-0530][0.274s] Using G1
[2020-06-29T17:25:44.732-0530][0.274s] Heap address: 0x00000007e0000000, size: 512 MB, Compressed Oops mode: Zero based, Oop shift amount: 3
[2020-06-29T17:25:45.417-0530][0.959s] GC(0) Pause Young (Normal) (G1 Evacuation Pause)
[2020-06-29T17:25:45.418-0530][0.959s] GC(0) Using 4 workers of 4 for evacuation
[2020-06-29T17:25:45.421-0530][0.963s] GC(0)   Pre Evacuate Collection Set: 0.0ms
[2020-06-29T17:25:45.421-0530][0.963s] GC(0)   Evacuate Collection Set: 3.0ms
[2020-06-29T17:25:45.421-0530][0.963s] GC(0)   Post Evacuate Collection Set: 0.2ms
[2020-06-29T17:25:45.421-0530][0.963s] GC(0)   Other: 0.4ms
[2020-06-29T17:25:45.421-0530][0.963s] GC(0) Eden regions: 25->0(304)
[2020-06-29T17:25:45.421-0530][0.963s] GC(0) Survivor regions: 0->3(4)
[2020-06-29T17:25:45.421-0530][0.963s] GC(0) Old regions: 0->0
[2020-06-29T17:25:45.421-0530][0.963s] GC(0) Humongous regions: 0->0
[2020-06-29T17:25:45.421-0530][0.963s] GC(0) Metaspace: 12092K->12092K(1060864K)
[2020-06-29T17:25:45.421-0530][0.963s] GC(0) Pause Young (Normal) (G1 Evacuation Pause) 25M->2M(512M) 3.840ms
[2020-06-29T17:25:45.421-0530][0.963s] GC(0) User=0.02s Sys=0.00s Real=0.01s
[2020-06-29T17:25:46.378-0530][1.920s] GC(1) Pause Young (Concurrent Start) (Metadata GC Threshold)
[2020-06-29T17:25:46.378-0530][1.920s] GC(1) Using 4 workers of 4 for evacuation
[2020-06-29T17:25:46.396-0530][1.937s] GC(1)   Pre Evacuate Collection Set: 0.0ms
[2020-06-29T17:25:46.396-0530][1.937s] GC(1)   Evacuate Collection Set: 15.4ms
[2020-06-29T17:25:46.396-0530][1.937s] GC(1)   Post Evacuate Collection Set: 1.9ms
[2020-06-29T17:25:46.396-0530][1.937s] GC(1)   Other: 0.2ms
[2020-06-29T17:25:46.396-0530][1.937s] GC(1) Eden regions: 27->0(33)
[2020-06-29T17:25:46.396-0530][1.937s] GC(1) Survivor regions: 3->12(38)
[2020-06-29T17:25:46.396-0530][1.937s] GC(1) Old regions: 0->0
[2020-06-29T17:25:46.396-0530][1.937s] GC(1) Humongous regions: 4->4
[2020-06-29T17:25:46.396-0530][1.937s] GC(1) Metaspace: 20675K->20675K(1069056K)
[2020-06-29T17:25:46.396-0530][1.937s] GC(1) Pause Young (Concurrent Start) (Metadata GC Threshold) 33M->15M(512M) 17.766ms
[2020-06-29T17:25:46.396-0530][1.937s] GC(1) User=0.05s Sys=0.00s Real=0.02s
[2020-06-29T17:25:46.396-0530][1.937s] GC(2) Concurrent Cycle
[2020-06-29T17:25:46.396-0530][1.938s] GC(2) Concurrent Clear Claimed Marks
[2020-06-29T17:25:46.396-0530][1.938s] GC(2) Concurrent Clear Claimed Marks 0.046ms
[2020-06-29T17:25:46.396-0530][1.938s] GC(2) Concurrent Scan Root Regions
[2020-06-29T17:25:46.407-0530][1.949s] GC(2) Concurrent Scan Root Regions 11.394ms
[2020-06-29T17:25:46.407-0530][1.949s] GC(2) Concurrent Mark (1.949s)
[2020-06-29T17:25:46.407-0530][1.949s] GC(2) Concurrent Mark From Roots
[2020-06-29T17:25:46.408-0530][1.949s] GC(2) Using 1 workers of 1 for marking
[2020-06-29T17:25:46.412-0530][1.953s] GC(2) Concurrent Mark From Roots 4.037ms
[2020-06-29T17:25:46.412-0530][1.953s] GC(2) Concurrent Preclean
[2020-06-29T17:25:46.412-0530][1.953s] GC(2) Concurrent Preclean 0.041ms
[2020-06-29T17:25:46.412-0530][1.953s] GC(2) Concurrent Mark (1.949s, 1.953s) 4.179ms
[2020-06-29T17:25:46.413-0530][1.954s] GC(2) Pause Remark
[2020-06-29T17:25:46.415-0530][1.956s] GC(2) Cleaned string and symbol table, strings: 10132 processed, 0 removed, symbols: 68073 processed, 10 removed
[2020-06-29T17:25:46.415-0530][1.956s] GC(2) Pause Remark 16M->16M(512M) 2.154ms
[2020-06-29T17:25:46.415-0530][1.956s] GC(2) User=0.01s Sys=0.00s Real=0.00s
[2020-06-29T17:25:46.415-0530][1.956s] GC(2) Concurrent Rebuild Remembered Sets
[2020-06-29T17:25:46.419-0530][1.961s] GC(2) Concurrent Rebuild Remembered Sets 4.396ms
[2020-06-29T17:25:46.420-0530][1.961s] GC(2) Pause Cleanup
[2020-06-29T17:25:46.420-0530][1.961s] GC(2) Pause Cleanup 16M->16M(512M) 0.234ms
[2020-06-29T17:25:46.420-0530][1.961s] GC(2) User=0.00s Sys=0.00s Real=0.01s
[2020-06-29T17:25:46.420-0530][1.961s] GC(2) Concurrent Cleanup for Next Mark
[2020-06-29T17:25:46.423-0530][1.964s] GC(2) Concurrent Cleanup for Next Mark 2.633ms
[2020-06-29T17:25:46.423-0530][1.964s] GC(2) Concurrent Cycle 26.769ms
[2020-06-29T17:25:46.845-0530][2.387s] GC(3) Pause Young (Normal) (G1 Evacuation Pause)
[2020-06-29T17:25:46.845-0530][2.387s] GC(3) Using 4 workers of 4 for evacuation
[2020-06-29T17:25:46.860-0530][2.402s] GC(3)   Pre Evacuate Collection Set: 0.0ms
[2020-06-29T17:25:46.860-0530][2.402s] GC(3)   Evacuate Collection Set: 14.0ms
[2020-06-29T17:25:46.860-0530][2.402s] GC(3)   Post Evacuate Collection Set: 1.2ms
[2020-06-29T17:25:46.861-0530][2.402s] GC(3)   Other: 0.1ms
[2020-06-29T17:25:46.861-0530][2.402s] GC(3) Eden regions: 29->0(40)
[2020-06-29T17:25:46.861-0530][2.402s] GC(3) Survivor regions: 12->6(6)
[2020-06-29T17:25:46.861-0530][2.402s] GC(3) Old regions: 0->13
[2020-06-29T17:25:46.861-0530][2.402s] GC(3) Humongous regions: 4->4
[2020-06-29T17:25:46.861-0530][2.402s] GC(3) Metaspace: 23608K->23608K(1071104K)
[2020-06-29T17:25:46.861-0530][2.402s] GC(3) Pause Young (Normal) (G1 Evacuation Pause) 44M->22M(512M) 15.413ms
[2020-06-29T17:25:46.861-0530][2.402s] GC(3) User=0.06s Sys=0.00s Real=0.02s
[2020-06-29T17:25:47.647-0530][3.189s] GC(4) Pause Young (Normal) (G1 Evacuation Pause)
[2020-06-29T17:25:47.647-0530][3.189s] GC(4) Using 4 workers of 4 for evacuation
[2020-06-29T17:25:47.651-0530][3.193s] GC(4)   Pre Evacuate Collection Set: 0.0ms
[2020-06-29T17:25:47.651-0530][3.193s] GC(4)   Evacuate Collection Set: 3.0ms
[2020-06-29T17:25:47.651-0530][3.193s] GC(4)   Post Evacuate Collection Set: 0.3ms
[2020-06-29T17:25:47.651-0530][3.193s] GC(4)   Other: 0.2ms
[2020-06-29T17:25:47.651-0530][3.193s] GC(4) Eden regions: 40->0(63)
[2020-06-29T17:25:47.651-0530][3.193s] GC(4) Survivor regions: 6->2(6)
[2020-06-29T17:25:47.651-0530][3.193s] GC(4) Old regions: 13->19
[2020-06-29T17:25:47.651-0530][3.193s] GC(4) Humongous regions: 4->4
[2020-06-29T17:25:47.651-0530][3.193s] GC(4) Metaspace: 28130K->28130K(1075200K)
[2020-06-29T17:25:47.651-0530][3.193s] GC(4) Pause Young (Normal) (G1 Evacuation Pause) 62M->24M(512M) 3.674ms
[2020-06-29T17:25:47.651-0530][3.193s] GC(4) User=0.01s Sys=0.00s Real=0.01s
[2020-06-29T17:25:48.480-0530][4.021s] GC(5) Pause Young (Concurrent Start) (Metadata GC Threshold)
[2020-06-29T17:25:48.480-0530][4.021s] GC(5) Using 4 workers of 4 for evacuation
[2020-06-29T17:25:48.487-0530][4.029s] GC(5)   Pre Evacuate Collection Set: 0.1ms
[2020-06-29T17:25:48.487-0530][4.029s] GC(5)   Evacuate Collection Set: 6.3ms
[2020-06-29T17:25:48.487-0530][4.029s] GC(5)   Post Evacuate Collection Set: 1.1ms
[2020-06-29T17:25:48.487-0530][4.029s] GC(5)   Other: 0.2ms
[2020-06-29T17:25:48.487-0530][4.029s] GC(5) Eden regions: 41->0(304)
[2020-06-29T17:25:48.487-0530][4.029s] GC(5) Survivor regions: 2->3(9)
[2020-06-29T17:25:48.487-0530][4.029s] GC(5) Old regions: 19->19
[2020-06-29T17:25:48.487-0530][4.029s] GC(5) Humongous regions: 4->4
[2020-06-29T17:25:48.487-0530][4.029s] GC(5) Metaspace: 34983K->34983K(1081344K)
[2020-06-29T17:25:48.487-0530][4.029s] GC(5) Pause Young (Concurrent Start) (Metadata GC Threshold) 65M->25M(512M) 7.819ms
[2020-06-29T17:25:48.487-0530][4.029s] GC(5) User=0.02s Sys=0.00s Real=0.00s
[2020-06-29T17:25:48.487-0530][4.029s] GC(6) Concurrent Cycle
[2020-06-29T17:25:48.488-0530][4.029s] GC(6) Concurrent Clear Claimed Marks
[2020-06-29T17:25:48.488-0530][4.029s] GC(6) Concurrent Clear Claimed Marks 0.047ms
[2020-06-29T17:25:48.488-0530][4.029s] GC(6) Concurrent Scan Root Regions
[2020-06-29T17:25:48.491-0530][4.033s] GC(6) Concurrent Scan Root Regions 3.605ms
[2020-06-29T17:25:48.491-0530][4.033s] GC(6) Concurrent Mark (4.033s)
[2020-06-29T17:25:48.491-0530][4.033s] GC(6) Concurrent Mark From Roots
[2020-06-29T17:25:48.491-0530][4.033s] GC(6) Using 1 workers of 1 for marking
[2020-06-29T17:25:48.533-0530][4.075s] GC(6) Concurrent Mark From Roots 42.024ms
[2020-06-29T17:25:48.533-0530][4.075s] GC(6) Concurrent Preclean
[2020-06-29T17:25:48.533-0530][4.075s] GC(6) Concurrent Preclean 0.111ms
[2020-06-29T17:25:48.533-0530][4.075s] GC(6) Concurrent Mark (4.033s, 4.075s) 42.230ms
[2020-06-29T17:25:48.534-0530][4.075s] GC(6) Pause Remark
[2020-06-29T17:25:48.537-0530][4.079s] GC(6) Cleaned string and symbol table, strings: 16538 processed, 22 removed, symbols: 115104 processed, 52 removed
[2020-06-29T17:25:48.537-0530][4.079s] GC(6) Pause Remark 27M->27M(512M) 3.531ms
[2020-06-29T17:25:48.537-0530][4.079s] GC(6) User=0.01s Sys=0.00s Real=0.00s
[2020-06-29T17:25:48.537-0530][4.079s] GC(6) Concurrent Rebuild Remembered Sets
[2020-06-29T17:25:48.562-0530][4.103s] GC(6) Concurrent Rebuild Remembered Sets 24.489ms
[2020-06-29T17:25:48.562-0530][4.104s] GC(6) Pause Cleanup
[2020-06-29T17:25:48.562-0530][4.104s] GC(6) Pause Cleanup 28M->28M(512M) 0.105ms
[2020-06-29T17:25:48.562-0530][4.104s] GC(6) User=0.00s Sys=0.00s Real=0.00s
[2020-06-29T17:25:48.562-0530][4.104s] GC(6) Concurrent Cleanup for Next Mark
[2020-06-29T17:25:48.563-0530][4.105s] GC(6) Concurrent Cleanup for Next Mark 1.194ms
[2020-06-29T17:25:48.563-0530][4.105s] GC(6) Concurrent Cycle 75.802ms
[2020-06-29T17:25:49.908-0530][5.450s] GC(7) Pause Young (Normal) (G1 Evacuation Pause)
[2020-06-29T17:25:49.909-0530][5.450s] GC(7) Using 4 workers of 4 for evacuation
[2020-06-29T17:25:49.919-0530][5.460s] GC(7)   Pre Evacuate Collection Set: 0.0ms
[2020-06-29T17:25:49.919-0530][5.460s] GC(7)   Evacuate Collection Set: 9.2ms
[2020-06-29T17:25:49.919-0530][5.460s] GC(7)   Post Evacuate Collection Set: 0.6ms
[2020-06-29T17:25:49.919-0530][5.460s] GC(7)   Other: 0.3ms
[2020-06-29T17:25:49.919-0530][5.460s] GC(7) Eden regions: 304->0(294)
[2020-06-29T17:25:49.919-0530][5.460s] GC(7) Survivor regions: 3->13(39)
[2020-06-29T17:25:49.919-0530][5.460s] GC(7) Old regions: 19->19
[2020-06-29T17:25:49.919-0530][5.460s] GC(7) Humongous regions: 6->5
[2020-06-29T17:25:49.919-0530][5.460s] GC(7) Metaspace: 43822K->43822K(1089536K)
[2020-06-29T17:25:49.919-0530][5.460s] GC(7) Pause Young (Normal) (G1 Evacuation Pause) 331M->36M(512M) 10.166ms
[2020-06-29T17:25:49.919-0530][5.460s] GC(7) User=0.04s Sys=0.00s Real=0.01s
[2020-06-29T17:25:50.220-0530][5.762s] GC(8) Pause Young (Normal) (G1 Evacuation Pause)
[2020-06-29T17:25:50.220-0530][5.762s] GC(8) Using 4 workers of 4 for evacuation
[2020-06-29T17:25:50.231-0530][5.773s] GC(8)   Pre Evacuate Collection Set: 0.0ms
[2020-06-29T17:25:50.232-0530][5.773s] GC(8)   Evacuate Collection Set: 10.5ms
[2020-06-29T17:25:50.232-0530][5.773s] GC(8)   Post Evacuate Collection Set: 0.5ms
[2020-06-29T17:25:50.232-0530][5.773s] GC(8)   Other: 0.7ms
[2020-06-29T17:25:50.232-0530][5.773s] GC(8) Eden regions: 294->0(293)
[2020-06-29T17:25:50.232-0530][5.773s] GC(8) Survivor regions: 13->14(39)
[2020-06-29T17:25:50.232-0530][5.773s] GC(8) Old regions: 19->19
[2020-06-29T17:25:50.232-0530][5.773s] GC(8) Humongous regions: 5->5
[2020-06-29T17:25:50.232-0530][5.773s] GC(8) Metaspace: 44286K->44286K(1089536K)
[2020-06-29T17:25:50.232-0530][5.773s] GC(8) Pause Young (Normal) (G1 Evacuation Pause) 330M->37M(512M) 11.811ms
[2020-06-29T17:25:50.232-0530][5.774s] GC(8) User=0.04s Sys=0.00s Real=0.01s
[2020-06-29T17:25:52.066-0530][7.608s] GC(9) Pause Young (Normal) (G1 Evacuation Pause)
[2020-06-29T17:25:52.066-0530][7.608s] GC(9) Using 4 workers of 4 for evacuation
[2020-06-29T17:25:52.086-0530][7.628s] GC(9)   Pre Evacuate Collection Set: 0.0ms
[2020-06-29T17:25:52.086-0530][7.628s] GC(9)   Evacuate Collection Set: 19.3ms
[2020-06-29T17:25:52.086-0530][7.628s] GC(9)   Post Evacuate Collection Set: 0.9ms
[2020-06-29T17:25:52.086-0530][7.628s] GC(9)   Other: 0.2ms
[2020-06-29T17:25:52.086-0530][7.628s] GC(9) Eden regions: 293->0(281)
[2020-06-29T17:25:52.086-0530][7.628s] GC(9) Survivor regions: 14->26(39)
[2020-06-29T17:25:52.086-0530][7.628s] GC(9) Old regions: 19->19
[2020-06-29T17:25:52.086-0530][7.628s] GC(9) Humongous regions: 5->5
[2020-06-29T17:25:52.086-0530][7.628s] GC(9) Metaspace: 53353K->53353K(1097728K)
[2020-06-29T17:25:52.086-0530][7.628s] GC(9) Pause Young (Normal) (G1 Evacuation Pause) 330M->49M(512M) 20.501ms
[2020-06-29T17:25:52.086-0530][7.628s] GC(9) User=0.08s Sys=0.00s Real=0.02s
[2020-06-29T17:25:52.321-0530][7.863s] GC(10) Pause Young (Normal) (G1 Evacuation Pause)
[2020-06-29T17:25:52.321-0530][7.863s] GC(10) Using 4 workers of 4 for evacuation
[2020-06-29T17:25:52.361-0530][7.902s] GC(10)   Pre Evacuate Collection Set: 0.0ms
[2020-06-29T17:25:52.361-0530][7.903s] GC(10)   Evacuate Collection Set: 38.7ms
[2020-06-29T17:25:52.361-0530][7.903s] GC(10)   Post Evacuate Collection Set: 0.6ms
[2020-06-29T17:25:52.361-0530][7.903s] GC(10)   Other: 0.4ms
[2020-06-29T17:25:52.361-0530][7.903s] GC(10) Eden regions: 281->0(289)
[2020-06-29T17:25:52.361-0530][7.903s] GC(10) Survivor regions: 26->18(39)
[2020-06-29T17:25:52.361-0530][7.903s] GC(10) Old regions: 19->30
[2020-06-29T17:25:52.361-0530][7.903s] GC(10) Humongous regions: 5->5
[2020-06-29T17:25:52.361-0530][7.903s] GC(10) Metaspace: 53710K->53710K(1097728K)
[2020-06-29T17:25:52.361-0530][7.903s] GC(10) Pause Young (Normal) (G1 Evacuation Pause) 330M->52M(512M) 39.899ms
[2020-06-29T17:25:52.361-0530][7.903s] GC(10) User=0.11s Sys=0.00s Real=0.04s
[2020-06-29T17:25:53.506-0530][9.048s] GC(11) Pause Young (Normal) (G1 Evacuation Pause)
[2020-06-29T17:25:53.506-0530][9.048s] GC(11) Using 4 workers of 4 for evacuation
[2020-06-29T17:25:53.538-0530][9.080s] GC(11)   Pre Evacuate Collection Set: 0.0ms
[2020-06-29T17:25:53.538-0530][9.080s] GC(11)   Evacuate Collection Set: 29.6ms
[2020-06-29T17:25:53.538-0530][9.080s] GC(11)   Post Evacuate Collection Set: 1.7ms
[2020-06-29T17:25:53.538-0530][9.080s] GC(11)   Other: 0.3ms
[2020-06-29T17:25:53.538-0530][9.080s] GC(11) Eden regions: 289->0(279)
[2020-06-29T17:25:53.538-0530][9.080s] GC(11) Survivor regions: 18->28(39)
[2020-06-29T17:25:53.538-0530][9.080s] GC(11) Old regions: 30->30
[2020-06-29T17:25:53.538-0530][9.080s] GC(11) Humongous regions: 5->5
[2020-06-29T17:25:53.538-0530][9.080s] GC(11) Metaspace: 54160K->54160K(1097728K)
[2020-06-29T17:25:53.538-0530][9.080s] GC(11) Pause Young (Normal) (G1 Evacuation Pause) 341M->62M(512M) 31.795ms
[2020-06-29T17:25:53.538-0530][9.080s] GC(11) User=0.11s Sys=0.00s Real=0.03s
[2020-06-29T17:26:46.027-0530][61.568s] Heap
[2020-06-29T17:26:46.027-0530][61.568s]  garbage-first heap   total 524288K, used 196604K [0x00000007e0000000, 0x0000000800000000)
[2020-06-29T17:26:46.027-0530][61.568s]   region size 1024K, 158 young (161792K), 28 survivors (28672K)
[2020-06-29T17:26:46.027-0530][61.568s]  Metaspace       used 57133K, capacity 58332K, committed 58704K, reserved 1101824K
[2020-06-29T17:26:46.027-0530][61.569s]   class space    used 6544K, capacity 7045K, committed 7168K, reserved 1048576K
