[2020-06-29T01:06:35.142-0530][0.016s] Heap region size: 1M
[2020-06-29T01:06:35.534-0530][0.408s] Using G1
[2020-06-29T01:06:35.534-0530][0.408s] Heap address: 0x00000007e0000000, size: 512 MB, Compressed Oops mode: Zero based, Oop shift amount: 3
[2020-06-29T01:06:36.485-0530][1.359s] GC(0) Pause Young (Normal) (G1 Evacuation Pause)
[2020-06-29T01:06:36.485-0530][1.359s] GC(0) Using 4 workers of 4 for evacuation
[2020-06-29T01:06:36.489-0530][1.363s] GC(0)   Pre Evacuate Collection Set: 0.0ms
[2020-06-29T01:06:36.489-0530][1.363s] GC(0)   Evacuate Collection Set: 2.9ms
[2020-06-29T01:06:36.489-0530][1.363s] GC(0)   Post Evacuate Collection Set: 0.3ms
[2020-06-29T01:06:36.489-0530][1.363s] GC(0)   Other: 0.3ms
[2020-06-29T01:06:36.489-0530][1.363s] GC(0) Eden regions: 25->0(304)
[2020-06-29T01:06:36.489-0530][1.363s] GC(0) Survivor regions: 0->3(4)
[2020-06-29T01:06:36.489-0530][1.363s] GC(0) Old regions: 0->0
[2020-06-29T01:06:36.489-0530][1.363s] GC(0) Humongous regions: 0->0
[2020-06-29T01:06:36.489-0530][1.363s] GC(0) Metaspace: 12156K->12156K(1060864K)
[2020-06-29T01:06:36.489-0530][1.363s] GC(0) Pause Young (Normal) (G1 Evacuation Pause) 25M->2M(512M) 3.713ms
[2020-06-29T01:06:36.489-0530][1.363s] GC(0) User=0.02s Sys=0.00s Real=0.00s
[2020-06-29T01:06:37.409-0530][2.283s] GC(1) Pause Young (Concurrent Start) (Metadata GC Threshold)
[2020-06-29T01:06:37.409-0530][2.283s] GC(1) Using 4 workers of 4 for evacuation
[2020-06-29T01:06:37.426-0530][2.300s] GC(1)   Pre Evacuate Collection Set: 0.0ms
[2020-06-29T01:06:37.426-0530][2.300s] GC(1)   Evacuate Collection Set: 15.8ms
[2020-06-29T01:06:37.426-0530][2.300s] GC(1)   Post Evacuate Collection Set: 0.6ms
[2020-06-29T01:06:37.426-0530][2.300s] GC(1)   Other: 0.2ms
[2020-06-29T01:06:37.426-0530][2.300s] GC(1) Eden regions: 27->0(33)
[2020-06-29T01:06:37.426-0530][2.300s] GC(1) Survivor regions: 3->12(38)
[2020-06-29T01:06:37.426-0530][2.300s] GC(1) Old regions: 0->0
[2020-06-29T01:06:37.426-0530][2.300s] GC(1) Humongous regions: 4->4
[2020-06-29T01:06:37.426-0530][2.300s] GC(1) Metaspace: 20600K->20600K(1069056K)
[2020-06-29T01:06:37.426-0530][2.300s] GC(1) Pause Young (Concurrent Start) (Metadata GC Threshold) 33M->15M(512M) 16.863ms
[2020-06-29T01:06:37.426-0530][2.300s] GC(1) User=0.05s Sys=0.00s Real=0.02s
[2020-06-29T01:06:37.426-0530][2.300s] GC(2) Concurrent Cycle
[2020-06-29T01:06:37.426-0530][2.300s] GC(2) Concurrent Clear Claimed Marks
[2020-06-29T01:06:37.426-0530][2.300s] GC(2) Concurrent Clear Claimed Marks 0.029ms
[2020-06-29T01:06:37.426-0530][2.300s] GC(2) Concurrent Scan Root Regions
[2020-06-29T01:06:37.437-0530][2.311s] GC(2) Concurrent Scan Root Regions 10.935ms
[2020-06-29T01:06:37.437-0530][2.311s] GC(2) Concurrent Mark (2.311s)
[2020-06-29T01:06:37.437-0530][2.311s] GC(2) Concurrent Mark From Roots
[2020-06-29T01:06:37.437-0530][2.311s] GC(2) Using 1 workers of 1 for marking
[2020-06-29T01:06:37.440-0530][2.314s] GC(2) Concurrent Mark From Roots 2.945ms
[2020-06-29T01:06:37.440-0530][2.314s] GC(2) Concurrent Preclean
[2020-06-29T01:06:37.440-0530][2.314s] GC(2) Concurrent Preclean 0.042ms
[2020-06-29T01:06:37.440-0530][2.314s] GC(2) Concurrent Mark (2.311s, 2.314s) 3.091ms
[2020-06-29T01:06:37.440-0530][2.314s] GC(2) Pause Remark
[2020-06-29T01:06:37.442-0530][2.317s] GC(2) Cleaned string and symbol table, strings: 10153 processed, 0 removed, symbols: 67734 processed, 10 removed
[2020-06-29T01:06:37.443-0530][2.317s] GC(2) Pause Remark 16M->16M(512M) 2.633ms
[2020-06-29T01:06:37.443-0530][2.317s] GC(2) User=0.01s Sys=0.00s Real=0.00s
[2020-06-29T01:06:37.443-0530][2.317s] GC(2) Concurrent Rebuild Remembered Sets
[2020-06-29T01:06:37.446-0530][2.320s] GC(2) Concurrent Rebuild Remembered Sets 3.530ms
[2020-06-29T01:06:37.447-0530][2.321s] GC(2) Pause Cleanup
[2020-06-29T01:06:37.447-0530][2.321s] GC(2) Pause Cleanup 16M->16M(512M) 0.124ms
[2020-06-29T01:06:37.447-0530][2.321s] GC(2) User=0.00s Sys=0.00s Real=0.00s
[2020-06-29T01:06:37.447-0530][2.321s] GC(2) Concurrent Cleanup for Next Mark
[2020-06-29T01:06:37.448-0530][2.322s] GC(2) Concurrent Cleanup for Next Mark 1.206ms
[2020-06-29T01:06:37.448-0530][2.322s] GC(2) Concurrent Cycle 22.279ms
[2020-06-29T01:06:38.078-0530][2.953s] GC(3) Pause Young (Normal) (G1 Evacuation Pause)
[2020-06-29T01:06:38.078-0530][2.953s] GC(3) Using 4 workers of 4 for evacuation
[2020-06-29T01:06:38.093-0530][2.968s] GC(3)   Pre Evacuate Collection Set: 0.0ms
[2020-06-29T01:06:38.093-0530][2.968s] GC(3)   Evacuate Collection Set: 14.5ms
[2020-06-29T01:06:38.094-0530][2.968s] GC(3)   Post Evacuate Collection Set: 0.4ms
[2020-06-29T01:06:38.094-0530][2.968s] GC(3)   Other: 0.2ms
[2020-06-29T01:06:38.094-0530][2.968s] GC(3) Eden regions: 29->0(40)
[2020-06-29T01:06:38.094-0530][2.968s] GC(3) Survivor regions: 12->6(6)
[2020-06-29T01:06:38.094-0530][2.968s] GC(3) Old regions: 0->13
[2020-06-29T01:06:38.094-0530][2.968s] GC(3) Humongous regions: 4->4
[2020-06-29T01:06:38.094-0530][2.968s] GC(3) Metaspace: 23641K->23641K(1071104K)
[2020-06-29T01:06:38.094-0530][2.968s] GC(3) Pause Young (Normal) (G1 Evacuation Pause) 44M->22M(512M) 15.147ms
[2020-06-29T01:06:38.094-0530][2.968s] GC(3) User=0.06s Sys=0.00s Real=0.02s
[2020-06-29T01:06:39.003-0530][3.877s] GC(4) Pause Young (Normal) (G1 Evacuation Pause)
[2020-06-29T01:06:39.003-0530][3.877s] GC(4) Using 4 workers of 4 for evacuation
[2020-06-29T01:06:39.009-0530][3.883s] GC(4)   Pre Evacuate Collection Set: 0.0ms
[2020-06-29T01:06:39.009-0530][3.883s] GC(4)   Evacuate Collection Set: 4.8ms
[2020-06-29T01:06:39.009-0530][3.883s] GC(4)   Post Evacuate Collection Set: 1.0ms
[2020-06-29T01:06:39.009-0530][3.883s] GC(4)   Other: 0.2ms
[2020-06-29T01:06:39.009-0530][3.883s] GC(4) Eden regions: 40->0(63)
[2020-06-29T01:06:39.009-0530][3.883s] GC(4) Survivor regions: 6->2(6)
[2020-06-29T01:06:39.009-0530][3.883s] GC(4) Old regions: 13->19
[2020-06-29T01:06:39.009-0530][3.883s] GC(4) Humongous regions: 4->4
[2020-06-29T01:06:39.009-0530][3.883s] GC(4) Metaspace: 28176K->28176K(1075200K)
[2020-06-29T01:06:39.009-0530][3.883s] GC(4) Pause Young (Normal) (G1 Evacuation Pause) 62M->24M(512M) 6.119ms
[2020-06-29T01:06:39.009-0530][3.883s] GC(4) User=0.03s Sys=0.00s Real=0.00s
[2020-06-29T01:06:39.747-0530][4.621s] GC(5) Pause Young (Concurrent Start) (Metadata GC Threshold)
[2020-06-29T01:06:39.747-0530][4.621s] GC(5) Using 4 workers of 4 for evacuation
[2020-06-29T01:06:39.752-0530][4.626s] GC(5)   Pre Evacuate Collection Set: 0.1ms
[2020-06-29T01:06:39.752-0530][4.626s] GC(5)   Evacuate Collection Set: 4.2ms
[2020-06-29T01:06:39.752-0530][4.626s] GC(5)   Post Evacuate Collection Set: 0.2ms
[2020-06-29T01:06:39.752-0530][4.626s] GC(5)   Other: 0.2ms
[2020-06-29T01:06:39.752-0530][4.626s] GC(5) Eden regions: 44->0(278)
[2020-06-29T01:06:39.752-0530][4.626s] GC(5) Survivor regions: 2->2(9)
[2020-06-29T01:06:39.752-0530][4.626s] GC(5) Old regions: 19->19
[2020-06-29T01:06:39.752-0530][4.626s] GC(5) Humongous regions: 4->4
[2020-06-29T01:06:39.752-0530][4.626s] GC(5) Metaspace: 34909K->34909K(1081344K)
[2020-06-29T01:06:39.752-0530][4.626s] GC(5) Pause Young (Concurrent Start) (Metadata GC Threshold) 68M->25M(512M) 4.758ms
[2020-06-29T01:06:39.752-0530][4.626s] GC(5) User=0.02s Sys=0.00s Real=0.01s
[2020-06-29T01:06:39.752-0530][4.626s] GC(6) Concurrent Cycle
[2020-06-29T01:06:39.752-0530][4.626s] GC(6) Concurrent Clear Claimed Marks
[2020-06-29T01:06:39.752-0530][4.626s] GC(6) Concurrent Clear Claimed Marks 0.031ms
[2020-06-29T01:06:39.752-0530][4.626s] GC(6) Concurrent Scan Root Regions
[2020-06-29T01:06:39.755-0530][4.629s] GC(6) Concurrent Scan Root Regions 2.709ms
[2020-06-29T01:06:39.755-0530][4.629s] GC(6) Concurrent Mark (4.629s)
[2020-06-29T01:06:39.755-0530][4.629s] GC(6) Concurrent Mark From Roots
[2020-06-29T01:06:39.755-0530][4.629s] GC(6) Using 1 workers of 1 for marking
[2020-06-29T01:06:39.793-0530][4.667s] GC(6) Concurrent Mark From Roots 37.935ms
[2020-06-29T01:06:39.793-0530][4.667s] GC(6) Concurrent Preclean
[2020-06-29T01:06:39.793-0530][4.667s] GC(6) Concurrent Preclean 0.186ms
[2020-06-29T01:06:39.793-0530][4.667s] GC(6) Concurrent Mark (4.629s, 4.667s) 38.224ms
[2020-06-29T01:06:39.795-0530][4.669s] GC(6) Pause Remark
[2020-06-29T01:06:39.799-0530][4.673s] GC(6) Cleaned string and symbol table, strings: 16482 processed, 22 removed, symbols: 114565 processed, 52 removed
[2020-06-29T01:06:39.799-0530][4.673s] GC(6) Pause Remark 28M->28M(512M) 4.162ms
[2020-06-29T01:06:39.799-0530][4.673s] GC(6) User=0.02s Sys=0.00s Real=0.00s
[2020-06-29T01:06:39.799-0530][4.673s] GC(6) Concurrent Rebuild Remembered Sets
[2020-06-29T01:06:39.829-0530][4.703s] GC(6) Concurrent Rebuild Remembered Sets 30.025ms
[2020-06-29T01:06:39.829-0530][4.703s] GC(6) Pause Cleanup
[2020-06-29T01:06:39.829-0530][4.703s] GC(6) Pause Cleanup 30M->30M(512M) 0.078ms
[2020-06-29T01:06:39.829-0530][4.703s] GC(6) User=0.00s Sys=0.00s Real=0.00s
[2020-06-29T01:06:39.829-0530][4.703s] GC(6) Concurrent Cleanup for Next Mark
[2020-06-29T01:06:39.830-0530][4.704s] GC(6) Concurrent Cleanup for Next Mark 1.152ms
[2020-06-29T01:06:39.830-0530][4.704s] GC(6) Concurrent Cycle 78.110ms
[2020-06-29T01:06:41.220-0530][6.094s] GC(7) Pause Young (Concurrent Start) (G1 Evacuation Pause)
[2020-06-29T01:06:41.220-0530][6.094s] GC(7) Using 4 workers of 4 for evacuation
[2020-06-29T01:06:41.234-0530][6.108s] GC(7)   Pre Evacuate Collection Set: 0.1ms
[2020-06-29T01:06:41.234-0530][6.108s] GC(7)   Evacuate Collection Set: 12.5ms
[2020-06-29T01:06:41.234-0530][6.108s] GC(7)   Post Evacuate Collection Set: 1.2ms
[2020-06-29T01:06:41.234-0530][6.108s] GC(7)   Other: 0.5ms
[2020-06-29T01:06:41.234-0530][6.108s] GC(7) Eden regions: 298->0(293)
[2020-06-29T01:06:41.234-0530][6.108s] GC(7) Survivor regions: 2->14(38)
[2020-06-29T01:06:41.234-0530][6.108s] GC(7) Old regions: 19->19
[2020-06-29T01:06:41.234-0530][6.108s] GC(7) Humongous regions: 6->5
[2020-06-29T01:06:41.234-0530][6.108s] GC(7) Metaspace: 43842K->43842K(1089536K)
[2020-06-29T01:06:41.234-0530][6.108s] GC(7) Pause Young (Concurrent Start) (G1 Evacuation Pause) 325M->37M(512M) 14.507ms
[2020-06-29T01:06:41.234-0530][6.108s] GC(7) User=0.06s Sys=0.00s Real=0.01s
[2020-06-29T01:06:41.234-0530][6.108s] GC(8) Concurrent Cycle
[2020-06-29T01:06:41.235-0530][6.108s] GC(8) Concurrent Clear Claimed Marks
[2020-06-29T01:06:41.235-0530][6.109s] GC(8) Concurrent Clear Claimed Marks 0.068ms
[2020-06-29T01:06:41.235-0530][6.109s] GC(8) Concurrent Scan Root Regions
[2020-06-29T01:06:41.245-0530][6.119s] GC(8) Concurrent Scan Root Regions 10.095ms
[2020-06-29T01:06:41.245-0530][6.119s] GC(8) Concurrent Mark (6.119s)
[2020-06-29T01:06:41.245-0530][6.119s] GC(8) Concurrent Mark From Roots
[2020-06-29T01:06:41.245-0530][6.119s] GC(8) Using 1 workers of 1 for marking
[2020-06-29T01:06:41.294-0530][6.168s] GC(8) Concurrent Mark From Roots 48.983ms
[2020-06-29T01:06:41.294-0530][6.168s] GC(8) Concurrent Preclean
[2020-06-29T01:06:41.294-0530][6.168s] GC(8) Concurrent Preclean 0.113ms
[2020-06-29T01:06:41.294-0530][6.168s] GC(8) Concurrent Mark (6.119s, 6.168s) 49.200ms
[2020-06-29T01:06:41.294-0530][6.168s] GC(8) Pause Remark
[2020-06-29T01:06:41.300-0530][6.174s] GC(8) Cleaned string and symbol table, strings: 20228 processed, 0 removed, symbols: 138869 processed, 94 removed
[2020-06-29T01:06:41.300-0530][6.174s] GC(8) Pause Remark 94M->94M(512M) 6.118ms
[2020-06-29T01:06:41.300-0530][6.174s] GC(8) User=0.02s Sys=0.00s Real=0.01s
[2020-06-29T01:06:41.300-0530][6.174s] GC(8) Concurrent Rebuild Remembered Sets
[2020-06-29T01:06:41.357-0530][6.231s] GC(8) Concurrent Rebuild Remembered Sets 56.498ms
[2020-06-29T01:06:41.365-0530][6.239s] GC(8) Pause Cleanup
[2020-06-29T01:06:41.365-0530][6.239s] GC(8) Pause Cleanup 116M->116M(512M) 0.185ms
[2020-06-29T01:06:41.365-0530][6.239s] GC(8) User=0.01s Sys=0.00s Real=0.00s
[2020-06-29T01:06:41.365-0530][6.239s] GC(8) Concurrent Cleanup for Next Mark
[2020-06-29T01:06:41.366-0530][6.240s] GC(8) Concurrent Cleanup for Next Mark 1.176ms
[2020-06-29T01:06:41.367-0530][6.241s] GC(8) Concurrent Cycle 132.032ms
[2020-06-29T01:06:41.603-0530][6.477s] GC(9) Pause Young (Normal) (G1 Evacuation Pause)
[2020-06-29T01:06:41.603-0530][6.477s] GC(9) Using 4 workers of 4 for evacuation
[2020-06-29T01:06:41.613-0530][6.487s] GC(9)   Pre Evacuate Collection Set: 0.0ms
[2020-06-29T01:06:41.613-0530][6.487s] GC(9)   Evacuate Collection Set: 9.2ms
[2020-06-29T01:06:41.613-0530][6.487s] GC(9)   Post Evacuate Collection Set: 0.3ms
[2020-06-29T01:06:41.613-0530][6.487s] GC(9)   Other: 0.2ms
[2020-06-29T01:06:41.613-0530][6.487s] GC(9) Eden regions: 293->0(293)
[2020-06-29T01:06:41.613-0530][6.487s] GC(9) Survivor regions: 14->14(39)
[2020-06-29T01:06:41.613-0530][6.487s] GC(9) Old regions: 19->19
[2020-06-29T01:06:41.613-0530][6.487s] GC(9) Humongous regions: 5->5
[2020-06-29T01:06:41.613-0530][6.487s] GC(9) Metaspace: 44108K->44108K(1089536K)
[2020-06-29T01:06:41.613-0530][6.487s] GC(9) Pause Young (Normal) (G1 Evacuation Pause) 330M->38M(512M) 9.971ms
[2020-06-29T01:06:41.613-0530][6.487s] GC(9) User=0.03s Sys=0.00s Real=0.01s
[2020-06-29T01:06:42.883-0530][7.757s] GC(10) Pause Young (Normal) (G1 Evacuation Pause)
[2020-06-29T01:06:42.883-0530][7.757s] GC(10) Using 4 workers of 4 for evacuation
[2020-06-29T01:06:42.898-0530][7.772s] GC(10)   Pre Evacuate Collection Set: 0.0ms
[2020-06-29T01:06:42.898-0530][7.772s] GC(10)   Evacuate Collection Set: 13.6ms
[2020-06-29T01:06:42.898-0530][7.772s] GC(10)   Post Evacuate Collection Set: 1.4ms
[2020-06-29T01:06:42.898-0530][7.772s] GC(10)   Other: 0.2ms
[2020-06-29T01:06:42.898-0530][7.772s] GC(10) Eden regions: 293->0(288)
[2020-06-29T01:06:42.898-0530][7.772s] GC(10) Survivor regions: 14->19(39)
[2020-06-29T01:06:42.898-0530][7.772s] GC(10) Old regions: 19->19
[2020-06-29T01:06:42.898-0530][7.772s] GC(10) Humongous regions: 5->5
[2020-06-29T01:06:42.898-0530][7.772s] GC(10) Metaspace: 50226K->50226K(1095680K)
[2020-06-29T01:06:42.898-0530][7.772s] GC(10) Pause Young (Normal) (G1 Evacuation Pause) 331M->42M(512M) 15.336ms
[2020-06-29T01:06:42.898-0530][7.772s] GC(10) User=0.06s Sys=0.00s Real=0.01s
[2020-06-29T01:06:43.533-0530][8.407s] GC(11) Pause Young (Normal) (G1 Evacuation Pause)
[2020-06-29T01:06:43.533-0530][8.407s] GC(11) Using 4 workers of 4 for evacuation
[2020-06-29T01:06:43.550-0530][8.424s] GC(11)   Pre Evacuate Collection Set: 0.0ms
[2020-06-29T01:06:43.550-0530][8.424s] GC(11)   Evacuate Collection Set: 16.4ms
[2020-06-29T01:06:43.550-0530][8.424s] GC(11)   Post Evacuate Collection Set: 0.5ms
[2020-06-29T01:06:43.550-0530][8.424s] GC(11)   Other: 0.2ms
[2020-06-29T01:06:43.550-0530][8.424s] GC(11) Eden regions: 288->0(282)
[2020-06-29T01:06:43.550-0530][8.424s] GC(11) Survivor regions: 19->25(39)
[2020-06-29T01:06:43.550-0530][8.424s] GC(11) Old regions: 19->19
[2020-06-29T01:06:43.550-0530][8.424s] GC(11) Humongous regions: 5->5
[2020-06-29T01:06:43.550-0530][8.424s] GC(11) Metaspace: 53338K->53338K(1097728K)
[2020-06-29T01:06:43.551-0530][8.424s] GC(11) Pause Young (Normal) (G1 Evacuation Pause) 330M->48M(512M) 17.271ms
[2020-06-29T01:06:43.551-0530][8.424s] GC(11) User=0.07s Sys=0.00s Real=0.02s
[2020-06-29T01:06:44.681-0530][9.555s] GC(12) Pause Young (Normal) (G1 Evacuation Pause)
[2020-06-29T01:06:44.681-0530][9.555s] GC(12) Using 4 workers of 4 for evacuation
[2020-06-29T01:06:44.704-0530][9.578s] GC(12)   Pre Evacuate Collection Set: 0.0ms
[2020-06-29T01:06:44.704-0530][9.578s] GC(12)   Evacuate Collection Set: 22.4ms
[2020-06-29T01:06:44.704-0530][9.578s] GC(12)   Post Evacuate Collection Set: 0.5ms
[2020-06-29T01:06:44.704-0530][9.578s] GC(12)   Other: 0.2ms
[2020-06-29T01:06:44.704-0530][9.578s] GC(12) Eden regions: 282->0(289)
[2020-06-29T01:06:44.704-0530][9.578s] GC(12) Survivor regions: 25->18(39)
[2020-06-29T01:06:44.704-0530][9.578s] GC(12) Old regions: 19->31
[2020-06-29T01:06:44.704-0530][9.578s] GC(12) Humongous regions: 5->5
[2020-06-29T01:06:44.704-0530][9.578s] GC(12) Metaspace: 53494K->53494K(1097728K)
[2020-06-29T01:06:44.704-0530][9.578s] GC(12) Pause Young (Normal) (G1 Evacuation Pause) 330M->53M(512M) 23.295ms
[2020-06-29T01:06:44.704-0530][9.578s] GC(12) User=0.07s Sys=0.00s Real=0.02s
[2020-06-29T01:06:46.040-0530][10.914s] GC(13) Pause Young (Normal) (G1 Evacuation Pause)
[2020-06-29T01:06:46.040-0530][10.914s] GC(13) Using 4 workers of 4 for evacuation
[2020-06-29T01:06:46.057-0530][10.931s] GC(13)   Pre Evacuate Collection Set: 0.0ms
[2020-06-29T01:06:46.057-0530][10.931s] GC(13)   Evacuate Collection Set: 16.4ms
[2020-06-29T01:06:46.058-0530][10.931s] GC(13)   Post Evacuate Collection Set: 0.4ms
[2020-06-29T01:06:46.058-0530][10.931s] GC(13)   Other: 0.2ms
[2020-06-29T01:06:46.058-0530][10.931s] GC(13) Eden regions: 289->0(288)
[2020-06-29T01:06:46.058-0530][10.931s] GC(13) Survivor regions: 18->19(39)
[2020-06-29T01:06:46.058-0530][10.931s] GC(13) Old regions: 31->31
[2020-06-29T01:06:46.058-0530][10.931s] GC(13) Humongous regions: 5->5
[2020-06-29T01:06:46.058-0530][10.931s] GC(13) Metaspace: 53500K->53500K(1097728K)
[2020-06-29T01:06:46.058-0530][10.931s] GC(13) Pause Young (Normal) (G1 Evacuation Pause) 342M->54M(512M) 17.307ms
[2020-06-29T01:06:46.058-0530][10.932s] GC(13) User=0.06s Sys=0.00s Real=0.01s
[2020-06-29T01:06:49.490-0530][14.364s] GC(14) Pause Young (Normal) (G1 Evacuation Pause)
[2020-06-29T01:06:49.490-0530][14.364s] GC(14) Using 4 workers of 4 for evacuation
[2020-06-29T01:06:49.516-0530][14.389s] GC(14)   Pre Evacuate Collection Set: 0.0ms
[2020-06-29T01:06:49.516-0530][14.389s] GC(14)   Evacuate Collection Set: 23.6ms
[2020-06-29T01:06:49.516-0530][14.389s] GC(14)   Post Evacuate Collection Set: 1.7ms
[2020-06-29T01:06:49.516-0530][14.389s] GC(14)   Other: 0.5ms
[2020-06-29T01:06:49.516-0530][14.389s] GC(14) Eden regions: 288->0(285)
[2020-06-29T01:06:49.516-0530][14.389s] GC(14) Survivor regions: 19->22(39)
[2020-06-29T01:06:49.516-0530][14.389s] GC(14) Old regions: 31->31
[2020-06-29T01:06:49.516-0530][14.389s] GC(14) Humongous regions: 5->5
[2020-06-29T01:06:49.516-0530][14.389s] GC(14) Metaspace: 54157K->54157K(1097728K)
[2020-06-29T01:06:49.516-0530][14.390s] GC(14) Pause Young (Normal) (G1 Evacuation Pause) 342M->57M(512M) 25.960ms
[2020-06-29T01:06:49.516-0530][14.390s] GC(14) User=0.09s Sys=0.01s Real=0.02s
[2020-06-29T01:08:41.008-0530][125.912s] Heap
[2020-06-29T01:08:41.008-0530][125.912s]  garbage-first heap   total 524288K, used 111691K [0x00000007e0000000, 0x0000000800000000)
[2020-06-29T01:08:41.008-0530][125.912s]   region size 1024K, 72 young (73728K), 22 survivors (22528K)
[2020-06-29T01:08:41.008-0530][125.912s]  Metaspace       used 57981K, capacity 59142K, committed 59344K, reserved 1101824K
[2020-06-29T01:08:41.008-0530][125.912s]   class space    used 6557K, capacity 7039K, committed 7040K, reserved 1048576K
