[2020-06-29T17:18:14.483-0530][0.019s] Heap region size: 1M
[2020-06-29T17:18:14.721-0530][0.257s] Using G1
[2020-06-29T17:18:14.721-0530][0.257s] Heap address: 0x00000007e0000000, size: 512 MB, Compressed Oops mode: Zero based, Oop shift amount: 3
[2020-06-29T17:18:15.292-0530][0.828s] GC(0) Pause Young (Normal) (G1 Evacuation Pause)
[2020-06-29T17:18:15.292-0530][0.828s] GC(0) Using 4 workers of 4 for evacuation
[2020-06-29T17:18:15.295-0530][0.832s] GC(0)   Pre Evacuate Collection Set: 0.0ms
[2020-06-29T17:18:15.295-0530][0.832s] GC(0)   Evacuate Collection Set: 3.0ms
[2020-06-29T17:18:15.295-0530][0.832s] GC(0)   Post Evacuate Collection Set: 0.3ms
[2020-06-29T17:18:15.295-0530][0.832s] GC(0)   Other: 0.4ms
[2020-06-29T17:18:15.295-0530][0.832s] GC(0) Eden regions: 25->0(304)
[2020-06-29T17:18:15.295-0530][0.832s] GC(0) Survivor regions: 0->3(4)
[2020-06-29T17:18:15.295-0530][0.832s] GC(0) Old regions: 0->0
[2020-06-29T17:18:15.295-0530][0.832s] GC(0) Humongous regions: 0->0
[2020-06-29T17:18:15.295-0530][0.832s] GC(0) Metaspace: 12111K->12111K(1060864K)
[2020-06-29T17:18:15.295-0530][0.832s] GC(0) Pause Young (Normal) (G1 Evacuation Pause) 25M->2M(512M) 3.861ms
[2020-06-29T17:18:15.295-0530][0.832s] GC(0) User=0.01s Sys=0.00s Real=0.00s
[2020-06-29T17:18:16.072-0530][1.609s] GC(1) Pause Young (Concurrent Start) (Metadata GC Threshold)
[2020-06-29T17:18:16.072-0530][1.609s] GC(1) Using 4 workers of 4 for evacuation
[2020-06-29T17:18:16.090-0530][1.627s] GC(1)   Pre Evacuate Collection Set: 0.0ms
[2020-06-29T17:18:16.090-0530][1.627s] GC(1)   Evacuate Collection Set: 16.8ms
[2020-06-29T17:18:16.090-0530][1.627s] GC(1)   Post Evacuate Collection Set: 1.1ms
[2020-06-29T17:18:16.090-0530][1.627s] GC(1)   Other: 0.2ms
[2020-06-29T17:18:16.090-0530][1.627s] GC(1) Eden regions: 27->0(33)
[2020-06-29T17:18:16.090-0530][1.627s] GC(1) Survivor regions: 3->12(38)
[2020-06-29T17:18:16.090-0530][1.627s] GC(1) Old regions: 0->0
[2020-06-29T17:18:16.090-0530][1.627s] GC(1) Humongous regions: 4->4
[2020-06-29T17:18:16.090-0530][1.627s] GC(1) Metaspace: 20609K->20609K(1069056K)
[2020-06-29T17:18:16.090-0530][1.627s] GC(1) Pause Young (Concurrent Start) (Metadata GC Threshold) 33M->15M(512M) 18.406ms
[2020-06-29T17:18:16.090-0530][1.627s] GC(1) User=0.07s Sys=0.00s Real=0.02s
[2020-06-29T17:18:16.090-0530][1.627s] GC(2) Concurrent Cycle
[2020-06-29T17:18:16.091-0530][1.627s] GC(2) Concurrent Clear Claimed Marks
[2020-06-29T17:18:16.091-0530][1.627s] GC(2) Concurrent Clear Claimed Marks 0.047ms
[2020-06-29T17:18:16.091-0530][1.627s] GC(2) Concurrent Scan Root Regions
[2020-06-29T17:18:16.102-0530][1.639s] GC(2) Concurrent Scan Root Regions 11.497ms
[2020-06-29T17:18:16.102-0530][1.639s] GC(2) Concurrent Mark (1.639s)
[2020-06-29T17:18:16.102-0530][1.639s] GC(2) Concurrent Mark From Roots
[2020-06-29T17:18:16.102-0530][1.639s] GC(2) Using 1 workers of 1 for marking
[2020-06-29T17:18:16.106-0530][1.643s] GC(2) Concurrent Mark From Roots 3.946ms
[2020-06-29T17:18:16.106-0530][1.643s] GC(2) Concurrent Preclean
[2020-06-29T17:18:16.106-0530][1.643s] GC(2) Concurrent Preclean 0.042ms
[2020-06-29T17:18:16.106-0530][1.643s] GC(2) Concurrent Mark (1.639s, 1.643s) 4.096ms
[2020-06-29T17:18:16.106-0530][1.643s] GC(2) Pause Remark
[2020-06-29T17:18:16.108-0530][1.645s] GC(2) Cleaned string and symbol table, strings: 10165 processed, 0 removed, symbols: 68084 processed, 10 removed
[2020-06-29T17:18:16.109-0530][1.645s] GC(2) Pause Remark 16M->16M(512M) 2.198ms
[2020-06-29T17:18:16.109-0530][1.645s] GC(2) User=0.01s Sys=0.00s Real=0.00s
[2020-06-29T17:18:16.109-0530][1.645s] GC(2) Concurrent Rebuild Remembered Sets
[2020-06-29T17:18:16.112-0530][1.649s] GC(2) Concurrent Rebuild Remembered Sets 3.450ms
[2020-06-29T17:18:16.112-0530][1.649s] GC(2) Pause Cleanup
[2020-06-29T17:18:16.112-0530][1.649s] GC(2) Pause Cleanup 16M->16M(512M) 0.112ms
[2020-06-29T17:18:16.112-0530][1.649s] GC(2) User=0.00s Sys=0.00s Real=0.00s
[2020-06-29T17:18:16.112-0530][1.649s] GC(2) Concurrent Cleanup for Next Mark
[2020-06-29T17:18:16.114-0530][1.650s] GC(2) Concurrent Cleanup for Next Mark 1.193ms
[2020-06-29T17:18:16.114-0530][1.650s] GC(2) Concurrent Cycle 23.225ms
[2020-06-29T17:18:16.544-0530][2.080s] GC(3) Pause Young (Normal) (G1 Evacuation Pause)
[2020-06-29T17:18:16.544-0530][2.080s] GC(3) Using 4 workers of 4 for evacuation
[2020-06-29T17:18:16.561-0530][2.098s] GC(3)   Pre Evacuate Collection Set: 0.0ms
[2020-06-29T17:18:16.561-0530][2.098s] GC(3)   Evacuate Collection Set: 16.6ms
[2020-06-29T17:18:16.561-0530][2.098s] GC(3)   Post Evacuate Collection Set: 0.7ms
[2020-06-29T17:18:16.561-0530][2.098s] GC(3)   Other: 0.2ms
[2020-06-29T17:18:16.561-0530][2.098s] GC(3) Eden regions: 29->0(40)
[2020-06-29T17:18:16.561-0530][2.098s] GC(3) Survivor regions: 12->6(6)
[2020-06-29T17:18:16.561-0530][2.098s] GC(3) Old regions: 0->13
[2020-06-29T17:18:16.561-0530][2.098s] GC(3) Humongous regions: 4->4
[2020-06-29T17:18:16.561-0530][2.098s] GC(3) Metaspace: 23644K->23644K(1071104K)
[2020-06-29T17:18:16.561-0530][2.098s] GC(3) Pause Young (Normal) (G1 Evacuation Pause) 44M->22M(512M) 17.607ms
[2020-06-29T17:18:16.561-0530][2.098s] GC(3) User=0.05s Sys=0.00s Real=0.02s
[2020-06-29T17:18:17.198-0530][2.735s] GC(4) Pause Young (Normal) (G1 Evacuation Pause)
[2020-06-29T17:18:17.199-0530][2.735s] GC(4) Using 4 workers of 4 for evacuation
[2020-06-29T17:18:17.203-0530][2.740s] GC(4)   Pre Evacuate Collection Set: 0.0ms
[2020-06-29T17:18:17.203-0530][2.740s] GC(4)   Evacuate Collection Set: 3.6ms
[2020-06-29T17:18:17.203-0530][2.740s] GC(4)   Post Evacuate Collection Set: 0.9ms
[2020-06-29T17:18:17.203-0530][2.740s] GC(4)   Other: 0.2ms
[2020-06-29T17:18:17.203-0530][2.740s] GC(4) Eden regions: 40->0(63)
[2020-06-29T17:18:17.203-0530][2.740s] GC(4) Survivor regions: 6->2(6)
[2020-06-29T17:18:17.203-0530][2.740s] GC(4) Old regions: 13->19
[2020-06-29T17:18:17.203-0530][2.740s] GC(4) Humongous regions: 4->4
[2020-06-29T17:18:17.203-0530][2.740s] GC(4) Metaspace: 28168K->28168K(1075200K)
[2020-06-29T17:18:17.203-0530][2.740s] GC(4) Pause Young (Normal) (G1 Evacuation Pause) 62M->24M(512M) 4.787ms
[2020-06-29T17:18:17.203-0530][2.740s] GC(4) User=0.01s Sys=0.00s Real=0.01s
[2020-06-29T17:18:18.034-0530][3.570s] GC(5) Pause Young (Concurrent Start) (Metadata GC Threshold)
[2020-06-29T17:18:18.034-0530][3.570s] GC(5) Using 4 workers of 4 for evacuation
[2020-06-29T17:18:18.038-0530][3.575s] GC(5)   Pre Evacuate Collection Set: 0.0ms
[2020-06-29T17:18:18.039-0530][3.575s] GC(5)   Evacuate Collection Set: 3.8ms
[2020-06-29T17:18:18.039-0530][3.575s] GC(5)   Post Evacuate Collection Set: 0.9ms
[2020-06-29T17:18:18.039-0530][3.575s] GC(5)   Other: 0.2ms
[2020-06-29T17:18:18.039-0530][3.575s] GC(5) Eden regions: 50->0(304)
[2020-06-29T17:18:18.039-0530][3.575s] GC(5) Survivor regions: 2->3(9)
[2020-06-29T17:18:18.039-0530][3.575s] GC(5) Old regions: 19->19
[2020-06-29T17:18:18.039-0530][3.575s] GC(5) Humongous regions: 4->4
[2020-06-29T17:18:18.039-0530][3.575s] GC(5) Metaspace: 34983K->34983K(1081344K)
[2020-06-29T17:18:18.039-0530][3.575s] GC(5) Pause Young (Concurrent Start) (Metadata GC Threshold) 73M->25M(512M) 5.071ms
[2020-06-29T17:18:18.039-0530][3.575s] GC(5) User=0.02s Sys=0.00s Real=0.00s
[2020-06-29T17:18:18.039-0530][3.575s] GC(6) Concurrent Cycle
[2020-06-29T17:18:18.039-0530][3.575s] GC(6) Concurrent Clear Claimed Marks
[2020-06-29T17:18:18.039-0530][3.575s] GC(6) Concurrent Clear Claimed Marks 0.040ms
[2020-06-29T17:18:18.039-0530][3.575s] GC(6) Concurrent Scan Root Regions
[2020-06-29T17:18:18.042-0530][3.578s] GC(6) Concurrent Scan Root Regions 3.160ms
[2020-06-29T17:18:18.042-0530][3.578s] GC(6) Concurrent Mark (3.578s)
[2020-06-29T17:18:18.042-0530][3.578s] GC(6) Concurrent Mark From Roots
[2020-06-29T17:18:18.042-0530][3.578s] GC(6) Using 1 workers of 1 for marking
[2020-06-29T17:18:18.081-0530][3.617s] GC(6) Concurrent Mark From Roots 38.924ms
[2020-06-29T17:18:18.081-0530][3.617s] GC(6) Concurrent Preclean
[2020-06-29T17:18:18.081-0530][3.618s] GC(6) Concurrent Preclean 0.144ms
[2020-06-29T17:18:18.081-0530][3.618s] GC(6) Concurrent Mark (3.578s, 3.618s) 39.175ms
[2020-06-29T17:18:18.081-0530][3.618s] GC(6) Pause Remark
[2020-06-29T17:18:18.085-0530][3.622s] GC(6) Cleaned string and symbol table, strings: 16441 processed, 22 removed, symbols: 114583 processed, 52 removed
[2020-06-29T17:18:18.086-0530][3.622s] GC(6) Pause Remark 29M->29M(512M) 4.307ms
[2020-06-29T17:18:18.086-0530][3.622s] GC(6) User=0.01s Sys=0.00s Real=0.00s
[2020-06-29T17:18:18.086-0530][3.622s] GC(6) Concurrent Rebuild Remembered Sets
[2020-06-29T17:18:18.115-0530][3.651s] GC(6) Concurrent Rebuild Remembered Sets 29.049ms
[2020-06-29T17:18:18.125-0530][3.662s] GC(6) Pause Cleanup
[2020-06-29T17:18:18.125-0530][3.662s] GC(6) Pause Cleanup 30M->30M(512M) 0.165ms
[2020-06-29T17:18:18.125-0530][3.662s] GC(6) User=0.00s Sys=0.00s Real=0.00s
[2020-06-29T17:18:18.125-0530][3.662s] GC(6) Concurrent Cleanup for Next Mark
[2020-06-29T17:18:18.127-0530][3.663s] GC(6) Concurrent Cleanup for Next Mark 1.522ms
[2020-06-29T17:18:18.127-0530][3.664s] GC(6) Concurrent Cycle 88.378ms
[2020-06-29T17:18:19.377-0530][4.914s] GC(7) Pause Young (Normal) (G1 Evacuation Pause)
[2020-06-29T17:18:19.378-0530][4.914s] GC(7) Using 4 workers of 4 for evacuation
[2020-06-29T17:18:19.388-0530][4.924s] GC(7)   Pre Evacuate Collection Set: 0.0ms
[2020-06-29T17:18:19.388-0530][4.924s] GC(7)   Evacuate Collection Set: 9.6ms
[2020-06-29T17:18:19.388-0530][4.924s] GC(7)   Post Evacuate Collection Set: 0.4ms
[2020-06-29T17:18:19.388-0530][4.924s] GC(7)   Other: 0.3ms
[2020-06-29T17:18:19.388-0530][4.924s] GC(7) Eden regions: 304->0(292)
[2020-06-29T17:18:19.388-0530][4.924s] GC(7) Survivor regions: 3->15(39)
[2020-06-29T17:18:19.388-0530][4.924s] GC(7) Old regions: 19->19
[2020-06-29T17:18:19.388-0530][4.924s] GC(7) Humongous regions: 6->5
[2020-06-29T17:18:19.388-0530][4.924s] GC(7) Metaspace: 43670K->43670K(1089536K)
[2020-06-29T17:18:19.388-0530][4.924s] GC(7) Pause Young (Normal) (G1 Evacuation Pause) 331M->38M(512M) 10.500ms
[2020-06-29T17:18:19.388-0530][4.924s] GC(7) User=0.04s Sys=0.00s Real=0.01s
[2020-06-29T17:18:19.779-0530][5.316s] GC(8) Pause Young (Normal) (G1 Evacuation Pause)
[2020-06-29T17:18:19.779-0530][5.316s] GC(8) Using 4 workers of 4 for evacuation
[2020-06-29T17:18:19.789-0530][5.325s] GC(8)   Pre Evacuate Collection Set: 0.0ms
[2020-06-29T17:18:19.789-0530][5.325s] GC(8)   Evacuate Collection Set: 8.9ms
[2020-06-29T17:18:19.789-0530][5.325s] GC(8)   Post Evacuate Collection Set: 0.4ms
[2020-06-29T17:18:19.789-0530][5.325s] GC(8)   Other: 0.2ms
[2020-06-29T17:18:19.789-0530][5.325s] GC(8) Eden regions: 292->0(293)
[2020-06-29T17:18:19.789-0530][5.325s] GC(8) Survivor regions: 15->14(39)
[2020-06-29T17:18:19.789-0530][5.325s] GC(8) Old regions: 19->19
[2020-06-29T17:18:19.789-0530][5.325s] GC(8) Humongous regions: 5->5
[2020-06-29T17:18:19.789-0530][5.325s] GC(8) Metaspace: 44014K->44014K(1089536K)
[2020-06-29T17:18:19.789-0530][5.325s] GC(8) Pause Young (Normal) (G1 Evacuation Pause) 330M->37M(512M) 9.543ms
[2020-06-29T17:18:19.789-0530][5.325s] GC(8) User=0.03s Sys=0.00s Real=0.01s
[2020-06-29T17:18:21.562-0530][7.098s] GC(9) Pause Young (Normal) (G1 Evacuation Pause)
[2020-06-29T17:18:21.562-0530][7.099s] GC(9) Using 4 workers of 4 for evacuation
[2020-06-29T17:18:21.585-0530][7.121s] GC(9)   Pre Evacuate Collection Set: 0.0ms
[2020-06-29T17:18:21.585-0530][7.121s] GC(9)   Evacuate Collection Set: 20.3ms
[2020-06-29T17:18:21.585-0530][7.121s] GC(9)   Post Evacuate Collection Set: 2.1ms
[2020-06-29T17:18:21.585-0530][7.121s] GC(9)   Other: 0.2ms
[2020-06-29T17:18:21.585-0530][7.121s] GC(9) Eden regions: 293->0(280)
[2020-06-29T17:18:21.585-0530][7.121s] GC(9) Survivor regions: 14->27(39)
[2020-06-29T17:18:21.585-0530][7.121s] GC(9) Old regions: 19->19
[2020-06-29T17:18:21.585-0530][7.121s] GC(9) Humongous regions: 5->5
[2020-06-29T17:18:21.585-0530][7.121s] GC(9) Metaspace: 53239K->53239K(1097728K)
[2020-06-29T17:18:21.585-0530][7.121s] GC(9) Pause Young (Normal) (G1 Evacuation Pause) 330M->50M(512M) 22.764ms
[2020-06-29T17:18:21.585-0530][7.121s] GC(9) User=0.08s Sys=0.00s Real=0.02s
[2020-06-29T17:18:21.730-0530][7.266s] GC(10) Pause Young (Normal) (G1 Evacuation Pause)
[2020-06-29T17:18:21.730-0530][7.266s] GC(10) Using 4 workers of 4 for evacuation
[2020-06-29T17:18:21.752-0530][7.289s] GC(10)   Pre Evacuate Collection Set: 0.0ms
[2020-06-29T17:18:21.752-0530][7.289s] GC(10)   Evacuate Collection Set: 21.7ms
[2020-06-29T17:18:21.752-0530][7.289s] GC(10)   Post Evacuate Collection Set: 0.5ms
[2020-06-29T17:18:21.752-0530][7.289s] GC(10)   Other: 0.2ms
[2020-06-29T17:18:21.752-0530][7.289s] GC(10) Eden regions: 280->0(290)
[2020-06-29T17:18:21.752-0530][7.289s] GC(10) Survivor regions: 27->17(39)
[2020-06-29T17:18:21.752-0530][7.289s] GC(10) Old regions: 19->30
[2020-06-29T17:18:21.752-0530][7.289s] GC(10) Humongous regions: 5->5
[2020-06-29T17:18:21.752-0530][7.289s] GC(10) Metaspace: 53479K->53479K(1097728K)
[2020-06-29T17:18:21.752-0530][7.289s] GC(10) Pause Young (Normal) (G1 Evacuation Pause) 330M->51M(512M) 22.671ms
[2020-06-29T17:18:21.752-0530][7.289s] GC(10) User=0.08s Sys=0.00s Real=0.02s
[2020-06-29T17:18:22.268-0530][7.804s] GC(11) Pause Young (Normal) (G1 Evacuation Pause)
[2020-06-29T17:18:22.268-0530][7.804s] GC(11) Using 4 workers of 4 for evacuation
[2020-06-29T17:18:22.329-0530][7.866s] GC(11)   Pre Evacuate Collection Set: 0.0ms
[2020-06-29T17:18:22.329-0530][7.866s] GC(11)   Evacuate Collection Set: 55.5ms
[2020-06-29T17:18:22.329-0530][7.866s] GC(11)   Post Evacuate Collection Set: 5.7ms
[2020-06-29T17:18:22.329-0530][7.866s] GC(11)   Other: 0.3ms
[2020-06-29T17:18:22.329-0530][7.866s] GC(11) Eden regions: 290->0(279)
[2020-06-29T17:18:22.329-0530][7.866s] GC(11) Survivor regions: 17->28(39)
[2020-06-29T17:18:22.329-0530][7.866s] GC(11) Old regions: 30->30
[2020-06-29T17:18:22.329-0530][7.866s] GC(11) Humongous regions: 5->5
[2020-06-29T17:18:22.329-0530][7.866s] GC(11) Metaspace: 54054K->54054K(1097728K)
[2020-06-29T17:18:22.329-0530][7.866s] GC(11) Pause Young (Normal) (G1 Evacuation Pause) 341M->62M(512M) 61.848ms
[2020-06-29T17:18:22.330-0530][7.866s] GC(11) User=0.11s Sys=0.00s Real=0.07s
[2020-06-29T17:25:41.843-0530][447.384s] Heap
[2020-06-29T17:25:41.844-0530][447.385s]  garbage-first heap   total 524288K, used 239529K [0x00000007e0000000, 0x0000000800000000)
[2020-06-29T17:25:41.844-0530][447.385s]   region size 1024K, 200 young (204800K), 28 survivors (28672K)
[2020-06-29T17:25:41.844-0530][447.385s]  Metaspace       used 57980K, capacity 59262K, committed 59548K, reserved 1101824K
[2020-06-29T17:25:41.844-0530][447.385s]   class space    used 6609K, capacity 7137K, committed 7244K, reserved 1048576K
