[2020-06-29T17:16:03.498-0530][0.027s] Heap region size: 1M
[2020-06-29T17:16:03.767-0530][0.296s] Using G1
[2020-06-29T17:16:03.767-0530][0.296s] Heap address: 0x00000007e0000000, size: 512 MB, Compressed Oops mode: Zero based, Oop shift amount: 3
[2020-06-29T17:16:04.354-0530][0.883s] GC(0) Pause Young (Normal) (G1 Evacuation Pause)
[2020-06-29T17:16:04.355-0530][0.884s] GC(0) Using 4 workers of 4 for evacuation
[2020-06-29T17:16:04.358-0530][0.887s] GC(0)   Pre Evacuate Collection Set: 0.0ms
[2020-06-29T17:16:04.358-0530][0.887s] GC(0)   Evacuate Collection Set: 2.9ms
[2020-06-29T17:16:04.358-0530][0.887s] GC(0)   Post Evacuate Collection Set: 0.2ms
[2020-06-29T17:16:04.358-0530][0.887s] GC(0)   Other: 0.4ms
[2020-06-29T17:16:04.358-0530][0.887s] GC(0) Eden regions: 25->0(304)
[2020-06-29T17:16:04.358-0530][0.887s] GC(0) Survivor regions: 0->3(4)
[2020-06-29T17:16:04.358-0530][0.887s] GC(0) Old regions: 0->0
[2020-06-29T17:16:04.358-0530][0.887s] GC(0) Humongous regions: 0->0
[2020-06-29T17:16:04.358-0530][0.887s] GC(0) Metaspace: 12120K->12120K(1060864K)
[2020-06-29T17:16:04.358-0530][0.887s] GC(0) Pause Young (Normal) (G1 Evacuation Pause) 25M->2M(512M) 3.680ms
[2020-06-29T17:16:04.358-0530][0.887s] GC(0) User=0.01s Sys=0.00s Real=0.00s
[2020-06-29T17:16:05.038-0530][1.567s] GC(1) Pause Young (Concurrent Start) (Metadata GC Threshold)
[2020-06-29T17:16:05.038-0530][1.567s] GC(1) Using 4 workers of 4 for evacuation
[2020-06-29T17:16:05.054-0530][1.583s] GC(1)   Pre Evacuate Collection Set: 0.0ms
[2020-06-29T17:16:05.054-0530][1.583s] GC(1)   Evacuate Collection Set: 14.4ms
[2020-06-29T17:16:05.054-0530][1.583s] GC(1)   Post Evacuate Collection Set: 1.1ms
[2020-06-29T17:16:05.054-0530][1.583s] GC(1)   Other: 0.3ms
[2020-06-29T17:16:05.054-0530][1.583s] GC(1) Eden regions: 27->0(33)
[2020-06-29T17:16:05.054-0530][1.583s] GC(1) Survivor regions: 3->12(37)
[2020-06-29T17:16:05.054-0530][1.583s] GC(1) Old regions: 0->0
[2020-06-29T17:16:05.054-0530][1.583s] GC(1) Humongous regions: 4->4
[2020-06-29T17:16:05.054-0530][1.583s] GC(1) Metaspace: 20682K->20682K(1069056K)
[2020-06-29T17:16:05.054-0530][1.583s] GC(1) Pause Young (Concurrent Start) (Metadata GC Threshold) 33M->15M(512M) 15.851ms
[2020-06-29T17:16:05.054-0530][1.583s] GC(1) User=0.05s Sys=0.00s Real=0.02s
[2020-06-29T17:16:05.054-0530][1.583s] GC(2) Concurrent Cycle
[2020-06-29T17:16:05.054-0530][1.583s] GC(2) Concurrent Clear Claimed Marks
[2020-06-29T17:16:05.054-0530][1.583s] GC(2) Concurrent Clear Claimed Marks 0.038ms
[2020-06-29T17:16:05.054-0530][1.583s] GC(2) Concurrent Scan Root Regions
[2020-06-29T17:16:05.065-0530][1.594s] GC(2) Concurrent Scan Root Regions 10.599ms
[2020-06-29T17:16:05.065-0530][1.594s] GC(2) Concurrent Mark (1.594s)
[2020-06-29T17:16:05.065-0530][1.594s] GC(2) Concurrent Mark From Roots
[2020-06-29T17:16:05.065-0530][1.594s] GC(2) Using 1 workers of 1 for marking
[2020-06-29T17:16:05.069-0530][1.598s] GC(2) Concurrent Mark From Roots 4.012ms
[2020-06-29T17:16:05.069-0530][1.598s] GC(2) Concurrent Preclean
[2020-06-29T17:16:05.069-0530][1.598s] GC(2) Concurrent Preclean 0.037ms
[2020-06-29T17:16:05.069-0530][1.598s] GC(2) Concurrent Mark (1.594s, 1.598s) 4.143ms
[2020-06-29T17:16:05.069-0530][1.598s] GC(2) Pause Remark
[2020-06-29T17:16:05.071-0530][1.600s] GC(2) Cleaned string and symbol table, strings: 10192 processed, 0 removed, symbols: 68127 processed, 10 removed
[2020-06-29T17:16:05.071-0530][1.600s] GC(2) Pause Remark 16M->16M(512M) 1.965ms
[2020-06-29T17:16:05.071-0530][1.600s] GC(2) User=0.01s Sys=0.00s Real=0.01s
[2020-06-29T17:16:05.071-0530][1.600s] GC(2) Concurrent Rebuild Remembered Sets
[2020-06-29T17:16:05.075-0530][1.603s] GC(2) Concurrent Rebuild Remembered Sets 3.361ms
[2020-06-29T17:16:05.075-0530][1.604s] GC(2) Pause Cleanup
[2020-06-29T17:16:05.075-0530][1.604s] GC(2) Pause Cleanup 16M->16M(512M) 0.105ms
[2020-06-29T17:16:05.075-0530][1.604s] GC(2) User=0.00s Sys=0.00s Real=0.00s
[2020-06-29T17:16:05.075-0530][1.604s] GC(2) Concurrent Cleanup for Next Mark
[2020-06-29T17:16:05.076-0530][1.605s] GC(2) Concurrent Cleanup for Next Mark 1.308ms
[2020-06-29T17:16:05.076-0530][1.605s] GC(2) Concurrent Cycle 22.221ms
[2020-06-29T17:16:05.503-0530][2.032s] GC(3) Pause Young (Normal) (G1 Evacuation Pause)
[2020-06-29T17:16:05.503-0530][2.032s] GC(3) Using 4 workers of 4 for evacuation
[2020-06-29T17:16:05.518-0530][2.047s] GC(3)   Pre Evacuate Collection Set: 0.0ms
[2020-06-29T17:16:05.518-0530][2.047s] GC(3)   Evacuate Collection Set: 14.7ms
[2020-06-29T17:16:05.518-0530][2.047s] GC(3)   Post Evacuate Collection Set: 0.4ms
[2020-06-29T17:16:05.518-0530][2.047s] GC(3)   Other: 0.2ms
[2020-06-29T17:16:05.518-0530][2.047s] GC(3) Eden regions: 29->0(40)
[2020-06-29T17:16:05.518-0530][2.047s] GC(3) Survivor regions: 12->6(6)
[2020-06-29T17:16:05.518-0530][2.047s] GC(3) Old regions: 0->13
[2020-06-29T17:16:05.518-0530][2.047s] GC(3) Humongous regions: 4->4
[2020-06-29T17:16:05.518-0530][2.047s] GC(3) Metaspace: 23652K->23652K(1071104K)
[2020-06-29T17:16:05.518-0530][2.047s] GC(3) Pause Young (Normal) (G1 Evacuation Pause) 44M->22M(512M) 15.399ms
[2020-06-29T17:16:05.518-0530][2.047s] GC(3) User=0.06s Sys=0.00s Real=0.01s
[2020-06-29T17:16:07.084-0530][3.613s] GC(4) Pause Young (Normal) (G1 Evacuation Pause)
[2020-06-29T17:16:07.084-0530][3.613s] GC(4) Using 4 workers of 4 for evacuation
[2020-06-29T17:16:07.088-0530][3.617s] GC(4)   Pre Evacuate Collection Set: 0.0ms
[2020-06-29T17:16:07.088-0530][3.617s] GC(4)   Evacuate Collection Set: 2.8ms
[2020-06-29T17:16:07.088-0530][3.617s] GC(4)   Post Evacuate Collection Set: 0.9ms
[2020-06-29T17:16:07.088-0530][3.617s] GC(4)   Other: 0.2ms
[2020-06-29T17:16:07.088-0530][3.617s] GC(4) Eden regions: 40->0(63)
[2020-06-29T17:16:07.088-0530][3.617s] GC(4) Survivor regions: 6->2(6)
[2020-06-29T17:16:07.088-0530][3.617s] GC(4) Old regions: 13->19
[2020-06-29T17:16:07.088-0530][3.617s] GC(4) Humongous regions: 4->4
[2020-06-29T17:16:07.088-0530][3.617s] GC(4) Metaspace: 28197K->28197K(1075200K)
[2020-06-29T17:16:07.088-0530][3.617s] GC(4) Pause Young (Normal) (G1 Evacuation Pause) 62M->23M(512M) 4.032ms
[2020-06-29T17:16:07.088-0530][3.617s] GC(4) User=0.01s Sys=0.00s Real=0.00s
[2020-06-29T17:16:07.845-0530][4.374s] GC(5) Pause Young (Concurrent Start) (Metadata GC Threshold)
[2020-06-29T17:16:07.845-0530][4.374s] GC(5) Using 4 workers of 4 for evacuation
[2020-06-29T17:16:07.850-0530][4.378s] GC(5)   Pre Evacuate Collection Set: 0.1ms
[2020-06-29T17:16:07.850-0530][4.378s] GC(5)   Evacuate Collection Set: 3.8ms
[2020-06-29T17:16:07.850-0530][4.378s] GC(5)   Post Evacuate Collection Set: 0.2ms
[2020-06-29T17:16:07.850-0530][4.378s] GC(5)   Other: 0.2ms
[2020-06-29T17:16:07.850-0530][4.378s] GC(5) Eden regions: 41->0(282)
[2020-06-29T17:16:07.850-0530][4.378s] GC(5) Survivor regions: 2->2(9)
[2020-06-29T17:16:07.850-0530][4.378s] GC(5) Old regions: 19->19
[2020-06-29T17:16:07.850-0530][4.378s] GC(5) Humongous regions: 4->4
[2020-06-29T17:16:07.850-0530][4.378s] GC(5) Metaspace: 34988K->34988K(1081344K)
[2020-06-29T17:16:07.850-0530][4.378s] GC(5) Pause Young (Concurrent Start) (Metadata GC Threshold) 64M->24M(512M) 4.407ms
[2020-06-29T17:16:07.850-0530][4.378s] GC(5) User=0.01s Sys=0.00s Real=0.01s
[2020-06-29T17:16:07.850-0530][4.378s] GC(6) Concurrent Cycle
[2020-06-29T17:16:07.850-0530][4.379s] GC(6) Concurrent Clear Claimed Marks
[2020-06-29T17:16:07.850-0530][4.379s] GC(6) Concurrent Clear Claimed Marks 0.040ms
[2020-06-29T17:16:07.850-0530][4.379s] GC(6) Concurrent Scan Root Regions
[2020-06-29T17:16:07.853-0530][4.382s] GC(6) Concurrent Scan Root Regions 3.211ms
[2020-06-29T17:16:07.853-0530][4.382s] GC(6) Concurrent Mark (4.382s)
[2020-06-29T17:16:07.853-0530][4.382s] GC(6) Concurrent Mark From Roots
[2020-06-29T17:16:07.853-0530][4.382s] GC(6) Using 1 workers of 1 for marking
[2020-06-29T17:16:07.893-0530][4.422s] GC(6) Concurrent Mark From Roots 40.137ms
[2020-06-29T17:16:07.893-0530][4.422s] GC(6) Concurrent Preclean
[2020-06-29T17:16:07.893-0530][4.422s] GC(6) Concurrent Preclean 0.137ms
[2020-06-29T17:16:07.893-0530][4.422s] GC(6) Concurrent Mark (4.382s, 4.422s) 40.366ms
[2020-06-29T17:16:07.894-0530][4.422s] GC(6) Pause Remark
[2020-06-29T17:16:07.898-0530][4.427s] GC(6) Cleaned string and symbol table, strings: 16452 processed, 22 removed, symbols: 114560 processed, 52 removed
[2020-06-29T17:16:07.899-0530][4.427s] GC(6) Pause Remark 27M->27M(512M) 5.030ms
[2020-06-29T17:16:07.899-0530][4.427s] GC(6) User=0.02s Sys=0.00s Real=0.00s
[2020-06-29T17:16:07.899-0530][4.427s] GC(6) Concurrent Rebuild Remembered Sets
[2020-06-29T17:16:07.928-0530][4.457s] GC(6) Concurrent Rebuild Remembered Sets 29.466ms
[2020-06-29T17:16:07.928-0530][4.457s] GC(6) Pause Cleanup
[2020-06-29T17:16:07.928-0530][4.457s] GC(6) Pause Cleanup 29M->29M(512M) 0.112ms
[2020-06-29T17:16:07.929-0530][4.457s] GC(6) User=0.00s Sys=0.00s Real=0.00s
[2020-06-29T17:16:07.929-0530][4.457s] GC(6) Concurrent Cleanup for Next Mark
[2020-06-29T17:16:07.930-0530][4.458s] GC(6) Concurrent Cleanup for Next Mark 1.145ms
[2020-06-29T17:16:07.930-0530][4.458s] GC(6) Concurrent Cycle 80.003ms
[2020-06-29T17:16:09.257-0530][5.785s] GC(7) Pause Young (Normal) (G1 Evacuation Pause)
[2020-06-29T17:16:09.257-0530][5.785s] GC(7) Using 4 workers of 4 for evacuation
[2020-06-29T17:16:09.267-0530][5.796s] GC(7)   Pre Evacuate Collection Set: 0.0ms
[2020-06-29T17:16:09.267-0530][5.796s] GC(7)   Evacuate Collection Set: 9.6ms
[2020-06-29T17:16:09.267-0530][5.796s] GC(7)   Post Evacuate Collection Set: 0.4ms
[2020-06-29T17:16:09.267-0530][5.796s] GC(7)   Other: 0.3ms
[2020-06-29T17:16:09.267-0530][5.796s] GC(7) Eden regions: 304->0(293)
[2020-06-29T17:16:09.267-0530][5.796s] GC(7) Survivor regions: 2->14(39)
[2020-06-29T17:16:09.267-0530][5.796s] GC(7) Old regions: 19->19
[2020-06-29T17:16:09.267-0530][5.796s] GC(7) Humongous regions: 6->5
[2020-06-29T17:16:09.267-0530][5.796s] GC(7) Metaspace: 43828K->43828K(1089536K)
[2020-06-29T17:16:09.267-0530][5.796s] GC(7) Pause Young (Normal) (G1 Evacuation Pause) 330M->36M(512M) 10.504ms
[2020-06-29T17:16:09.267-0530][5.796s] GC(7) User=0.04s Sys=0.00s Real=0.01s
[2020-06-29T17:16:09.531-0530][6.060s] GC(8) Pause Young (Normal) (G1 Evacuation Pause)
[2020-06-29T17:16:09.531-0530][6.060s] GC(8) Using 4 workers of 4 for evacuation
[2020-06-29T17:16:09.542-0530][6.070s] GC(8)   Pre Evacuate Collection Set: 0.0ms
[2020-06-29T17:16:09.542-0530][6.070s] GC(8)   Evacuate Collection Set: 9.6ms
[2020-06-29T17:16:09.542-0530][6.070s] GC(8)   Post Evacuate Collection Set: 0.4ms
[2020-06-29T17:16:09.542-0530][6.070s] GC(8)   Other: 0.2ms
[2020-06-29T17:16:09.542-0530][6.070s] GC(8) Eden regions: 293->0(292)
[2020-06-29T17:16:09.542-0530][6.070s] GC(8) Survivor regions: 14->15(39)
[2020-06-29T17:16:09.542-0530][6.070s] GC(8) Old regions: 19->19
[2020-06-29T17:16:09.542-0530][6.070s] GC(8) Humongous regions: 5->5
[2020-06-29T17:16:09.542-0530][6.070s] GC(8) Metaspace: 44425K->44425K(1089536K)
[2020-06-29T17:16:09.542-0530][6.070s] GC(8) Pause Young (Normal) (G1 Evacuation Pause) 329M->38M(512M) 10.365ms
[2020-06-29T17:16:09.542-0530][6.070s] GC(8) User=0.04s Sys=0.01s Real=0.01s
[2020-06-29T17:16:11.611-0530][8.140s] GC(9) Pause Young (Normal) (G1 Evacuation Pause)
[2020-06-29T17:16:11.611-0530][8.140s] GC(9) Using 4 workers of 4 for evacuation
[2020-06-29T17:16:11.633-0530][8.162s] GC(9)   Pre Evacuate Collection Set: 0.0ms
[2020-06-29T17:16:11.633-0530][8.162s] GC(9)   Evacuate Collection Set: 21.2ms
[2020-06-29T17:16:11.633-0530][8.162s] GC(9)   Post Evacuate Collection Set: 0.6ms
[2020-06-29T17:16:11.633-0530][8.162s] GC(9)   Other: 0.3ms
[2020-06-29T17:16:11.633-0530][8.162s] GC(9) Eden regions: 292->0(280)
[2020-06-29T17:16:11.633-0530][8.162s] GC(9) Survivor regions: 15->27(39)
[2020-06-29T17:16:11.633-0530][8.162s] GC(9) Old regions: 19->19
[2020-06-29T17:16:11.633-0530][8.162s] GC(9) Humongous regions: 5->5
[2020-06-29T17:16:11.633-0530][8.162s] GC(9) Metaspace: 53311K->53311K(1097728K)
[2020-06-29T17:16:11.633-0530][8.162s] GC(9) Pause Young (Normal) (G1 Evacuation Pause) 330M->49M(512M) 22.198ms
[2020-06-29T17:16:11.633-0530][8.162s] GC(9) User=0.09s Sys=0.00s Real=0.02s
[2020-06-29T17:16:11.796-0530][8.324s] GC(10) Pause Young (Normal) (G1 Evacuation Pause)
[2020-06-29T17:16:11.796-0530][8.324s] GC(10) Using 4 workers of 4 for evacuation
[2020-06-29T17:16:11.820-0530][8.348s] GC(10)   Pre Evacuate Collection Set: 0.0ms
[2020-06-29T17:16:11.820-0530][8.348s] GC(10)   Evacuate Collection Set: 22.9ms
[2020-06-29T17:16:11.820-0530][8.348s] GC(10)   Post Evacuate Collection Set: 0.8ms
[2020-06-29T17:16:11.820-0530][8.348s] GC(10)   Other: 0.3ms
[2020-06-29T17:16:11.820-0530][8.348s] GC(10) Eden regions: 280->0(290)
[2020-06-29T17:16:11.820-0530][8.348s] GC(10) Survivor regions: 27->17(39)
[2020-06-29T17:16:11.820-0530][8.348s] GC(10) Old regions: 19->30
[2020-06-29T17:16:11.820-0530][8.348s] GC(10) Humongous regions: 5->5
[2020-06-29T17:16:11.820-0530][8.348s] GC(10) Metaspace: 53720K->53720K(1097728K)
[2020-06-29T17:16:11.820-0530][8.348s] GC(10) Pause Young (Normal) (G1 Evacuation Pause) 329M->51M(512M) 24.144ms
[2020-06-29T17:16:11.820-0530][8.348s] GC(10) User=0.09s Sys=0.00s Real=0.03s
[2020-06-29T17:16:12.496-0530][9.025s] GC(11) Pause Young (Normal) (G1 Evacuation Pause)
[2020-06-29T17:16:12.496-0530][9.025s] GC(11) Using 4 workers of 4 for evacuation
[2020-06-29T17:16:12.531-0530][9.059s] GC(11)   Pre Evacuate Collection Set: 0.0ms
[2020-06-29T17:16:12.531-0530][9.059s] GC(11)   Evacuate Collection Set: 33.4ms
[2020-06-29T17:16:12.531-0530][9.060s] GC(11)   Post Evacuate Collection Set: 1.4ms
[2020-06-29T17:16:12.531-0530][9.060s] GC(11)   Other: 0.2ms
[2020-06-29T17:16:12.531-0530][9.060s] GC(11) Eden regions: 290->0(279)
[2020-06-29T17:16:12.531-0530][9.060s] GC(11) Survivor regions: 17->28(39)
[2020-06-29T17:16:12.531-0530][9.060s] GC(11) Old regions: 30->30
[2020-06-29T17:16:12.531-0530][9.060s] GC(11) Humongous regions: 5->5
[2020-06-29T17:16:12.531-0530][9.060s] GC(11) Metaspace: 54153K->54153K(1097728K)
[2020-06-29T17:16:12.531-0530][9.060s] GC(11) Pause Young (Normal) (G1 Evacuation Pause) 341M->62M(512M) 35.126ms
[2020-06-29T17:16:12.531-0530][9.060s] GC(11) User=0.10s Sys=0.00s Real=0.04s
[2020-06-29T17:18:11.686-0530][128.211s] Heap
[2020-06-29T17:18:11.687-0530][128.212s]  garbage-first heap   total 524288K, used 207190K [0x00000007e0000000, 0x0000000800000000)
[2020-06-29T17:18:11.687-0530][128.212s]   region size 1024K, 169 young (173056K), 28 survivors (28672K)
[2020-06-29T17:18:11.687-0530][128.212s]  Metaspace       used 57746K, capacity 59004K, committed 59216K, reserved 1101824K
[2020-06-29T17:18:11.687-0530][128.212s]   class space    used 6595K, capacity 7096K, committed 7168K, reserved 1048576K
