[2020-06-25T18:59:46.483-0530][0.017s] Heap region size: 1M
[2020-06-25T18:59:46.841-0530][0.375s] Using G1
[2020-06-25T18:59:46.841-0530][0.375s] Heap address: 0x00000007e0000000, size: 512 MB, Compressed Oops mode: Zero based, Oop shift amount: 3
[2020-06-25T18:59:47.546-0530][1.080s] GC(0) Pause Young (Normal) (G1 Evacuation Pause)
[2020-06-25T18:59:47.546-0530][1.080s] GC(0) Using 4 workers of 4 for evacuation
[2020-06-25T18:59:47.550-0530][1.084s] GC(0)   Pre Evacuate Collection Set: 0.0ms
[2020-06-25T18:59:47.550-0530][1.084s] GC(0)   Evacuate Collection Set: 3.2ms
[2020-06-25T18:59:47.550-0530][1.084s] GC(0)   Post Evacuate Collection Set: 0.9ms
[2020-06-25T18:59:47.550-0530][1.084s] GC(0)   Other: 0.4ms
[2020-06-25T18:59:47.550-0530][1.084s] GC(0) Eden regions: 25->0(304)
[2020-06-25T18:59:47.550-0530][1.084s] GC(0) Survivor regions: 0->3(4)
[2020-06-25T18:59:47.550-0530][1.084s] GC(0) Old regions: 0->0
[2020-06-25T18:59:47.550-0530][1.084s] GC(0) Humongous regions: 0->0
[2020-06-25T18:59:47.550-0530][1.084s] GC(0) Metaspace: 12140K->12140K(1060864K)
[2020-06-25T18:59:47.551-0530][1.084s] GC(0) Pause Young (Normal) (G1 Evacuation Pause) 25M->2M(512M) 4.735ms
[2020-06-25T18:59:47.551-0530][1.084s] GC(0) User=0.02s Sys=0.00s Real=0.01s
[2020-06-25T18:59:48.236-0530][1.770s] GC(1) Pause Young (Concurrent Start) (Metadata GC Threshold)
[2020-06-25T18:59:48.236-0530][1.770s] GC(1) Using 4 workers of 4 for evacuation
[2020-06-25T18:59:48.251-0530][1.785s] GC(1)   Pre Evacuate Collection Set: 0.0ms
[2020-06-25T18:59:48.252-0530][1.785s] GC(1)   Evacuate Collection Set: 14.8ms
[2020-06-25T18:59:48.252-0530][1.785s] GC(1)   Post Evacuate Collection Set: 0.6ms
[2020-06-25T18:59:48.252-0530][1.785s] GC(1)   Other: 0.2ms
[2020-06-25T18:59:48.252-0530][1.785s] GC(1) Eden regions: 27->0(33)
[2020-06-25T18:59:48.252-0530][1.785s] GC(1) Survivor regions: 3->12(34)
[2020-06-25T18:59:48.252-0530][1.785s] GC(1) Old regions: 0->0
[2020-06-25T18:59:48.252-0530][1.785s] GC(1) Humongous regions: 4->4
[2020-06-25T18:59:48.252-0530][1.785s] GC(1) Metaspace: 20711K->20711K(1069056K)
[2020-06-25T18:59:48.252-0530][1.785s] GC(1) Pause Young (Concurrent Start) (Metadata GC Threshold) 33M->15M(512M) 15.826ms
[2020-06-25T18:59:48.252-0530][1.785s] GC(1) User=0.05s Sys=0.00s Real=0.02s
[2020-06-25T18:59:48.252-0530][1.785s] GC(2) Concurrent Cycle
[2020-06-25T18:59:48.252-0530][1.785s] GC(2) Concurrent Clear Claimed Marks
[2020-06-25T18:59:48.252-0530][1.786s] GC(2) Concurrent Clear Claimed Marks 0.029ms
[2020-06-25T18:59:48.252-0530][1.786s] GC(2) Concurrent Scan Root Regions
[2020-06-25T18:59:48.262-0530][1.796s] GC(2) Concurrent Scan Root Regions 10.572ms
[2020-06-25T18:59:48.262-0530][1.796s] GC(2) Concurrent Mark (1.796s)
[2020-06-25T18:59:48.262-0530][1.796s] GC(2) Concurrent Mark From Roots
[2020-06-25T18:59:48.262-0530][1.796s] GC(2) Using 1 workers of 1 for marking
[2020-06-25T18:59:48.266-0530][1.799s] GC(2) Concurrent Mark From Roots 3.172ms
[2020-06-25T18:59:48.266-0530][1.799s] GC(2) Concurrent Preclean
[2020-06-25T18:59:48.266-0530][1.799s] GC(2) Concurrent Preclean 0.028ms
[2020-06-25T18:59:48.266-0530][1.799s] GC(2) Concurrent Mark (1.796s, 1.799s) 3.285ms
[2020-06-25T18:59:48.266-0530][1.800s] GC(2) Pause Remark
[2020-06-25T18:59:48.269-0530][1.802s] GC(2) Cleaned string and symbol table, strings: 10206 processed, 0 removed, symbols: 68068 processed, 10 removed
[2020-06-25T18:59:48.269-0530][1.803s] GC(2) Pause Remark 16M->16M(512M) 2.987ms
[2020-06-25T18:59:48.269-0530][1.803s] GC(2) User=0.01s Sys=0.00s Real=0.00s
[2020-06-25T18:59:48.269-0530][1.803s] GC(2) Concurrent Rebuild Remembered Sets
[2020-06-25T18:59:48.272-0530][1.806s] GC(2) Concurrent Rebuild Remembered Sets 3.367ms
[2020-06-25T18:59:48.272-0530][1.806s] GC(2) Pause Cleanup
[2020-06-25T18:59:48.273-0530][1.806s] GC(2) Pause Cleanup 16M->16M(512M) 0.095ms
[2020-06-25T18:59:48.273-0530][1.806s] GC(2) User=0.00s Sys=0.00s Real=0.00s
[2020-06-25T18:59:48.273-0530][1.806s] GC(2) Concurrent Cleanup for Next Mark
[2020-06-25T18:59:48.274-0530][1.807s] GC(2) Concurrent Cleanup for Next Mark 1.118ms
[2020-06-25T18:59:48.274-0530][1.808s] GC(2) Concurrent Cycle 22.089ms
[2020-06-25T18:59:48.822-0530][2.355s] GC(3) Pause Young (Normal) (G1 Evacuation Pause)
[2020-06-25T18:59:48.822-0530][2.355s] GC(3) Using 4 workers of 4 for evacuation
[2020-06-25T18:59:48.841-0530][2.375s] GC(3)   Pre Evacuate Collection Set: 0.0ms
[2020-06-25T18:59:48.841-0530][2.375s] GC(3)   Evacuate Collection Set: 18.9ms
[2020-06-25T18:59:48.841-0530][2.375s] GC(3)   Post Evacuate Collection Set: 0.5ms
[2020-06-25T18:59:48.841-0530][2.375s] GC(3)   Other: 0.2ms
[2020-06-25T18:59:48.841-0530][2.375s] GC(3) Eden regions: 29->0(39)
[2020-06-25T18:59:48.841-0530][2.375s] GC(3) Survivor regions: 12->6(6)
[2020-06-25T18:59:48.841-0530][2.375s] GC(3) Old regions: 0->13
[2020-06-25T18:59:48.841-0530][2.375s] GC(3) Humongous regions: 4->4
[2020-06-25T18:59:48.841-0530][2.375s] GC(3) Metaspace: 23620K->23620K(1071104K)
[2020-06-25T18:59:48.841-0530][2.375s] GC(3) Pause Young (Normal) (G1 Evacuation Pause) 44M->22M(512M) 19.672ms
[2020-06-25T18:59:48.841-0530][2.375s] GC(3) User=0.07s Sys=0.00s Real=0.02s
[2020-06-25T18:59:49.536-0530][3.069s] GC(4) Pause Young (Normal) (G1 Evacuation Pause)
[2020-06-25T18:59:49.536-0530][3.069s] GC(4) Using 4 workers of 4 for evacuation
[2020-06-25T18:59:49.539-0530][3.073s] GC(4)   Pre Evacuate Collection Set: 0.0ms
[2020-06-25T18:59:49.539-0530][3.073s] GC(4)   Evacuate Collection Set: 3.2ms
[2020-06-25T18:59:49.539-0530][3.073s] GC(4)   Post Evacuate Collection Set: 0.3ms
[2020-06-25T18:59:49.539-0530][3.073s] GC(4)   Other: 0.2ms
[2020-06-25T18:59:49.539-0530][3.073s] GC(4) Eden regions: 39->0(62)
[2020-06-25T18:59:49.539-0530][3.073s] GC(4) Survivor regions: 6->2(6)
[2020-06-25T18:59:49.539-0530][3.073s] GC(4) Old regions: 13->19
[2020-06-25T18:59:49.539-0530][3.073s] GC(4) Humongous regions: 4->4
[2020-06-25T18:59:49.539-0530][3.073s] GC(4) Metaspace: 28667K->28667K(1075200K)
[2020-06-25T18:59:49.539-0530][3.073s] GC(4) Pause Young (Normal) (G1 Evacuation Pause) 61M->23M(512M) 3.771ms
[2020-06-25T18:59:49.539-0530][3.073s] GC(4) User=0.01s Sys=0.00s Real=0.00s
[2020-06-25T18:59:50.385-0530][3.918s] GC(5) Pause Young (Concurrent Start) (Metadata GC Threshold)
[2020-06-25T18:59:50.385-0530][3.918s] GC(5) Using 4 workers of 4 for evacuation
[2020-06-25T18:59:50.389-0530][3.922s] GC(5)   Pre Evacuate Collection Set: 0.1ms
[2020-06-25T18:59:50.389-0530][3.922s] GC(5)   Evacuate Collection Set: 3.3ms
[2020-06-25T18:59:50.389-0530][3.922s] GC(5)   Post Evacuate Collection Set: 0.2ms
[2020-06-25T18:59:50.389-0530][3.922s] GC(5)   Other: 0.3ms
[2020-06-25T18:59:50.389-0530][3.922s] GC(5) Eden regions: 45->0(202)
[2020-06-25T18:59:50.389-0530][3.922s] GC(5) Survivor regions: 2->3(8)
[2020-06-25T18:59:50.389-0530][3.922s] GC(5) Old regions: 19->19
[2020-06-25T18:59:50.389-0530][3.922s] GC(5) Humongous regions: 4->4
[2020-06-25T18:59:50.389-0530][3.922s] GC(5) Metaspace: 34983K->34983K(1081344K)
[2020-06-25T18:59:50.389-0530][3.922s] GC(5) Pause Young (Concurrent Start) (Metadata GC Threshold) 68M->24M(512M) 3.984ms
[2020-06-25T18:59:50.389-0530][3.922s] GC(5) User=0.01s Sys=0.00s Real=0.00s
[2020-06-25T18:59:50.389-0530][3.922s] GC(6) Concurrent Cycle
[2020-06-25T18:59:50.389-0530][3.922s] GC(6) Concurrent Clear Claimed Marks
[2020-06-25T18:59:50.389-0530][3.922s] GC(6) Concurrent Clear Claimed Marks 0.034ms
[2020-06-25T18:59:50.389-0530][3.923s] GC(6) Concurrent Scan Root Regions
[2020-06-25T18:59:50.392-0530][3.926s] GC(6) Concurrent Scan Root Regions 3.041ms
[2020-06-25T18:59:50.392-0530][3.926s] GC(6) Concurrent Mark (3.926s)
[2020-06-25T18:59:50.392-0530][3.926s] GC(6) Concurrent Mark From Roots
[2020-06-25T18:59:50.392-0530][3.926s] GC(6) Using 1 workers of 1 for marking
[2020-06-25T18:59:50.432-0530][3.966s] GC(6) Concurrent Mark From Roots 40.323ms
[2020-06-25T18:59:50.432-0530][3.966s] GC(6) Concurrent Preclean
[2020-06-25T18:59:50.432-0530][3.966s] GC(6) Concurrent Preclean 0.156ms
[2020-06-25T18:59:50.433-0530][3.966s] GC(6) Concurrent Mark (3.926s, 3.966s) 40.582ms
[2020-06-25T18:59:50.433-0530][3.966s] GC(6) Pause Remark
[2020-06-25T18:59:50.437-0530][3.971s] GC(6) Cleaned string and symbol table, strings: 16557 processed, 22 removed, symbols: 114751 processed, 47 removed
[2020-06-25T18:59:50.437-0530][3.971s] GC(6) Pause Remark 27M->27M(512M) 4.495ms
[2020-06-25T18:59:50.437-0530][3.971s] GC(6) User=0.02s Sys=0.00s Real=0.00s
[2020-06-25T18:59:50.437-0530][3.971s] GC(6) Concurrent Rebuild Remembered Sets
[2020-06-25T18:59:50.467-0530][4.000s] GC(6) Concurrent Rebuild Remembered Sets 29.341ms
[2020-06-25T18:59:50.467-0530][4.000s] GC(6) Pause Cleanup
[2020-06-25T18:59:50.467-0530][4.001s] GC(6) Pause Cleanup 28M->28M(512M) 0.107ms
[2020-06-25T18:59:50.467-0530][4.001s] GC(6) User=0.00s Sys=0.00s Real=0.00s
[2020-06-25T18:59:50.467-0530][4.001s] GC(6) Concurrent Cleanup for Next Mark
[2020-06-25T18:59:50.468-0530][4.002s] GC(6) Concurrent Cleanup for Next Mark 1.396ms
[2020-06-25T18:59:50.468-0530][4.002s] GC(6) Concurrent Cycle 79.631ms
[2020-06-25T19:02:24.142-0530][157.672s] GC(7) Pause Young (Normal) (G1 Evacuation Pause)
[2020-06-25T19:02:24.143-0530][157.672s] GC(7) Using 4 workers of 4 for evacuation
[2020-06-25T19:02:24.164-0530][157.693s] GC(7)   Pre Evacuate Collection Set: 0.0ms
[2020-06-25T19:02:24.164-0530][157.693s] GC(7)   Evacuate Collection Set: 19.2ms
[2020-06-25T19:02:24.164-0530][157.693s] GC(7)   Post Evacuate Collection Set: 1.3ms
[2020-06-25T19:02:24.164-0530][157.693s] GC(7)   Other: 1.1ms
[2020-06-25T19:02:24.164-0530][157.693s] GC(7) Eden regions: 202->0(293)
[2020-06-25T19:02:24.164-0530][157.693s] GC(7) Survivor regions: 3->14(26)
[2020-06-25T19:02:24.164-0530][157.693s] GC(7) Old regions: 19->19
[2020-06-25T19:02:24.164-0530][157.693s] GC(7) Humongous regions: 6->5
[2020-06-25T19:02:24.164-0530][157.693s] GC(7) Metaspace: 46590K->46590K(1091584K)
[2020-06-25T19:02:24.164-0530][157.693s] GC(7) Pause Young (Normal) (G1 Evacuation Pause) 228M->37M(512M) 21.817ms
[2020-06-25T19:02:24.164-0530][157.693s] GC(7) User=0.05s Sys=0.01s Real=0.02s
[2020-06-25T19:02:25.521-0530][159.051s] GC(8) Pause Young (Normal) (G1 Evacuation Pause)
[2020-06-25T19:02:25.522-0530][159.051s] GC(8) Using 4 workers of 4 for evacuation
[2020-06-25T19:02:25.556-0530][159.086s] GC(8)   Pre Evacuate Collection Set: 0.0ms
[2020-06-25T19:02:25.557-0530][159.086s] GC(8)   Evacuate Collection Set: 33.7ms
[2020-06-25T19:02:25.557-0530][159.086s] GC(8)   Post Evacuate Collection Set: 1.0ms
[2020-06-25T19:02:25.557-0530][159.086s] GC(8)   Other: 0.3ms
[2020-06-25T19:02:25.557-0530][159.086s] GC(8) Eden regions: 293->0(292)
[2020-06-25T19:02:25.557-0530][159.086s] GC(8) Survivor regions: 14->15(39)
[2020-06-25T19:02:25.557-0530][159.086s] GC(8) Old regions: 19->19
[2020-06-25T19:02:25.557-0530][159.086s] GC(8) Humongous regions: 5->5
[2020-06-25T19:02:25.557-0530][159.086s] GC(8) Metaspace: 47888K->47888K(1093632K)
[2020-06-25T19:02:25.557-0530][159.086s] GC(8) Pause Young (Normal) (G1 Evacuation Pause) 330M->38M(512M) 35.311ms
[2020-06-25T19:02:25.557-0530][159.086s] GC(8) User=0.05s Sys=0.02s Real=0.03s
[2020-06-25T19:02:31.260-0530][164.789s] GC(9) Pause Young (Normal) (G1 Evacuation Pause)
[2020-06-25T19:02:31.260-0530][164.789s] GC(9) Using 4 workers of 4 for evacuation
[2020-06-25T19:02:31.303-0530][164.832s] GC(9)   Pre Evacuate Collection Set: 0.1ms
[2020-06-25T19:02:31.303-0530][164.833s] GC(9)   Evacuate Collection Set: 36.7ms
[2020-06-25T19:02:31.303-0530][164.833s] GC(9)   Post Evacuate Collection Set: 5.9ms
[2020-06-25T19:02:31.304-0530][164.833s] GC(9)   Other: 0.5ms
[2020-06-25T19:02:31.304-0530][164.833s] GC(9) Eden regions: 292->0(283)
[2020-06-25T19:02:31.304-0530][164.833s] GC(9) Survivor regions: 15->24(39)
[2020-06-25T19:02:31.304-0530][164.833s] GC(9) Old regions: 19->19
[2020-06-25T19:02:31.304-0530][164.833s] GC(9) Humongous regions: 8->8
[2020-06-25T19:02:31.304-0530][164.833s] GC(9) Metaspace: 57290K->57290K(1101824K)
[2020-06-25T19:02:31.304-0530][164.833s] GC(9) Pause Young (Normal) (G1 Evacuation Pause) 333M->50M(512M) 43.552ms
[2020-06-25T19:02:31.304-0530][164.833s] GC(9) User=0.08s Sys=0.01s Real=0.04s
[2020-06-25T19:02:31.836-0530][165.365s] GC(10) Pause Young (Normal) (G1 Evacuation Pause)
[2020-06-25T19:02:31.836-0530][165.365s] GC(10) Using 4 workers of 4 for evacuation
[2020-06-25T19:02:31.862-0530][165.391s] GC(10)   Pre Evacuate Collection Set: 0.0ms
[2020-06-25T19:02:31.862-0530][165.391s] GC(10)   Evacuate Collection Set: 25.2ms
[2020-06-25T19:02:31.862-0530][165.391s] GC(10)   Post Evacuate Collection Set: 0.6ms
[2020-06-25T19:02:31.862-0530][165.391s] GC(10)   Other: 0.2ms
[2020-06-25T19:02:31.862-0530][165.391s] GC(10) Eden regions: 283->0(294)
[2020-06-25T19:02:31.862-0530][165.391s] GC(10) Survivor regions: 24->13(39)
[2020-06-25T19:02:31.862-0530][165.391s] GC(10) Old regions: 19->31
[2020-06-25T19:02:31.862-0530][165.391s] GC(10) Humongous regions: 8->8
[2020-06-25T19:02:31.862-0530][165.391s] GC(10) Metaspace: 57352K->57352K(1101824K)
[2020-06-25T19:02:31.862-0530][165.391s] GC(10) Pause Young (Normal) (G1 Evacuation Pause) 333M->51M(512M) 26.155ms
[2020-06-25T19:02:31.862-0530][165.391s] GC(10) User=0.07s Sys=0.01s Real=0.03s
[2020-06-25T19:08:33.386-0530][526.906s] GC(11) Pause Young (Concurrent Start) (Metadata GC Threshold)
[2020-06-25T19:08:33.387-0530][526.906s] GC(11) Using 4 workers of 4 for evacuation
[2020-06-25T19:08:33.428-0530][526.947s] GC(11)   Pre Evacuate Collection Set: 0.6ms
[2020-06-25T19:08:33.428-0530][526.947s] GC(11)   Evacuate Collection Set: 38.4ms
[2020-06-25T19:08:33.428-0530][526.947s] GC(11)   Post Evacuate Collection Set: 0.8ms
[2020-06-25T19:08:33.428-0530][526.947s] GC(11)   Other: 1.7ms
[2020-06-25T19:08:33.428-0530][526.947s] GC(11) Eden regions: 133->0(294)
[2020-06-25T19:08:33.428-0530][526.947s] GC(11) Survivor regions: 13->13(39)
[2020-06-25T19:08:33.428-0530][526.947s] GC(11) Old regions: 31->31
[2020-06-25T19:08:33.428-0530][526.947s] GC(11) Humongous regions: 8->8
[2020-06-25T19:08:33.428-0530][526.947s] GC(11) Metaspace: 58993K->58993K(1101824K)
[2020-06-25T19:08:33.428-0530][526.947s] GC(11) Pause Young (Concurrent Start) (Metadata GC Threshold) 183M->51M(512M) 41.640ms
[2020-06-25T19:08:33.428-0530][526.947s] GC(11) User=0.07s Sys=0.03s Real=0.04s
[2020-06-25T19:08:33.428-0530][526.947s] GC(12) Concurrent Cycle
[2020-06-25T19:08:33.428-0530][526.947s] GC(12) Concurrent Clear Claimed Marks
[2020-06-25T19:08:33.428-0530][526.947s] GC(12) Concurrent Clear Claimed Marks 0.106ms
[2020-06-25T19:08:33.428-0530][526.947s] GC(12) Concurrent Scan Root Regions
[2020-06-25T19:08:33.443-0530][526.962s] GC(12) Concurrent Scan Root Regions 14.703ms
[2020-06-25T19:08:33.443-0530][526.962s] GC(12) Concurrent Mark (526.962s)
[2020-06-25T19:08:33.443-0530][526.962s] GC(12) Concurrent Mark From Roots
[2020-06-25T19:08:33.443-0530][526.962s] GC(12) Using 1 workers of 1 for marking
[2020-06-25T19:08:33.568-0530][527.088s] GC(12) Concurrent Mark From Roots 125.321ms
[2020-06-25T19:08:33.568-0530][527.088s] GC(12) Concurrent Preclean
[2020-06-25T19:08:33.569-0530][527.088s] GC(12) Concurrent Preclean 0.334ms
[2020-06-25T19:08:33.569-0530][527.088s] GC(12) Concurrent Mark (526.962s, 527.088s) 125.777ms
[2020-06-25T19:08:33.569-0530][527.088s] GC(12) Pause Remark
[2020-06-25T19:08:33.641-0530][527.160s] GC(12) Cleaned string and symbol table, strings: 28723 processed, 989 removed, symbols: 175067 processed, 615 removed
[2020-06-25T19:08:33.641-0530][527.161s] GC(12) Pause Remark 62M->62M(512M) 72.375ms
[2020-06-25T19:08:33.641-0530][527.161s] GC(12) User=0.08s Sys=0.08s Real=0.08s
[2020-06-25T19:08:33.642-0530][527.161s] GC(12) Concurrent Rebuild Remembered Sets
[2020-06-25T19:08:33.678-0530][527.197s] GC(12) Concurrent Rebuild Remembered Sets 36.682ms
[2020-06-25T19:08:33.678-0530][527.198s] GC(12) Pause Cleanup
[2020-06-25T19:08:33.679-0530][527.198s] GC(12) Pause Cleanup 64M->64M(512M) 0.177ms
[2020-06-25T19:08:33.679-0530][527.198s] GC(12) User=0.00s Sys=0.00s Real=0.00s
[2020-06-25T19:08:33.679-0530][527.198s] GC(12) Concurrent Cleanup for Next Mark
[2020-06-25T19:08:33.684-0530][527.204s] GC(12) Concurrent Cleanup for Next Mark 5.760ms
[2020-06-25T19:08:33.684-0530][527.204s] GC(12) Concurrent Cycle 256.398ms
[2020-06-25T19:10:06.529-0530][620.046s] GC(13) Pause Young (Concurrent Start) (G1 Evacuation Pause)
[2020-06-25T19:10:06.530-0530][620.047s] GC(13) Using 4 workers of 4 for evacuation
[2020-06-25T19:10:06.557-0530][620.073s] GC(13)   Pre Evacuate Collection Set: 0.1ms
[2020-06-25T19:10:06.557-0530][620.073s] GC(13)   Evacuate Collection Set: 24.1ms
[2020-06-25T19:10:06.557-0530][620.073s] GC(13)   Post Evacuate Collection Set: 2.1ms
[2020-06-25T19:10:06.557-0530][620.073s] GC(13)   Other: 1.3ms
[2020-06-25T19:10:06.557-0530][620.073s] GC(13) Eden regions: 294->0(289)
[2020-06-25T19:10:06.557-0530][620.073s] GC(13) Survivor regions: 13->18(39)
[2020-06-25T19:10:06.557-0530][620.073s] GC(13) Old regions: 31->31
[2020-06-25T19:10:06.557-0530][620.073s] GC(13) Humongous regions: 8->8
[2020-06-25T19:10:06.557-0530][620.073s] GC(13) Metaspace: 63125K->63125K(1105920K)
[2020-06-25T19:10:06.557-0530][620.073s] GC(13) Pause Young (Concurrent Start) (G1 Evacuation Pause) 345M->56M(512M) 27.753ms
[2020-06-25T19:10:06.557-0530][620.073s] GC(13) User=0.08s Sys=0.00s Real=0.03s
[2020-06-25T19:10:06.557-0530][620.073s] GC(14) Concurrent Cycle
[2020-06-25T19:10:06.557-0530][620.073s] GC(14) Concurrent Clear Claimed Marks
[2020-06-25T19:10:06.557-0530][620.073s] GC(14) Concurrent Clear Claimed Marks 0.100ms
[2020-06-25T19:10:06.557-0530][620.074s] GC(14) Concurrent Scan Root Regions
[2020-06-25T19:10:06.575-0530][620.092s] GC(14) Concurrent Scan Root Regions 18.016ms
[2020-06-25T19:10:06.575-0530][620.092s] GC(14) Concurrent Mark (620.092s)
[2020-06-25T19:10:06.575-0530][620.092s] GC(14) Concurrent Mark From Roots
[2020-06-25T19:10:06.575-0530][620.092s] GC(14) Using 1 workers of 1 for marking
[2020-06-25T19:10:06.640-0530][620.157s] GC(14) Concurrent Mark From Roots 65.161ms
[2020-06-25T19:10:06.640-0530][620.157s] GC(14) Concurrent Preclean
[2020-06-25T19:10:06.640-0530][620.157s] GC(14) Concurrent Preclean 0.191ms
[2020-06-25T19:10:06.641-0530][620.157s] GC(14) Concurrent Mark (620.092s, 620.157s) 65.472ms
[2020-06-25T19:10:06.641-0530][620.157s] GC(14) Pause Remark
[2020-06-25T19:10:06.659-0530][620.175s] GC(14) Cleaned string and symbol table, strings: 28508 processed, 2 removed, symbols: 177981 processed, 23 removed
[2020-06-25T19:10:06.659-0530][620.176s] GC(14) Pause Remark 95M->95M(512M) 18.149ms
[2020-06-25T19:10:06.659-0530][620.176s] GC(14) User=0.05s Sys=0.00s Real=0.01s
[2020-06-25T19:10:06.659-0530][620.176s] GC(14) Concurrent Rebuild Remembered Sets
[2020-06-25T19:10:06.697-0530][620.214s] GC(14) Concurrent Rebuild Remembered Sets 38.189ms
[2020-06-25T19:10:06.705-0530][620.222s] GC(14) Pause Cleanup
[2020-06-25T19:10:06.705-0530][620.222s] GC(14) Pause Cleanup 122M->122M(512M) 0.177ms
[2020-06-25T19:10:06.705-0530][620.222s] GC(14) User=0.00s Sys=0.00s Real=0.00s
[2020-06-25T19:10:06.706-0530][620.222s] GC(14) Concurrent Cleanup for Next Mark
[2020-06-25T19:10:06.723-0530][620.240s] GC(14) Concurrent Cleanup for Next Mark 17.909ms
[2020-06-25T19:10:06.724-0530][620.240s] GC(14) Concurrent Cycle 166.709ms
[2020-06-25T21:10:56.624-0530][7870.117s] GC(15) Pause Young (Normal) (G1 Evacuation Pause)
[2020-06-25T21:10:56.625-0530][7870.118s] GC(15) Using 4 workers of 4 for evacuation
[2020-06-25T21:10:56.747-0530][7870.239s] GC(15)   Pre Evacuate Collection Set: 2.6ms
[2020-06-25T21:10:56.747-0530][7870.239s] GC(15)   Evacuate Collection Set: 108.8ms
[2020-06-25T21:10:56.747-0530][7870.239s] GC(15)   Post Evacuate Collection Set: 8.7ms
[2020-06-25T21:10:56.747-0530][7870.239s] GC(15)   Other: 2.6ms
[2020-06-25T21:10:56.747-0530][7870.239s] GC(15) Eden regions: 289->0(288)
[2020-06-25T21:10:56.747-0530][7870.239s] GC(15) Survivor regions: 18->19(39)
[2020-06-25T21:10:56.747-0530][7870.239s] GC(15) Old regions: 31->31
[2020-06-25T21:10:56.747-0530][7870.239s] GC(15) Humongous regions: 8->8
[2020-06-25T21:10:56.747-0530][7870.239s] GC(15) Metaspace: 64699K->64699K(1107968K)
[2020-06-25T21:10:56.747-0530][7870.239s] GC(15) Pause Young (Normal) (G1 Evacuation Pause) 345M->56M(512M) 122.728ms
[2020-06-25T21:10:56.747-0530][7870.239s] GC(15) User=0.11s Sys=0.21s Real=0.12s
[2020-06-25T22:30:30.748-0530][12644.206s] GC(16) Pause Young (Normal) (G1 Evacuation Pause)
[2020-06-25T22:30:30.749-0530][12644.207s] GC(16) Using 4 workers of 4 for evacuation
[2020-06-25T22:30:30.841-0530][12644.298s] GC(16)   Pre Evacuate Collection Set: 0.4ms
[2020-06-25T22:30:30.841-0530][12644.298s] GC(16)   Evacuate Collection Set: 88.1ms
[2020-06-25T22:30:30.841-0530][12644.298s] GC(16)   Post Evacuate Collection Set: 2.7ms
[2020-06-25T22:30:30.841-0530][12644.298s] GC(16)   Other: 1.9ms
[2020-06-25T22:30:30.841-0530][12644.298s] GC(16) Eden regions: 288->0(288)
[2020-06-25T22:30:30.841-0530][12644.298s] GC(16) Survivor regions: 19->19(39)
[2020-06-25T22:30:30.841-0530][12644.298s] GC(16) Old regions: 31->31
[2020-06-25T22:30:30.841-0530][12644.298s] GC(16) Humongous regions: 8->8
[2020-06-25T22:30:30.841-0530][12644.298s] GC(16) Metaspace: 65416K->65416K(1107968K)
[2020-06-25T22:30:30.841-0530][12644.299s] GC(16) Pause Young (Normal) (G1 Evacuation Pause) 344M->57M(512M) 92.782ms
[2020-06-25T22:30:30.841-0530][12644.299s] GC(16) User=0.10s Sys=0.11s Real=0.10s
[2020-06-26T00:14:13.298-0530][18866.705s] Heap
[2020-06-26T00:14:13.299-0530][18866.706s]  garbage-first heap   total 524288K, used 298136K [0x00000007e0000000, 0x0000000800000000)
[2020-06-26T00:14:13.299-0530][18866.706s]   region size 1024K, 255 young (261120K), 19 survivors (19456K)
[2020-06-26T00:14:13.299-0530][18866.706s]  Metaspace       used 66970K, capacity 68395K, committed 68764K, reserved 1110016K
[2020-06-26T00:14:13.299-0530][18866.706s]   class space    used 7414K, capacity 7951K, committed 8012K, reserved 1048576K
