[2020-06-26T00:15:27.003-0530][0.022s] Heap region size: 1M
[2020-06-26T00:15:27.415-0530][0.434s] Using G1
[2020-06-26T00:15:27.415-0530][0.434s] Heap address: 0x00000007e0000000, size: 512 MB, Compressed Oops mode: Zero based, Oop shift amount: 3
[2020-06-26T00:15:28.243-0530][1.261s] GC(0) Pause Young (Normal) (G1 Evacuation Pause)
[2020-06-26T00:15:28.243-0530][1.262s] GC(0) Using 4 workers of 4 for evacuation
[2020-06-26T00:15:28.247-0530][1.265s] GC(0)   Pre Evacuate Collection Set: 0.0ms
[2020-06-26T00:15:28.247-0530][1.265s] GC(0)   Evacuate Collection Set: 3.2ms
[2020-06-26T00:15:28.247-0530][1.265s] GC(0)   Post Evacuate Collection Set: 0.3ms
[2020-06-26T00:15:28.247-0530][1.265s] GC(0)   Other: 0.4ms
[2020-06-26T00:15:28.247-0530][1.265s] GC(0) Eden regions: 25->0(304)
[2020-06-26T00:15:28.247-0530][1.265s] GC(0) Survivor regions: 0->3(4)
[2020-06-26T00:15:28.247-0530][1.266s] GC(0) Old regions: 0->0
[2020-06-26T00:15:28.247-0530][1.266s] GC(0) Humongous regions: 0->0
[2020-06-26T00:15:28.247-0530][1.266s] GC(0) Metaspace: 12237K->12237K(1060864K)
[2020-06-26T00:15:28.247-0530][1.266s] GC(0) Pause Young (Normal) (G1 Evacuation Pause) 25M->2M(512M) 4.143ms
[2020-06-26T00:15:28.247-0530][1.266s] GC(0) User=0.02s Sys=0.00s Real=0.00s
[2020-06-26T00:15:28.986-0530][2.004s] GC(1) Pause Young (Concurrent Start) (Metadata GC Threshold)
[2020-06-26T00:15:28.986-0530][2.004s] GC(1) Using 4 workers of 4 for evacuation
[2020-06-26T00:15:29.007-0530][2.026s] GC(1)   Pre Evacuate Collection Set: 0.0ms
[2020-06-26T00:15:29.008-0530][2.026s] GC(1)   Evacuate Collection Set: 19.7ms
[2020-06-26T00:15:29.008-0530][2.026s] GC(1)   Post Evacuate Collection Set: 1.3ms
[2020-06-26T00:15:29.008-0530][2.026s] GC(1)   Other: 0.3ms
[2020-06-26T00:15:29.008-0530][2.026s] GC(1) Eden regions: 26->0(31)
[2020-06-26T00:15:29.008-0530][2.026s] GC(1) Survivor regions: 3->12(34)
[2020-06-26T00:15:29.008-0530][2.026s] GC(1) Old regions: 0->0
[2020-06-26T00:15:29.008-0530][2.026s] GC(1) Humongous regions: 4->4
[2020-06-26T00:15:29.008-0530][2.026s] GC(1) Metaspace: 20688K->20688K(1069056K)
[2020-06-26T00:15:29.008-0530][2.026s] GC(1) Pause Young (Concurrent Start) (Metadata GC Threshold) 32M->15M(512M) 21.855ms
[2020-06-26T00:15:29.008-0530][2.026s] GC(1) User=0.07s Sys=0.00s Real=0.02s
[2020-06-26T00:15:29.008-0530][2.026s] GC(2) Concurrent Cycle
[2020-06-26T00:15:29.008-0530][2.026s] GC(2) Concurrent Clear Claimed Marks
[2020-06-26T00:15:29.008-0530][2.026s] GC(2) Concurrent Clear Claimed Marks 0.049ms
[2020-06-26T00:15:29.008-0530][2.026s] GC(2) Concurrent Scan Root Regions
[2020-06-26T00:15:29.020-0530][2.038s] GC(2) Concurrent Scan Root Regions 11.560ms
[2020-06-26T00:15:29.020-0530][2.038s] GC(2) Concurrent Mark (2.038s)
[2020-06-26T00:15:29.020-0530][2.038s] GC(2) Concurrent Mark From Roots
[2020-06-26T00:15:29.020-0530][2.038s] GC(2) Using 1 workers of 1 for marking
[2020-06-26T00:15:29.024-0530][2.042s] GC(2) Concurrent Mark From Roots 4.182ms
[2020-06-26T00:15:29.024-0530][2.042s] GC(2) Concurrent Preclean
[2020-06-26T00:15:29.024-0530][2.042s] GC(2) Concurrent Preclean 0.043ms
[2020-06-26T00:15:29.024-0530][2.042s] GC(2) Concurrent Mark (2.038s, 2.042s) 4.391ms
[2020-06-26T00:15:29.024-0530][2.043s] GC(2) Pause Remark
[2020-06-26T00:15:29.037-0530][2.056s] GC(2) Cleaned string and symbol table, strings: 10089 processed, 0 removed, symbols: 67662 processed, 10 removed
[2020-06-26T00:15:29.040-0530][2.058s] GC(2) Pause Remark 16M->16M(512M) 15.394ms
[2020-06-26T00:15:29.040-0530][2.058s] GC(2) User=0.02s Sys=0.00s Real=0.02s
[2020-06-26T00:15:29.040-0530][2.058s] GC(2) Concurrent Rebuild Remembered Sets
[2020-06-26T00:15:29.043-0530][2.062s] GC(2) Concurrent Rebuild Remembered Sets 3.735ms
[2020-06-26T00:15:29.047-0530][2.065s] GC(2) Pause Cleanup
[2020-06-26T00:15:29.047-0530][2.065s] GC(2) Pause Cleanup 16M->16M(512M) 0.177ms
[2020-06-26T00:15:29.047-0530][2.065s] GC(2) User=0.00s Sys=0.00s Real=0.00s
[2020-06-26T00:15:29.047-0530][2.065s] GC(2) Concurrent Cleanup for Next Mark
[2020-06-26T00:15:29.049-0530][2.067s] GC(2) Concurrent Cleanup for Next Mark 1.756ms
[2020-06-26T00:15:29.049-0530][2.067s] GC(2) Concurrent Cycle 40.834ms
[2020-06-26T00:15:29.714-0530][2.732s] GC(3) Pause Young (Normal) (G1 Evacuation Pause)
[2020-06-26T00:15:29.714-0530][2.732s] GC(3) Using 4 workers of 4 for evacuation
[2020-06-26T00:15:29.733-0530][2.751s] GC(3)   Pre Evacuate Collection Set: 0.0ms
[2020-06-26T00:15:29.733-0530][2.751s] GC(3)   Evacuate Collection Set: 16.9ms
[2020-06-26T00:15:29.733-0530][2.751s] GC(3)   Post Evacuate Collection Set: 1.9ms
[2020-06-26T00:15:29.733-0530][2.751s] GC(3)   Other: 0.2ms
[2020-06-26T00:15:29.733-0530][2.751s] GC(3) Eden regions: 28->0(39)
[2020-06-26T00:15:29.733-0530][2.751s] GC(3) Survivor regions: 12->5(5)
[2020-06-26T00:15:29.733-0530][2.751s] GC(3) Old regions: 0->14
[2020-06-26T00:15:29.733-0530][2.751s] GC(3) Humongous regions: 4->4
[2020-06-26T00:15:29.733-0530][2.751s] GC(3) Metaspace: 23585K->23585K(1071104K)
[2020-06-26T00:15:29.733-0530][2.751s] GC(3) Pause Young (Normal) (G1 Evacuation Pause) 43M->22M(512M) 19.124ms
[2020-06-26T00:15:29.733-0530][2.751s] GC(3) User=0.07s Sys=0.00s Real=0.02s
[2020-06-26T00:15:30.750-0530][3.769s] GC(4) Pause Young (Normal) (G1 Evacuation Pause)
[2020-06-26T00:15:30.750-0530][3.769s] GC(4) Using 4 workers of 4 for evacuation
[2020-06-26T00:15:30.770-0530][3.788s] GC(4)   Pre Evacuate Collection Set: 0.0ms
[2020-06-26T00:15:30.770-0530][3.788s] GC(4)   Evacuate Collection Set: 15.2ms
[2020-06-26T00:15:30.770-0530][3.788s] GC(4)   Post Evacuate Collection Set: 3.7ms
[2020-06-26T00:15:30.770-0530][3.788s] GC(4)   Other: 0.3ms
[2020-06-26T00:15:30.770-0530][3.788s] GC(4) Eden regions: 39->0(60)
[2020-06-26T00:15:30.770-0530][3.788s] GC(4) Survivor regions: 5->2(6)
[2020-06-26T00:15:30.770-0530][3.788s] GC(4) Old regions: 14->18
[2020-06-26T00:15:30.770-0530][3.788s] GC(4) Humongous regions: 4->4
[2020-06-26T00:15:30.770-0530][3.788s] GC(4) Metaspace: 28556K->28556K(1075200K)
[2020-06-26T00:15:30.770-0530][3.788s] GC(4) Pause Young (Normal) (G1 Evacuation Pause) 61M->23M(512M) 19.435ms
[2020-06-26T00:15:30.770-0530][3.788s] GC(4) User=0.03s Sys=0.00s Real=0.02s
[2020-06-26T00:15:31.737-0530][4.755s] GC(5) Pause Young (Concurrent Start) (GCLocker Initiated GC)
[2020-06-26T00:15:31.737-0530][4.755s] GC(5) Using 4 workers of 4 for evacuation
[2020-06-26T00:15:31.741-0530][4.760s] GC(5)   Pre Evacuate Collection Set: 0.1ms
[2020-06-26T00:15:31.741-0530][4.760s] GC(5)   Evacuate Collection Set: 4.0ms
[2020-06-26T00:15:31.741-0530][4.760s] GC(5)   Post Evacuate Collection Set: 0.5ms
[2020-06-26T00:15:31.741-0530][4.760s] GC(5)   Other: 0.2ms
[2020-06-26T00:15:31.741-0530][4.760s] GC(5) Eden regions: 46->0(74)
[2020-06-26T00:15:31.741-0530][4.760s] GC(5) Survivor regions: 2->3(8)
[2020-06-26T00:15:31.741-0530][4.760s] GC(5) Old regions: 18->18
[2020-06-26T00:15:31.741-0530][4.760s] GC(5) Humongous regions: 4->4
[2020-06-26T00:15:31.741-0530][4.760s] GC(5) Metaspace: 35043K->35043K(1081344K)
[2020-06-26T00:15:31.742-0530][4.760s] GC(5) Pause Young (Concurrent Start) (GCLocker Initiated GC) 69M->24M(512M) 4.962ms
[2020-06-26T00:15:31.742-0530][4.760s] GC(5) User=0.02s Sys=0.00s Real=0.01s
[2020-06-26T00:15:31.742-0530][4.760s] GC(6) Concurrent Cycle
[2020-06-26T00:15:31.742-0530][4.760s] GC(6) Concurrent Clear Claimed Marks
[2020-06-26T00:15:31.742-0530][4.760s] GC(6) Concurrent Clear Claimed Marks 0.043ms
[2020-06-26T00:15:31.742-0530][4.760s] GC(6) Concurrent Scan Root Regions
[2020-06-26T00:15:31.746-0530][4.764s] GC(6) Concurrent Scan Root Regions 4.127ms
[2020-06-26T00:15:31.746-0530][4.764s] GC(6) Concurrent Mark (4.764s)
[2020-06-26T00:15:31.746-0530][4.764s] GC(6) Concurrent Mark From Roots
[2020-06-26T00:15:31.746-0530][4.764s] GC(6) Using 1 workers of 1 for marking
[2020-06-26T00:15:31.785-0530][4.803s] GC(6) Concurrent Mark From Roots 38.740ms
[2020-06-26T00:15:31.785-0530][4.803s] GC(6) Concurrent Preclean
[2020-06-26T00:15:31.785-0530][4.803s] GC(6) Concurrent Preclean 0.159ms
[2020-06-26T00:15:31.785-0530][4.803s] GC(6) Concurrent Mark (4.764s, 4.803s) 39.074ms
[2020-06-26T00:15:31.785-0530][4.803s] GC(6) Pause Remark
[2020-06-26T00:15:31.789-0530][4.808s] GC(6) Cleaned string and symbol table, strings: 16521 processed, 22 removed, symbols: 114586 processed, 51 removed
[2020-06-26T00:15:31.790-0530][4.808s] GC(6) Pause Remark 27M->27M(512M) 4.536ms
[2020-06-26T00:15:31.790-0530][4.808s] GC(6) User=0.02s Sys=0.00s Real=0.01s
[2020-06-26T00:15:31.790-0530][4.808s] GC(6) Concurrent Rebuild Remembered Sets
[2020-06-26T00:15:31.819-0530][4.837s] GC(6) Concurrent Rebuild Remembered Sets 29.013ms
[2020-06-26T00:15:31.819-0530][4.837s] GC(6) Pause Cleanup
[2020-06-26T00:15:31.819-0530][4.838s] GC(6) Pause Cleanup 28M->28M(512M) 0.100ms
[2020-06-26T00:15:31.819-0530][4.838s] GC(6) User=0.00s Sys=0.00s Real=0.00s
[2020-06-26T00:15:31.819-0530][4.838s] GC(6) Concurrent Cleanup for Next Mark
[2020-06-26T00:15:31.821-0530][4.839s] GC(6) Concurrent Cleanup for Next Mark 1.348ms
[2020-06-26T00:15:31.821-0530][4.839s] GC(6) Concurrent Cycle 79.065ms
[2020-06-26T00:15:32.928-0530][5.947s] GC(7) Pause Young (Normal) (G1 Evacuation Pause)
[2020-06-26T00:15:32.930-0530][5.948s] GC(7) Using 4 workers of 4 for evacuation
[2020-06-26T00:15:32.958-0530][5.976s] GC(7)   Pre Evacuate Collection Set: 0.0ms
[2020-06-26T00:15:32.958-0530][5.976s] GC(7)   Evacuate Collection Set: 20.9ms
[2020-06-26T00:15:32.958-0530][5.976s] GC(7)   Post Evacuate Collection Set: 7.2ms
[2020-06-26T00:15:32.958-0530][5.976s] GC(7)   Other: 1.5ms
[2020-06-26T00:15:32.958-0530][5.977s] GC(7) Eden regions: 74->0(114)
[2020-06-26T00:15:32.958-0530][5.977s] GC(7) Survivor regions: 3->7(10)
[2020-06-26T00:15:32.958-0530][5.977s] GC(7) Old regions: 18->18
[2020-06-26T00:15:32.958-0530][5.977s] GC(7) Humongous regions: 4->4
[2020-06-26T00:15:32.958-0530][5.977s] GC(7) Metaspace: 41146K->41146K(1087488K)
[2020-06-26T00:15:32.958-0530][5.977s] GC(7) Pause Young (Normal) (G1 Evacuation Pause) 98M->28M(512M) 29.944ms
[2020-06-26T00:15:32.958-0530][5.977s] GC(7) User=0.06s Sys=0.00s Real=0.03s
[2020-06-26T00:15:33.692-0530][6.710s] GC(8) Pause Young (Normal) (G1 Evacuation Pause)
[2020-06-26T00:15:33.692-0530][6.710s] GC(8) Using 4 workers of 4 for evacuation
[2020-06-26T00:15:33.703-0530][6.721s] GC(8)   Pre Evacuate Collection Set: 0.0ms
[2020-06-26T00:15:33.703-0530][6.721s] GC(8)   Evacuate Collection Set: 10.3ms
[2020-06-26T00:15:33.703-0530][6.721s] GC(8)   Post Evacuate Collection Set: 0.4ms
[2020-06-26T00:15:33.703-0530][6.721s] GC(8)   Other: 0.3ms
[2020-06-26T00:15:33.703-0530][6.721s] GC(8) Eden regions: 114->0(298)
[2020-06-26T00:15:33.703-0530][6.721s] GC(8) Survivor regions: 7->9(16)
[2020-06-26T00:15:33.703-0530][6.721s] GC(8) Old regions: 18->18
[2020-06-26T00:15:33.703-0530][6.721s] GC(8) Humongous regions: 4->4
[2020-06-26T00:15:33.703-0530][6.721s] GC(8) Metaspace: 43259K->43259K(1089536K)
[2020-06-26T00:15:33.703-0530][6.721s] GC(8) Pause Young (Normal) (G1 Evacuation Pause) 142M->30M(512M) 11.211ms
[2020-06-26T00:15:33.703-0530][6.721s] GC(8) User=0.03s Sys=0.01s Real=0.01s
[2020-06-26T00:15:35.532-0530][8.551s] GC(9) Pause Young (Normal) (G1 Evacuation Pause)
[2020-06-26T00:15:35.532-0530][8.551s] GC(9) Using 4 workers of 4 for evacuation
[2020-06-26T00:15:35.566-0530][8.584s] GC(9)   Pre Evacuate Collection Set: 0.0ms
[2020-06-26T00:15:35.566-0530][8.584s] GC(9)   Evacuate Collection Set: 31.6ms
[2020-06-26T00:15:35.566-0530][8.584s] GC(9)   Post Evacuate Collection Set: 1.4ms
[2020-06-26T00:15:35.566-0530][8.584s] GC(9)   Other: 0.3ms
[2020-06-26T00:15:35.566-0530][8.584s] GC(9) Eden regions: 298->0(298)
[2020-06-26T00:15:35.566-0530][8.584s] GC(9) Survivor regions: 9->9(39)
[2020-06-26T00:15:35.566-0530][8.584s] GC(9) Old regions: 18->18
[2020-06-26T00:15:35.566-0530][8.584s] GC(9) Humongous regions: 5->4
[2020-06-26T00:15:35.566-0530][8.584s] GC(9) Metaspace: 47007K->47007K(1091584K)
[2020-06-26T00:15:35.566-0530][8.584s] GC(9) Pause Young (Normal) (G1 Evacuation Pause) 329M->30M(512M) 33.608ms
[2020-06-26T00:15:35.566-0530][8.584s] GC(9) User=0.06s Sys=0.01s Real=0.03s
[2020-06-26T00:15:35.891-0530][8.909s] GC(10) Pause Young (Normal) (G1 Evacuation Pause)
[2020-06-26T00:15:35.891-0530][8.909s] GC(10) Using 4 workers of 4 for evacuation
[2020-06-26T00:15:35.908-0530][8.926s] GC(10)   Pre Evacuate Collection Set: 0.0ms
[2020-06-26T00:15:35.908-0530][8.926s] GC(10)   Evacuate Collection Set: 14.0ms
[2020-06-26T00:15:35.908-0530][8.926s] GC(10)   Post Evacuate Collection Set: 2.3ms
[2020-06-26T00:15:35.908-0530][8.926s] GC(10)   Other: 0.3ms
[2020-06-26T00:15:35.908-0530][8.926s] GC(10) Eden regions: 298->0(296)
[2020-06-26T00:15:35.908-0530][8.926s] GC(10) Survivor regions: 9->11(39)
[2020-06-26T00:15:35.908-0530][8.926s] GC(10) Old regions: 18->18
[2020-06-26T00:15:35.908-0530][8.926s] GC(10) Humongous regions: 4->4
[2020-06-26T00:15:35.908-0530][8.926s] GC(10) Metaspace: 47113K->47113K(1091584K)
[2020-06-26T00:15:35.908-0530][8.926s] GC(10) Pause Young (Normal) (G1 Evacuation Pause) 328M->32M(512M) 17.174ms
[2020-06-26T00:15:35.908-0530][8.926s] GC(10) User=0.04s Sys=0.00s Real=0.01s
[2020-06-26T00:18:32.153-0530][185.167s] GC(11) Pause Young (Normal) (G1 Evacuation Pause)
[2020-06-26T00:18:32.154-0530][185.167s] GC(11) Using 4 workers of 4 for evacuation
[2020-06-26T00:18:32.220-0530][185.234s] GC(11)   Pre Evacuate Collection Set: 0.0ms
[2020-06-26T00:18:32.220-0530][185.234s] GC(11)   Evacuate Collection Set: 54.6ms
[2020-06-26T00:18:32.220-0530][185.234s] GC(11)   Post Evacuate Collection Set: 11.6ms
[2020-06-26T00:18:32.220-0530][185.234s] GC(11)   Other: 0.8ms
[2020-06-26T00:18:32.220-0530][185.234s] GC(11) Eden regions: 296->0(288)
[2020-06-26T00:18:32.220-0530][185.234s] GC(11) Survivor regions: 11->19(39)
[2020-06-26T00:18:32.220-0530][185.234s] GC(11) Old regions: 18->18
[2020-06-26T00:18:32.220-0530][185.234s] GC(11) Humongous regions: 4->4
[2020-06-26T00:18:32.220-0530][185.234s] GC(11) Metaspace: 57749K->57749K(1101824K)
[2020-06-26T00:18:32.220-0530][185.234s] GC(11) Pause Young (Normal) (G1 Evacuation Pause) 328M->41M(512M) 67.250ms
[2020-06-26T00:18:32.221-0530][185.234s] GC(11) User=0.10s Sys=0.00s Real=0.07s
[2020-06-26T00:18:32.612-0530][185.626s] GC(12) Pause Young (Normal) (G1 Evacuation Pause)
[2020-06-26T00:18:32.612-0530][185.626s] GC(12) Using 4 workers of 4 for evacuation
[2020-06-26T00:18:32.631-0530][185.645s] GC(12)   Pre Evacuate Collection Set: 0.0ms
[2020-06-26T00:18:32.631-0530][185.645s] GC(12)   Evacuate Collection Set: 18.2ms
[2020-06-26T00:18:32.631-0530][185.645s] GC(12)   Post Evacuate Collection Set: 0.7ms
[2020-06-26T00:18:32.631-0530][185.645s] GC(12)   Other: 0.2ms
[2020-06-26T00:18:32.631-0530][185.645s] GC(12) Eden regions: 288->0(285)
[2020-06-26T00:18:32.631-0530][185.645s] GC(12) Survivor regions: 19->22(39)
[2020-06-26T00:18:32.632-0530][185.645s] GC(12) Old regions: 18->18
[2020-06-26T00:18:32.632-0530][185.645s] GC(12) Humongous regions: 4->4
[2020-06-26T00:18:32.632-0530][185.645s] GC(12) Metaspace: 57780K->57780K(1101824K)
[2020-06-26T00:18:32.632-0530][185.645s] GC(12) Pause Young (Normal) (G1 Evacuation Pause) 329M->43M(512M) 19.342ms
[2020-06-26T00:18:32.632-0530][185.645s] GC(12) User=0.07s Sys=0.00s Real=0.02s
[2020-06-26T02:11:25.914-0530][6958.927s] GC(13) Pause Young (Concurrent Start) (Metadata GC Threshold)
[2020-06-26T02:11:25.914-0530][6958.927s] GC(13) Using 4 workers of 4 for evacuation
[2020-06-26T02:11:26.067-0530][6959.080s] GC(13)   Pre Evacuate Collection Set: 2.0ms
[2020-06-26T02:11:26.067-0530][6959.080s] GC(13)   Evacuate Collection Set: 148.7ms
[2020-06-26T02:11:26.067-0530][6959.080s] GC(13)   Post Evacuate Collection Set: 1.2ms
[2020-06-26T02:11:26.067-0530][6959.080s] GC(13)   Other: 1.6ms
[2020-06-26T02:11:26.067-0530][6959.080s] GC(13) Eden regions: 129->0(281)
[2020-06-26T02:11:26.067-0530][6959.080s] GC(13) Survivor regions: 22->26(39)
[2020-06-26T02:11:26.067-0530][6959.080s] GC(13) Old regions: 18->20
[2020-06-26T02:11:26.067-0530][6959.080s] GC(13) Humongous regions: 4->4
[2020-06-26T02:11:26.067-0530][6959.080s] GC(13) Metaspace: 58858K->58858K(1101824K)
[2020-06-26T02:11:26.067-0530][6959.080s] GC(13) Pause Young (Concurrent Start) (Metadata GC Threshold) 172M->49M(512M) 153.758ms
[2020-06-26T02:11:26.067-0530][6959.080s] GC(13) User=0.12s Sys=0.15s Real=0.15s
[2020-06-26T02:11:26.067-0530][6959.080s] GC(14) Concurrent Cycle
[2020-06-26T02:11:26.067-0530][6959.080s] GC(14) Concurrent Clear Claimed Marks
[2020-06-26T02:11:26.068-0530][6959.081s] GC(14) Concurrent Clear Claimed Marks 0.173ms
[2020-06-26T02:11:26.068-0530][6959.081s] GC(14) Concurrent Scan Root Regions
[2020-06-26T02:11:26.122-0530][6959.135s] GC(14) Concurrent Scan Root Regions 54.358ms
[2020-06-26T02:11:26.122-0530][6959.135s] GC(14) Concurrent Mark (6959.135s)
[2020-06-26T02:11:26.122-0530][6959.135s] GC(14) Concurrent Mark From Roots
[2020-06-26T02:11:26.122-0530][6959.135s] GC(14) Using 1 workers of 1 for marking
[2020-06-26T02:11:26.259-0530][6959.271s] GC(14) Concurrent Mark From Roots 136.448ms
[2020-06-26T02:11:26.259-0530][6959.272s] GC(14) Concurrent Preclean
[2020-06-26T02:11:26.259-0530][6959.272s] GC(14) Concurrent Preclean 0.248ms
[2020-06-26T02:11:26.259-0530][6959.272s] GC(14) Concurrent Mark (6959.135s, 6959.272s) 136.797ms
[2020-06-26T02:11:26.259-0530][6959.272s] GC(14) Pause Remark
[2020-06-26T02:11:26.560-0530][6959.573s] GC(14) Cleaned string and symbol table, strings: 29644 processed, 883 removed, symbols: 172959 processed, 595 removed
[2020-06-26T02:11:26.564-0530][6959.577s] GC(14) MMU target violated: 251.0ms (250.0ms/251.0ms)
[2020-06-26T02:11:26.565-0530][6959.577s] GC(14) Pause Remark 54M->54M(512M) 305.462ms
[2020-06-26T02:11:26.565-0530][6959.578s] GC(14) User=0.11s Sys=0.17s Real=0.31s
[2020-06-26T02:11:26.565-0530][6959.578s] GC(14) Concurrent Rebuild Remembered Sets
[2020-06-26T02:11:26.602-0530][6959.615s] GC(14) Concurrent Rebuild Remembered Sets 36.870ms
[2020-06-26T02:11:26.602-0530][6959.615s] GC(14) Pause Cleanup
[2020-06-26T02:11:26.602-0530][6959.615s] GC(14) Pause Cleanup 56M->56M(512M) 0.151ms
[2020-06-26T02:11:26.602-0530][6959.615s] GC(14) User=0.00s Sys=0.00s Real=0.00s
[2020-06-26T02:11:26.602-0530][6959.615s] GC(14) Concurrent Cleanup for Next Mark
[2020-06-26T02:11:26.611-0530][6959.624s] GC(14) Concurrent Cleanup for Next Mark 8.523ms
[2020-06-26T02:11:26.611-0530][6959.624s] GC(14) Concurrent Cycle 543.206ms
[2020-06-26T02:11:31.927-0530][6964.940s] Heap
[2020-06-26T02:11:31.927-0530][6964.940s]  garbage-first heap   total 524288K, used 81154K [0x00000007e0000000, 0x0000000800000000)
[2020-06-26T02:11:31.927-0530][6964.940s]   region size 1024K, 58 young (59392K), 26 survivors (26624K)
[2020-06-26T02:11:31.927-0530][6964.940s]  Metaspace       used 59575K, capacity 60884K, committed 61392K, reserved 1103872K
[2020-06-26T02:11:31.927-0530][6964.940s]   class space    used 6680K, capacity 7192K, committed 7372K, reserved 1048576K
