[2020-06-26T00:15:05.402-0530][0.018s] Heap region size: 1M
[2020-06-26T00:15:06.441-0530][1.057s] Using G1
[2020-06-26T00:15:06.441-0530][1.057s] Heap address: 0x00000007e0000000, size: 512 MB, Compressed Oops mode: Zero based, Oop shift amount: 3
[2020-06-26T00:15:07.273-0530][1.888s] GC(0) Pause Young (Normal) (G1 Evacuation Pause)
[2020-06-26T00:15:07.273-0530][1.888s] GC(0) Using 4 workers of 4 for evacuation
[2020-06-26T00:15:07.276-0530][1.892s] GC(0)   Pre Evacuate Collection Set: 0.0ms
[2020-06-26T00:15:07.276-0530][1.892s] GC(0)   Evacuate Collection Set: 3.1ms
[2020-06-26T00:15:07.276-0530][1.892s] GC(0)   Post Evacuate Collection Set: 0.3ms
[2020-06-26T00:15:07.276-0530][1.892s] GC(0)   Other: 0.4ms
[2020-06-26T00:15:07.276-0530][1.892s] GC(0) Eden regions: 25->0(304)
[2020-06-26T00:15:07.277-0530][1.892s] GC(0) Survivor regions: 0->3(4)
[2020-06-26T00:15:07.277-0530][1.892s] GC(0) Old regions: 0->0
[2020-06-26T00:15:07.277-0530][1.892s] GC(0) Humongous regions: 0->0
[2020-06-26T00:15:07.277-0530][1.892s] GC(0) Metaspace: 12229K->12229K(1060864K)
[2020-06-26T00:15:07.277-0530][1.892s] GC(0) Pause Young (Normal) (G1 Evacuation Pause) 25M->2M(512M) 4.086ms
[2020-06-26T00:15:07.277-0530][1.892s] GC(0) User=0.01s Sys=0.00s Real=0.00s
[2020-06-26T00:15:08.214-0530][2.830s] GC(1) Pause Young (Concurrent Start) (Metadata GC Threshold)
[2020-06-26T00:15:08.214-0530][2.830s] GC(1) Using 4 workers of 4 for evacuation
[2020-06-26T00:15:08.229-0530][2.845s] GC(1)   Pre Evacuate Collection Set: 0.0ms
[2020-06-26T00:15:08.230-0530][2.845s] GC(1)   Evacuate Collection Set: 14.2ms
[2020-06-26T00:15:08.230-0530][2.845s] GC(1)   Post Evacuate Collection Set: 0.5ms
[2020-06-26T00:15:08.230-0530][2.845s] GC(1)   Other: 0.3ms
[2020-06-26T00:15:08.230-0530][2.845s] GC(1) Eden regions: 26->0(31)
[2020-06-26T00:15:08.230-0530][2.845s] GC(1) Survivor regions: 3->12(34)
[2020-06-26T00:15:08.230-0530][2.845s] GC(1) Old regions: 0->0
[2020-06-26T00:15:08.230-0530][2.845s] GC(1) Humongous regions: 4->4
[2020-06-26T00:15:08.230-0530][2.845s] GC(1) Metaspace: 20696K->20696K(1069056K)
[2020-06-26T00:15:08.230-0530][2.845s] GC(1) Pause Young (Concurrent Start) (Metadata GC Threshold) 32M->15M(512M) 15.182ms
[2020-06-26T00:15:08.230-0530][2.845s] GC(1) User=0.04s Sys=0.01s Real=0.02s
[2020-06-26T00:15:08.230-0530][2.845s] GC(2) Concurrent Cycle
[2020-06-26T00:15:08.230-0530][2.845s] GC(2) Concurrent Clear Claimed Marks
[2020-06-26T00:15:08.230-0530][2.845s] GC(2) Concurrent Clear Claimed Marks 0.032ms
[2020-06-26T00:15:08.230-0530][2.845s] GC(2) Concurrent Scan Root Regions
[2020-06-26T00:15:08.241-0530][2.857s] GC(2) Concurrent Scan Root Regions 11.504ms
[2020-06-26T00:15:08.241-0530][2.857s] GC(2) Concurrent Mark (2.857s)
[2020-06-26T00:15:08.241-0530][2.857s] GC(2) Concurrent Mark From Roots
[2020-06-26T00:15:08.241-0530][2.857s] GC(2) Using 1 workers of 1 for marking
[2020-06-26T00:15:08.244-0530][2.860s] GC(2) Concurrent Mark From Roots 2.673ms
[2020-06-26T00:15:08.244-0530][2.860s] GC(2) Concurrent Preclean
[2020-06-26T00:15:08.244-0530][2.860s] GC(2) Concurrent Preclean 0.033ms
[2020-06-26T00:15:08.244-0530][2.860s] GC(2) Concurrent Mark (2.857s, 2.860s) 2.874ms
[2020-06-26T00:15:08.244-0530][2.860s] GC(2) Pause Remark
[2020-06-26T00:15:08.246-0530][2.862s] GC(2) Cleaned string and symbol table, strings: 10198 processed, 0 removed, symbols: 68173 processed, 10 removed
[2020-06-26T00:15:08.246-0530][2.862s] GC(2) Pause Remark 16M->16M(512M) 1.960ms
[2020-06-26T00:15:08.246-0530][2.862s] GC(2) User=0.01s Sys=0.00s Real=0.00s
[2020-06-26T00:15:08.247-0530][2.862s] GC(2) Concurrent Rebuild Remembered Sets
[2020-06-26T00:15:08.249-0530][2.865s] GC(2) Concurrent Rebuild Remembered Sets 2.791ms
[2020-06-26T00:15:08.249-0530][2.865s] GC(2) Pause Cleanup
[2020-06-26T00:15:08.250-0530][2.865s] GC(2) Pause Cleanup 16M->16M(512M) 0.157ms
[2020-06-26T00:15:08.250-0530][2.865s] GC(2) User=0.00s Sys=0.00s Real=0.01s
[2020-06-26T00:15:08.250-0530][2.865s] GC(2) Concurrent Cleanup for Next Mark
[2020-06-26T00:15:08.251-0530][2.866s] GC(2) Concurrent Cleanup for Next Mark 1.126ms
[2020-06-26T00:15:08.251-0530][2.867s] GC(2) Concurrent Cycle 21.303ms
[2020-06-26T00:15:08.856-0530][3.472s] GC(3) Pause Young (Normal) (G1 Evacuation Pause)
[2020-06-26T00:15:08.856-0530][3.472s] GC(3) Using 4 workers of 4 for evacuation
[2020-06-26T00:15:08.883-0530][3.499s] GC(3)   Pre Evacuate Collection Set: 0.0ms
[2020-06-26T00:15:08.883-0530][3.499s] GC(3)   Evacuate Collection Set: 25.6ms
[2020-06-26T00:15:08.883-0530][3.499s] GC(3)   Post Evacuate Collection Set: 1.2ms
[2020-06-26T00:15:08.883-0530][3.499s] GC(3)   Other: 0.2ms
[2020-06-26T00:15:08.883-0530][3.499s] GC(3) Eden regions: 28->0(39)
[2020-06-26T00:15:08.883-0530][3.499s] GC(3) Survivor regions: 12->5(5)
[2020-06-26T00:15:08.883-0530][3.499s] GC(3) Old regions: 0->14
[2020-06-26T00:15:08.883-0530][3.499s] GC(3) Humongous regions: 4->4
[2020-06-26T00:15:08.883-0530][3.499s] GC(3) Metaspace: 23587K->23587K(1071104K)
[2020-06-26T00:15:08.883-0530][3.499s] GC(3) Pause Young (Normal) (G1 Evacuation Pause) 43M->22M(512M) 27.095ms
[2020-06-26T00:15:08.883-0530][3.499s] GC(3) User=0.07s Sys=0.02s Real=0.03s
[2020-06-26T00:15:09.763-0530][4.379s] GC(4) Pause Young (Normal) (G1 Evacuation Pause)
[2020-06-26T00:15:09.763-0530][4.379s] GC(4) Using 4 workers of 4 for evacuation
[2020-06-26T00:15:09.776-0530][4.392s] GC(4)   Pre Evacuate Collection Set: 0.0ms
[2020-06-26T00:15:09.776-0530][4.392s] GC(4)   Evacuate Collection Set: 11.9ms
[2020-06-26T00:15:09.776-0530][4.392s] GC(4)   Post Evacuate Collection Set: 1.1ms
[2020-06-26T00:15:09.776-0530][4.392s] GC(4)   Other: 0.2ms
[2020-06-26T00:15:09.776-0530][4.392s] GC(4) Eden regions: 39->0(61)
[2020-06-26T00:15:09.776-0530][4.392s] GC(4) Survivor regions: 5->2(6)
[2020-06-26T00:15:09.776-0530][4.392s] GC(4) Old regions: 14->19
[2020-06-26T00:15:09.776-0530][4.392s] GC(4) Humongous regions: 4->4
[2020-06-26T00:15:09.776-0530][4.392s] GC(4) Metaspace: 28136K->28136K(1075200K)
[2020-06-26T00:15:09.776-0530][4.392s] GC(4) Pause Young (Normal) (G1 Evacuation Pause) 61M->24M(512M) 13.397ms
[2020-06-26T00:15:09.776-0530][4.392s] GC(4) User=0.03s Sys=0.01s Real=0.01s
[2020-06-26T00:15:10.607-0530][5.222s] GC(5) Pause Young (Concurrent Start) (Metadata GC Threshold)
[2020-06-26T00:15:10.607-0530][5.222s] GC(5) Using 4 workers of 4 for evacuation
[2020-06-26T00:15:10.612-0530][5.227s] GC(5)   Pre Evacuate Collection Set: 0.1ms
[2020-06-26T00:15:10.612-0530][5.227s] GC(5)   Evacuate Collection Set: 4.3ms
[2020-06-26T00:15:10.612-0530][5.227s] GC(5)   Post Evacuate Collection Set: 0.3ms
[2020-06-26T00:15:10.612-0530][5.227s] GC(5)   Other: 0.2ms
[2020-06-26T00:15:10.612-0530][5.227s] GC(5) Eden regions: 42->0(264)
[2020-06-26T00:15:10.612-0530][5.227s] GC(5) Survivor regions: 2->3(8)
[2020-06-26T00:15:10.612-0530][5.227s] GC(5) Old regions: 19->19
[2020-06-26T00:15:10.612-0530][5.227s] GC(5) Humongous regions: 4->4
[2020-06-26T00:15:10.612-0530][5.227s] GC(5) Metaspace: 35074K->35074K(1081344K)
[2020-06-26T00:15:10.612-0530][5.227s] GC(5) Pause Young (Concurrent Start) (Metadata GC Threshold) 66M->25M(512M) 5.096ms
[2020-06-26T00:15:10.612-0530][5.227s] GC(5) User=0.01s Sys=0.00s Real=0.01s
[2020-06-26T00:15:10.612-0530][5.227s] GC(6) Concurrent Cycle
[2020-06-26T00:15:10.612-0530][5.227s] GC(6) Concurrent Clear Claimed Marks
[2020-06-26T00:15:10.612-0530][5.227s] GC(6) Concurrent Clear Claimed Marks 0.042ms
[2020-06-26T00:15:10.612-0530][5.227s] GC(6) Concurrent Scan Root Regions
[2020-06-26T00:15:10.616-0530][5.231s] GC(6) Concurrent Scan Root Regions 3.626ms
[2020-06-26T00:15:10.616-0530][5.231s] GC(6) Concurrent Mark (5.231s)
[2020-06-26T00:15:10.616-0530][5.231s] GC(6) Concurrent Mark From Roots
[2020-06-26T00:15:10.616-0530][5.231s] GC(6) Using 1 workers of 1 for marking
[2020-06-26T00:15:10.660-0530][5.276s] GC(6) Concurrent Mark From Roots 44.814ms
[2020-06-26T00:15:10.660-0530][5.276s] GC(6) Concurrent Preclean
[2020-06-26T00:15:10.661-0530][5.276s] GC(6) Concurrent Preclean 0.113ms
[2020-06-26T00:15:10.661-0530][5.276s] GC(6) Concurrent Mark (5.231s, 5.276s) 45.044ms
[2020-06-26T00:15:10.661-0530][5.276s] GC(6) Pause Remark
[2020-06-26T00:15:10.665-0530][5.280s] GC(6) Cleaned string and symbol table, strings: 16511 processed, 22 removed, symbols: 114596 processed, 52 removed
[2020-06-26T00:15:10.665-0530][5.281s] GC(6) Pause Remark 28M->28M(512M) 4.163ms
[2020-06-26T00:15:10.665-0530][5.281s] GC(6) User=0.02s Sys=0.00s Real=0.00s
[2020-06-26T00:15:10.665-0530][5.281s] GC(6) Concurrent Rebuild Remembered Sets
[2020-06-26T00:15:10.690-0530][5.306s] GC(6) Concurrent Rebuild Remembered Sets 25.145ms
[2020-06-26T00:15:10.690-0530][5.306s] GC(6) Pause Cleanup
[2020-06-26T00:15:10.690-0530][5.306s] GC(6) Pause Cleanup 29M->29M(512M) 0.102ms
[2020-06-26T00:15:10.691-0530][5.306s] GC(6) User=0.00s Sys=0.00s Real=0.00s
[2020-06-26T00:15:10.691-0530][5.306s] GC(6) Concurrent Cleanup for Next Mark
[2020-06-26T00:15:10.692-0530][5.307s] GC(6) Concurrent Cleanup for Next Mark 1.189ms
[2020-06-26T00:15:10.692-0530][5.307s] GC(6) Concurrent Cycle 80.016ms
[2020-06-26T00:15:13.018-0530][7.634s] GC(7) Pause Young (Normal) (G1 Evacuation Pause)
[2020-06-26T00:15:13.018-0530][7.634s] GC(7) Using 4 workers of 4 for evacuation
[2020-06-26T00:15:13.032-0530][7.647s] GC(7)   Pre Evacuate Collection Set: 0.1ms
[2020-06-26T00:15:13.032-0530][7.647s] GC(7)   Evacuate Collection Set: 11.8ms
[2020-06-26T00:15:13.032-0530][7.647s] GC(7)   Post Evacuate Collection Set: 1.3ms
[2020-06-26T00:15:13.032-0530][7.647s] GC(7)   Other: 0.3ms
[2020-06-26T00:15:13.032-0530][7.647s] GC(7) Eden regions: 283->0(297)
[2020-06-26T00:15:13.032-0530][7.647s] GC(7) Survivor regions: 3->10(36)
[2020-06-26T00:15:13.032-0530][7.647s] GC(7) Old regions: 19->19
[2020-06-26T00:15:13.032-0530][7.647s] GC(7) Humongous regions: 4->4
[2020-06-26T00:15:13.032-0530][7.647s] GC(7) Metaspace: 45174K->45174K(1089536K)
[2020-06-26T00:15:13.032-0530][7.648s] GC(7) Pause Young (Normal) (G1 Evacuation Pause) 308M->32M(512M) 13.683ms
[2020-06-26T00:15:13.032-0530][7.648s] GC(7) User=0.04s Sys=0.00s Real=0.02s
[2020-06-26T00:15:14.028-0530][8.643s] GC(8) Pause Young (Normal) (G1 Evacuation Pause)
[2020-06-26T00:15:14.029-0530][8.644s] GC(8) Using 4 workers of 4 for evacuation
[2020-06-26T00:15:14.039-0530][8.654s] GC(8)   Pre Evacuate Collection Set: 0.0ms
[2020-06-26T00:15:14.039-0530][8.654s] GC(8)   Evacuate Collection Set: 8.5ms
[2020-06-26T00:15:14.039-0530][8.654s] GC(8)   Post Evacuate Collection Set: 1.5ms
[2020-06-26T00:15:14.039-0530][8.654s] GC(8)   Other: 0.7ms
[2020-06-26T00:15:14.039-0530][8.654s] GC(8) Eden regions: 297->0(297)
[2020-06-26T00:15:14.039-0530][8.654s] GC(8) Survivor regions: 10->10(39)
[2020-06-26T00:15:14.039-0530][8.654s] GC(8) Old regions: 19->19
[2020-06-26T00:15:14.039-0530][8.654s] GC(8) Humongous regions: 5->4
[2020-06-26T00:15:14.039-0530][8.654s] GC(8) Metaspace: 48144K->48144K(1093632K)
[2020-06-26T00:15:14.039-0530][8.654s] GC(8) Pause Young (Normal) (G1 Evacuation Pause) 330M->33M(512M) 10.851ms
[2020-06-26T00:15:14.039-0530][8.654s] GC(8) User=0.04s Sys=0.00s Real=0.01s
[2020-06-26T00:15:14.318-0530][8.933s] GC(9) Pause Young (Normal) (G1 Evacuation Pause)
[2020-06-26T00:15:14.318-0530][8.933s] GC(9) Using 4 workers of 4 for evacuation
[2020-06-26T00:15:14.331-0530][8.947s] GC(9)   Pre Evacuate Collection Set: 0.0ms
[2020-06-26T00:15:14.332-0530][8.947s] GC(9)   Evacuate Collection Set: 12.7ms
[2020-06-26T00:15:14.332-0530][8.947s] GC(9)   Post Evacuate Collection Set: 0.6ms
[2020-06-26T00:15:14.332-0530][8.947s] GC(9)   Other: 0.2ms
[2020-06-26T00:15:14.332-0530][8.947s] GC(9) Eden regions: 297->0(296)
[2020-06-26T00:15:14.332-0530][8.947s] GC(9) Survivor regions: 10->11(39)
[2020-06-26T00:15:14.332-0530][8.947s] GC(9) Old regions: 19->19
[2020-06-26T00:15:14.332-0530][8.947s] GC(9) Humongous regions: 4->4
[2020-06-26T00:15:14.332-0530][8.947s] GC(9) Metaspace: 48359K->48359K(1093632K)
[2020-06-26T00:15:14.332-0530][8.947s] GC(9) Pause Young (Normal) (G1 Evacuation Pause) 330M->34M(512M) 13.789ms
[2020-06-26T00:15:14.332-0530][8.947s] GC(9) User=0.04s Sys=0.00s Real=0.02s
[2020-06-26T00:15:40.517-0530][35.132s] GC(10) Pause Young (Concurrent Start) (Metadata GC Threshold)
[2020-06-26T00:15:40.518-0530][35.132s] GC(10) Using 4 workers of 4 for evacuation
[2020-06-26T00:15:40.554-0530][35.169s] GC(10)   Pre Evacuate Collection Set: 0.3ms
[2020-06-26T00:15:40.554-0530][35.169s] GC(10)   Evacuate Collection Set: 34.1ms
[2020-06-26T00:15:40.554-0530][35.169s] GC(10)   Post Evacuate Collection Set: 1.5ms
[2020-06-26T00:15:40.554-0530][35.169s] GC(10)   Other: 1.0ms
[2020-06-26T00:15:40.554-0530][35.169s] GC(10) Eden regions: 229->0(287)
[2020-06-26T00:15:40.554-0530][35.169s] GC(10) Survivor regions: 11->20(39)
[2020-06-26T00:15:40.554-0530][35.169s] GC(10) Old regions: 19->19
[2020-06-26T00:15:40.554-0530][35.169s] GC(10) Humongous regions: 4->4
[2020-06-26T00:15:40.554-0530][35.169s] GC(10) Metaspace: 58989K->58989K(1101824K)
[2020-06-26T00:15:40.554-0530][35.169s] GC(10) Pause Young (Concurrent Start) (Metadata GC Threshold) 262M->42M(512M) 36.969ms
[2020-06-26T00:15:40.554-0530][35.169s] GC(10) User=0.08s Sys=0.01s Real=0.04s
[2020-06-26T00:15:40.554-0530][35.169s] GC(11) Concurrent Cycle
[2020-06-26T00:15:40.554-0530][35.169s] GC(11) Concurrent Clear Claimed Marks
[2020-06-26T00:15:40.554-0530][35.169s] GC(11) Concurrent Clear Claimed Marks 0.098ms
[2020-06-26T00:15:40.554-0530][35.169s] GC(11) Concurrent Scan Root Regions
[2020-06-26T00:15:40.575-0530][35.190s] GC(11) Concurrent Scan Root Regions 20.631ms
[2020-06-26T00:15:40.575-0530][35.190s] GC(11) Concurrent Mark (35.190s)
[2020-06-26T00:15:40.575-0530][35.190s] GC(11) Concurrent Mark From Roots
[2020-06-26T00:15:40.575-0530][35.190s] GC(11) Using 1 workers of 1 for marking
[2020-06-26T00:15:40.626-0530][35.241s] GC(11) Concurrent Mark From Roots 51.044ms
[2020-06-26T00:15:40.626-0530][35.241s] GC(11) Concurrent Preclean
[2020-06-26T00:15:40.626-0530][35.241s] GC(11) Concurrent Preclean 0.107ms
[2020-06-26T00:15:40.626-0530][35.241s] GC(11) Concurrent Mark (35.190s, 35.241s) 51.249ms
[2020-06-26T00:15:40.627-0530][35.241s] GC(11) Pause Remark
[2020-06-26T00:15:40.638-0530][35.253s] GC(11) Cleaned string and symbol table, strings: 28720 processed, 0 removed, symbols: 174830 processed, 679 removed
[2020-06-26T00:15:40.639-0530][35.253s] GC(11) Pause Remark 48M->48M(512M) 11.892ms
[2020-06-26T00:15:40.639-0530][35.253s] GC(11) User=0.04s Sys=0.00s Real=0.01s
[2020-06-26T00:15:40.639-0530][35.253s] GC(11) Concurrent Rebuild Remembered Sets
[2020-06-26T00:15:40.670-0530][35.285s] GC(11) Concurrent Rebuild Remembered Sets 31.439ms
[2020-06-26T00:15:40.670-0530][35.285s] GC(11) Pause Cleanup
[2020-06-26T00:15:40.670-0530][35.285s] GC(11) Pause Cleanup 50M->50M(512M) 0.113ms
[2020-06-26T00:15:40.671-0530][35.285s] GC(11) User=0.00s Sys=0.00s Real=0.00s
[2020-06-26T00:15:40.671-0530][35.285s] GC(11) Concurrent Cleanup for Next Mark
[2020-06-26T00:15:40.671-0530][35.286s] GC(11) Concurrent Cleanup for Next Mark 0.833ms
[2020-06-26T00:15:40.671-0530][35.286s] GC(11) Concurrent Cycle 117.120ms
[2020-06-26T00:18:32.843-0530][207.453s] GC(12) Pause Young (Normal) (G1 Evacuation Pause)
[2020-06-26T00:18:32.844-0530][207.454s] GC(12) Using 4 workers of 4 for evacuation
[2020-06-26T00:18:32.921-0530][207.531s] GC(12)   Pre Evacuate Collection Set: 0.1ms
[2020-06-26T00:18:32.921-0530][207.531s] GC(12)   Evacuate Collection Set: 74.5ms
[2020-06-26T00:18:32.921-0530][207.531s] GC(12)   Post Evacuate Collection Set: 1.0ms
[2020-06-26T00:18:32.921-0530][207.531s] GC(12)   Other: 2.4ms
[2020-06-26T00:18:32.921-0530][207.531s] GC(12) Eden regions: 287->0(281)
[2020-06-26T00:18:32.921-0530][207.531s] GC(12) Survivor regions: 20->26(39)
[2020-06-26T00:18:32.921-0530][207.531s] GC(12) Old regions: 19->19
[2020-06-26T00:18:32.921-0530][207.531s] GC(12) Humongous regions: 4->4
[2020-06-26T00:18:32.921-0530][207.531s] GC(12) Metaspace: 63441K->63441K(1107968K)
[2020-06-26T00:18:32.921-0530][207.531s] GC(12) Pause Young (Normal) (G1 Evacuation Pause) 329M->49M(512M) 78.144ms
[2020-06-26T00:18:32.921-0530][207.531s] GC(12) User=0.12s Sys=0.09s Real=0.08s
[2020-06-26T01:14:13.843-0530][3548.481s] GC(13) Pause Young (Normal) (G1 Evacuation Pause)
[2020-06-26T01:14:13.845-0530][3548.483s] GC(13) Using 4 workers of 4 for evacuation
[2020-06-26T01:14:13.960-0530][3548.598s] GC(13)   Pre Evacuate Collection Set: 0.3ms
[2020-06-26T01:14:13.960-0530][3548.598s] GC(13)   Evacuate Collection Set: 112.9ms
[2020-06-26T01:14:13.960-0530][3548.598s] GC(13)   Post Evacuate Collection Set: 1.4ms
[2020-06-26T01:14:13.960-0530][3548.598s] GC(13)   Other: 1.9ms
[2020-06-26T01:14:13.960-0530][3548.598s] GC(13) Eden regions: 281->0(281)
[2020-06-26T01:14:13.960-0530][3548.598s] GC(13) Survivor regions: 26->26(39)
[2020-06-26T01:14:13.960-0530][3548.598s] GC(13) Old regions: 19->26
[2020-06-26T01:14:13.960-0530][3548.598s] GC(13) Humongous regions: 4->4
[2020-06-26T01:14:13.960-0530][3548.598s] GC(13) Metaspace: 64686K->64686K(1107968K)
[2020-06-26T01:14:13.960-0530][3548.598s] GC(13) Pause Young (Normal) (G1 Evacuation Pause) 330M->55M(512M) 116.501ms
[2020-06-26T01:14:13.960-0530][3548.598s] GC(13) User=0.14s Sys=0.21s Real=0.12s
[2020-06-26T02:11:26.115-0530][6980.725s] Heap
[2020-06-26T02:11:26.116-0530][6980.725s]  garbage-first heap   total 524288K, used 144457K [0x00000007e0000000, 0x0000000800000000)
[2020-06-26T02:11:26.116-0530][6980.725s]   region size 1024K, 113 young (115712K), 26 survivors (26624K)
[2020-06-26T02:11:26.116-0530][6980.725s]  Metaspace       used 65530K, capacity 67049K, committed 67280K, reserved 1110016K
[2020-06-26T02:11:26.116-0530][6980.725s]   class space    used 7247K, capacity 7862K, committed 7884K, reserved 1048576K
