[2020-06-25T18:59:36.643-0530][0.013s] Heap region size: 1M
[2020-06-25T18:59:36.966-0530][0.336s] Using G1
[2020-06-25T18:59:36.966-0530][0.336s] Heap address: 0x00000007e0000000, size: 512 MB, Compressed Oops mode: Zero based, Oop shift amount: 3
[2020-06-25T18:59:37.714-0530][1.084s] GC(0) Pause Young (Normal) (G1 Evacuation Pause)
[2020-06-25T18:59:37.714-0530][1.085s] GC(0) Using 4 workers of 4 for evacuation
[2020-06-25T18:59:37.718-0530][1.088s] GC(0)   Pre Evacuate Collection Set: 0.0ms
[2020-06-25T18:59:37.718-0530][1.088s] GC(0)   Evacuate Collection Set: 3.3ms
[2020-06-25T18:59:37.718-0530][1.088s] GC(0)   Post Evacuate Collection Set: 0.3ms
[2020-06-25T18:59:37.718-0530][1.088s] GC(0)   Other: 0.4ms
[2020-06-25T18:59:37.718-0530][1.089s] GC(0) Eden regions: 25->0(304)
[2020-06-25T18:59:37.718-0530][1.089s] GC(0) Survivor regions: 0->3(4)
[2020-06-25T18:59:37.718-0530][1.089s] GC(0) Old regions: 0->0
[2020-06-25T18:59:37.718-0530][1.089s] GC(0) Humongous regions: 0->0
[2020-06-25T18:59:37.718-0530][1.089s] GC(0) Metaspace: 12631K->12631K(1060864K)
[2020-06-25T18:59:37.718-0530][1.089s] GC(0) Pause Young (Normal) (G1 Evacuation Pause) 25M->2M(512M) 4.215ms
[2020-06-25T18:59:37.718-0530][1.089s] GC(0) User=0.02s Sys=0.00s Real=0.00s
[2020-06-25T18:59:38.631-0530][2.001s] GC(1) Pause Young (Concurrent Start) (Metadata GC Threshold)
[2020-06-25T18:59:38.631-0530][2.001s] GC(1) Using 4 workers of 4 for evacuation
[2020-06-25T18:59:38.646-0530][2.017s] GC(1)   Pre Evacuate Collection Set: 0.0ms
[2020-06-25T18:59:38.647-0530][2.017s] GC(1)   Evacuate Collection Set: 14.9ms
[2020-06-25T18:59:38.647-0530][2.017s] GC(1)   Post Evacuate Collection Set: 0.5ms
[2020-06-25T18:59:38.647-0530][2.017s] GC(1)   Other: 0.2ms
[2020-06-25T18:59:38.647-0530][2.017s] GC(1) Eden regions: 25->0(41)
[2020-06-25T18:59:38.647-0530][2.017s] GC(1) Survivor regions: 3->12(39)
[2020-06-25T18:59:38.647-0530][2.017s] GC(1) Old regions: 0->0
[2020-06-25T18:59:38.647-0530][2.017s] GC(1) Humongous regions: 4->4
[2020-06-25T18:59:38.647-0530][2.017s] GC(1) Metaspace: 20636K->20636K(1069056K)
[2020-06-25T18:59:38.647-0530][2.017s] GC(1) Pause Young (Concurrent Start) (Metadata GC Threshold) 31M->15M(512M) 15.880ms
[2020-06-25T18:59:38.647-0530][2.017s] GC(1) User=0.05s Sys=0.00s Real=0.01s
[2020-06-25T18:59:38.647-0530][2.017s] GC(2) Concurrent Cycle
[2020-06-25T18:59:38.647-0530][2.017s] GC(2) Concurrent Clear Claimed Marks
[2020-06-25T18:59:38.647-0530][2.017s] GC(2) Concurrent Clear Claimed Marks 0.033ms
[2020-06-25T18:59:38.647-0530][2.017s] GC(2) Concurrent Scan Root Regions
[2020-06-25T18:59:38.656-0530][2.027s] GC(2) Concurrent Scan Root Regions 9.351ms
[2020-06-25T18:59:38.656-0530][2.027s] GC(2) Concurrent Mark (2.027s)
[2020-06-25T18:59:38.656-0530][2.027s] GC(2) Concurrent Mark From Roots
[2020-06-25T18:59:38.656-0530][2.027s] GC(2) Using 1 workers of 1 for marking
[2020-06-25T18:59:38.659-0530][2.030s] GC(2) Concurrent Mark From Roots 3.080ms
[2020-06-25T18:59:38.659-0530][2.030s] GC(2) Concurrent Preclean
[2020-06-25T18:59:38.659-0530][2.030s] GC(2) Concurrent Preclean 0.027ms
[2020-06-25T18:59:38.659-0530][2.030s] GC(2) Concurrent Mark (2.027s, 2.030s) 3.183ms
[2020-06-25T18:59:38.660-0530][2.030s] GC(2) Pause Remark
[2020-06-25T18:59:38.662-0530][2.033s] GC(2) Cleaned string and symbol table, strings: 10206 processed, 0 removed, symbols: 68093 processed, 10 removed
[2020-06-25T18:59:38.662-0530][2.033s] GC(2) Pause Remark 16M->16M(512M) 2.876ms
[2020-06-25T18:59:38.662-0530][2.033s] GC(2) User=0.01s Sys=0.00s Real=0.00s
[2020-06-25T18:59:38.662-0530][2.033s] GC(2) Concurrent Rebuild Remembered Sets
[2020-06-25T18:59:38.666-0530][2.036s] GC(2) Concurrent Rebuild Remembered Sets 3.176ms
[2020-06-25T18:59:38.666-0530][2.036s] GC(2) Pause Cleanup
[2020-06-25T18:59:38.666-0530][2.036s] GC(2) Pause Cleanup 16M->16M(512M) 0.083ms
[2020-06-25T18:59:38.666-0530][2.036s] GC(2) User=0.00s Sys=0.00s Real=0.00s
[2020-06-25T18:59:38.666-0530][2.036s] GC(2) Concurrent Cleanup for Next Mark
[2020-06-25T18:59:38.667-0530][2.037s] GC(2) Concurrent Cleanup for Next Mark 1.091ms
[2020-06-25T18:59:38.667-0530][2.038s] GC(2) Concurrent Cycle 20.337ms
[2020-06-25T18:59:39.298-0530][2.668s] GC(3) Pause Young (Normal) (G1 Evacuation Pause)
[2020-06-25T18:59:39.298-0530][2.668s] GC(3) Using 4 workers of 4 for evacuation
[2020-06-25T18:59:39.315-0530][2.686s] GC(3)   Pre Evacuate Collection Set: 0.0ms
[2020-06-25T18:59:39.315-0530][2.686s] GC(3)   Evacuate Collection Set: 17.0ms
[2020-06-25T18:59:39.315-0530][2.686s] GC(3)   Post Evacuate Collection Set: 0.5ms
[2020-06-25T18:59:39.315-0530][2.686s] GC(3)   Other: 0.2ms
[2020-06-25T18:59:39.316-0530][2.686s] GC(3) Eden regions: 32->0(42)
[2020-06-25T18:59:39.316-0530][2.686s] GC(3) Survivor regions: 12->6(6)
[2020-06-25T18:59:39.316-0530][2.686s] GC(3) Old regions: 0->13
[2020-06-25T18:59:39.316-0530][2.686s] GC(3) Humongous regions: 4->4
[2020-06-25T18:59:39.316-0530][2.686s] GC(3) Metaspace: 23711K->23711K(1071104K)
[2020-06-25T18:59:39.316-0530][2.686s] GC(3) Pause Young (Normal) (G1 Evacuation Pause) 47M->22M(512M) 17.894ms
[2020-06-25T18:59:39.316-0530][2.686s] GC(3) User=0.06s Sys=0.00s Real=0.02s
[2020-06-25T18:59:39.966-0530][3.337s] GC(4) Pause Young (Normal) (G1 Evacuation Pause)
[2020-06-25T18:59:39.966-0530][3.337s] GC(4) Using 4 workers of 4 for evacuation
[2020-06-25T18:59:39.970-0530][3.340s] GC(4)   Pre Evacuate Collection Set: 0.0ms
[2020-06-25T18:59:39.970-0530][3.340s] GC(4)   Evacuate Collection Set: 2.9ms
[2020-06-25T18:59:39.970-0530][3.340s] GC(4)   Post Evacuate Collection Set: 0.2ms
[2020-06-25T18:59:39.970-0530][3.340s] GC(4)   Other: 0.1ms
[2020-06-25T18:59:39.970-0530][3.340s] GC(4) Eden regions: 42->0(66)
[2020-06-25T18:59:39.970-0530][3.340s] GC(4) Survivor regions: 6->2(6)
[2020-06-25T18:59:39.970-0530][3.340s] GC(4) Old regions: 13->19
[2020-06-25T18:59:39.970-0530][3.340s] GC(4) Humongous regions: 4->4
[2020-06-25T18:59:39.970-0530][3.340s] GC(4) Metaspace: 28370K->28370K(1075200K)
[2020-06-25T18:59:39.970-0530][3.340s] GC(4) Pause Young (Normal) (G1 Evacuation Pause) 64M->24M(512M) 3.361ms
[2020-06-25T18:59:39.970-0530][3.340s] GC(4) User=0.02s Sys=0.00s Real=0.01s
[2020-06-25T18:59:40.552-0530][3.923s] GC(5) Pause Young (Concurrent Start) (Metadata GC Threshold)
[2020-06-25T18:59:40.552-0530][3.923s] GC(5) Using 4 workers of 4 for evacuation
[2020-06-25T18:59:40.558-0530][3.928s] GC(5)   Pre Evacuate Collection Set: 0.1ms
[2020-06-25T18:59:40.558-0530][3.928s] GC(5)   Evacuate Collection Set: 4.8ms
[2020-06-25T18:59:40.558-0530][3.928s] GC(5)   Post Evacuate Collection Set: 0.3ms
[2020-06-25T18:59:40.558-0530][3.928s] GC(5)   Other: 0.2ms
[2020-06-25T18:59:40.558-0530][3.928s] GC(5) Eden regions: 35->0(72)
[2020-06-25T18:59:40.558-0530][3.928s] GC(5) Survivor regions: 2->2(9)
[2020-06-25T18:59:40.558-0530][3.928s] GC(5) Old regions: 19->19
[2020-06-25T18:59:40.558-0530][3.928s] GC(5) Humongous regions: 4->4
[2020-06-25T18:59:40.558-0530][3.928s] GC(5) Metaspace: 35042K->35042K(1081344K)
[2020-06-25T18:59:40.558-0530][3.928s] GC(5) Pause Young (Concurrent Start) (Metadata GC Threshold) 59M->24M(512M) 5.411ms
[2020-06-25T18:59:40.558-0530][3.928s] GC(5) User=0.02s Sys=0.00s Real=0.00s
[2020-06-25T18:59:40.558-0530][3.928s] GC(6) Concurrent Cycle
[2020-06-25T18:59:40.558-0530][3.928s] GC(6) Concurrent Clear Claimed Marks
[2020-06-25T18:59:40.558-0530][3.928s] GC(6) Concurrent Clear Claimed Marks 0.030ms
[2020-06-25T18:59:40.558-0530][3.928s] GC(6) Concurrent Scan Root Regions
[2020-06-25T18:59:40.561-0530][3.932s] GC(6) Concurrent Scan Root Regions 3.210ms
[2020-06-25T18:59:40.561-0530][3.932s] GC(6) Concurrent Mark (3.932s)
[2020-06-25T18:59:40.561-0530][3.932s] GC(6) Concurrent Mark From Roots
[2020-06-25T18:59:40.561-0530][3.932s] GC(6) Using 1 workers of 1 for marking
[2020-06-25T18:59:40.617-0530][3.987s] GC(6) Concurrent Mark From Roots 55.462ms
[2020-06-25T18:59:40.617-0530][3.987s] GC(6) Concurrent Preclean
[2020-06-25T18:59:40.617-0530][3.987s] GC(6) Concurrent Preclean 0.155ms
[2020-06-25T18:59:40.617-0530][3.987s] GC(6) Concurrent Mark (3.932s, 3.987s) 55.709ms
[2020-06-25T18:59:40.617-0530][3.987s] GC(6) Pause Remark
[2020-06-25T18:59:40.621-0530][3.991s] GC(6) Cleaned string and symbol table, strings: 16530 processed, 22 removed, symbols: 114738 processed, 51 removed
[2020-06-25T18:59:40.621-0530][3.992s] GC(6) Pause Remark 29M->29M(512M) 4.077ms
[2020-06-25T18:59:40.621-0530][3.992s] GC(6) User=0.02s Sys=0.00s Real=0.01s
[2020-06-25T18:59:40.621-0530][3.992s] GC(6) Concurrent Rebuild Remembered Sets
[2020-06-25T18:59:40.653-0530][4.024s] GC(6) Concurrent Rebuild Remembered Sets 32.020ms
[2020-06-25T18:59:40.653-0530][4.024s] GC(6) Pause Cleanup
[2020-06-25T18:59:40.653-0530][4.024s] GC(6) Pause Cleanup 30M->30M(512M) 0.102ms
[2020-06-25T18:59:40.653-0530][4.024s] GC(6) User=0.00s Sys=0.00s Real=0.00s
[2020-06-25T18:59:40.654-0530][4.024s] GC(6) Concurrent Cleanup for Next Mark
[2020-06-25T18:59:40.655-0530][4.025s] GC(6) Concurrent Cleanup for Next Mark 1.207ms
[2020-06-25T18:59:40.655-0530][4.025s] GC(6) Concurrent Cycle 96.913ms
[2020-06-25T18:59:43.775-0530][7.145s] GC(7) Pause Young (Normal) (G1 Evacuation Pause)
[2020-06-25T18:59:43.775-0530][7.145s] GC(7) Using 4 workers of 4 for evacuation
[2020-06-25T18:59:43.787-0530][7.157s] GC(7)   Pre Evacuate Collection Set: 0.0ms
[2020-06-25T18:59:43.787-0530][7.157s] GC(7)   Evacuate Collection Set: 10.5ms
[2020-06-25T18:59:43.787-0530][7.157s] GC(7)   Post Evacuate Collection Set: 1.0ms
[2020-06-25T18:59:43.787-0530][7.157s] GC(7)   Other: 0.7ms
[2020-06-25T18:59:43.787-0530][7.157s] GC(7) Eden regions: 75->0(115)
[2020-06-25T18:59:43.787-0530][7.157s] GC(7) Survivor regions: 2->6(10)
[2020-06-25T18:59:43.787-0530][7.157s] GC(7) Old regions: 19->19
[2020-06-25T18:59:43.787-0530][7.157s] GC(7) Humongous regions: 4->4
[2020-06-25T18:59:43.787-0530][7.157s] GC(7) Metaspace: 41138K->41138K(1087488K)
[2020-06-25T18:59:43.787-0530][7.157s] GC(7) Pause Young (Normal) (G1 Evacuation Pause) 99M->28M(512M) 12.431ms
[2020-06-25T18:59:43.787-0530][7.157s] GC(7) User=0.04s Sys=0.00s Real=0.01s
[2020-06-25T19:02:23.226-0530][166.592s] GC(8) Pause Young (Normal) (G1 Evacuation Pause)
[2020-06-25T19:02:23.227-0530][166.592s] GC(8) Using 4 workers of 4 for evacuation
[2020-06-25T19:02:23.277-0530][166.643s] GC(8)   Pre Evacuate Collection Set: 0.0ms
[2020-06-25T19:02:23.277-0530][166.643s] GC(8)   Evacuate Collection Set: 39.0ms
[2020-06-25T19:02:23.277-0530][166.643s] GC(8)   Post Evacuate Collection Set: 11.3ms
[2020-06-25T19:02:23.277-0530][166.643s] GC(8)   Other: 0.8ms
[2020-06-25T19:02:23.277-0530][166.643s] GC(8) Eden regions: 115->0(291)
[2020-06-25T19:02:23.277-0530][166.643s] GC(8) Survivor regions: 6->16(16)
[2020-06-25T19:02:23.277-0530][166.643s] GC(8) Old regions: 19->19
[2020-06-25T19:02:23.277-0530][166.643s] GC(8) Humongous regions: 6->5
[2020-06-25T19:02:23.277-0530][166.643s] GC(8) Metaspace: 49673K->49673K(1095680K)
[2020-06-25T19:02:23.277-0530][166.643s] GC(8) Pause Young (Normal) (G1 Evacuation Pause) 145M->39M(512M) 51.355ms
[2020-06-25T19:02:23.277-0530][166.643s] GC(8) User=0.07s Sys=0.01s Real=0.05s
[2020-06-25T19:02:25.167-0530][168.532s] GC(9) Pause Young (Normal) (G1 Evacuation Pause)
[2020-06-25T19:02:25.167-0530][168.532s] GC(9) Using 4 workers of 4 for evacuation
[2020-06-25T19:02:25.199-0530][168.565s] GC(9)   Pre Evacuate Collection Set: 0.0ms
[2020-06-25T19:02:25.199-0530][168.565s] GC(9)   Evacuate Collection Set: 31.3ms
[2020-06-25T19:02:25.199-0530][168.565s] GC(9)   Post Evacuate Collection Set: 0.7ms
[2020-06-25T19:02:25.199-0530][168.565s] GC(9)   Other: 0.4ms
[2020-06-25T19:02:25.199-0530][168.565s] GC(9) Eden regions: 291->0(290)
[2020-06-25T19:02:25.199-0530][168.565s] GC(9) Survivor regions: 16->17(39)
[2020-06-25T19:02:25.199-0530][168.565s] GC(9) Old regions: 19->19
[2020-06-25T19:02:25.199-0530][168.565s] GC(9) Humongous regions: 5->5
[2020-06-25T19:02:25.199-0530][168.565s] GC(9) Metaspace: 52029K->52029K(1097728K)
[2020-06-25T19:02:25.199-0530][168.565s] GC(9) Pause Young (Normal) (G1 Evacuation Pause) 330M->41M(512M) 32.603ms
[2020-06-25T19:02:25.199-0530][168.565s] GC(9) User=0.05s Sys=0.02s Real=0.03s
[2020-06-25T19:02:28.924-0530][172.290s] GC(10) Pause Young (Concurrent Start) (Metadata GC Threshold)
[2020-06-25T19:02:28.924-0530][172.290s] GC(10) Using 4 workers of 4 for evacuation
[2020-06-25T19:02:28.966-0530][172.332s] GC(10)   Pre Evacuate Collection Set: 0.5ms
[2020-06-25T19:02:28.966-0530][172.332s] GC(10)   Evacuate Collection Set: 29.1ms
[2020-06-25T19:02:28.966-0530][172.332s] GC(10)   Post Evacuate Collection Set: 11.6ms
[2020-06-25T19:02:28.966-0530][172.332s] GC(10)   Other: 0.7ms
[2020-06-25T19:02:28.966-0530][172.332s] GC(10) Eden regions: 289->0(283)
[2020-06-25T19:02:28.966-0530][172.332s] GC(10) Survivor regions: 17->24(39)
[2020-06-25T19:02:28.966-0530][172.332s] GC(10) Old regions: 19->19
[2020-06-25T19:02:28.966-0530][172.332s] GC(10) Humongous regions: 5->5
[2020-06-25T19:02:28.966-0530][172.332s] GC(10) Metaspace: 58998K->58998K(1103872K)
[2020-06-25T19:02:28.966-0530][172.332s] GC(10) Pause Young (Concurrent Start) (Metadata GC Threshold) 329M->47M(512M) 42.052ms
[2020-06-25T19:02:28.966-0530][172.332s] GC(10) User=0.09s Sys=0.00s Real=0.04s
[2020-06-25T19:02:28.966-0530][172.332s] GC(11) Concurrent Cycle
[2020-06-25T19:02:28.966-0530][172.332s] GC(11) Concurrent Clear Claimed Marks
[2020-06-25T19:02:28.967-0530][172.332s] GC(11) Concurrent Clear Claimed Marks 0.100ms
[2020-06-25T19:02:28.967-0530][172.332s] GC(11) Concurrent Scan Root Regions
[2020-06-25T19:02:28.986-0530][172.352s] GC(11) Concurrent Scan Root Regions 19.596ms
[2020-06-25T19:02:28.986-0530][172.352s] GC(11) Concurrent Mark (172.352s)
[2020-06-25T19:02:28.986-0530][172.352s] GC(11) Concurrent Mark From Roots
[2020-06-25T19:02:28.986-0530][172.352s] GC(11) Using 1 workers of 1 for marking
[2020-06-25T19:02:29.048-0530][172.414s] GC(11) Concurrent Mark From Roots 61.528ms
[2020-06-25T19:02:29.048-0530][172.414s] GC(11) Concurrent Preclean
[2020-06-25T19:02:29.048-0530][172.414s] GC(11) Concurrent Preclean 0.122ms
[2020-06-25T19:02:29.048-0530][172.414s] GC(11) Concurrent Mark (172.352s, 172.414s) 61.741ms
[2020-06-25T19:02:29.048-0530][172.414s] GC(11) Pause Remark
[2020-06-25T19:02:29.079-0530][172.445s] GC(11) Cleaned string and symbol table, strings: 28366 processed, 0 removed, symbols: 175605 processed, 627 removed
[2020-06-25T19:02:29.079-0530][172.445s] GC(11) Pause Remark 54M->54M(512M) 30.890ms
[2020-06-25T19:02:29.079-0530][172.445s] GC(11) User=0.06s Sys=0.01s Real=0.03s
[2020-06-25T19:02:29.079-0530][172.445s] GC(11) Concurrent Rebuild Remembered Sets
[2020-06-25T19:02:29.157-0530][172.523s] GC(11) Concurrent Rebuild Remembered Sets 78.155ms
[2020-06-25T19:02:29.158-0530][172.523s] GC(11) Pause Cleanup
[2020-06-25T19:02:29.158-0530][172.524s] GC(11) Pause Cleanup 63M->63M(512M) 0.155ms
[2020-06-25T19:02:29.158-0530][172.524s] GC(11) User=0.00s Sys=0.00s Real=0.00s
[2020-06-25T19:02:29.158-0530][172.524s] GC(11) Concurrent Cleanup for Next Mark
[2020-06-25T19:02:29.162-0530][172.528s] GC(11) Concurrent Cleanup for Next Mark 4.211ms
[2020-06-25T19:02:29.162-0530][172.528s] GC(11) Concurrent Cycle 195.784ms
[2020-06-25T19:02:31.677-0530][175.043s] GC(12) Pause Young (Normal) (G1 Evacuation Pause)
[2020-06-25T19:02:31.678-0530][175.043s] GC(12) Using 4 workers of 4 for evacuation
[2020-06-25T19:02:31.702-0530][175.067s] GC(12)   Pre Evacuate Collection Set: 0.0ms
[2020-06-25T19:02:31.702-0530][175.067s] GC(12)   Evacuate Collection Set: 23.2ms
[2020-06-25T19:02:31.702-0530][175.067s] GC(12)   Post Evacuate Collection Set: 0.7ms
[2020-06-25T19:02:31.702-0530][175.068s] GC(12)   Other: 0.7ms
[2020-06-25T19:02:31.702-0530][175.068s] GC(12) Eden regions: 283->0(284)
[2020-06-25T19:02:31.702-0530][175.068s] GC(12) Survivor regions: 24->23(39)
[2020-06-25T19:02:31.702-0530][175.068s] GC(12) Old regions: 19->24
[2020-06-25T19:02:31.702-0530][175.068s] GC(12) Humongous regions: 8->8
[2020-06-25T19:02:31.702-0530][175.068s] GC(12) Metaspace: 60811K->60811K(1103872K)
[2020-06-25T19:02:31.702-0530][175.068s] GC(12) Pause Young (Normal) (G1 Evacuation Pause) 333M->53M(512M) 24.878ms
[2020-06-25T19:02:31.702-0530][175.068s] GC(12) User=0.07s Sys=0.01s Real=0.03s
[2020-06-25T19:04:22.133-0530][285.496s] GC(13) Pause Young (Normal) (G1 Evacuation Pause)
[2020-06-25T19:04:22.134-0530][285.497s] GC(13) Using 4 workers of 4 for evacuation
[2020-06-25T19:04:22.323-0530][285.685s] GC(13)   Pre Evacuate Collection Set: 0.0ms
[2020-06-25T19:04:22.323-0530][285.686s] GC(13)   Evacuate Collection Set: 187.1ms
[2020-06-25T19:04:22.323-0530][285.686s] GC(13)   Post Evacuate Collection Set: 1.5ms
[2020-06-25T19:04:22.323-0530][285.686s] GC(13)   Other: 1.3ms
[2020-06-25T19:04:22.323-0530][285.686s] GC(13) Eden regions: 284->0(293)
[2020-06-25T19:04:22.323-0530][285.686s] GC(13) Survivor regions: 23->14(39)
[2020-06-25T19:04:22.323-0530][285.686s] GC(13) Old regions: 24->34
[2020-06-25T19:04:22.323-0530][285.686s] GC(13) Humongous regions: 8->8
[2020-06-25T19:04:22.323-0530][285.686s] GC(13) Metaspace: 62325K->62325K(1105920K)
[2020-06-25T19:04:22.323-0530][285.686s] GC(13) Pause Young (Normal) (G1 Evacuation Pause) 337M->54M(512M) 190.126ms
[2020-06-25T19:04:22.323-0530][285.686s] GC(13) User=0.07s Sys=0.02s Real=0.19s
[2020-06-25T19:10:06.204-0530][629.557s] GC(14) Pause Young (Normal) (G1 Evacuation Pause)
[2020-06-25T19:10:06.204-0530][629.557s] GC(14) Using 4 workers of 4 for evacuation
[2020-06-25T19:10:06.250-0530][629.603s] GC(14)   Pre Evacuate Collection Set: 0.0ms
[2020-06-25T19:10:06.250-0530][629.603s] GC(14)   Evacuate Collection Set: 40.2ms
[2020-06-25T19:10:06.250-0530][629.603s] GC(14)   Post Evacuate Collection Set: 5.2ms
[2020-06-25T19:10:06.250-0530][629.603s] GC(14)   Other: 1.2ms
[2020-06-25T19:10:06.250-0530][629.603s] GC(14) Eden regions: 293->0(279)
[2020-06-25T19:10:06.250-0530][629.603s] GC(14) Survivor regions: 14->28(39)
[2020-06-25T19:10:06.250-0530][629.603s] GC(14) Old regions: 34->34
[2020-06-25T19:10:06.250-0530][629.603s] GC(14) Humongous regions: 25->8
[2020-06-25T19:10:06.250-0530][629.603s] GC(14) Metaspace: 76655K->76655K(1120256K)
[2020-06-25T19:10:06.250-0530][629.603s] GC(14) Pause Young (Normal) (G1 Evacuation Pause) 364M->68M(512M) 46.876ms
[2020-06-25T19:10:06.250-0530][629.603s] GC(14) User=0.12s Sys=0.00s Real=0.05s
[2020-06-25T19:10:06.556-0530][629.909s] GC(15) Pause Young (Normal) (G1 Evacuation Pause)
[2020-06-25T19:10:06.556-0530][629.909s] GC(15) Using 4 workers of 4 for evacuation
[2020-06-25T19:10:06.602-0530][629.955s] GC(15)   Pre Evacuate Collection Set: 0.0ms
[2020-06-25T19:10:06.602-0530][629.955s] GC(15)   Evacuate Collection Set: 44.4ms
[2020-06-25T19:10:06.602-0530][629.955s] GC(15)   Post Evacuate Collection Set: 1.2ms
[2020-06-25T19:10:06.602-0530][629.955s] GC(15)   Other: 0.3ms
[2020-06-25T19:10:06.602-0530][629.955s] GC(15) Eden regions: 279->0(290)
[2020-06-25T19:10:06.602-0530][629.955s] GC(15) Survivor regions: 28->17(39)
[2020-06-25T19:10:06.602-0530][629.955s] GC(15) Old regions: 34->46
[2020-06-25T19:10:06.602-0530][629.955s] GC(15) Humongous regions: 8->8
[2020-06-25T19:10:06.602-0530][629.955s] GC(15) Metaspace: 76680K->76680K(1120256K)
[2020-06-25T19:10:06.602-0530][629.955s] GC(15) Pause Young (Normal) (G1 Evacuation Pause) 347M->70M(512M) 46.292ms
[2020-06-25T19:10:06.602-0530][629.955s] GC(15) User=0.10s Sys=0.01s Real=0.05s
[2020-06-25T20:38:47.084-0530][5950.416s] GC(16) Pause Young (Normal) (G1 Evacuation Pause)
[2020-06-25T20:38:47.086-0530][5950.418s] GC(16) Using 4 workers of 4 for evacuation
[2020-06-25T20:38:47.208-0530][5950.540s] GC(16)   Pre Evacuate Collection Set: 0.5ms
[2020-06-25T20:38:47.208-0530][5950.540s] GC(16)   Evacuate Collection Set: 118.2ms
[2020-06-25T20:38:47.208-0530][5950.540s] GC(16)   Post Evacuate Collection Set: 1.8ms
[2020-06-25T20:38:47.208-0530][5950.540s] GC(16)   Other: 3.7ms
[2020-06-25T20:38:47.208-0530][5950.540s] GC(16) Eden regions: 290->0(288)
[2020-06-25T20:38:47.208-0530][5950.540s] GC(16) Survivor regions: 17->19(39)
[2020-06-25T20:38:47.208-0530][5950.540s] GC(16) Old regions: 46->46
[2020-06-25T20:38:47.208-0530][5950.540s] GC(16) Humongous regions: 8->8
[2020-06-25T20:38:47.208-0530][5950.540s] GC(16) Metaspace: 78940K->78940K(1120256K)
[2020-06-25T20:38:47.208-0530][5950.540s] GC(16) Pause Young (Normal) (G1 Evacuation Pause) 360M->72M(512M) 124.301ms
[2020-06-25T20:38:47.208-0530][5950.541s] GC(16) User=0.11s Sys=0.30s Real=0.12s
[2020-06-25T22:30:30.173-0530][12653.467s] GC(17) Pause Young (Normal) (G1 Evacuation Pause)
[2020-06-25T22:30:30.174-0530][12653.468s] GC(17) Using 4 workers of 4 for evacuation
[2020-06-25T22:30:30.314-0530][12653.608s] GC(17)   Pre Evacuate Collection Set: 0.3ms
[2020-06-25T22:30:30.314-0530][12653.608s] GC(17)   Evacuate Collection Set: 118.0ms
[2020-06-25T22:30:30.314-0530][12653.608s] GC(17)   Post Evacuate Collection Set: 21.6ms
[2020-06-25T22:30:30.314-0530][12653.608s] GC(17)   Other: 1.6ms
[2020-06-25T22:30:30.314-0530][12653.608s] GC(17) Eden regions: 288->0(286)
[2020-06-25T22:30:30.314-0530][12653.608s] GC(17) Survivor regions: 19->21(39)
[2020-06-25T22:30:30.314-0530][12653.608s] GC(17) Old regions: 46->46
[2020-06-25T22:30:30.314-0530][12653.608s] GC(17) Humongous regions: 8->8
[2020-06-25T22:30:30.314-0530][12653.608s] GC(17) Metaspace: 79555K->79555K(1122304K)
[2020-06-25T22:30:30.314-0530][12653.608s] GC(17) Pause Young (Normal) (G1 Evacuation Pause) 360M->74M(512M) 141.671ms
[2020-06-25T22:30:30.314-0530][12653.608s] GC(17) User=0.12s Sys=0.15s Real=0.14s
[2020-06-25T22:30:31.714-0530][12655.008s] GC(18) Pause Young (Normal) (G1 Evacuation Pause)
[2020-06-25T22:30:31.714-0530][12655.008s] GC(18) Using 4 workers of 4 for evacuation
[2020-06-25T22:30:31.744-0530][12655.037s] GC(18)   Pre Evacuate Collection Set: 0.0ms
[2020-06-25T22:30:31.744-0530][12655.038s] GC(18)   Evacuate Collection Set: 29.1ms
[2020-06-25T22:30:31.744-0530][12655.038s] GC(18)   Post Evacuate Collection Set: 0.6ms
[2020-06-25T22:30:31.744-0530][12655.038s] GC(18)   Other: 0.3ms
[2020-06-25T22:30:31.744-0530][12655.038s] GC(18) Eden regions: 286->0(295)
[2020-06-25T22:30:31.744-0530][12655.038s] GC(18) Survivor regions: 21->12(39)
[2020-06-25T22:30:31.744-0530][12655.038s] GC(18) Old regions: 46->59
[2020-06-25T22:30:31.744-0530][12655.038s] GC(18) Humongous regions: 8->8
[2020-06-25T22:30:31.744-0530][12655.038s] GC(18) Metaspace: 80079K->80079K(1122304K)
[2020-06-25T22:30:31.744-0530][12655.038s] GC(18) Pause Young (Normal) (G1 Evacuation Pause) 360M->77M(512M) 30.185ms
[2020-06-25T22:30:31.744-0530][12655.038s] GC(18) User=0.09s Sys=0.01s Real=0.03s
[2020-06-26T00:14:07.221-0530][18870.465s] Heap
[2020-06-26T00:14:07.222-0530][18870.466s]  garbage-first heap   total 524288K, used 297670K [0x00000007e0000000, 0x0000000800000000)
[2020-06-26T00:14:07.222-0530][18870.466s]   region size 1024K, 227 young (232448K), 12 survivors (12288K)
[2020-06-26T00:14:07.222-0530][18870.466s]  Metaspace       used 80568K, capacity 82347K, committed 82640K, reserved 1122304K
[2020-06-26T00:14:07.222-0530][18870.466s]   class space    used 8710K, capacity 9401K, committed 9420K, reserved 1048576K
